REVISION=c5b5d0dc026044005e025e549fc121779e5b165f
COMMAND=bash docker/qemu/run-x86-prod-profile-boot-test.sh
[GATE_PREFLIGHT:structure_suites=65/65:critical_path_lines=260:pinned=120]
Building the shipped x86_64 production kernel profile...
   Compiling kernel v0.1.0 (<isolated-checkout-166>/kernel)
   Compiling breenix v0.1.0 (<isolated-checkout-173>)
    Finished `release` profile [optimized] target(s) in 17.20s
   Compiling kernel v0.1.0 (<isolated-checkout-166>/kernel)
   Compiling breenix v0.1.0 (<isolated-checkout-173>)
    Finished `release` profile [optimized] target(s) in 17.08s
     Running `target/release/qemu-uefi`
[qemu-uefi] Using UEFI image: <isolated-checkout-166>/target/release/build/breenix-03b3b4f3cd901e39/out/breenix-uefi.img (7405568 bytes)
Creating ext2 disk image...
  Arch: x86_64
  Output: <isolated-checkout-166>/target/ext2.img
  Size: 256MB
  Payload: 46MB (userspace binaries + fonts)
  Minimum image size for this payload: 70MB (incl. ext2 overhead + headroom)
  busybox.elf not found, attempting to build...
Error: x86_64-linux-musl-gcc not found in PATH

Install with:
  brew tap filosottile/musl-cross
  brew install musl-cross
  WARNING: BusyBox build failed (see build-busybox.sh for prerequisites)
  WARNING: busybox.elf not found, skipping coreutils
Installing other binaries...
  Installed 47 binaries in /bin
  Installed 3 binaries in /sbin
  Installed 0 C binaries in /usr/local/cbin
  Installed 101 test binaries in /usr/local/test/bin
  Installed 29 fonts in /usr/share/fonts
  Created /etc/fonts.conf
  Created /etc/hotkeys.conf
  Created /etc/init.js

ext2 filesystem contents:
total 11088
drwxr-xr-x  2 root root   4096 Sep  7 16:57 .
drwxr-xr-x 12 root root   4096 Sep  7 16:57 ..
-rwxr-xr-x  1 root root 299184 Sep  7 16:57 bcheck
-rwxr-xr-x  1 root root 346184 Sep  7 16:57 bfontpicker
-rwxr-xr-x  1 root root 248088 Sep  7 16:57 biconkit
-rwxr-xr-x  1 root root 325304 Sep  7 16:57 blauncher
-rwxr-xr-x  1 root root 185624 Sep  7 16:57 bless
-rwxr-xr-x  1 root root 190008 Sep  7 16:57 block_eintr_oracle
-rwxr-xr-x  1 root root 331032 Sep  7 16:57 blog
-rwxr-xr-x  1 root root 275064 Sep  7 16:57 bounce
-rwxr-xr-x  1 root root 579464 Sep  7 16:57 bsh
-rwxr-xr-x  1 root root 322504 Sep  7 16:57 bssh
-rwxr-xr-x  1 root root 314256 Sep  7 16:57 bsshd
-rwxr-xr-x  1 root root 338560 Sep  7 16:57 bterm
-rwxr-xr-x  1 root root 184192 Sep  7 16:57 btop
-rwxr-xr-x  1 root root 198936 Sep  7 16:57 btrace
-rwxr-xr-x  1 root root 483336 Sep  7 16:57 burl
-rwxr-xr-x  1 root root 331464 Sep  7 16:57 bwm
-rwxr-xr-x  1 root root 188944 Sep  7 16:57 concurrent_recv_stress
-rwxr-xr-x  1 root root 189240 Sep  7 16:57 confetti
-rwxr-xr-x  1 root root 177632 Sep  7 16:57 counter
-rwxr-xr-x  1 root root 189696 Sep  7 16:57 demo
-rwxr-xr-x  1 root root 187640 Sep  7 16:57 df_preempt_oracle
-rwxr-xr-x  1 root root 178056 Sep  7 16:57 exec_smoke
-rwxr-xr-x  1 root root 185032 Sep  7 16:57 exec_smoke_target
-rwxr-xr-x  1 root root 191688 Sep  7 16:57 fart
-rwxr-xr-x  1 root root 187608 Sep  7 16:57 fork_smoke
-rwxr-xr-x  1 root root 178824 Sep  7 16:57 futex_handoff_oracle
-rwxr-xr-x  1 root root 391464 Sep  7 16:57 guskit
-rwxr-xr-x  1 root root 189104 Sep  7 16:57 heartbeat
-rwxr-xr-x  1 root root 177624 Sep  7 16:57 hello_time
-rwxr-xr-x  1 root root 227144 Sep  7 16:57 hello_world
-rwxr-xr-x  1 root root 262648 Sep  7 16:57 init_shell
-rwxr-xr-x  1 root root 193928 Sep  7 16:57 particles
-rwxr-xr-x  1 root root 210152 Sep  7 16:57 pipe_fifo_blocking_oracle
-rwxr-xr-x  1 root root 178040 Sep  7 16:57 pipe_fifo_blocking_supervisor
-rwxr-xr-x  1 root root 207176 Sep  7 16:57 poll_tcp_oracle
-rwxr-xr-x  1 root root 197088 Sep  7 16:57 rectangles
-rwxr-xr-x  1 root root 186928 Sep  7 16:57 resolution
-rwxr-xr-x  1 root root 177880 Sep  7 16:57 signal_exec_check
-rwxr-xr-x  1 root root 170576 Sep  7 16:57 simple_exit
-rwxr-xr-x  1 root root 170576 Sep  7 16:57 simple_exit0
-rwxr-xr-x  1 root root 170592 Sep  7 16:57 spawn_smoke_target
-rwxr-xr-x  1 root root 177632 Sep  7 16:57 spinner
-rwxr-xr-x  1 root root 177528 Sep  7 16:57 syscall_enosys
-rwxr-xr-x  1 root root 184216 Sep  7 16:57 tones
-rwxr-xr-x  1 root root 218392 Sep  7 16:57 tty_oracle
-rwxr-xr-x  1 root root 195552 Sep  7 16:57 wait_stress
-rwxr-xr-x  1 root root 183112 Sep  7 16:57 xhci_counters
  Test binaries in /usr/local/test/bin:
total 19564
drwxr-xr-x 2 root root   4096 Sep  7 16:57 .
drwxr-xr-x 3 root root   4096 Sep  7 16:57 ..
-rwxr-xr-x 1 root root 177944 Sep  7 16:57 access_test
-rwxr-xr-x 1 root root 182760 Sep  7 16:57 alarm_test
-rwxr-xr-x 1 root root 184328 Sep  7 16:57 argv_test
-rwxr-xr-x 1 root root 184016 Sep  7 16:57 blocking_recv_test
-rwxr-xr-x 1 root root 182480 Sep  7 16:57 brk_test
-rwxr-xr-x 1 root root 183240 Sep  7 16:57 cat_test
-rwxr-xr-x 1 root root 184552 Sep  7 16:57 clock_gettime_test
-rwxr-xr-x 1 root root 192576 Sep  7 16:57 cloexec_test
-rwxr-xr-x 1 root root 184656 Sep  7 16:57 clonevm_exec_test
-rwxr-xr-x 1 root root 182536 Sep  7 16:57 cow_cleanup_test
-rwxr-xr-x 1 root root 182504 Sep  7 16:57 cow_oom_test
-rwxr-xr-x 1 root root 187040 Sep  7 16:57 cow_readonly_test
-rwxr-xr-x 1 root root 188312 Sep  7 16:57 cow_signal_test
-rwxr-xr-x 1 root root 187000 Sep  7 16:57 cow_sole_owner_test
-rwxr-xr-x 1 root root 187096 Sep  7 16:57 cow_stress_test
-rwxr-xr-x 1 root root 182800 Sep  7 16:57 cp_mv_argv_test
-rwxr-xr-x 1 root root 187984 Sep  7 16:57 ctrl_c_test
-rwxr-xr-x 1 root root 182616 Sep  7 16:57 cwd_test
-rwxr-xr-x 1 root root 182440 Sep  7 16:57 devfs_test
-rwxr-xr-x 1 root root 195240 Sep  7 16:57 dns_test
-rwxr-xr-x 1 root root 189152 Sep  7 16:57 dup_test
-rwxr-xr-x 1 root root 182464 Sep  7 16:57 echo_argv_test
-rwxr-xr-x 1 root root 182832 Sep  7 16:57 epoll_test
-rwxr-xr-x 1 root root 178200 Sep  7 16:57 exec_argv_test
-rwxr-xr-x 1 root root 188072 Sep  7 16:57 exec_from_ext2_test
-rwxr-xr-x 1 root root 183432 Sep  7 16:57 exec_stack_argv_test
-rwxr-xr-x 1 root root 182560 Sep  7 16:57 false_test
-rwxr-xr-x 1 root root 187568 Sep  7 16:57 fbinfo_test
-rwxr-xr-x 1 root root 188744 Sep  7 16:57 fcntl_test
-rwxr-xr-x 1 root root 198448 Sep  7 16:57 fifo_test
-rwxr-xr-x 1 root root 182400 Sep  7 16:57 file_read_test
-rwxr-xr-x 1 root root 188664 Sep  7 16:57 fork_memory_test
-rwxr-xr-x 1 root root 187736 Sep  7 16:57 fork_pending_signal_test
-rwxr-xr-x 1 root root 189176 Sep  7 16:57 fork_state_test
-rwxr-xr-x 1 root root 188088 Sep  7 16:57 fork_test
-rwxr-xr-x 1 root root 188616 Sep  7 16:57 fs_block_alloc_test
-rwxr-xr-x 1 root root 183152 Sep  7 16:57 fs_directory_test
-rwxr-xr-x 1 root root 182608 Sep  7 16:57 fs_large_file_test
-rwxr-xr-x 1 root root 182800 Sep  7 16:57 fs_link_test
-rwxr-xr-x 1 root root 182704 Sep  7 16:57 fs_rename_test
-rwxr-xr-x 1 root root 182888 Sep  7 16:57 fs_write_test
-rwxr-xr-x 1 root root 183984 Sep  7 16:57 getdents_test
-rwxr-xr-x 1 root root 183056 Sep  7 16:57 head_test
-rwxr-xr-x 1 root root 464416 Sep  7 16:57 http_fetch_test
-rwxr-xr-x 1 root root 468576 Sep  7 16:57 http_test
-rwxr-xr-x 1 root root 183200 Sep  7 16:57 itimer_test
-rwxr-xr-x 1 root root 187648 Sep  7 16:57 job_control_test
-rwxr-xr-x 1 root root 192232 Sep  7 16:57 job_table_test
-rwxr-xr-x 1 root root 188480 Sep  7 16:57 kill_process_group_test
-rwxr-xr-x 1 root root 190448 Sep  7 16:57 loopback_wake_test
-rwxr-xr-x 1 root root 183288 Sep  7 16:57 ls_test
-rwxr-xr-x 1 root root 182512 Sep  7 16:57 lseek_test
-rwxr-xr-x 1 root root 182672 Sep  7 16:57 mkdir_argv_test
-rwxr-xr-x 1 root root 191584 Sep  7 16:57 net_test
-rwxr-xr-x 1 root root 179608 Sep  7 16:57 nonblock_eagain_test
-rwxr-xr-x 1 root root 188744 Sep  7 16:57 nonblock_test
-rwxr-xr-x 1 root root 188360 Sep  7 16:57 pause_test
-rwxr-xr-x 1 root root 188920 Sep  7 16:57 pipe2_test
-rwxr-xr-x 1 root root 188720 Sep  7 16:57 pipe_concurrent_test
-rwxr-xr-x 1 root root 188824 Sep  7 16:57 pipe_fork_test
-rwxr-xr-x 1 root root 199944 Sep  7 16:57 pipe_refcount_test
-rwxr-xr-x 1 root root 188248 Sep  7 16:57 pipe_test
-rwxr-xr-x 1 root root 191584 Sep  7 16:57 pipeline_test
-rwxr-xr-x 1 root root 189024 Sep  7 16:57 poll_test
-rwxr-xr-x 1 root root 183008 Sep  7 16:57 pty_test
-rwxr-xr-x 1 root root 177096 Sep  7 16:57 register_init_test
-rwxr-xr-x 1 root root 182480 Sep  7 16:57 rm_argv_test
-rwxr-xr-x 1 root root 188912 Sep  7 16:57 select_test
-rwxr-xr-x 1 root root 187968 Sep  7 16:57 session_test
-rwxr-xr-x 1 root root 183128 Sep  7 16:57 shell_pipe_test
-rwxr-xr-x 1 root root 189000 Sep  7 16:57 sigaltstack_test
-rwxr-xr-x 1 root root 187520 Sep  7 16:57 sigchld_job_test
-rwxr-xr-x 1 root root 182432 Sep  7 16:57 sigchld_test
-rwxr-xr-x 1 root root 206712 Sep  7 16:57 sigkill_teardown_test
-rwxr-xr-x 1 root root 188720 Sep  7 16:57 signal_exec_test
-rwxr-xr-x 1 root root 188160 Sep  7 16:57 signal_fork_test
-rwxr-xr-x 1 root root 187896 Sep  7 16:57 signal_handler_test
-rwxr-xr-x 1 root root 188208 Sep  7 16:57 signal_regs_test
-rwxr-xr-x 1 root root 188312 Sep  7 16:57 signal_return_test
-rwxr-xr-x 1 root root 187864 Sep  7 16:57 signal_test
-rwxr-xr-x 1 root root 188864 Sep  7 16:57 sigsuspend_test
-rwxr-xr-x 1 root root 188592 Sep  7 16:57 sleep_debug_test
-rwxr-xr-x 1 root root 182280 Sep  7 16:57 stdin_test
-rwxr-xr-x 1 root root 170856 Sep  7 16:57 syscall_diagnostic_test
-rwxr-xr-x 1 root root 183056 Sep  7 16:57 tail_test
-rwxr-xr-x 1 root root 203432 Sep  7 16:57 tcp_blocking_test
-rwxr-xr-x 1 root root 187616 Sep  7 16:57 tcp_client_test
-rwxr-xr-x 1 root root 189448 Sep  7 16:57 tcp_cloexec_exec_test
-rwxr-xr-x 1 root root 188832 Sep  7 16:57 tcp_dup_listener_test
-rwxr-xr-x 1 root root 202288 Sep  7 16:57 tcp_socket_test
-rwxr-xr-x 1 root root 182224 Sep  7 16:57 test_mmap
-rwxr-xr-x 1 root root 182144 Sep  7 16:57 timer_test
-rwxr-xr-x 1 root root 182552 Sep  7 16:57 true_test
-rwxr-xr-x 1 root root 188080 Sep  7 16:57 tty_test
-rwxr-xr-x 1 root root 193392 Sep  7 16:57 udp_socket_test
-rwxr-xr-x 1 root root 195336 Sep  7 16:57 unix_named_socket_test
-rwxr-xr-x 1 root root 205312 Sep  7 16:57 unix_socket_test
-rwxr-xr-x 1 root root 188144 Sep  7 16:57 waitpid_test
-rwxr-xr-x 1 root root 183624 Sep  7 16:57 wc_test
-rwxr-xr-x 1 root root 182952 Sep  7 16:57 which_test
-rwxr-xr-x 1 root root 182536 Sep  7 16:57 wnohang_timing_test
-rwxr-xr-x 1 root root 184072 Sep  7 16:57 <isolated-checkout-167>/tmp.8lgnyjI3S7/sbin/telnetd
-rwxr-xr-x 1 root root 187488 Sep  7 16:57 <isolated-checkout-167>/tmp.8lgnyjI3S7/sbin/init
-rwxr-xr-x 1 root root 181960 Sep  7 16:57 <isolated-checkout-167>/tmp.8lgnyjI3S7/sbin/blogd
-rw-r--r-- 1 root root 83 Sep  7 16:57 <isolated-checkout-167>/tmp.8lgnyjI3S7/etc/passwd
-rw-r--r-- 1 root root 26 Sep  7 16:57 <isolated-checkout-167>/tmp.8lgnyjI3S7/etc/group
-rw-r--r-- 1 root root 445 Sep  7 16:57 <isolated-checkout-167>/tmp.8lgnyjI3S7/etc/fonts.conf
-rw-r--r-- 1 root root 367 Sep  7 16:57 <isolated-checkout-167>/tmp.8lgnyjI3S7/etc/bshrc
-rw-r--r-- 1 root root 679 Sep  7 16:57 <isolated-checkout-167>/tmp.8lgnyjI3S7/etc/init.js
-rw-r--r-- 1 root root 349 Sep  7 16:57 <isolated-checkout-167>/tmp.8lgnyjI3S7/etc/hotkeys.conf
-rw-r--r-- 1 root root 17 Sep  7 16:57 <isolated-checkout-167>/tmp.8lgnyjI3S7/hello.txt
-rw-r--r-- 1 root root 0 Sep  7 16:57 <isolated-checkout-167>/tmp.8lgnyjI3S7/empty.txt
-rw-r--r-- 1 root root 111 Sep  7 16:57 <isolated-checkout-167>/tmp.8lgnyjI3S7/lines.txt
-rw-r--r-- 1 root root 20 Sep  7 16:57 <isolated-checkout-167>/tmp.8lgnyjI3S7/deep/path/to/file/data.txt
-rw-r--r-- 1 root root 598060 Sep  7 16:57 <isolated-checkout-167>/tmp.8lgnyjI3S7/usr/share/fonts/CascadiaCode-Regular.ttf
-rw-r--r-- 1 root root 757076 Sep  7 16:57 <isolated-checkout-167>/tmp.8lgnyjI3S7/usr/share/fonts/DejaVuSans.ttf
-rw-r--r-- 1 root root 744936 Sep  7 16:57 <isolated-checkout-167>/tmp.8lgnyjI3S7/usr/share/fonts/Montserrat-Regular.ttf
-rw-r--r-- 1 root root 135580 Sep  7 16:57 <isolated-checkout-167>/tmp.8lgnyjI3S7/usr/share/fonts/IBMPlexMono-Regular.ttf
-rw-r--r-- 1 root root 108684 Sep  7 16:57 <isolated-checkout-167>/tmp.8lgnyjI3S7/usr/share/fonts/Inconsolata-Regular.ttf
-rw-r--r-- 1 root root 340712 Sep  7 16:57 <isolated-checkout-167>/tmp.8lgnyjI3S7/usr/share/fonts/DejaVuSansMono.ttf
-rw-r--r-- 1 root root 1209508 Sep  7 16:57 <isolated-checkout-167>/tmp.8lgnyjI3S7/usr/share/fonts/SourceSerif4-Regular.ttf
-rw-r--r-- 1 root root 160316 Sep  7 16:57 <isolated-checkout-167>/tmp.8lgnyjI3S7/usr/share/fonts/Poppins-Regular.ttf
-rw-r--r-- 1 root root 656568 Sep  7 16:57 <isolated-checkout-167>/tmp.8lgnyjI3S7/usr/share/fonts/Lato-Regular.ttf
-rw-r--r-- 1 root root 282844 Sep  7 16:57 <isolated-checkout-167>/tmp.8lgnyjI3S7/usr/share/fonts/Merriweather-Regular.ttf
-rw-r--r-- 1 root root 309408 Sep  7 16:57 <isolated-checkout-167>/tmp.8lgnyjI3S7/usr/share/fonts/Hack-Regular.ttf
-rw-r--r-- 1 root root 1708408 Sep  7 16:57 <isolated-checkout-167>/tmp.8lgnyjI3S7/usr/share/fonts/NotoSansMono-Regular.ttf
-rw-r--r-- 1 root root 300724 Sep  7 16:57 <isolated-checkout-167>/tmp.8lgnyjI3S7/usr/share/fonts/PlayfairDisplay-Regular.ttf
-rw-r--r-- 1 root root 183700 Sep  7 16:57 <isolated-checkout-167>/tmp.8lgnyjI3S7/usr/share/fonts/RobotoMono-Regular.ttf
-rw-r--r-- 1 root root 2049096 Sep  7 16:57 <isolated-checkout-167>/tmp.8lgnyjI3S7/usr/share/fonts/NotoSans-Regular.ttf
-rw-r--r-- 1 root root 205748 Sep  7 16:57 <isolated-checkout-167>/tmp.8lgnyjI3S7/usr/share/fonts/UbuntuMono-Regular.ttf
-rw-r--r-- 1 root root 276932 Sep  7 16:57 <isolated-checkout-167>/tmp.8lgnyjI3S7/usr/share/fonts/Nunito-Regular.ttf
-rw-r--r-- 1 root root 351884 Sep  7 16:57 <isolated-checkout-167>/tmp.8lgnyjI3S7/usr/share/fonts/Ubuntu-Regular.ttf
-rw-r--r-- 1 root root 212340 Sep  7 16:57 <isolated-checkout-167>/tmp.8lgnyjI3S7/usr/share/fonts/SourceCodePro-Regular.ttf
-rw-r--r-- 1 root root 1887192 Sep  7 16:57 <isolated-checkout-167>/tmp.8lgnyjI3S7/usr/share/fonts/NotoSerif-Regular.ttf
-rw-r--r-- 1 root root 260364 Sep  7 16:57 <isolated-checkout-167>/tmp.8lgnyjI3S7/usr/share/fonts/FiraCode-Regular.ttf
-rw-r--r-- 1 root root 488584 Sep  7 16:57 <isolated-checkout-167>/tmp.8lgnyjI3S7/usr/share/fonts/Roboto-Regular.ttf
-rw-r--r-- 1 root root 273900 Sep  7 16:57 <isolated-checkout-167>/tmp.8lgnyjI3S7/usr/share/fonts/JetBrainsMono-Regular.ttf
-rw-r--r-- 1 root root 532636 Sep  7 16:57 <isolated-checkout-167>/tmp.8lgnyjI3S7/usr/share/fonts/OpenSans-Regular.ttf
-rw-r--r-- 1 root root 646340 Sep  7 16:57 <isolated-checkout-167>/tmp.8lgnyjI3S7/usr/share/fonts/SourceSans3-Regular.ttf
-rw-r--r-- 1 root root 212196 Sep  7 16:57 <isolated-checkout-167>/tmp.8lgnyjI3S7/usr/share/fonts/Lora-Regular.ttf
-rw-r--r-- 1 root root 876576 Sep  7 16:57 <isolated-checkout-167>/tmp.8lgnyjI3S7/usr/share/fonts/Inter-Regular.ttf
-rw-r--r-- 1 root root 359048 Sep  7 16:57 <isolated-checkout-167>/tmp.8lgnyjI3S7/usr/share/fonts/PTSerif-Regular.ttf
-rw-r--r-- 1 root root 312352 Sep  7 16:57 <isolated-checkout-167>/tmp.8lgnyjI3S7/usr/share/fonts/Raleway-Regular.ttf
-rw-r--r-- 1 root root 19 Sep  7 16:57 <isolated-checkout-167>/tmp.8lgnyjI3S7/trunctest.txt
-rw-r--r-- 1 root root 20 Sep  7 16:57 <isolated-checkout-167>/tmp.8lgnyjI3S7/test/nested.txt
ext2 image created successfully

ext2 disk created and copied to testdata/:
  <isolated-checkout-166>/target/ext2.img
  <isolated-checkout-166>/testdata/ext2.img
  Size: 256M

Contents:
  /bin/busybox - BusyBox multi-call binary
  /bin/ls - native Breenix ls
  /bin/{cat,head,tail,...} - BusyBox hardlinks
  /sbin/{true,false} - BusyBox hardlinks
  /bin/* - Other userspace binaries (demos)
  /usr/local/test/bin/* - Test binaries (*_test, test_*)
  /sbin/telnetd - telnet daemon
  /hello.txt - test file (1 line)
  /lines.txt - multi-line test file (15 lines) for head/tail/wc
  /test/nested.txt - nested test file
  /deep/path/to/file/data.txt - deep nested test file
Booting the x86_64 production profile...
QEMU HOST LOCK: host qemu-system-x86_64 count before acquire: 0
  [GATE_BOOT_FACTS:boot=1:host_ms=1788800254903-1788800268243:qemu_at_start=0:load_at_start=3.79:qemu_at_end=0:load_at_end=4.13:qemu_cpu_s=13.00:guest_uptime_ms=NA:ended_by=scored_pass]
PASS: x86 production profile reached steady state with the teardown census at rest
  ext2 root mounted:            1
  PCI_FN blk/e1000/total lines: 3/1/9
  kernel init complete:         1
  async executor started:       1
  steady state reached:         1
  console prompt:               2
  console prompt before/after liveness stimulus: 1 -> 2 (expected 1 -> 2)
  tombstone census lines:       1
  tombstone census at rest:     1
  root custody lines:           1
  root custody at rest:         1
  crash markers:                0
  test-only marker 'TEST_TALLY:': 0
  test-only marker '[TEST:': 0
  test-only marker 'TEST RUNNER:': 0
  test-only marker '[BOOT_TESTS:': 0
  test-only marker 'RING3_SMOKE: creating': 0
  test-only marker '[TOMBSTONE_QUIESCE:': 0
  test-only marker '[RECLAIM_DRAIN:': 0
  test-only marker '[TOMBSTONE_JOIN_ORACLE:': 0
  test-only marker '[KSTACK_OWNER_ORACLE:': 0
  test-only marker '[KSTACK_QUIESCE_LEAK:': 0
  test-only marker '[PT_CUSTODY_COUNTERS:': 0
  test-only marker '[FRAME_CUSTODY_COUNTERS:': 0
  test-only marker '[PT_RETIRE_COHORT:': 0
  test-only marker '[PT_EXEC_COHORT:': 0
  test-only marker '[EXEC_DETACH_ORACLE:': 0
  test-only marker '[CLONE_ADMISSION_ORACLE:': 0
  test-only marker '[INIT_DESIGNATION_ORACLE:': 0
  test-only marker '[SCHED_STRAND_ORACLE:': 0
  test-only marker '[CENSUS_WIDEN_ORACLE:': 0
  test-only marker '[FCNTL_PM_CONTENTION_ORACLE:': 0
  test-only marker '[IRQ_HOLD_ORACLE:': 0
  test-only marker '[UDP_LOCK_ORACLE:': 0
  test-only marker '[UDP_PORTS_LOCK_ORACLE:': 0
  test-only marker '[TTY_IRQ_PM_ORACLE:': 0
  test-only marker '[TTY_IRQ_FG_ORACLE:': 0
  test-only marker '[RING_SPAN:': 0
  test-only marker '[TIMER_WAKE_LATENCY_ORACLE:': 0
  test-only marker 'edge=SELFTEST': 0
  test-only marker 'Testing features enabled': 0
  fault marker '[PMGUARD]': 0
  fault marker '[CREATION_LOCK_ORDER:VIOLATION': 0
  fault marker 'DISK LOADING FAILED': 0
  fixed PRECONDITION 5 fail (#673): 0
  fixed PRECONDITION 5 pass (#673): 1
  fixed PRECONDITION 7 fail (#672): 0
  fixed PRECONDITION 7 pass (#672): 1
  preempt census lines:          1
  preempt census at rest:        1
  prod bracket release census:   1
  prod bracket release at rest:  1
  timer resolution window exceeded (#673 MA6/R3-m4): 0
  timer scale oracle emissions (#767):   1
  timer scale oracle head (#767):        1
  timer scale oracle verdict (#767):     1
  init designation (#673):      1
  ring3 syscall confirmed (#673): 1
  init first line (#673 M6):    1
  init bsshd-launch warning (must be absent, #713): 0
  bsshd started (#713):          1
  bsshd listening (#713):        1
  spawn-smoke child reaped exit 0 (#713): 1
  spawn-smoke reap failed (must be absent, #713 fix-round-2): 0
  tty oracle exit record (TTY-x86 port): 1
  tty oracle reap failed (must be absent, TTY-x86 port): 0
  tty oracle failed (must be absent, TTY-x86 port): 0
  exec smoke launch (#721):      1
  exec smoke target enter argc=2 (#721): 1
  exec smoke target ok (#721):   1
  exec smoke launcher exit code=0 (#721): 1
  exec smoke spawn failed (must be absent, #721): 0
  exec smoke exec failed (must be absent, #721): 0
  exec smoke target argv fail (must be absent, #721): 0
  exec lock order first commit (#721 K7): 1
  exec lock order PM-held violation (must be absent, #721 K7): 0
  exec lock order unpinned violation (must be absent, #721 K7): 0
  exec lock order no-sched-thread violation (must be absent, #721 K7): 0
  fork smoke launch (#745):      1
  fork smoke child (#745):       1
  fork smoke CoW isolation OK (#745): 1
  fork smoke CoW isolation corrupted (must be absent, #745): 0
  fork smoke parent reaped (#745): 1
  fork smoke launcher exit code=0 (#745): 1
  fork smoke child exit code=37 (#745 review r2 B1): 1
  first CoW fault taken (#745 precheck C3(2)): 1
  fork smoke spawn failed (must be absent, #745): 0
  fork smoke fork failed (must be absent, #745): 0
  fork smoke child unexpected return (must be absent, #745): 0
  fork smoke reap failed (must be absent, #745): 0
[TOMBSTONE_CENSUS:resident=0:removed=0:reap_second=0:retire_second=0:abandoned_unqueued=0]
[SW]<K>[SW]<K>[SW]<K>[SW]<1>[PT_ROOT_CUSTODY:no_proof=0:no_arch=0:terminated=0:undecided=0:mid_retire=0:retired=0]
[ INFO] kernel: [PREEMPT_BRACKET_CENSUS:underflow=0]
[ INFO] kernel: [PROD_BRACKET_RELEASE_CENSUS:underflow=0]
[TIMER_SCALE_ORACLE:x86:ms_per_tick=5:ticks_before=49:ms=245:ticks_after=49:ticks_nonzero=1:in_range=1:PASS]
[INIT_DESIGNATION:x86_64:designated_pid=1:reserved_collisions=0]
  console prompt count over 60s: 1 -> 2
  (informational) total serial bytes at exit: 278554
[CAPTURE_DRAIN:capture=n/a:seq=n/a:edge=n/a:cpu=n/a:records=n/a:drain_ms=0]
[CAPTURE_DRAIN_EVENTS:last_events=n/a]
