PROD_GATE_START Tue Sep  1 18:41:34 UTC 2026
PROD_RUN_START 1 Tue Sep  1 18:41:34 UTC 2026
Building the shipped x86_64 production kernel profile...
   Compiling kernel v0.1.0 (/root/breenix/kernel)
   Compiling breenix v0.1.0 (/root/breenix)
    Finished `release` profile [optimized] target(s) in 16.31s
   Compiling kernel v0.1.0 (/root/breenix/kernel)
   Compiling breenix v0.1.0 (/root/breenix)
    Finished `release` profile [optimized] target(s) in 15.80s
     Running `target/release/qemu-uefi`
[qemu-uefi] Using UEFI image: /root/breenix/target/release/build/breenix-a551e3e76b26baf2/out/breenix-uefi.img (6356992 bytes)
Creating ext2 disk image...
  Arch: x86_64
  Output: /root/breenix/target/ext2.img
  Size: 256MB
  busybox.elf not found, attempting to build...
Error: x86_64-linux-musl-gcc not found in PATH

Install with:
  brew tap filosottile/musl-cross
  brew install musl-cross
  WARNING: BusyBox build failed (see build-busybox.sh for prerequisites)
  WARNING: busybox.elf not found, skipping coreutils
Installing other binaries...
  Installed 42 binaries in /bin
  Installed 3 binaries in /sbin
  Installed 0 C binaries in /usr/local/cbin
  Installed 100 test binaries in /usr/local/test/bin
  Installed 29 fonts in /usr/share/fonts
  Created /etc/fonts.conf
  Created /etc/hotkeys.conf
  Created /etc/init.js

ext2 filesystem contents:
total 10124
drwxr-xr-x  2 root root   4096 Sep  1 18:42 .
drwxr-xr-x 12 root root   4096 Sep  1 18:42 ..
-rwxr-xr-x  1 root root 299352 Sep  1 18:42 bcheck
-rwxr-xr-x  1 root root 346352 Sep  1 18:42 bfontpicker
-rwxr-xr-x  1 root root 248272 Sep  1 18:42 biconkit
-rwxr-xr-x  1 root root 325464 Sep  1 18:42 blauncher
-rwxr-xr-x  1 root root 185648 Sep  1 18:42 bless
-rwxr-xr-x  1 root root 190016 Sep  1 18:42 block_eintr_oracle
-rwxr-xr-x  1 root root 331192 Sep  1 18:42 blog
-rwxr-xr-x  1 root root 275248 Sep  1 18:42 bounce
-rwxr-xr-x  1 root root 579456 Sep  1 18:42 bsh
-rwxr-xr-x  1 root root 322496 Sep  1 18:42 bssh
-rwxr-xr-x  1 root root 310168 Sep  1 18:42 bsshd
-rwxr-xr-x  1 root root 338712 Sep  1 18:42 bterm
-rwxr-xr-x  1 root root 184208 Sep  1 18:42 btop
-rwxr-xr-x  1 root root 194840 Sep  1 18:42 btrace
-rwxr-xr-x  1 root root 483376 Sep  1 18:42 burl
-rwxr-xr-x  1 root root 331504 Sep  1 18:42 bwm
-rwxr-xr-x  1 root root 188952 Sep  1 18:42 concurrent_recv_stress
-rwxr-xr-x  1 root root 189248 Sep  1 18:42 confetti
-rwxr-xr-x  1 root root 177648 Sep  1 18:42 counter
-rwxr-xr-x  1 root root 189712 Sep  1 18:42 demo
-rwxr-xr-x  1 root root 178072 Sep  1 18:42 exec_smoke
-rwxr-xr-x  1 root root 185048 Sep  1 18:42 exec_smoke_target
-rwxr-xr-x  1 root root 191704 Sep  1 18:42 fart
-rwxr-xr-x  1 root root 178832 Sep  1 18:42 futex_handoff_oracle
-rwxr-xr-x  1 root root 391600 Sep  1 18:42 guskit
-rwxr-xr-x  1 root root 189112 Sep  1 18:42 heartbeat
-rwxr-xr-x  1 root root 177640 Sep  1 18:42 hello_time
-rwxr-xr-x  1 root root 227168 Sep  1 18:42 hello_world
-rwxr-xr-x  1 root root 262608 Sep  1 18:42 init_shell
-rwxr-xr-x  1 root root 193944 Sep  1 18:42 particles
-rwxr-xr-x  1 root root 195736 Sep  1 18:42 poll_tcp_oracle
-rwxr-xr-x  1 root root 197096 Sep  1 18:42 rectangles
-rwxr-xr-x  1 root root 186928 Sep  1 18:42 resolution
-rwxr-xr-x  1 root root 177888 Sep  1 18:42 signal_exec_check
-rwxr-xr-x  1 root root 170592 Sep  1 18:42 simple_exit
-rwxr-xr-x  1 root root 170608 Sep  1 18:42 spawn_smoke_target
-rwxr-xr-x  1 root root 177648 Sep  1 18:42 spinner
-rwxr-xr-x  1 root root 177536 Sep  1 18:42 syscall_enosys
-rwxr-xr-x  1 root root 184224 Sep  1 18:42 tones
-rwxr-xr-x  1 root root 213824 Sep  1 18:42 tty_oracle
-rwxr-xr-x  1 root root 195568 Sep  1 18:42 wait_stress
-rwxr-xr-x  1 root root 183120 Sep  1 18:42 xhci_counters
  Test binaries in /usr/local/test/bin:
total 19348
drwxr-xr-x 2 root root   4096 Sep  1 18:42 .
drwxr-xr-x 3 root root   4096 Sep  1 18:42 ..
-rwxr-xr-x 1 root root 177952 Sep  1 18:42 access_test
-rwxr-xr-x 1 root root 182768 Sep  1 18:42 alarm_test
-rwxr-xr-x 1 root root 184344 Sep  1 18:42 argv_test
-rwxr-xr-x 1 root root 184024 Sep  1 18:42 blocking_recv_test
-rwxr-xr-x 1 root root 182496 Sep  1 18:42 brk_test
-rwxr-xr-x 1 root root 183248 Sep  1 18:42 cat_test
-rwxr-xr-x 1 root root 184576 Sep  1 18:42 clock_gettime_test
-rwxr-xr-x 1 root root 192592 Sep  1 18:42 cloexec_test
-rwxr-xr-x 1 root root 184680 Sep  1 18:42 clonevm_exec_test
-rwxr-xr-x 1 root root 182544 Sep  1 18:42 cow_cleanup_test
-rwxr-xr-x 1 root root 182512 Sep  1 18:42 cow_oom_test
-rwxr-xr-x 1 root root 182952 Sep  1 18:42 cow_readonly_test
-rwxr-xr-x 1 root root 188320 Sep  1 18:42 cow_signal_test
-rwxr-xr-x 1 root root 187016 Sep  1 18:42 cow_sole_owner_test
-rwxr-xr-x 1 root root 183008 Sep  1 18:42 cow_stress_test
-rwxr-xr-x 1 root root 182816 Sep  1 18:42 cp_mv_argv_test
-rwxr-xr-x 1 root root 187992 Sep  1 18:42 ctrl_c_test
-rwxr-xr-x 1 root root 182632 Sep  1 18:42 cwd_test
-rwxr-xr-x 1 root root 182448 Sep  1 18:42 devfs_test
-rwxr-xr-x 1 root root 195248 Sep  1 18:42 dns_test
-rwxr-xr-x 1 root root 189160 Sep  1 18:42 dup_test
-rwxr-xr-x 1 root root 182480 Sep  1 18:42 echo_argv_test
-rwxr-xr-x 1 root root 182840 Sep  1 18:42 epoll_test
-rwxr-xr-x 1 root root 178216 Sep  1 18:42 exec_argv_test
-rwxr-xr-x 1 root root 188080 Sep  1 18:42 exec_from_ext2_test
-rwxr-xr-x 1 root root 183440 Sep  1 18:42 exec_stack_argv_test
-rwxr-xr-x 1 root root 182568 Sep  1 18:42 false_test
-rwxr-xr-x 1 root root 183480 Sep  1 18:42 fbinfo_test
-rwxr-xr-x 1 root root 188752 Sep  1 18:42 fcntl_test
-rwxr-xr-x 1 root root 198456 Sep  1 18:42 fifo_test
-rwxr-xr-x 1 root root 182408 Sep  1 18:42 file_read_test
-rwxr-xr-x 1 root root 188672 Sep  1 18:42 fork_memory_test
-rwxr-xr-x 1 root root 187752 Sep  1 18:42 fork_pending_signal_test
-rwxr-xr-x 1 root root 189184 Sep  1 18:42 fork_state_test
-rwxr-xr-x 1 root root 188104 Sep  1 18:42 fork_test
-rwxr-xr-x 1 root root 188624 Sep  1 18:42 fs_block_alloc_test
-rwxr-xr-x 1 root root 183168 Sep  1 18:42 fs_directory_test
-rwxr-xr-x 1 root root 182616 Sep  1 18:42 fs_large_file_test
-rwxr-xr-x 1 root root 182816 Sep  1 18:42 fs_link_test
-rwxr-xr-x 1 root root 182720 Sep  1 18:42 fs_rename_test
-rwxr-xr-x 1 root root 182904 Sep  1 18:42 fs_write_test
-rwxr-xr-x 1 root root 184000 Sep  1 18:42 getdents_test
-rwxr-xr-x 1 root root 183064 Sep  1 18:42 head_test
-rwxr-xr-x 1 root root 464440 Sep  1 18:42 http_fetch_test
-rwxr-xr-x 1 root root 468592 Sep  1 18:42 http_test
-rwxr-xr-x 1 root root 183208 Sep  1 18:42 itimer_test
-rwxr-xr-x 1 root root 187656 Sep  1 18:42 job_control_test
-rwxr-xr-x 1 root root 192240 Sep  1 18:42 job_table_test
-rwxr-xr-x 1 root root 188488 Sep  1 18:42 kill_process_group_test
-rwxr-xr-x 1 root root 185696 Sep  1 18:42 loopback_wake_test
-rwxr-xr-x 1 root root 183304 Sep  1 18:42 ls_test
-rwxr-xr-x 1 root root 182520 Sep  1 18:42 lseek_test
-rwxr-xr-x 1 root root 182680 Sep  1 18:42 mkdir_argv_test
-rwxr-xr-x 1 root root 191592 Sep  1 18:42 net_test
-rwxr-xr-x 1 root root 179624 Sep  1 18:42 nonblock_eagain_test
-rwxr-xr-x 1 root root 188752 Sep  1 18:42 nonblock_test
-rwxr-xr-x 1 root root 188368 Sep  1 18:42 pause_test
-rwxr-xr-x 1 root root 188928 Sep  1 18:42 pipe2_test
-rwxr-xr-x 1 root root 188728 Sep  1 18:42 pipe_concurrent_test
-rwxr-xr-x 1 root root 188832 Sep  1 18:42 pipe_fork_test
-rwxr-xr-x 1 root root 195864 Sep  1 18:42 pipe_refcount_test
-rwxr-xr-x 1 root root 188256 Sep  1 18:42 pipe_test
-rwxr-xr-x 1 root root 191592 Sep  1 18:42 pipeline_test
-rwxr-xr-x 1 root root 189032 Sep  1 18:42 poll_test
-rwxr-xr-x 1 root root 183016 Sep  1 18:42 pty_test
-rwxr-xr-x 1 root root 177104 Sep  1 18:42 register_init_test
-rwxr-xr-x 1 root root 182488 Sep  1 18:42 rm_argv_test
-rwxr-xr-x 1 root root 188920 Sep  1 18:42 select_test
-rwxr-xr-x 1 root root 187976 Sep  1 18:42 session_test
-rwxr-xr-x 1 root root 183136 Sep  1 18:42 shell_pipe_test
-rwxr-xr-x 1 root root 189016 Sep  1 18:42 sigaltstack_test
-rwxr-xr-x 1 root root 183440 Sep  1 18:42 sigchld_job_test
-rwxr-xr-x 1 root root 182448 Sep  1 18:42 sigchld_test
-rwxr-xr-x 1 root root 206712 Sep  1 18:42 sigkill_teardown_test
-rwxr-xr-x 1 root root 188728 Sep  1 18:42 signal_exec_test
-rwxr-xr-x 1 root root 188168 Sep  1 18:42 signal_fork_test
-rwxr-xr-x 1 root root 187904 Sep  1 18:42 signal_handler_test
-rwxr-xr-x 1 root root 188216 Sep  1 18:42 signal_regs_test
-rwxr-xr-x 1 root root 188320 Sep  1 18:42 signal_return_test
-rwxr-xr-x 1 root root 187872 Sep  1 18:42 signal_test
-rwxr-xr-x 1 root root 188872 Sep  1 18:42 sigsuspend_test
-rwxr-xr-x 1 root root 188600 Sep  1 18:42 sleep_debug_test
-rwxr-xr-x 1 root root 182288 Sep  1 18:42 stdin_test
-rwxr-xr-x 1 root root 170872 Sep  1 18:42 syscall_diagnostic_test
-rwxr-xr-x 1 root root 183064 Sep  1 18:42 tail_test
-rwxr-xr-x 1 root root 203440 Sep  1 18:42 tcp_blocking_test
-rwxr-xr-x 1 root root 187632 Sep  1 18:42 tcp_client_test
-rwxr-xr-x 1 root root 188848 Sep  1 18:42 tcp_dup_listener_test
-rwxr-xr-x 1 root root 202296 Sep  1 18:42 tcp_socket_test
-rwxr-xr-x 1 root root 182232 Sep  1 18:42 test_mmap
-rwxr-xr-x 1 root root 182160 Sep  1 18:42 timer_test
-rwxr-xr-x 1 root root 182568 Sep  1 18:42 true_test
-rwxr-xr-x 1 root root 188096 Sep  1 18:42 tty_test
-rwxr-xr-x 1 root root 193408 Sep  1 18:42 udp_socket_test
-rwxr-xr-x 1 root root 195352 Sep  1 18:42 unix_named_socket_test
-rwxr-xr-x 1 root root 205328 Sep  1 18:42 unix_socket_test
-rwxr-xr-x 1 root root 188152 Sep  1 18:42 waitpid_test
-rwxr-xr-x 1 root root 183640 Sep  1 18:42 wc_test
-rwxr-xr-x 1 root root 182968 Sep  1 18:42 which_test
-rwxr-xr-x 1 root root 182544 Sep  1 18:42 wnohang_timing_test
-rw-r--r-- 1 root root 20 Sep  1 18:42 /tmp/tmp.AFORJd5rAj/deep/path/to/file/data.txt
-rw-r--r-- 1 root root 0 Sep  1 18:42 /tmp/tmp.AFORJd5rAj/empty.txt
-rw-r--r-- 1 root root 20 Sep  1 18:42 /tmp/tmp.AFORJd5rAj/test/nested.txt
-rw-r--r-- 1 root root 367 Sep  1 18:42 /tmp/tmp.AFORJd5rAj/etc/bshrc
-rw-r--r-- 1 root root 679 Sep  1 18:42 /tmp/tmp.AFORJd5rAj/etc/init.js
-rw-r--r-- 1 root root 83 Sep  1 18:42 /tmp/tmp.AFORJd5rAj/etc/passwd
-rw-r--r-- 1 root root 445 Sep  1 18:42 /tmp/tmp.AFORJd5rAj/etc/fonts.conf
-rw-r--r-- 1 root root 349 Sep  1 18:42 /tmp/tmp.AFORJd5rAj/etc/hotkeys.conf
-rw-r--r-- 1 root root 26 Sep  1 18:42 /tmp/tmp.AFORJd5rAj/etc/group
-rw-r--r-- 1 root root 111 Sep  1 18:42 /tmp/tmp.AFORJd5rAj/lines.txt
-rw-r--r-- 1 root root 17 Sep  1 18:42 /tmp/tmp.AFORJd5rAj/hello.txt
-rw-r--r-- 1 root root 309408 Sep  1 18:42 /tmp/tmp.AFORJd5rAj/usr/share/fonts/Hack-Regular.ttf
-rw-r--r-- 1 root root 598060 Sep  1 18:42 /tmp/tmp.AFORJd5rAj/usr/share/fonts/CascadiaCode-Regular.ttf
-rw-r--r-- 1 root root 300724 Sep  1 18:42 /tmp/tmp.AFORJd5rAj/usr/share/fonts/PlayfairDisplay-Regular.ttf
-rw-r--r-- 1 root root 160316 Sep  1 18:42 /tmp/tmp.AFORJd5rAj/usr/share/fonts/Poppins-Regular.ttf
-rw-r--r-- 1 root root 282844 Sep  1 18:42 /tmp/tmp.AFORJd5rAj/usr/share/fonts/Merriweather-Regular.ttf
-rw-r--r-- 1 root root 646340 Sep  1 18:42 /tmp/tmp.AFORJd5rAj/usr/share/fonts/SourceSans3-Regular.ttf
-rw-r--r-- 1 root root 359048 Sep  1 18:42 /tmp/tmp.AFORJd5rAj/usr/share/fonts/PTSerif-Regular.ttf
-rw-r--r-- 1 root root 488584 Sep  1 18:42 /tmp/tmp.AFORJd5rAj/usr/share/fonts/Roboto-Regular.ttf
-rw-r--r-- 1 root root 108684 Sep  1 18:42 /tmp/tmp.AFORJd5rAj/usr/share/fonts/Inconsolata-Regular.ttf
-rw-r--r-- 1 root root 312352 Sep  1 18:42 /tmp/tmp.AFORJd5rAj/usr/share/fonts/Raleway-Regular.ttf
-rw-r--r-- 1 root root 1887192 Sep  1 18:42 /tmp/tmp.AFORJd5rAj/usr/share/fonts/NotoSerif-Regular.ttf
-rw-r--r-- 1 root root 212340 Sep  1 18:42 /tmp/tmp.AFORJd5rAj/usr/share/fonts/SourceCodePro-Regular.ttf
-rw-r--r-- 1 root root 260364 Sep  1 18:42 /tmp/tmp.AFORJd5rAj/usr/share/fonts/FiraCode-Regular.ttf
-rw-r--r-- 1 root root 276932 Sep  1 18:42 /tmp/tmp.AFORJd5rAj/usr/share/fonts/Nunito-Regular.ttf
-rw-r--r-- 1 root root 1708408 Sep  1 18:42 /tmp/tmp.AFORJd5rAj/usr/share/fonts/NotoSansMono-Regular.ttf
-rw-r--r-- 1 root root 656568 Sep  1 18:42 /tmp/tmp.AFORJd5rAj/usr/share/fonts/Lato-Regular.ttf
-rw-r--r-- 1 root root 876576 Sep  1 18:42 /tmp/tmp.AFORJd5rAj/usr/share/fonts/Inter-Regular.ttf
-rw-r--r-- 1 root root 2049096 Sep  1 18:42 /tmp/tmp.AFORJd5rAj/usr/share/fonts/NotoSans-Regular.ttf
-rw-r--r-- 1 root root 351884 Sep  1 18:42 /tmp/tmp.AFORJd5rAj/usr/share/fonts/Ubuntu-Regular.ttf
-rw-r--r-- 1 root root 1209508 Sep  1 18:42 /tmp/tmp.AFORJd5rAj/usr/share/fonts/SourceSerif4-Regular.ttf
-rw-r--r-- 1 root root 183700 Sep  1 18:42 /tmp/tmp.AFORJd5rAj/usr/share/fonts/RobotoMono-Regular.ttf
-rw-r--r-- 1 root root 340712 Sep  1 18:42 /tmp/tmp.AFORJd5rAj/usr/share/fonts/DejaVuSansMono.ttf
-rw-r--r-- 1 root root 744936 Sep  1 18:42 /tmp/tmp.AFORJd5rAj/usr/share/fonts/Montserrat-Regular.ttf
-rw-r--r-- 1 root root 532636 Sep  1 18:42 /tmp/tmp.AFORJd5rAj/usr/share/fonts/OpenSans-Regular.ttf
-rw-r--r-- 1 root root 757076 Sep  1 18:42 /tmp/tmp.AFORJd5rAj/usr/share/fonts/DejaVuSans.ttf
-rw-r--r-- 1 root root 205748 Sep  1 18:42 /tmp/tmp.AFORJd5rAj/usr/share/fonts/UbuntuMono-Regular.ttf
-rw-r--r-- 1 root root 212196 Sep  1 18:42 /tmp/tmp.AFORJd5rAj/usr/share/fonts/Lora-Regular.ttf
-rw-r--r-- 1 root root 135580 Sep  1 18:42 /tmp/tmp.AFORJd5rAj/usr/share/fonts/IBMPlexMono-Regular.ttf
-rw-r--r-- 1 root root 273900 Sep  1 18:42 /tmp/tmp.AFORJd5rAj/usr/share/fonts/JetBrainsMono-Regular.ttf
-rw-r--r-- 1 root root 19 Sep  1 18:42 /tmp/tmp.AFORJd5rAj/trunctest.txt
-rwxr-xr-x 1 root root 181968 Sep  1 18:42 /tmp/tmp.AFORJd5rAj/sbin/blogd
-rwxr-xr-x 1 root root 187432 Sep  1 18:42 /tmp/tmp.AFORJd5rAj/sbin/init
-rwxr-xr-x 1 root root 184080 Sep  1 18:42 /tmp/tmp.AFORJd5rAj/sbin/telnetd
ext2 image created successfully

ext2 disk created and copied to testdata/:
  /root/breenix/target/ext2.img
  /root/breenix/testdata/ext2.img
  Size: 256M

Contents:
  /bin/busybox - BusyBox multi-call binary
  /bin/ls - native Breenix ls
  /bin/{cat,head,tail,...} - BusyBox hardlinks
  /sbin/{true,false} - BusyBox hardlinks
  /bin/* - Other userspace binaries (demos)
  /usr/local/test/bin/* - Test binaries (*_test, test_*)
  /sbin/telnetd - telnet daemon
  /hello.txt - test file (1 line)
  /lines.txt - multi-line test file (15 lines) for head/tail/wc
  /test/nested.txt - nested test file
  /deep/path/to/file/data.txt - deep nested test file
Booting the x86_64 production profile...
PASS: x86 production profile reached steady state with the teardown census at rest
  ext2 root mounted:            1
  kernel init complete:         1
  async executor started:       1
  steady state reached:         1
  console prompt:               2
  tombstone census lines:       1
  tombstone census at rest:     1
  root custody lines:           1
  root custody at rest:         1
  crash markers:                0
  test-only marker 'TEST_TALLY:': 0
  test-only marker '[TEST:': 0
  test-only marker 'TEST RUNNER:': 0
  test-only marker '[BOOT_TESTS:': 0
  test-only marker 'RING3_SMOKE: creating': 0
  test-only marker '[TOMBSTONE_QUIESCE:': 0
  test-only marker '[RECLAIM_DRAIN:': 0
  test-only marker '[TOMBSTONE_JOIN_ORACLE:': 0
  test-only marker '[KSTACK_OWNER_ORACLE:': 0
  test-only marker '[KSTACK_QUIESCE_LEAK:': 0
  test-only marker '[PT_CUSTODY_COUNTERS:': 0
  test-only marker '[FRAME_CUSTODY_COUNTERS:': 0
  test-only marker '[PT_RETIRE_COHORT:': 0
  test-only marker '[PT_EXEC_COHORT:': 0
  test-only marker '[EXEC_DETACH_ORACLE:': 0
  test-only marker '[CLONE_ADMISSION_ORACLE:': 0
  test-only marker '[INIT_DESIGNATION_ORACLE:': 0
  test-only marker '[SCHED_STRAND_ORACLE:': 0
  test-only marker '[CENSUS_WIDEN_ORACLE:': 0
  test-only marker 'Testing features enabled': 0
  fault marker '[PMGUARD]': 0
  fault marker '[CREATION_LOCK_ORDER:VIOLATION': 0
  fault marker 'DISK LOADING FAILED': 0
  fixed PRECONDITION 5 fail (#673): 0
  fixed PRECONDITION 5 pass (#673): 1
  fixed PRECONDITION 7 fail (#672): 0
  fixed PRECONDITION 7 pass (#672): 1
  preempt census lines:          1
  preempt census at rest:        1
  prod bracket release census:   1
  prod bracket release at rest:  1
  timer resolution window exceeded (#673 MA6/R3-m4): 0
  init designation (#673):      1
  ring3 syscall confirmed (#673): 1
  init first line (#673 M6):    1
  init bsshd-launch warning (must be absent, #713): 0
  bsshd started (#713):          1
  bsshd listening (#713):        1
  spawn-smoke child reaped exit 0 (#713): 1
  spawn-smoke reap failed (must be absent, #713 fix-round-2): 0
  tty oracle exit record (TTY-x86 port): 1
  tty oracle reap failed (must be absent, TTY-x86 port): 0
  tty oracle failed (must be absent, TTY-x86 port): 0
  exec smoke launch (#721):      1
  exec smoke target enter argc=2 (#721): 1
  exec smoke target ok (#721):   1
  exec smoke launcher exit code=0 (#721): 1
  exec smoke spawn failed (must be absent, #721): 0
  exec smoke exec failed (must be absent, #721): 0
  exec smoke target argv fail (must be absent, #721): 0
  exec lock order first commit (#721 K7): 1
  exec lock order PM-held violation (must be absent, #721 K7): 0
  exec lock order unpinned violation (must be absent, #721 K7): 0
  exec lock order no-sched-thread violation (must be absent, #721 K7): 0
[TOMBSTONE_CENSUS:resident=0:removed=0:reap_second=0:retire_second=0:abandoned_unqueued=0]
[SW]<K>[SW]<K>[SW]<1>[PT_ROOT_CUSTODY:no_proof=0:no_arch=0:terminated=0:undecided=0:mid_retire=0:retired=0]
[ INFO] kernel: [PREEMPT_BRACKET_CENSUS:underflow=0]
[ INFO] kernel: [PROD_BRACKET_RELEASE_CENSUS:underflow=0]
[INIT_DESIGNATION:x86_64:designated_pid=1:reserved_collisions=0]
  console prompt count over 60s: 1 -> 2
  (informational) total serial bytes at exit: 308989
PROD_RUN_END 1 exit=0 Tue Sep  1 18:43:26 UTC 2026
PROD_RUN_START 2 Tue Sep  1 18:43:26 UTC 2026
Building the shipped x86_64 production kernel profile...
   Compiling kernel v0.1.0 (/root/breenix/kernel)
   Compiling breenix v0.1.0 (/root/breenix)
    Finished `release` profile [optimized] target(s) in 15.17s
   Compiling kernel v0.1.0 (/root/breenix/kernel)
   Compiling breenix v0.1.0 (/root/breenix)
    Finished `release` profile [optimized] target(s) in 15.44s
     Running `target/release/qemu-uefi`
[qemu-uefi] Using UEFI image: /root/breenix/target/release/build/breenix-a551e3e76b26baf2/out/breenix-uefi.img (6356992 bytes)
Creating ext2 disk image...
  Arch: x86_64
  Output: /root/breenix/target/ext2.img
  Size: 256MB
  busybox.elf not found, attempting to build...
Error: x86_64-linux-musl-gcc not found in PATH

Install with:
  brew tap filosottile/musl-cross
  brew install musl-cross
  WARNING: BusyBox build failed (see build-busybox.sh for prerequisites)
  WARNING: busybox.elf not found, skipping coreutils
Installing other binaries...
  Installed 42 binaries in /bin
  Installed 3 binaries in /sbin
  Installed 0 C binaries in /usr/local/cbin
  Installed 100 test binaries in /usr/local/test/bin
  Installed 29 fonts in /usr/share/fonts
  Created /etc/fonts.conf
  Created /etc/hotkeys.conf
  Created /etc/init.js

ext2 filesystem contents:
total 10124
drwxr-xr-x  2 root root   4096 Sep  1 18:44 .
drwxr-xr-x 12 root root   4096 Sep  1 18:44 ..
-rwxr-xr-x  1 root root 299352 Sep  1 18:43 bcheck
-rwxr-xr-x  1 root root 346352 Sep  1 18:43 bfontpicker
-rwxr-xr-x  1 root root 248272 Sep  1 18:43 biconkit
-rwxr-xr-x  1 root root 325464 Sep  1 18:43 blauncher
-rwxr-xr-x  1 root root 185648 Sep  1 18:43 bless
-rwxr-xr-x  1 root root 190016 Sep  1 18:43 block_eintr_oracle
-rwxr-xr-x  1 root root 331192 Sep  1 18:43 blog
-rwxr-xr-x  1 root root 275248 Sep  1 18:43 bounce
-rwxr-xr-x  1 root root 579456 Sep  1 18:43 bsh
-rwxr-xr-x  1 root root 322496 Sep  1 18:43 bssh
-rwxr-xr-x  1 root root 310168 Sep  1 18:43 bsshd
-rwxr-xr-x  1 root root 338712 Sep  1 18:43 bterm
-rwxr-xr-x  1 root root 184208 Sep  1 18:43 btop
-rwxr-xr-x  1 root root 194840 Sep  1 18:43 btrace
-rwxr-xr-x  1 root root 483376 Sep  1 18:43 burl
-rwxr-xr-x  1 root root 331504 Sep  1 18:44 bwm
-rwxr-xr-x  1 root root 188952 Sep  1 18:44 concurrent_recv_stress
-rwxr-xr-x  1 root root 189248 Sep  1 18:44 confetti
-rwxr-xr-x  1 root root 177648 Sep  1 18:44 counter
-rwxr-xr-x  1 root root 189712 Sep  1 18:44 demo
-rwxr-xr-x  1 root root 178072 Sep  1 18:44 exec_smoke
-rwxr-xr-x  1 root root 185048 Sep  1 18:44 exec_smoke_target
-rwxr-xr-x  1 root root 191704 Sep  1 18:44 fart
-rwxr-xr-x  1 root root 178832 Sep  1 18:44 futex_handoff_oracle
-rwxr-xr-x  1 root root 391600 Sep  1 18:44 guskit
-rwxr-xr-x  1 root root 189112 Sep  1 18:44 heartbeat
-rwxr-xr-x  1 root root 177640 Sep  1 18:44 hello_time
-rwxr-xr-x  1 root root 227168 Sep  1 18:44 hello_world
-rwxr-xr-x  1 root root 262608 Sep  1 18:44 init_shell
-rwxr-xr-x  1 root root 193944 Sep  1 18:44 particles
-rwxr-xr-x  1 root root 195736 Sep  1 18:44 poll_tcp_oracle
-rwxr-xr-x  1 root root 197096 Sep  1 18:44 rectangles
-rwxr-xr-x  1 root root 186928 Sep  1 18:44 resolution
-rwxr-xr-x  1 root root 177888 Sep  1 18:44 signal_exec_check
-rwxr-xr-x  1 root root 170592 Sep  1 18:44 simple_exit
-rwxr-xr-x  1 root root 170608 Sep  1 18:44 spawn_smoke_target
-rwxr-xr-x  1 root root 177648 Sep  1 18:44 spinner
-rwxr-xr-x  1 root root 177536 Sep  1 18:44 syscall_enosys
-rwxr-xr-x  1 root root 184224 Sep  1 18:44 tones
-rwxr-xr-x  1 root root 213824 Sep  1 18:44 tty_oracle
-rwxr-xr-x  1 root root 195568 Sep  1 18:44 wait_stress
-rwxr-xr-x  1 root root 183120 Sep  1 18:44 xhci_counters
  Test binaries in /usr/local/test/bin:
total 19348
drwxr-xr-x 2 root root   4096 Sep  1 18:44 .
drwxr-xr-x 3 root root   4096 Sep  1 18:43 ..
-rwxr-xr-x 1 root root 177952 Sep  1 18:43 access_test
-rwxr-xr-x 1 root root 182768 Sep  1 18:43 alarm_test
-rwxr-xr-x 1 root root 184344 Sep  1 18:43 argv_test
-rwxr-xr-x 1 root root 184024 Sep  1 18:43 blocking_recv_test
-rwxr-xr-x 1 root root 182496 Sep  1 18:43 brk_test
-rwxr-xr-x 1 root root 183248 Sep  1 18:44 cat_test
-rwxr-xr-x 1 root root 184576 Sep  1 18:44 clock_gettime_test
-rwxr-xr-x 1 root root 192592 Sep  1 18:44 cloexec_test
-rwxr-xr-x 1 root root 184680 Sep  1 18:44 clonevm_exec_test
-rwxr-xr-x 1 root root 182544 Sep  1 18:44 cow_cleanup_test
-rwxr-xr-x 1 root root 182512 Sep  1 18:44 cow_oom_test
-rwxr-xr-x 1 root root 182952 Sep  1 18:44 cow_readonly_test
-rwxr-xr-x 1 root root 188320 Sep  1 18:44 cow_signal_test
-rwxr-xr-x 1 root root 187016 Sep  1 18:44 cow_sole_owner_test
-rwxr-xr-x 1 root root 183008 Sep  1 18:44 cow_stress_test
-rwxr-xr-x 1 root root 182816 Sep  1 18:44 cp_mv_argv_test
-rwxr-xr-x 1 root root 187992 Sep  1 18:44 ctrl_c_test
-rwxr-xr-x 1 root root 182632 Sep  1 18:44 cwd_test
-rwxr-xr-x 1 root root 182448 Sep  1 18:44 devfs_test
-rwxr-xr-x 1 root root 195248 Sep  1 18:44 dns_test
-rwxr-xr-x 1 root root 189160 Sep  1 18:44 dup_test
-rwxr-xr-x 1 root root 182480 Sep  1 18:44 echo_argv_test
-rwxr-xr-x 1 root root 182840 Sep  1 18:44 epoll_test
-rwxr-xr-x 1 root root 178216 Sep  1 18:44 exec_argv_test
-rwxr-xr-x 1 root root 188080 Sep  1 18:44 exec_from_ext2_test
-rwxr-xr-x 1 root root 183440 Sep  1 18:44 exec_stack_argv_test
-rwxr-xr-x 1 root root 182568 Sep  1 18:44 false_test
-rwxr-xr-x 1 root root 183480 Sep  1 18:44 fbinfo_test
-rwxr-xr-x 1 root root 188752 Sep  1 18:44 fcntl_test
-rwxr-xr-x 1 root root 198456 Sep  1 18:44 fifo_test
-rwxr-xr-x 1 root root 182408 Sep  1 18:44 file_read_test
-rwxr-xr-x 1 root root 188672 Sep  1 18:44 fork_memory_test
-rwxr-xr-x 1 root root 187752 Sep  1 18:44 fork_pending_signal_test
-rwxr-xr-x 1 root root 189184 Sep  1 18:44 fork_state_test
-rwxr-xr-x 1 root root 188104 Sep  1 18:44 fork_test
-rwxr-xr-x 1 root root 188624 Sep  1 18:44 fs_block_alloc_test
-rwxr-xr-x 1 root root 183168 Sep  1 18:44 fs_directory_test
-rwxr-xr-x 1 root root 182616 Sep  1 18:44 fs_large_file_test
-rwxr-xr-x 1 root root 182816 Sep  1 18:44 fs_link_test
-rwxr-xr-x 1 root root 182720 Sep  1 18:44 fs_rename_test
-rwxr-xr-x 1 root root 182904 Sep  1 18:44 fs_write_test
-rwxr-xr-x 1 root root 184000 Sep  1 18:44 getdents_test
-rwxr-xr-x 1 root root 183064 Sep  1 18:44 head_test
-rwxr-xr-x 1 root root 464440 Sep  1 18:44 http_fetch_test
-rwxr-xr-x 1 root root 468592 Sep  1 18:44 http_test
-rwxr-xr-x 1 root root 183208 Sep  1 18:44 itimer_test
-rwxr-xr-x 1 root root 187656 Sep  1 18:44 job_control_test
-rwxr-xr-x 1 root root 192240 Sep  1 18:44 job_table_test
-rwxr-xr-x 1 root root 188488 Sep  1 18:44 kill_process_group_test
-rwxr-xr-x 1 root root 185696 Sep  1 18:44 loopback_wake_test
-rwxr-xr-x 1 root root 183304 Sep  1 18:44 ls_test
-rwxr-xr-x 1 root root 182520 Sep  1 18:44 lseek_test
-rwxr-xr-x 1 root root 182680 Sep  1 18:44 mkdir_argv_test
-rwxr-xr-x 1 root root 191592 Sep  1 18:44 net_test
-rwxr-xr-x 1 root root 179624 Sep  1 18:44 nonblock_eagain_test
-rwxr-xr-x 1 root root 188752 Sep  1 18:44 nonblock_test
-rwxr-xr-x 1 root root 188368 Sep  1 18:44 pause_test
-rwxr-xr-x 1 root root 188928 Sep  1 18:44 pipe2_test
-rwxr-xr-x 1 root root 188728 Sep  1 18:44 pipe_concurrent_test
-rwxr-xr-x 1 root root 188832 Sep  1 18:44 pipe_fork_test
-rwxr-xr-x 1 root root 195864 Sep  1 18:44 pipe_refcount_test
-rwxr-xr-x 1 root root 188256 Sep  1 18:44 pipe_test
-rwxr-xr-x 1 root root 191592 Sep  1 18:44 pipeline_test
-rwxr-xr-x 1 root root 189032 Sep  1 18:44 poll_test
-rwxr-xr-x 1 root root 183016 Sep  1 18:44 pty_test
-rwxr-xr-x 1 root root 177104 Sep  1 18:44 register_init_test
-rwxr-xr-x 1 root root 182488 Sep  1 18:44 rm_argv_test
-rwxr-xr-x 1 root root 188920 Sep  1 18:44 select_test
-rwxr-xr-x 1 root root 187976 Sep  1 18:44 session_test
-rwxr-xr-x 1 root root 183136 Sep  1 18:44 shell_pipe_test
-rwxr-xr-x 1 root root 189016 Sep  1 18:44 sigaltstack_test
-rwxr-xr-x 1 root root 183440 Sep  1 18:44 sigchld_job_test
-rwxr-xr-x 1 root root 182448 Sep  1 18:44 sigchld_test
-rwxr-xr-x 1 root root 206712 Sep  1 18:44 sigkill_teardown_test
-rwxr-xr-x 1 root root 188728 Sep  1 18:44 signal_exec_test
-rwxr-xr-x 1 root root 188168 Sep  1 18:44 signal_fork_test
-rwxr-xr-x 1 root root 187904 Sep  1 18:44 signal_handler_test
-rwxr-xr-x 1 root root 188216 Sep  1 18:44 signal_regs_test
-rwxr-xr-x 1 root root 188320 Sep  1 18:44 signal_return_test
-rwxr-xr-x 1 root root 187872 Sep  1 18:44 signal_test
-rwxr-xr-x 1 root root 188872 Sep  1 18:44 sigsuspend_test
-rwxr-xr-x 1 root root 188600 Sep  1 18:44 sleep_debug_test
-rwxr-xr-x 1 root root 182288 Sep  1 18:44 stdin_test
-rwxr-xr-x 1 root root 170872 Sep  1 18:44 syscall_diagnostic_test
-rwxr-xr-x 1 root root 183064 Sep  1 18:44 tail_test
-rwxr-xr-x 1 root root 203440 Sep  1 18:44 tcp_blocking_test
-rwxr-xr-x 1 root root 187632 Sep  1 18:44 tcp_client_test
-rwxr-xr-x 1 root root 188848 Sep  1 18:44 tcp_dup_listener_test
-rwxr-xr-x 1 root root 202296 Sep  1 18:44 tcp_socket_test
-rwxr-xr-x 1 root root 182232 Sep  1 18:44 test_mmap
-rwxr-xr-x 1 root root 182160 Sep  1 18:44 timer_test
-rwxr-xr-x 1 root root 182568 Sep  1 18:44 true_test
-rwxr-xr-x 1 root root 188096 Sep  1 18:44 tty_test
-rwxr-xr-x 1 root root 193408 Sep  1 18:44 udp_socket_test
-rwxr-xr-x 1 root root 195352 Sep  1 18:44 unix_named_socket_test
-rwxr-xr-x 1 root root 205328 Sep  1 18:44 unix_socket_test
-rwxr-xr-x 1 root root 188152 Sep  1 18:44 waitpid_test
-rwxr-xr-x 1 root root 183640 Sep  1 18:44 wc_test
-rwxr-xr-x 1 root root 182968 Sep  1 18:44 which_test
-rwxr-xr-x 1 root root 182544 Sep  1 18:44 wnohang_timing_test
-rw-r--r-- 1 root root 0 Sep  1 18:44 /tmp/tmp.AyryLqBHe9/empty.txt
-rw-r--r-- 1 root root 111 Sep  1 18:44 /tmp/tmp.AyryLqBHe9/lines.txt
-rw-r--r-- 1 root root 20 Sep  1 18:44 /tmp/tmp.AyryLqBHe9/test/nested.txt
-rw-r--r-- 1 root root 19 Sep  1 18:44 /tmp/tmp.AyryLqBHe9/trunctest.txt
-rw-r--r-- 1 root root 876576 Sep  1 18:44 /tmp/tmp.AyryLqBHe9/usr/share/fonts/Inter-Regular.ttf
-rw-r--r-- 1 root root 309408 Sep  1 18:44 /tmp/tmp.AyryLqBHe9/usr/share/fonts/Hack-Regular.ttf
-rw-r--r-- 1 root root 183700 Sep  1 18:44 /tmp/tmp.AyryLqBHe9/usr/share/fonts/RobotoMono-Regular.ttf
-rw-r--r-- 1 root root 300724 Sep  1 18:44 /tmp/tmp.AyryLqBHe9/usr/share/fonts/PlayfairDisplay-Regular.ttf
-rw-r--r-- 1 root root 646340 Sep  1 18:44 /tmp/tmp.AyryLqBHe9/usr/share/fonts/SourceSans3-Regular.ttf
-rw-r--r-- 1 root root 205748 Sep  1 18:44 /tmp/tmp.AyryLqBHe9/usr/share/fonts/UbuntuMono-Regular.ttf
-rw-r--r-- 1 root root 135580 Sep  1 18:44 /tmp/tmp.AyryLqBHe9/usr/share/fonts/IBMPlexMono-Regular.ttf
-rw-r--r-- 1 root root 2049096 Sep  1 18:44 /tmp/tmp.AyryLqBHe9/usr/share/fonts/NotoSans-Regular.ttf
-rw-r--r-- 1 root root 656568 Sep  1 18:44 /tmp/tmp.AyryLqBHe9/usr/share/fonts/Lato-Regular.ttf
-rw-r--r-- 1 root root 312352 Sep  1 18:44 /tmp/tmp.AyryLqBHe9/usr/share/fonts/Raleway-Regular.ttf
-rw-r--r-- 1 root root 1209508 Sep  1 18:44 /tmp/tmp.AyryLqBHe9/usr/share/fonts/SourceSerif4-Regular.ttf
-rw-r--r-- 1 root root 532636 Sep  1 18:44 /tmp/tmp.AyryLqBHe9/usr/share/fonts/OpenSans-Regular.ttf
-rw-r--r-- 1 root root 351884 Sep  1 18:44 /tmp/tmp.AyryLqBHe9/usr/share/fonts/Ubuntu-Regular.ttf
-rw-r--r-- 1 root root 273900 Sep  1 18:44 /tmp/tmp.AyryLqBHe9/usr/share/fonts/JetBrainsMono-Regular.ttf
-rw-r--r-- 1 root root 359048 Sep  1 18:44 /tmp/tmp.AyryLqBHe9/usr/share/fonts/PTSerif-Regular.ttf
-rw-r--r-- 1 root root 488584 Sep  1 18:44 /tmp/tmp.AyryLqBHe9/usr/share/fonts/Roboto-Regular.ttf
-rw-r--r-- 1 root root 276932 Sep  1 18:44 /tmp/tmp.AyryLqBHe9/usr/share/fonts/Nunito-Regular.ttf
-rw-r--r-- 1 root root 108684 Sep  1 18:44 /tmp/tmp.AyryLqBHe9/usr/share/fonts/Inconsolata-Regular.ttf
-rw-r--r-- 1 root root 260364 Sep  1 18:44 /tmp/tmp.AyryLqBHe9/usr/share/fonts/FiraCode-Regular.ttf
-rw-r--r-- 1 root root 757076 Sep  1 18:44 /tmp/tmp.AyryLqBHe9/usr/share/fonts/DejaVuSans.ttf
-rw-r--r-- 1 root root 744936 Sep  1 18:44 /tmp/tmp.AyryLqBHe9/usr/share/fonts/Montserrat-Regular.ttf
-rw-r--r-- 1 root root 1887192 Sep  1 18:44 /tmp/tmp.AyryLqBHe9/usr/share/fonts/NotoSerif-Regular.ttf
-rw-r--r-- 1 root root 282844 Sep  1 18:44 /tmp/tmp.AyryLqBHe9/usr/share/fonts/Merriweather-Regular.ttf
-rw-r--r-- 1 root root 160316 Sep  1 18:44 /tmp/tmp.AyryLqBHe9/usr/share/fonts/Poppins-Regular.ttf
-rw-r--r-- 1 root root 598060 Sep  1 18:44 /tmp/tmp.AyryLqBHe9/usr/share/fonts/CascadiaCode-Regular.ttf
-rw-r--r-- 1 root root 340712 Sep  1 18:44 /tmp/tmp.AyryLqBHe9/usr/share/fonts/DejaVuSansMono.ttf
-rw-r--r-- 1 root root 212340 Sep  1 18:44 /tmp/tmp.AyryLqBHe9/usr/share/fonts/SourceCodePro-Regular.ttf
-rw-r--r-- 1 root root 1708408 Sep  1 18:44 /tmp/tmp.AyryLqBHe9/usr/share/fonts/NotoSansMono-Regular.ttf
-rw-r--r-- 1 root root 212196 Sep  1 18:44 /tmp/tmp.AyryLqBHe9/usr/share/fonts/Lora-Regular.ttf
-rw-r--r-- 1 root root 20 Sep  1 18:44 /tmp/tmp.AyryLqBHe9/deep/path/to/file/data.txt
-rwxr-xr-x 1 root root 184080 Sep  1 18:44 /tmp/tmp.AyryLqBHe9/sbin/telnetd
-rwxr-xr-x 1 root root 187432 Sep  1 18:44 /tmp/tmp.AyryLqBHe9/sbin/init
-rwxr-xr-x 1 root root 181968 Sep  1 18:43 /tmp/tmp.AyryLqBHe9/sbin/blogd
-rw-r--r-- 1 root root 17 Sep  1 18:44 /tmp/tmp.AyryLqBHe9/hello.txt
-rw-r--r-- 1 root root 367 Sep  1 18:44 /tmp/tmp.AyryLqBHe9/etc/bshrc
-rw-r--r-- 1 root root 26 Sep  1 18:44 /tmp/tmp.AyryLqBHe9/etc/group
-rw-r--r-- 1 root root 83 Sep  1 18:44 /tmp/tmp.AyryLqBHe9/etc/passwd
-rw-r--r-- 1 root root 349 Sep  1 18:44 /tmp/tmp.AyryLqBHe9/etc/hotkeys.conf
-rw-r--r-- 1 root root 679 Sep  1 18:44 /tmp/tmp.AyryLqBHe9/etc/init.js
-rw-r--r-- 1 root root 445 Sep  1 18:44 /tmp/tmp.AyryLqBHe9/etc/fonts.conf
ext2 image created successfully

ext2 disk created and copied to testdata/:
  /root/breenix/target/ext2.img
  /root/breenix/testdata/ext2.img
  Size: 256M

Contents:
  /bin/busybox - BusyBox multi-call binary
  /bin/ls - native Breenix ls
  /bin/{cat,head,tail,...} - BusyBox hardlinks
  /sbin/{true,false} - BusyBox hardlinks
  /bin/* - Other userspace binaries (demos)
  /usr/local/test/bin/* - Test binaries (*_test, test_*)
  /sbin/telnetd - telnet daemon
  /hello.txt - test file (1 line)
  /lines.txt - multi-line test file (15 lines) for head/tail/wc
  /test/nested.txt - nested test file
  /deep/path/to/file/data.txt - deep nested test file
Booting the x86_64 production profile...
PASS: x86 production profile reached steady state with the teardown census at rest
  ext2 root mounted:            1
  kernel init complete:         1
  async executor started:       1
  steady state reached:         1
  console prompt:               2
  tombstone census lines:       1
  tombstone census at rest:     1
  root custody lines:           1
  root custody at rest:         1
  crash markers:                0
  test-only marker 'TEST_TALLY:': 0
  test-only marker '[TEST:': 0
  test-only marker 'TEST RUNNER:': 0
  test-only marker '[BOOT_TESTS:': 0
  test-only marker 'RING3_SMOKE: creating': 0
  test-only marker '[TOMBSTONE_QUIESCE:': 0
  test-only marker '[RECLAIM_DRAIN:': 0
  test-only marker '[TOMBSTONE_JOIN_ORACLE:': 0
  test-only marker '[KSTACK_OWNER_ORACLE:': 0
  test-only marker '[KSTACK_QUIESCE_LEAK:': 0
  test-only marker '[PT_CUSTODY_COUNTERS:': 0
  test-only marker '[FRAME_CUSTODY_COUNTERS:': 0
  test-only marker '[PT_RETIRE_COHORT:': 0
  test-only marker '[PT_EXEC_COHORT:': 0
  test-only marker '[EXEC_DETACH_ORACLE:': 0
  test-only marker '[CLONE_ADMISSION_ORACLE:': 0
  test-only marker '[INIT_DESIGNATION_ORACLE:': 0
  test-only marker '[SCHED_STRAND_ORACLE:': 0
  test-only marker '[CENSUS_WIDEN_ORACLE:': 0
  test-only marker 'Testing features enabled': 0
  fault marker '[PMGUARD]': 0
  fault marker '[CREATION_LOCK_ORDER:VIOLATION': 0
  fault marker 'DISK LOADING FAILED': 0
  fixed PRECONDITION 5 fail (#673): 0
  fixed PRECONDITION 5 pass (#673): 1
  fixed PRECONDITION 7 fail (#672): 0
  fixed PRECONDITION 7 pass (#672): 1
  preempt census lines:          1
  preempt census at rest:        1
  prod bracket release census:   1
  prod bracket release at rest:  1
  timer resolution window exceeded (#673 MA6/R3-m4): 0
  init designation (#673):      1
  ring3 syscall confirmed (#673): 1
  init first line (#673 M6):    1
  init bsshd-launch warning (must be absent, #713): 0
  bsshd started (#713):          1
  bsshd listening (#713):        1
  spawn-smoke child reaped exit 0 (#713): 1
  spawn-smoke reap failed (must be absent, #713 fix-round-2): 0
  tty oracle exit record (TTY-x86 port): 1
  tty oracle reap failed (must be absent, TTY-x86 port): 0
  tty oracle failed (must be absent, TTY-x86 port): 0
  exec smoke launch (#721):      1
  exec smoke target enter argc=2 (#721): 1
  exec smoke target ok (#721):   1
  exec smoke launcher exit code=0 (#721): 1
  exec smoke spawn failed (must be absent, #721): 0
  exec smoke exec failed (must be absent, #721): 0
  exec smoke target argv fail (must be absent, #721): 0
  exec lock order first commit (#721 K7): 1
  exec lock order PM-held violation (must be absent, #721 K7): 0
  exec lock order unpinned violation (must be absent, #721 K7): 0
  exec lock order no-sched-thread violation (must be absent, #721 K7): 0
[TOMBSTONE_CENSUS:resident=0:removed=0:reap_second=0:retire_second=0:abandoned_unqueued=0]
[SW]<K>[SW]<K>[SW]<1>[PT_ROOT_CUSTODY:no_proof=0:no_arch=0:terminated=0:undecided=0:mid_retire=0:retired=0]
[ INFO] kernel: [PREEMPT_BRACKET_CENSUS:underflow=0]
[ INFO] kernel: [PROD_BRACKET_RELEASE_CENSUS:underflow=0]
[INIT_DESIGNATION:x86_64:designated_pid=1:reserved_collisions=0]
  console prompt count over 60s: 1 -> 2
  (informational) total serial bytes at exit: 323395
PROD_RUN_END 2 exit=0 Tue Sep  1 18:45:17 UTC 2026
PROD_RUN_START 3 Tue Sep  1 18:45:17 UTC 2026
Building the shipped x86_64 production kernel profile...
   Compiling kernel v0.1.0 (/root/breenix/kernel)
   Compiling breenix v0.1.0 (/root/breenix)
    Finished `release` profile [optimized] target(s) in 13.94s
   Compiling kernel v0.1.0 (/root/breenix/kernel)
   Compiling breenix v0.1.0 (/root/breenix)
    Finished `release` profile [optimized] target(s) in 14.66s
     Running `target/release/qemu-uefi`
[qemu-uefi] Using UEFI image: /root/breenix/target/release/build/breenix-a551e3e76b26baf2/out/breenix-uefi.img (6356992 bytes)
Creating ext2 disk image...
  Arch: x86_64
  Output: /root/breenix/target/ext2.img
  Size: 256MB
  busybox.elf not found, attempting to build...
Error: x86_64-linux-musl-gcc not found in PATH

Install with:
  brew tap filosottile/musl-cross
  brew install musl-cross
  WARNING: BusyBox build failed (see build-busybox.sh for prerequisites)
  WARNING: busybox.elf not found, skipping coreutils
Installing other binaries...
  Installed 42 binaries in /bin
  Installed 3 binaries in /sbin
  Installed 0 C binaries in /usr/local/cbin
  Installed 100 test binaries in /usr/local/test/bin
  Installed 29 fonts in /usr/share/fonts
  Created /etc/fonts.conf
  Created /etc/hotkeys.conf
  Created /etc/init.js

ext2 filesystem contents:
total 10124
drwxr-xr-x  2 root root   4096 Sep  1 18:45 .
drwxr-xr-x 12 root root   4096 Sep  1 18:45 ..
-rwxr-xr-x  1 root root 299352 Sep  1 18:45 bcheck
-rwxr-xr-x  1 root root 346352 Sep  1 18:45 bfontpicker
-rwxr-xr-x  1 root root 248272 Sep  1 18:45 biconkit
-rwxr-xr-x  1 root root 325464 Sep  1 18:45 blauncher
-rwxr-xr-x  1 root root 185648 Sep  1 18:45 bless
-rwxr-xr-x  1 root root 190016 Sep  1 18:45 block_eintr_oracle
-rwxr-xr-x  1 root root 331192 Sep  1 18:45 blog
-rwxr-xr-x  1 root root 275248 Sep  1 18:45 bounce
-rwxr-xr-x  1 root root 579456 Sep  1 18:45 bsh
-rwxr-xr-x  1 root root 322496 Sep  1 18:45 bssh
-rwxr-xr-x  1 root root 310168 Sep  1 18:45 bsshd
-rwxr-xr-x  1 root root 338712 Sep  1 18:45 bterm
-rwxr-xr-x  1 root root 184208 Sep  1 18:45 btop
-rwxr-xr-x  1 root root 194840 Sep  1 18:45 btrace
-rwxr-xr-x  1 root root 483376 Sep  1 18:45 burl
-rwxr-xr-x  1 root root 331504 Sep  1 18:45 bwm
-rwxr-xr-x  1 root root 188952 Sep  1 18:45 concurrent_recv_stress
-rwxr-xr-x  1 root root 189248 Sep  1 18:45 confetti
-rwxr-xr-x  1 root root 177648 Sep  1 18:45 counter
-rwxr-xr-x  1 root root 189712 Sep  1 18:45 demo
-rwxr-xr-x  1 root root 178072 Sep  1 18:45 exec_smoke
-rwxr-xr-x  1 root root 185048 Sep  1 18:45 exec_smoke_target
-rwxr-xr-x  1 root root 191704 Sep  1 18:45 fart
-rwxr-xr-x  1 root root 178832 Sep  1 18:45 futex_handoff_oracle
-rwxr-xr-x  1 root root 391600 Sep  1 18:45 guskit
-rwxr-xr-x  1 root root 189112 Sep  1 18:45 heartbeat
-rwxr-xr-x  1 root root 177640 Sep  1 18:45 hello_time
-rwxr-xr-x  1 root root 227168 Sep  1 18:45 hello_world
-rwxr-xr-x  1 root root 262608 Sep  1 18:45 init_shell
-rwxr-xr-x  1 root root 193944 Sep  1 18:45 particles
-rwxr-xr-x  1 root root 195736 Sep  1 18:45 poll_tcp_oracle
-rwxr-xr-x  1 root root 197096 Sep  1 18:45 rectangles
-rwxr-xr-x  1 root root 186928 Sep  1 18:45 resolution
-rwxr-xr-x  1 root root 177888 Sep  1 18:45 signal_exec_check
-rwxr-xr-x  1 root root 170592 Sep  1 18:45 simple_exit
-rwxr-xr-x  1 root root 170608 Sep  1 18:45 spawn_smoke_target
-rwxr-xr-x  1 root root 177648 Sep  1 18:45 spinner
-rwxr-xr-x  1 root root 177536 Sep  1 18:45 syscall_enosys
-rwxr-xr-x  1 root root 184224 Sep  1 18:45 tones
-rwxr-xr-x  1 root root 213824 Sep  1 18:45 tty_oracle
-rwxr-xr-x  1 root root 195568 Sep  1 18:45 wait_stress
-rwxr-xr-x  1 root root 183120 Sep  1 18:45 xhci_counters
  Test binaries in /usr/local/test/bin:
total 19348
drwxr-xr-x 2 root root   4096 Sep  1 18:45 .
drwxr-xr-x 3 root root   4096 Sep  1 18:45 ..
-rwxr-xr-x 1 root root 177952 Sep  1 18:45 access_test
-rwxr-xr-x 1 root root 182768 Sep  1 18:45 alarm_test
-rwxr-xr-x 1 root root 184344 Sep  1 18:45 argv_test
-rwxr-xr-x 1 root root 184024 Sep  1 18:45 blocking_recv_test
-rwxr-xr-x 1 root root 182496 Sep  1 18:45 brk_test
-rwxr-xr-x 1 root root 183248 Sep  1 18:45 cat_test
-rwxr-xr-x 1 root root 184576 Sep  1 18:45 clock_gettime_test
-rwxr-xr-x 1 root root 192592 Sep  1 18:45 cloexec_test
-rwxr-xr-x 1 root root 184680 Sep  1 18:45 clonevm_exec_test
-rwxr-xr-x 1 root root 182544 Sep  1 18:45 cow_cleanup_test
-rwxr-xr-x 1 root root 182512 Sep  1 18:45 cow_oom_test
-rwxr-xr-x 1 root root 182952 Sep  1 18:45 cow_readonly_test
-rwxr-xr-x 1 root root 188320 Sep  1 18:45 cow_signal_test
-rwxr-xr-x 1 root root 187016 Sep  1 18:45 cow_sole_owner_test
-rwxr-xr-x 1 root root 183008 Sep  1 18:45 cow_stress_test
-rwxr-xr-x 1 root root 182816 Sep  1 18:45 cp_mv_argv_test
-rwxr-xr-x 1 root root 187992 Sep  1 18:45 ctrl_c_test
-rwxr-xr-x 1 root root 182632 Sep  1 18:45 cwd_test
-rwxr-xr-x 1 root root 182448 Sep  1 18:45 devfs_test
-rwxr-xr-x 1 root root 195248 Sep  1 18:45 dns_test
-rwxr-xr-x 1 root root 189160 Sep  1 18:45 dup_test
-rwxr-xr-x 1 root root 182480 Sep  1 18:45 echo_argv_test
-rwxr-xr-x 1 root root 182840 Sep  1 18:45 epoll_test
-rwxr-xr-x 1 root root 178216 Sep  1 18:45 exec_argv_test
-rwxr-xr-x 1 root root 188080 Sep  1 18:45 exec_from_ext2_test
-rwxr-xr-x 1 root root 183440 Sep  1 18:45 exec_stack_argv_test
-rwxr-xr-x 1 root root 182568 Sep  1 18:45 false_test
-rwxr-xr-x 1 root root 183480 Sep  1 18:45 fbinfo_test
-rwxr-xr-x 1 root root 188752 Sep  1 18:45 fcntl_test
-rwxr-xr-x 1 root root 198456 Sep  1 18:45 fifo_test
-rwxr-xr-x 1 root root 182408 Sep  1 18:45 file_read_test
-rwxr-xr-x 1 root root 188672 Sep  1 18:45 fork_memory_test
-rwxr-xr-x 1 root root 187752 Sep  1 18:45 fork_pending_signal_test
-rwxr-xr-x 1 root root 189184 Sep  1 18:45 fork_state_test
-rwxr-xr-x 1 root root 188104 Sep  1 18:45 fork_test
-rwxr-xr-x 1 root root 188624 Sep  1 18:45 fs_block_alloc_test
-rwxr-xr-x 1 root root 183168 Sep  1 18:45 fs_directory_test
-rwxr-xr-x 1 root root 182616 Sep  1 18:45 fs_large_file_test
-rwxr-xr-x 1 root root 182816 Sep  1 18:45 fs_link_test
-rwxr-xr-x 1 root root 182720 Sep  1 18:45 fs_rename_test
-rwxr-xr-x 1 root root 182904 Sep  1 18:45 fs_write_test
-rwxr-xr-x 1 root root 184000 Sep  1 18:45 getdents_test
-rwxr-xr-x 1 root root 183064 Sep  1 18:45 head_test
-rwxr-xr-x 1 root root 464440 Sep  1 18:45 http_fetch_test
-rwxr-xr-x 1 root root 468592 Sep  1 18:45 http_test
-rwxr-xr-x 1 root root 183208 Sep  1 18:45 itimer_test
-rwxr-xr-x 1 root root 187656 Sep  1 18:45 job_control_test
-rwxr-xr-x 1 root root 192240 Sep  1 18:45 job_table_test
-rwxr-xr-x 1 root root 188488 Sep  1 18:45 kill_process_group_test
-rwxr-xr-x 1 root root 185696 Sep  1 18:45 loopback_wake_test
-rwxr-xr-x 1 root root 183304 Sep  1 18:45 ls_test
-rwxr-xr-x 1 root root 182520 Sep  1 18:45 lseek_test
-rwxr-xr-x 1 root root 182680 Sep  1 18:45 mkdir_argv_test
-rwxr-xr-x 1 root root 191592 Sep  1 18:45 net_test
-rwxr-xr-x 1 root root 179624 Sep  1 18:45 nonblock_eagain_test
-rwxr-xr-x 1 root root 188752 Sep  1 18:45 nonblock_test
-rwxr-xr-x 1 root root 188368 Sep  1 18:45 pause_test
-rwxr-xr-x 1 root root 188928 Sep  1 18:45 pipe2_test
-rwxr-xr-x 1 root root 188728 Sep  1 18:45 pipe_concurrent_test
-rwxr-xr-x 1 root root 188832 Sep  1 18:45 pipe_fork_test
-rwxr-xr-x 1 root root 195864 Sep  1 18:45 pipe_refcount_test
-rwxr-xr-x 1 root root 188256 Sep  1 18:45 pipe_test
-rwxr-xr-x 1 root root 191592 Sep  1 18:45 pipeline_test
-rwxr-xr-x 1 root root 189032 Sep  1 18:45 poll_test
-rwxr-xr-x 1 root root 183016 Sep  1 18:45 pty_test
-rwxr-xr-x 1 root root 177104 Sep  1 18:45 register_init_test
-rwxr-xr-x 1 root root 182488 Sep  1 18:45 rm_argv_test
-rwxr-xr-x 1 root root 188920 Sep  1 18:45 select_test
-rwxr-xr-x 1 root root 187976 Sep  1 18:45 session_test
-rwxr-xr-x 1 root root 183136 Sep  1 18:45 shell_pipe_test
-rwxr-xr-x 1 root root 189016 Sep  1 18:45 sigaltstack_test
-rwxr-xr-x 1 root root 183440 Sep  1 18:45 sigchld_job_test
-rwxr-xr-x 1 root root 182448 Sep  1 18:45 sigchld_test
-rwxr-xr-x 1 root root 206712 Sep  1 18:45 sigkill_teardown_test
-rwxr-xr-x 1 root root 188728 Sep  1 18:45 signal_exec_test
-rwxr-xr-x 1 root root 188168 Sep  1 18:45 signal_fork_test
-rwxr-xr-x 1 root root 187904 Sep  1 18:45 signal_handler_test
-rwxr-xr-x 1 root root 188216 Sep  1 18:45 signal_regs_test
-rwxr-xr-x 1 root root 188320 Sep  1 18:45 signal_return_test
-rwxr-xr-x 1 root root 187872 Sep  1 18:45 signal_test
-rwxr-xr-x 1 root root 188872 Sep  1 18:45 sigsuspend_test
-rwxr-xr-x 1 root root 188600 Sep  1 18:45 sleep_debug_test
-rwxr-xr-x 1 root root 182288 Sep  1 18:45 stdin_test
-rwxr-xr-x 1 root root 170872 Sep  1 18:45 syscall_diagnostic_test
-rwxr-xr-x 1 root root 183064 Sep  1 18:45 tail_test
-rwxr-xr-x 1 root root 203440 Sep  1 18:45 tcp_blocking_test
-rwxr-xr-x 1 root root 187632 Sep  1 18:45 tcp_client_test
-rwxr-xr-x 1 root root 188848 Sep  1 18:45 tcp_dup_listener_test
-rwxr-xr-x 1 root root 202296 Sep  1 18:45 tcp_socket_test
-rwxr-xr-x 1 root root 182232 Sep  1 18:45 test_mmap
-rwxr-xr-x 1 root root 182160 Sep  1 18:45 timer_test
-rwxr-xr-x 1 root root 182568 Sep  1 18:45 true_test
-rwxr-xr-x 1 root root 188096 Sep  1 18:45 tty_test
-rwxr-xr-x 1 root root 193408 Sep  1 18:45 udp_socket_test
-rwxr-xr-x 1 root root 195352 Sep  1 18:45 unix_named_socket_test
-rwxr-xr-x 1 root root 205328 Sep  1 18:45 unix_socket_test
-rwxr-xr-x 1 root root 188152 Sep  1 18:45 waitpid_test
-rwxr-xr-x 1 root root 183640 Sep  1 18:45 wc_test
-rwxr-xr-x 1 root root 182968 Sep  1 18:45 which_test
-rwxr-xr-x 1 root root 182544 Sep  1 18:45 wnohang_timing_test
-rw-r--r-- 1 root root 757076 Sep  1 18:45 /tmp/tmp.XZb5Ft4uLb/usr/share/fonts/DejaVuSans.ttf
-rw-r--r-- 1 root root 205748 Sep  1 18:45 /tmp/tmp.XZb5Ft4uLb/usr/share/fonts/UbuntuMono-Regular.ttf
-rw-r--r-- 1 root root 273900 Sep  1 18:45 /tmp/tmp.XZb5Ft4uLb/usr/share/fonts/JetBrainsMono-Regular.ttf
-rw-r--r-- 1 root root 2049096 Sep  1 18:45 /tmp/tmp.XZb5Ft4uLb/usr/share/fonts/NotoSans-Regular.ttf
-rw-r--r-- 1 root root 108684 Sep  1 18:45 /tmp/tmp.XZb5Ft4uLb/usr/share/fonts/Inconsolata-Regular.ttf
-rw-r--r-- 1 root root 309408 Sep  1 18:45 /tmp/tmp.XZb5Ft4uLb/usr/share/fonts/Hack-Regular.ttf
-rw-r--r-- 1 root root 260364 Sep  1 18:45 /tmp/tmp.XZb5Ft4uLb/usr/share/fonts/FiraCode-Regular.ttf
-rw-r--r-- 1 root root 312352 Sep  1 18:45 /tmp/tmp.XZb5Ft4uLb/usr/share/fonts/Raleway-Regular.ttf
-rw-r--r-- 1 root root 488584 Sep  1 18:45 /tmp/tmp.XZb5Ft4uLb/usr/share/fonts/Roboto-Regular.ttf
-rw-r--r-- 1 root root 532636 Sep  1 18:45 /tmp/tmp.XZb5Ft4uLb/usr/share/fonts/OpenSans-Regular.ttf
-rw-r--r-- 1 root root 212340 Sep  1 18:45 /tmp/tmp.XZb5Ft4uLb/usr/share/fonts/SourceCodePro-Regular.ttf
-rw-r--r-- 1 root root 1887192 Sep  1 18:45 /tmp/tmp.XZb5Ft4uLb/usr/share/fonts/NotoSerif-Regular.ttf
-rw-r--r-- 1 root root 276932 Sep  1 18:45 /tmp/tmp.XZb5Ft4uLb/usr/share/fonts/Nunito-Regular.ttf
-rw-r--r-- 1 root root 744936 Sep  1 18:45 /tmp/tmp.XZb5Ft4uLb/usr/share/fonts/Montserrat-Regular.ttf
-rw-r--r-- 1 root root 1209508 Sep  1 18:45 /tmp/tmp.XZb5Ft4uLb/usr/share/fonts/SourceSerif4-Regular.ttf
-rw-r--r-- 1 root root 300724 Sep  1 18:45 /tmp/tmp.XZb5Ft4uLb/usr/share/fonts/PlayfairDisplay-Regular.ttf
-rw-r--r-- 1 root root 183700 Sep  1 18:45 /tmp/tmp.XZb5Ft4uLb/usr/share/fonts/RobotoMono-Regular.ttf
-rw-r--r-- 1 root root 359048 Sep  1 18:45 /tmp/tmp.XZb5Ft4uLb/usr/share/fonts/PTSerif-Regular.ttf
-rw-r--r-- 1 root root 212196 Sep  1 18:45 /tmp/tmp.XZb5Ft4uLb/usr/share/fonts/Lora-Regular.ttf
-rw-r--r-- 1 root root 598060 Sep  1 18:45 /tmp/tmp.XZb5Ft4uLb/usr/share/fonts/CascadiaCode-Regular.ttf
-rw-r--r-- 1 root root 282844 Sep  1 18:45 /tmp/tmp.XZb5Ft4uLb/usr/share/fonts/Merriweather-Regular.ttf
-rw-r--r-- 1 root root 135580 Sep  1 18:45 /tmp/tmp.XZb5Ft4uLb/usr/share/fonts/IBMPlexMono-Regular.ttf
-rw-r--r-- 1 root root 646340 Sep  1 18:45 /tmp/tmp.XZb5Ft4uLb/usr/share/fonts/SourceSans3-Regular.ttf
-rw-r--r-- 1 root root 160316 Sep  1 18:45 /tmp/tmp.XZb5Ft4uLb/usr/share/fonts/Poppins-Regular.ttf
-rw-r--r-- 1 root root 340712 Sep  1 18:45 /tmp/tmp.XZb5Ft4uLb/usr/share/fonts/DejaVuSansMono.ttf
-rw-r--r-- 1 root root 351884 Sep  1 18:45 /tmp/tmp.XZb5Ft4uLb/usr/share/fonts/Ubuntu-Regular.ttf
-rw-r--r-- 1 root root 876576 Sep  1 18:45 /tmp/tmp.XZb5Ft4uLb/usr/share/fonts/Inter-Regular.ttf
-rw-r--r-- 1 root root 656568 Sep  1 18:45 /tmp/tmp.XZb5Ft4uLb/usr/share/fonts/Lato-Regular.ttf
-rw-r--r-- 1 root root 1708408 Sep  1 18:45 /tmp/tmp.XZb5Ft4uLb/usr/share/fonts/NotoSansMono-Regular.ttf
-rw-r--r-- 1 root root 20 Sep  1 18:45 /tmp/tmp.XZb5Ft4uLb/test/nested.txt
-rw-r--r-- 1 root root 19 Sep  1 18:45 /tmp/tmp.XZb5Ft4uLb/trunctest.txt
-rw-r--r-- 1 root root 20 Sep  1 18:45 /tmp/tmp.XZb5Ft4uLb/deep/path/to/file/data.txt
-rwxr-xr-x 1 root root 187432 Sep  1 18:45 /tmp/tmp.XZb5Ft4uLb/sbin/init
-rwxr-xr-x 1 root root 184080 Sep  1 18:45 /tmp/tmp.XZb5Ft4uLb/sbin/telnetd
-rwxr-xr-x 1 root root 181968 Sep  1 18:45 /tmp/tmp.XZb5Ft4uLb/sbin/blogd
-rw-r--r-- 1 root root 0 Sep  1 18:45 /tmp/tmp.XZb5Ft4uLb/empty.txt
-rw-r--r-- 1 root root 83 Sep  1 18:45 /tmp/tmp.XZb5Ft4uLb/etc/passwd
-rw-r--r-- 1 root root 445 Sep  1 18:45 /tmp/tmp.XZb5Ft4uLb/etc/fonts.conf
-rw-r--r-- 1 root root 26 Sep  1 18:45 /tmp/tmp.XZb5Ft4uLb/etc/group
-rw-r--r-- 1 root root 679 Sep  1 18:45 /tmp/tmp.XZb5Ft4uLb/etc/init.js
-rw-r--r-- 1 root root 349 Sep  1 18:45 /tmp/tmp.XZb5Ft4uLb/etc/hotkeys.conf
-rw-r--r-- 1 root root 367 Sep  1 18:45 /tmp/tmp.XZb5Ft4uLb/etc/bshrc
-rw-r--r-- 1 root root 17 Sep  1 18:45 /tmp/tmp.XZb5Ft4uLb/hello.txt
-rw-r--r-- 1 root root 111 Sep  1 18:45 /tmp/tmp.XZb5Ft4uLb/lines.txt
ext2 image created successfully

ext2 disk created and copied to testdata/:
  /root/breenix/target/ext2.img
  /root/breenix/testdata/ext2.img
  Size: 256M

Contents:
  /bin/busybox - BusyBox multi-call binary
  /bin/ls - native Breenix ls
  /bin/{cat,head,tail,...} - BusyBox hardlinks
  /sbin/{true,false} - BusyBox hardlinks
  /bin/* - Other userspace binaries (demos)
  /usr/local/test/bin/* - Test binaries (*_test, test_*)
  /sbin/telnetd - telnet daemon
  /hello.txt - test file (1 line)
  /lines.txt - multi-line test file (15 lines) for head/tail/wc
  /test/nested.txt - nested test file
  /deep/path/to/file/data.txt - deep nested test file
Booting the x86_64 production profile...
PASS: x86 production profile reached steady state with the teardown census at rest
  ext2 root mounted:            1
  kernel init complete:         1
  async executor started:       1
  steady state reached:         1
  console prompt:               2
  tombstone census lines:       1
  tombstone census at rest:     1
  root custody lines:           1
  root custody at rest:         1
  crash markers:                0
  test-only marker 'TEST_TALLY:': 0
  test-only marker '[TEST:': 0
  test-only marker 'TEST RUNNER:': 0
  test-only marker '[BOOT_TESTS:': 0
  test-only marker 'RING3_SMOKE: creating': 0
  test-only marker '[TOMBSTONE_QUIESCE:': 0
  test-only marker '[RECLAIM_DRAIN:': 0
  test-only marker '[TOMBSTONE_JOIN_ORACLE:': 0
  test-only marker '[KSTACK_OWNER_ORACLE:': 0
  test-only marker '[KSTACK_QUIESCE_LEAK:': 0
  test-only marker '[PT_CUSTODY_COUNTERS:': 0
  test-only marker '[FRAME_CUSTODY_COUNTERS:': 0
  test-only marker '[PT_RETIRE_COHORT:': 0
  test-only marker '[PT_EXEC_COHORT:': 0
  test-only marker '[EXEC_DETACH_ORACLE:': 0
  test-only marker '[CLONE_ADMISSION_ORACLE:': 0
  test-only marker '[INIT_DESIGNATION_ORACLE:': 0
  test-only marker '[SCHED_STRAND_ORACLE:': 0
  test-only marker '[CENSUS_WIDEN_ORACLE:': 0
  test-only marker 'Testing features enabled': 0
  fault marker '[PMGUARD]': 0
  fault marker '[CREATION_LOCK_ORDER:VIOLATION': 0
  fault marker 'DISK LOADING FAILED': 0
  fixed PRECONDITION 5 fail (#673): 0
  fixed PRECONDITION 5 pass (#673): 1
  fixed PRECONDITION 7 fail (#672): 0
  fixed PRECONDITION 7 pass (#672): 1
  preempt census lines:          1
  preempt census at rest:        1
  prod bracket release census:   1
  prod bracket release at rest:  1
  timer resolution window exceeded (#673 MA6/R3-m4): 0
  init designation (#673):      1
  ring3 syscall confirmed (#673): 1
  init first line (#673 M6):    1
  init bsshd-launch warning (must be absent, #713): 0
  bsshd started (#713):          1
  bsshd listening (#713):        1
  spawn-smoke child reaped exit 0 (#713): 1
  spawn-smoke reap failed (must be absent, #713 fix-round-2): 0
  tty oracle exit record (TTY-x86 port): 1
  tty oracle reap failed (must be absent, TTY-x86 port): 0
  tty oracle failed (must be absent, TTY-x86 port): 0
  exec smoke launch (#721):      1
  exec smoke target enter argc=2 (#721): 1
  exec smoke target ok (#721):   1
  exec smoke launcher exit code=0 (#721): 1
  exec smoke spawn failed (must be absent, #721): 0
  exec smoke exec failed (must be absent, #721): 0
  exec smoke target argv fail (must be absent, #721): 0
  exec lock order first commit (#721 K7): 1
  exec lock order PM-held violation (must be absent, #721 K7): 0
  exec lock order unpinned violation (must be absent, #721 K7): 0
  exec lock order no-sched-thread violation (must be absent, #721 K7): 0
[TOMBSTONE_CENSUS:resident=0:removed=0:reap_second=0:retire_second=0:abandoned_unqueued=0]
[SW]<K>[SW]<K>[SW]<1>[PT_ROOT_CUSTODY:no_proof=0:no_arch=0:terminated=0:undecided=0:mid_retire=0:retired=0]
[ INFO] kernel: [PREEMPT_BRACKET_CENSUS:underflow=0]
[ INFO] kernel: [PROD_BRACKET_RELEASE_CENSUS:underflow=0]
[INIT_DESIGNATION:x86_64:designated_pid=1:reserved_collisions=0]
  console prompt count over 60s: 1 -> 2
  (informational) total serial bytes at exit: 354215
PROD_RUN_END 3 exit=0 Tue Sep  1 18:47:04 UTC 2026
PROD_RUN_START 4 Tue Sep  1 18:47:04 UTC 2026
Building the shipped x86_64 production kernel profile...
   Compiling kernel v0.1.0 (/root/breenix/kernel)
   Compiling breenix v0.1.0 (/root/breenix)
    Finished `release` profile [optimized] target(s) in 14.78s
   Compiling kernel v0.1.0 (/root/breenix/kernel)
   Compiling breenix v0.1.0 (/root/breenix)
    Finished `release` profile [optimized] target(s) in 14.82s
     Running `target/release/qemu-uefi`
[qemu-uefi] Using UEFI image: /root/breenix/target/release/build/breenix-a551e3e76b26baf2/out/breenix-uefi.img (6356992 bytes)
Creating ext2 disk image...
  Arch: x86_64
  Output: /root/breenix/target/ext2.img
  Size: 256MB
  busybox.elf not found, attempting to build...
Error: x86_64-linux-musl-gcc not found in PATH

Install with:
  brew tap filosottile/musl-cross
  brew install musl-cross
  WARNING: BusyBox build failed (see build-busybox.sh for prerequisites)
  WARNING: busybox.elf not found, skipping coreutils
Installing other binaries...
  Installed 42 binaries in /bin
  Installed 3 binaries in /sbin
  Installed 0 C binaries in /usr/local/cbin
  Installed 100 test binaries in /usr/local/test/bin
  Installed 29 fonts in /usr/share/fonts
  Created /etc/fonts.conf
  Created /etc/hotkeys.conf
  Created /etc/init.js

ext2 filesystem contents:
total 10124
drwxr-xr-x  2 root root   4096 Sep  1 18:47 .
drwxr-xr-x 12 root root   4096 Sep  1 18:47 ..
-rwxr-xr-x  1 root root 299352 Sep  1 18:47 bcheck
-rwxr-xr-x  1 root root 346352 Sep  1 18:47 bfontpicker
-rwxr-xr-x  1 root root 248272 Sep  1 18:47 biconkit
-rwxr-xr-x  1 root root 325464 Sep  1 18:47 blauncher
-rwxr-xr-x  1 root root 185648 Sep  1 18:47 bless
-rwxr-xr-x  1 root root 190016 Sep  1 18:47 block_eintr_oracle
-rwxr-xr-x  1 root root 331192 Sep  1 18:47 blog
-rwxr-xr-x  1 root root 275248 Sep  1 18:47 bounce
-rwxr-xr-x  1 root root 579456 Sep  1 18:47 bsh
-rwxr-xr-x  1 root root 322496 Sep  1 18:47 bssh
-rwxr-xr-x  1 root root 310168 Sep  1 18:47 bsshd
-rwxr-xr-x  1 root root 338712 Sep  1 18:47 bterm
-rwxr-xr-x  1 root root 184208 Sep  1 18:47 btop
-rwxr-xr-x  1 root root 194840 Sep  1 18:47 btrace
-rwxr-xr-x  1 root root 483376 Sep  1 18:47 burl
-rwxr-xr-x  1 root root 331504 Sep  1 18:47 bwm
-rwxr-xr-x  1 root root 188952 Sep  1 18:47 concurrent_recv_stress
-rwxr-xr-x  1 root root 189248 Sep  1 18:47 confetti
-rwxr-xr-x  1 root root 177648 Sep  1 18:47 counter
-rwxr-xr-x  1 root root 189712 Sep  1 18:47 demo
-rwxr-xr-x  1 root root 178072 Sep  1 18:47 exec_smoke
-rwxr-xr-x  1 root root 185048 Sep  1 18:47 exec_smoke_target
-rwxr-xr-x  1 root root 191704 Sep  1 18:47 fart
-rwxr-xr-x  1 root root 178832 Sep  1 18:47 futex_handoff_oracle
-rwxr-xr-x  1 root root 391600 Sep  1 18:47 guskit
-rwxr-xr-x  1 root root 189112 Sep  1 18:47 heartbeat
-rwxr-xr-x  1 root root 177640 Sep  1 18:47 hello_time
-rwxr-xr-x  1 root root 227168 Sep  1 18:47 hello_world
-rwxr-xr-x  1 root root 262608 Sep  1 18:47 init_shell
-rwxr-xr-x  1 root root 193944 Sep  1 18:47 particles
-rwxr-xr-x  1 root root 195736 Sep  1 18:47 poll_tcp_oracle
-rwxr-xr-x  1 root root 197096 Sep  1 18:47 rectangles
-rwxr-xr-x  1 root root 186928 Sep  1 18:47 resolution
-rwxr-xr-x  1 root root 177888 Sep  1 18:47 signal_exec_check
-rwxr-xr-x  1 root root 170592 Sep  1 18:47 simple_exit
-rwxr-xr-x  1 root root 170608 Sep  1 18:47 spawn_smoke_target
-rwxr-xr-x  1 root root 177648 Sep  1 18:47 spinner
-rwxr-xr-x  1 root root 177536 Sep  1 18:47 syscall_enosys
-rwxr-xr-x  1 root root 184224 Sep  1 18:47 tones
-rwxr-xr-x  1 root root 213824 Sep  1 18:47 tty_oracle
-rwxr-xr-x  1 root root 195568 Sep  1 18:47 wait_stress
-rwxr-xr-x  1 root root 183120 Sep  1 18:47 xhci_counters
  Test binaries in /usr/local/test/bin:
total 19348
drwxr-xr-x 2 root root   4096 Sep  1 18:47 .
drwxr-xr-x 3 root root   4096 Sep  1 18:47 ..
-rwxr-xr-x 1 root root 177952 Sep  1 18:47 access_test
-rwxr-xr-x 1 root root 182768 Sep  1 18:47 alarm_test
-rwxr-xr-x 1 root root 184344 Sep  1 18:47 argv_test
-rwxr-xr-x 1 root root 184024 Sep  1 18:47 blocking_recv_test
-rwxr-xr-x 1 root root 182496 Sep  1 18:47 brk_test
-rwxr-xr-x 1 root root 183248 Sep  1 18:47 cat_test
-rwxr-xr-x 1 root root 184576 Sep  1 18:47 clock_gettime_test
-rwxr-xr-x 1 root root 192592 Sep  1 18:47 cloexec_test
-rwxr-xr-x 1 root root 184680 Sep  1 18:47 clonevm_exec_test
-rwxr-xr-x 1 root root 182544 Sep  1 18:47 cow_cleanup_test
-rwxr-xr-x 1 root root 182512 Sep  1 18:47 cow_oom_test
-rwxr-xr-x 1 root root 182952 Sep  1 18:47 cow_readonly_test
-rwxr-xr-x 1 root root 188320 Sep  1 18:47 cow_signal_test
-rwxr-xr-x 1 root root 187016 Sep  1 18:47 cow_sole_owner_test
-rwxr-xr-x 1 root root 183008 Sep  1 18:47 cow_stress_test
-rwxr-xr-x 1 root root 182816 Sep  1 18:47 cp_mv_argv_test
-rwxr-xr-x 1 root root 187992 Sep  1 18:47 ctrl_c_test
-rwxr-xr-x 1 root root 182632 Sep  1 18:47 cwd_test
-rwxr-xr-x 1 root root 182448 Sep  1 18:47 devfs_test
-rwxr-xr-x 1 root root 195248 Sep  1 18:47 dns_test
-rwxr-xr-x 1 root root 189160 Sep  1 18:47 dup_test
-rwxr-xr-x 1 root root 182480 Sep  1 18:47 echo_argv_test
-rwxr-xr-x 1 root root 182840 Sep  1 18:47 epoll_test
-rwxr-xr-x 1 root root 178216 Sep  1 18:47 exec_argv_test
-rwxr-xr-x 1 root root 188080 Sep  1 18:47 exec_from_ext2_test
-rwxr-xr-x 1 root root 183440 Sep  1 18:47 exec_stack_argv_test
-rwxr-xr-x 1 root root 182568 Sep  1 18:47 false_test
-rwxr-xr-x 1 root root 183480 Sep  1 18:47 fbinfo_test
-rwxr-xr-x 1 root root 188752 Sep  1 18:47 fcntl_test
-rwxr-xr-x 1 root root 198456 Sep  1 18:47 fifo_test
-rwxr-xr-x 1 root root 182408 Sep  1 18:47 file_read_test
-rwxr-xr-x 1 root root 188672 Sep  1 18:47 fork_memory_test
-rwxr-xr-x 1 root root 187752 Sep  1 18:47 fork_pending_signal_test
-rwxr-xr-x 1 root root 189184 Sep  1 18:47 fork_state_test
-rwxr-xr-x 1 root root 188104 Sep  1 18:47 fork_test
-rwxr-xr-x 1 root root 188624 Sep  1 18:47 fs_block_alloc_test
-rwxr-xr-x 1 root root 183168 Sep  1 18:47 fs_directory_test
-rwxr-xr-x 1 root root 182616 Sep  1 18:47 fs_large_file_test
-rwxr-xr-x 1 root root 182816 Sep  1 18:47 fs_link_test
-rwxr-xr-x 1 root root 182720 Sep  1 18:47 fs_rename_test
-rwxr-xr-x 1 root root 182904 Sep  1 18:47 fs_write_test
-rwxr-xr-x 1 root root 184000 Sep  1 18:47 getdents_test
-rwxr-xr-x 1 root root 183064 Sep  1 18:47 head_test
-rwxr-xr-x 1 root root 464440 Sep  1 18:47 http_fetch_test
-rwxr-xr-x 1 root root 468592 Sep  1 18:47 http_test
-rwxr-xr-x 1 root root 183208 Sep  1 18:47 itimer_test
-rwxr-xr-x 1 root root 187656 Sep  1 18:47 job_control_test
-rwxr-xr-x 1 root root 192240 Sep  1 18:47 job_table_test
-rwxr-xr-x 1 root root 188488 Sep  1 18:47 kill_process_group_test
-rwxr-xr-x 1 root root 185696 Sep  1 18:47 loopback_wake_test
-rwxr-xr-x 1 root root 183304 Sep  1 18:47 ls_test
-rwxr-xr-x 1 root root 182520 Sep  1 18:47 lseek_test
-rwxr-xr-x 1 root root 182680 Sep  1 18:47 mkdir_argv_test
-rwxr-xr-x 1 root root 191592 Sep  1 18:47 net_test
-rwxr-xr-x 1 root root 179624 Sep  1 18:47 nonblock_eagain_test
-rwxr-xr-x 1 root root 188752 Sep  1 18:47 nonblock_test
-rwxr-xr-x 1 root root 188368 Sep  1 18:47 pause_test
-rwxr-xr-x 1 root root 188928 Sep  1 18:47 pipe2_test
-rwxr-xr-x 1 root root 188728 Sep  1 18:47 pipe_concurrent_test
-rwxr-xr-x 1 root root 188832 Sep  1 18:47 pipe_fork_test
-rwxr-xr-x 1 root root 195864 Sep  1 18:47 pipe_refcount_test
-rwxr-xr-x 1 root root 188256 Sep  1 18:47 pipe_test
-rwxr-xr-x 1 root root 191592 Sep  1 18:47 pipeline_test
-rwxr-xr-x 1 root root 189032 Sep  1 18:47 poll_test
-rwxr-xr-x 1 root root 183016 Sep  1 18:47 pty_test
-rwxr-xr-x 1 root root 177104 Sep  1 18:47 register_init_test
-rwxr-xr-x 1 root root 182488 Sep  1 18:47 rm_argv_test
-rwxr-xr-x 1 root root 188920 Sep  1 18:47 select_test
-rwxr-xr-x 1 root root 187976 Sep  1 18:47 session_test
-rwxr-xr-x 1 root root 183136 Sep  1 18:47 shell_pipe_test
-rwxr-xr-x 1 root root 189016 Sep  1 18:47 sigaltstack_test
-rwxr-xr-x 1 root root 183440 Sep  1 18:47 sigchld_job_test
-rwxr-xr-x 1 root root 182448 Sep  1 18:47 sigchld_test
-rwxr-xr-x 1 root root 206712 Sep  1 18:47 sigkill_teardown_test
-rwxr-xr-x 1 root root 188728 Sep  1 18:47 signal_exec_test
-rwxr-xr-x 1 root root 188168 Sep  1 18:47 signal_fork_test
-rwxr-xr-x 1 root root 187904 Sep  1 18:47 signal_handler_test
-rwxr-xr-x 1 root root 188216 Sep  1 18:47 signal_regs_test
-rwxr-xr-x 1 root root 188320 Sep  1 18:47 signal_return_test
-rwxr-xr-x 1 root root 187872 Sep  1 18:47 signal_test
-rwxr-xr-x 1 root root 188872 Sep  1 18:47 sigsuspend_test
-rwxr-xr-x 1 root root 188600 Sep  1 18:47 sleep_debug_test
-rwxr-xr-x 1 root root 182288 Sep  1 18:47 stdin_test
-rwxr-xr-x 1 root root 170872 Sep  1 18:47 syscall_diagnostic_test
-rwxr-xr-x 1 root root 183064 Sep  1 18:47 tail_test
-rwxr-xr-x 1 root root 203440 Sep  1 18:47 tcp_blocking_test
-rwxr-xr-x 1 root root 187632 Sep  1 18:47 tcp_client_test
-rwxr-xr-x 1 root root 188848 Sep  1 18:47 tcp_dup_listener_test
-rwxr-xr-x 1 root root 202296 Sep  1 18:47 tcp_socket_test
-rwxr-xr-x 1 root root 182232 Sep  1 18:47 test_mmap
-rwxr-xr-x 1 root root 182160 Sep  1 18:47 timer_test
-rwxr-xr-x 1 root root 182568 Sep  1 18:47 true_test
-rwxr-xr-x 1 root root 188096 Sep  1 18:47 tty_test
-rwxr-xr-x 1 root root 193408 Sep  1 18:47 udp_socket_test
-rwxr-xr-x 1 root root 195352 Sep  1 18:47 unix_named_socket_test
-rwxr-xr-x 1 root root 205328 Sep  1 18:47 unix_socket_test
-rwxr-xr-x 1 root root 188152 Sep  1 18:47 waitpid_test
-rwxr-xr-x 1 root root 183640 Sep  1 18:47 wc_test
-rwxr-xr-x 1 root root 182968 Sep  1 18:47 which_test
-rwxr-xr-x 1 root root 182544 Sep  1 18:47 wnohang_timing_test
-rw-r--r-- 1 root root 111 Sep  1 18:47 /tmp/tmp.Tt4dbS0TwW/lines.txt
-rw-r--r-- 1 root root 19 Sep  1 18:47 /tmp/tmp.Tt4dbS0TwW/trunctest.txt
-rw-r--r-- 1 root root 276932 Sep  1 18:47 /tmp/tmp.Tt4dbS0TwW/usr/share/fonts/Nunito-Regular.ttf
-rw-r--r-- 1 root root 183700 Sep  1 18:47 /tmp/tmp.Tt4dbS0TwW/usr/share/fonts/RobotoMono-Regular.ttf
-rw-r--r-- 1 root root 309408 Sep  1 18:47 /tmp/tmp.Tt4dbS0TwW/usr/share/fonts/Hack-Regular.ttf
-rw-r--r-- 1 root root 205748 Sep  1 18:47 /tmp/tmp.Tt4dbS0TwW/usr/share/fonts/UbuntuMono-Regular.ttf
-rw-r--r-- 1 root root 646340 Sep  1 18:47 /tmp/tmp.Tt4dbS0TwW/usr/share/fonts/SourceSans3-Regular.ttf
-rw-r--r-- 1 root root 757076 Sep  1 18:47 /tmp/tmp.Tt4dbS0TwW/usr/share/fonts/DejaVuSans.ttf
-rw-r--r-- 1 root root 1887192 Sep  1 18:47 /tmp/tmp.Tt4dbS0TwW/usr/share/fonts/NotoSerif-Regular.ttf
-rw-r--r-- 1 root root 108684 Sep  1 18:47 /tmp/tmp.Tt4dbS0TwW/usr/share/fonts/Inconsolata-Regular.ttf
-rw-r--r-- 1 root root 744936 Sep  1 18:47 /tmp/tmp.Tt4dbS0TwW/usr/share/fonts/Montserrat-Regular.ttf
-rw-r--r-- 1 root root 260364 Sep  1 18:47 /tmp/tmp.Tt4dbS0TwW/usr/share/fonts/FiraCode-Regular.ttf
-rw-r--r-- 1 root root 2049096 Sep  1 18:47 /tmp/tmp.Tt4dbS0TwW/usr/share/fonts/NotoSans-Regular.ttf
-rw-r--r-- 1 root root 300724 Sep  1 18:47 /tmp/tmp.Tt4dbS0TwW/usr/share/fonts/PlayfairDisplay-Regular.ttf
-rw-r--r-- 1 root root 212196 Sep  1 18:47 /tmp/tmp.Tt4dbS0TwW/usr/share/fonts/Lora-Regular.ttf
-rw-r--r-- 1 root root 532636 Sep  1 18:47 /tmp/tmp.Tt4dbS0TwW/usr/share/fonts/OpenSans-Regular.ttf
-rw-r--r-- 1 root root 656568 Sep  1 18:47 /tmp/tmp.Tt4dbS0TwW/usr/share/fonts/Lato-Regular.ttf
-rw-r--r-- 1 root root 351884 Sep  1 18:47 /tmp/tmp.Tt4dbS0TwW/usr/share/fonts/Ubuntu-Regular.ttf
-rw-r--r-- 1 root root 488584 Sep  1 18:47 /tmp/tmp.Tt4dbS0TwW/usr/share/fonts/Roboto-Regular.ttf
-rw-r--r-- 1 root root 340712 Sep  1 18:47 /tmp/tmp.Tt4dbS0TwW/usr/share/fonts/DejaVuSansMono.ttf
-rw-r--r-- 1 root root 312352 Sep  1 18:47 /tmp/tmp.Tt4dbS0TwW/usr/share/fonts/Raleway-Regular.ttf
-rw-r--r-- 1 root root 598060 Sep  1 18:47 /tmp/tmp.Tt4dbS0TwW/usr/share/fonts/CascadiaCode-Regular.ttf
-rw-r--r-- 1 root root 1209508 Sep  1 18:47 /tmp/tmp.Tt4dbS0TwW/usr/share/fonts/SourceSerif4-Regular.ttf
-rw-r--r-- 1 root root 160316 Sep  1 18:47 /tmp/tmp.Tt4dbS0TwW/usr/share/fonts/Poppins-Regular.ttf
-rw-r--r-- 1 root root 876576 Sep  1 18:47 /tmp/tmp.Tt4dbS0TwW/usr/share/fonts/Inter-Regular.ttf
-rw-r--r-- 1 root root 212340 Sep  1 18:47 /tmp/tmp.Tt4dbS0TwW/usr/share/fonts/SourceCodePro-Regular.ttf
-rw-r--r-- 1 root root 282844 Sep  1 18:47 /tmp/tmp.Tt4dbS0TwW/usr/share/fonts/Merriweather-Regular.ttf
-rw-r--r-- 1 root root 273900 Sep  1 18:47 /tmp/tmp.Tt4dbS0TwW/usr/share/fonts/JetBrainsMono-Regular.ttf
-rw-r--r-- 1 root root 1708408 Sep  1 18:47 /tmp/tmp.Tt4dbS0TwW/usr/share/fonts/NotoSansMono-Regular.ttf
-rw-r--r-- 1 root root 135580 Sep  1 18:47 /tmp/tmp.Tt4dbS0TwW/usr/share/fonts/IBMPlexMono-Regular.ttf
-rw-r--r-- 1 root root 359048 Sep  1 18:47 /tmp/tmp.Tt4dbS0TwW/usr/share/fonts/PTSerif-Regular.ttf
-rw-r--r-- 1 root root 0 Sep  1 18:47 /tmp/tmp.Tt4dbS0TwW/empty.txt
-rw-r--r-- 1 root root 83 Sep  1 18:47 /tmp/tmp.Tt4dbS0TwW/etc/passwd
-rw-r--r-- 1 root root 679 Sep  1 18:47 /tmp/tmp.Tt4dbS0TwW/etc/init.js
-rw-r--r-- 1 root root 349 Sep  1 18:47 /tmp/tmp.Tt4dbS0TwW/etc/hotkeys.conf
-rw-r--r-- 1 root root 367 Sep  1 18:47 /tmp/tmp.Tt4dbS0TwW/etc/bshrc
-rw-r--r-- 1 root root 26 Sep  1 18:47 /tmp/tmp.Tt4dbS0TwW/etc/group
-rw-r--r-- 1 root root 445 Sep  1 18:47 /tmp/tmp.Tt4dbS0TwW/etc/fonts.conf
-rw-r--r-- 1 root root 20 Sep  1 18:47 /tmp/tmp.Tt4dbS0TwW/test/nested.txt
-rw-r--r-- 1 root root 20 Sep  1 18:47 /tmp/tmp.Tt4dbS0TwW/deep/path/to/file/data.txt
-rw-r--r-- 1 root root 17 Sep  1 18:47 /tmp/tmp.Tt4dbS0TwW/hello.txt
-rwxr-xr-x 1 root root 187432 Sep  1 18:47 /tmp/tmp.Tt4dbS0TwW/sbin/init
-rwxr-xr-x 1 root root 181968 Sep  1 18:47 /tmp/tmp.Tt4dbS0TwW/sbin/blogd
-rwxr-xr-x 1 root root 184080 Sep  1 18:47 /tmp/tmp.Tt4dbS0TwW/sbin/telnetd
ext2 image created successfully

ext2 disk created and copied to testdata/:
  /root/breenix/target/ext2.img
  /root/breenix/testdata/ext2.img
  Size: 256M

Contents:
  /bin/busybox - BusyBox multi-call binary
  /bin/ls - native Breenix ls
  /bin/{cat,head,tail,...} - BusyBox hardlinks
  /sbin/{true,false} - BusyBox hardlinks
  /bin/* - Other userspace binaries (demos)
  /usr/local/test/bin/* - Test binaries (*_test, test_*)
  /sbin/telnetd - telnet daemon
  /hello.txt - test file (1 line)
  /lines.txt - multi-line test file (15 lines) for head/tail/wc
  /test/nested.txt - nested test file
  /deep/path/to/file/data.txt - deep nested test file
Booting the x86_64 production profile...
PASS: x86 production profile reached steady state with the teardown census at rest
  ext2 root mounted:            1
  kernel init complete:         1
  async executor started:       1
  steady state reached:         1
  console prompt:               2
  tombstone census lines:       1
  tombstone census at rest:     1
  root custody lines:           1
  root custody at rest:         1
  crash markers:                0
  test-only marker 'TEST_TALLY:': 0
  test-only marker '[TEST:': 0
  test-only marker 'TEST RUNNER:': 0
  test-only marker '[BOOT_TESTS:': 0
  test-only marker 'RING3_SMOKE: creating': 0
  test-only marker '[TOMBSTONE_QUIESCE:': 0
  test-only marker '[RECLAIM_DRAIN:': 0
  test-only marker '[TOMBSTONE_JOIN_ORACLE:': 0
  test-only marker '[KSTACK_OWNER_ORACLE:': 0
  test-only marker '[KSTACK_QUIESCE_LEAK:': 0
  test-only marker '[PT_CUSTODY_COUNTERS:': 0
  test-only marker '[FRAME_CUSTODY_COUNTERS:': 0
  test-only marker '[PT_RETIRE_COHORT:': 0
  test-only marker '[PT_EXEC_COHORT:': 0
  test-only marker '[EXEC_DETACH_ORACLE:': 0
  test-only marker '[CLONE_ADMISSION_ORACLE:': 0
  test-only marker '[INIT_DESIGNATION_ORACLE:': 0
  test-only marker '[SCHED_STRAND_ORACLE:': 0
  test-only marker '[CENSUS_WIDEN_ORACLE:': 0
  test-only marker 'Testing features enabled': 0
  fault marker '[PMGUARD]': 0
  fault marker '[CREATION_LOCK_ORDER:VIOLATION': 0
  fault marker 'DISK LOADING FAILED': 0
  fixed PRECONDITION 5 fail (#673): 0
  fixed PRECONDITION 5 pass (#673): 1
  fixed PRECONDITION 7 fail (#672): 0
  fixed PRECONDITION 7 pass (#672): 1
  preempt census lines:          1
  preempt census at rest:        1
  prod bracket release census:   1
  prod bracket release at rest:  1
  timer resolution window exceeded (#673 MA6/R3-m4): 0
  init designation (#673):      1
  ring3 syscall confirmed (#673): 1
  init first line (#673 M6):    1
  init bsshd-launch warning (must be absent, #713): 0
  bsshd started (#713):          1
  bsshd listening (#713):        1
  spawn-smoke child reaped exit 0 (#713): 1
  spawn-smoke reap failed (must be absent, #713 fix-round-2): 0
  tty oracle exit record (TTY-x86 port): 1
  tty oracle reap failed (must be absent, TTY-x86 port): 0
  tty oracle failed (must be absent, TTY-x86 port): 0
  exec smoke launch (#721):      1
  exec smoke target enter argc=2 (#721): 1
  exec smoke target ok (#721):   1
  exec smoke launcher exit code=0 (#721): 1
  exec smoke spawn failed (must be absent, #721): 0
  exec smoke exec failed (must be absent, #721): 0
  exec smoke target argv fail (must be absent, #721): 0
  exec lock order first commit (#721 K7): 1
  exec lock order PM-held violation (must be absent, #721 K7): 0
  exec lock order unpinned violation (must be absent, #721 K7): 0
  exec lock order no-sched-thread violation (must be absent, #721 K7): 0
[TOMBSTONE_CENSUS:resident=0:removed=0:reap_second=0:retire_second=0:abandoned_unqueued=0]
[SW]<K>[SW]<K>[SW]<1>[PT_ROOT_CUSTODY:no_proof=0:no_arch=0:terminated=0:undecided=0:mid_retire=0:retired=0]
[ INFO] kernel: [PREEMPT_BRACKET_CENSUS:underflow=0]
[ INFO] kernel: [PROD_BRACKET_RELEASE_CENSUS:underflow=0]
[INIT_DESIGNATION:x86_64:designated_pid=1:reserved_collisions=0]
  console prompt count over 60s: 1 -> 2
  (informational) total serial bytes at exit: 340076
PROD_RUN_END 4 exit=0 Tue Sep  1 18:48:53 UTC 2026
PROD_RUN_START 5 Tue Sep  1 18:48:53 UTC 2026
Building the shipped x86_64 production kernel profile...
   Compiling kernel v0.1.0 (/root/breenix/kernel)
   Compiling breenix v0.1.0 (/root/breenix)
    Finished `release` profile [optimized] target(s) in 14.32s
   Compiling kernel v0.1.0 (/root/breenix/kernel)
   Compiling breenix v0.1.0 (/root/breenix)
    Finished `release` profile [optimized] target(s) in 14.18s
     Running `target/release/qemu-uefi`
[qemu-uefi] Using UEFI image: /root/breenix/target/release/build/breenix-a551e3e76b26baf2/out/breenix-uefi.img (6356992 bytes)
Creating ext2 disk image...
  Arch: x86_64
  Output: /root/breenix/target/ext2.img
  Size: 256MB
  busybox.elf not found, attempting to build...
Error: x86_64-linux-musl-gcc not found in PATH

Install with:
  brew tap filosottile/musl-cross
  brew install musl-cross
  WARNING: BusyBox build failed (see build-busybox.sh for prerequisites)
  WARNING: busybox.elf not found, skipping coreutils
Installing other binaries...
  Installed 42 binaries in /bin
  Installed 3 binaries in /sbin
  Installed 0 C binaries in /usr/local/cbin
  Installed 100 test binaries in /usr/local/test/bin
  Installed 29 fonts in /usr/share/fonts
  Created /etc/fonts.conf
  Created /etc/hotkeys.conf
  Created /etc/init.js

ext2 filesystem contents:
total 10124
drwxr-xr-x  2 root root   4096 Sep  1 18:49 .
drwxr-xr-x 12 root root   4096 Sep  1 18:49 ..
-rwxr-xr-x  1 root root 299352 Sep  1 18:49 bcheck
-rwxr-xr-x  1 root root 346352 Sep  1 18:49 bfontpicker
-rwxr-xr-x  1 root root 248272 Sep  1 18:49 biconkit
-rwxr-xr-x  1 root root 325464 Sep  1 18:49 blauncher
-rwxr-xr-x  1 root root 185648 Sep  1 18:49 bless
-rwxr-xr-x  1 root root 190016 Sep  1 18:49 block_eintr_oracle
-rwxr-xr-x  1 root root 331192 Sep  1 18:49 blog
-rwxr-xr-x  1 root root 275248 Sep  1 18:49 bounce
-rwxr-xr-x  1 root root 579456 Sep  1 18:49 bsh
-rwxr-xr-x  1 root root 322496 Sep  1 18:49 bssh
-rwxr-xr-x  1 root root 310168 Sep  1 18:49 bsshd
-rwxr-xr-x  1 root root 338712 Sep  1 18:49 bterm
-rwxr-xr-x  1 root root 184208 Sep  1 18:49 btop
-rwxr-xr-x  1 root root 194840 Sep  1 18:49 btrace
-rwxr-xr-x  1 root root 483376 Sep  1 18:49 burl
-rwxr-xr-x  1 root root 331504 Sep  1 18:49 bwm
-rwxr-xr-x  1 root root 188952 Sep  1 18:49 concurrent_recv_stress
-rwxr-xr-x  1 root root 189248 Sep  1 18:49 confetti
-rwxr-xr-x  1 root root 177648 Sep  1 18:49 counter
-rwxr-xr-x  1 root root 189712 Sep  1 18:49 demo
-rwxr-xr-x  1 root root 178072 Sep  1 18:49 exec_smoke
-rwxr-xr-x  1 root root 185048 Sep  1 18:49 exec_smoke_target
-rwxr-xr-x  1 root root 191704 Sep  1 18:49 fart
-rwxr-xr-x  1 root root 178832 Sep  1 18:49 futex_handoff_oracle
-rwxr-xr-x  1 root root 391600 Sep  1 18:49 guskit
-rwxr-xr-x  1 root root 189112 Sep  1 18:49 heartbeat
-rwxr-xr-x  1 root root 177640 Sep  1 18:49 hello_time
-rwxr-xr-x  1 root root 227168 Sep  1 18:49 hello_world
-rwxr-xr-x  1 root root 262608 Sep  1 18:49 init_shell
-rwxr-xr-x  1 root root 193944 Sep  1 18:49 particles
-rwxr-xr-x  1 root root 195736 Sep  1 18:49 poll_tcp_oracle
-rwxr-xr-x  1 root root 197096 Sep  1 18:49 rectangles
-rwxr-xr-x  1 root root 186928 Sep  1 18:49 resolution
-rwxr-xr-x  1 root root 177888 Sep  1 18:49 signal_exec_check
-rwxr-xr-x  1 root root 170592 Sep  1 18:49 simple_exit
-rwxr-xr-x  1 root root 170608 Sep  1 18:49 spawn_smoke_target
-rwxr-xr-x  1 root root 177648 Sep  1 18:49 spinner
-rwxr-xr-x  1 root root 177536 Sep  1 18:49 syscall_enosys
-rwxr-xr-x  1 root root 184224 Sep  1 18:49 tones
-rwxr-xr-x  1 root root 213824 Sep  1 18:49 tty_oracle
-rwxr-xr-x  1 root root 195568 Sep  1 18:49 wait_stress
-rwxr-xr-x  1 root root 183120 Sep  1 18:49 xhci_counters
  Test binaries in /usr/local/test/bin:
total 19348
drwxr-xr-x 2 root root   4096 Sep  1 18:49 .
drwxr-xr-x 3 root root   4096 Sep  1 18:49 ..
-rwxr-xr-x 1 root root 177952 Sep  1 18:49 access_test
-rwxr-xr-x 1 root root 182768 Sep  1 18:49 alarm_test
-rwxr-xr-x 1 root root 184344 Sep  1 18:49 argv_test
-rwxr-xr-x 1 root root 184024 Sep  1 18:49 blocking_recv_test
-rwxr-xr-x 1 root root 182496 Sep  1 18:49 brk_test
-rwxr-xr-x 1 root root 183248 Sep  1 18:49 cat_test
-rwxr-xr-x 1 root root 184576 Sep  1 18:49 clock_gettime_test
-rwxr-xr-x 1 root root 192592 Sep  1 18:49 cloexec_test
-rwxr-xr-x 1 root root 184680 Sep  1 18:49 clonevm_exec_test
-rwxr-xr-x 1 root root 182544 Sep  1 18:49 cow_cleanup_test
-rwxr-xr-x 1 root root 182512 Sep  1 18:49 cow_oom_test
-rwxr-xr-x 1 root root 182952 Sep  1 18:49 cow_readonly_test
-rwxr-xr-x 1 root root 188320 Sep  1 18:49 cow_signal_test
-rwxr-xr-x 1 root root 187016 Sep  1 18:49 cow_sole_owner_test
-rwxr-xr-x 1 root root 183008 Sep  1 18:49 cow_stress_test
-rwxr-xr-x 1 root root 182816 Sep  1 18:49 cp_mv_argv_test
-rwxr-xr-x 1 root root 187992 Sep  1 18:49 ctrl_c_test
-rwxr-xr-x 1 root root 182632 Sep  1 18:49 cwd_test
-rwxr-xr-x 1 root root 182448 Sep  1 18:49 devfs_test
-rwxr-xr-x 1 root root 195248 Sep  1 18:49 dns_test
-rwxr-xr-x 1 root root 189160 Sep  1 18:49 dup_test
-rwxr-xr-x 1 root root 182480 Sep  1 18:49 echo_argv_test
-rwxr-xr-x 1 root root 182840 Sep  1 18:49 epoll_test
-rwxr-xr-x 1 root root 178216 Sep  1 18:49 exec_argv_test
-rwxr-xr-x 1 root root 188080 Sep  1 18:49 exec_from_ext2_test
-rwxr-xr-x 1 root root 183440 Sep  1 18:49 exec_stack_argv_test
-rwxr-xr-x 1 root root 182568 Sep  1 18:49 false_test
-rwxr-xr-x 1 root root 183480 Sep  1 18:49 fbinfo_test
-rwxr-xr-x 1 root root 188752 Sep  1 18:49 fcntl_test
-rwxr-xr-x 1 root root 198456 Sep  1 18:49 fifo_test
-rwxr-xr-x 1 root root 182408 Sep  1 18:49 file_read_test
-rwxr-xr-x 1 root root 188672 Sep  1 18:49 fork_memory_test
-rwxr-xr-x 1 root root 187752 Sep  1 18:49 fork_pending_signal_test
-rwxr-xr-x 1 root root 189184 Sep  1 18:49 fork_state_test
-rwxr-xr-x 1 root root 188104 Sep  1 18:49 fork_test
-rwxr-xr-x 1 root root 188624 Sep  1 18:49 fs_block_alloc_test
-rwxr-xr-x 1 root root 183168 Sep  1 18:49 fs_directory_test
-rwxr-xr-x 1 root root 182616 Sep  1 18:49 fs_large_file_test
-rwxr-xr-x 1 root root 182816 Sep  1 18:49 fs_link_test
-rwxr-xr-x 1 root root 182720 Sep  1 18:49 fs_rename_test
-rwxr-xr-x 1 root root 182904 Sep  1 18:49 fs_write_test
-rwxr-xr-x 1 root root 184000 Sep  1 18:49 getdents_test
-rwxr-xr-x 1 root root 183064 Sep  1 18:49 head_test
-rwxr-xr-x 1 root root 464440 Sep  1 18:49 http_fetch_test
-rwxr-xr-x 1 root root 468592 Sep  1 18:49 http_test
-rwxr-xr-x 1 root root 183208 Sep  1 18:49 itimer_test
-rwxr-xr-x 1 root root 187656 Sep  1 18:49 job_control_test
-rwxr-xr-x 1 root root 192240 Sep  1 18:49 job_table_test
-rwxr-xr-x 1 root root 188488 Sep  1 18:49 kill_process_group_test
-rwxr-xr-x 1 root root 185696 Sep  1 18:49 loopback_wake_test
-rwxr-xr-x 1 root root 183304 Sep  1 18:49 ls_test
-rwxr-xr-x 1 root root 182520 Sep  1 18:49 lseek_test
-rwxr-xr-x 1 root root 182680 Sep  1 18:49 mkdir_argv_test
-rwxr-xr-x 1 root root 191592 Sep  1 18:49 net_test
-rwxr-xr-x 1 root root 179624 Sep  1 18:49 nonblock_eagain_test
-rwxr-xr-x 1 root root 188752 Sep  1 18:49 nonblock_test
-rwxr-xr-x 1 root root 188368 Sep  1 18:49 pause_test
-rwxr-xr-x 1 root root 188928 Sep  1 18:49 pipe2_test
-rwxr-xr-x 1 root root 188728 Sep  1 18:49 pipe_concurrent_test
-rwxr-xr-x 1 root root 188832 Sep  1 18:49 pipe_fork_test
-rwxr-xr-x 1 root root 195864 Sep  1 18:49 pipe_refcount_test
-rwxr-xr-x 1 root root 188256 Sep  1 18:49 pipe_test
-rwxr-xr-x 1 root root 191592 Sep  1 18:49 pipeline_test
-rwxr-xr-x 1 root root 189032 Sep  1 18:49 poll_test
-rwxr-xr-x 1 root root 183016 Sep  1 18:49 pty_test
-rwxr-xr-x 1 root root 177104 Sep  1 18:49 register_init_test
-rwxr-xr-x 1 root root 182488 Sep  1 18:49 rm_argv_test
-rwxr-xr-x 1 root root 188920 Sep  1 18:49 select_test
-rwxr-xr-x 1 root root 187976 Sep  1 18:49 session_test
-rwxr-xr-x 1 root root 183136 Sep  1 18:49 shell_pipe_test
-rwxr-xr-x 1 root root 189016 Sep  1 18:49 sigaltstack_test
-rwxr-xr-x 1 root root 183440 Sep  1 18:49 sigchld_job_test
-rwxr-xr-x 1 root root 182448 Sep  1 18:49 sigchld_test
-rwxr-xr-x 1 root root 206712 Sep  1 18:49 sigkill_teardown_test
-rwxr-xr-x 1 root root 188728 Sep  1 18:49 signal_exec_test
-rwxr-xr-x 1 root root 188168 Sep  1 18:49 signal_fork_test
-rwxr-xr-x 1 root root 187904 Sep  1 18:49 signal_handler_test
-rwxr-xr-x 1 root root 188216 Sep  1 18:49 signal_regs_test
-rwxr-xr-x 1 root root 188320 Sep  1 18:49 signal_return_test
-rwxr-xr-x 1 root root 187872 Sep  1 18:49 signal_test
-rwxr-xr-x 1 root root 188872 Sep  1 18:49 sigsuspend_test
-rwxr-xr-x 1 root root 188600 Sep  1 18:49 sleep_debug_test
-rwxr-xr-x 1 root root 182288 Sep  1 18:49 stdin_test
-rwxr-xr-x 1 root root 170872 Sep  1 18:49 syscall_diagnostic_test
-rwxr-xr-x 1 root root 183064 Sep  1 18:49 tail_test
-rwxr-xr-x 1 root root 203440 Sep  1 18:49 tcp_blocking_test
-rwxr-xr-x 1 root root 187632 Sep  1 18:49 tcp_client_test
-rwxr-xr-x 1 root root 188848 Sep  1 18:49 tcp_dup_listener_test
-rwxr-xr-x 1 root root 202296 Sep  1 18:49 tcp_socket_test
-rwxr-xr-x 1 root root 182232 Sep  1 18:49 test_mmap
-rwxr-xr-x 1 root root 182160 Sep  1 18:49 timer_test
-rwxr-xr-x 1 root root 182568 Sep  1 18:49 true_test
-rwxr-xr-x 1 root root 188096 Sep  1 18:49 tty_test
-rwxr-xr-x 1 root root 193408 Sep  1 18:49 udp_socket_test
-rwxr-xr-x 1 root root 195352 Sep  1 18:49 unix_named_socket_test
-rwxr-xr-x 1 root root 205328 Sep  1 18:49 unix_socket_test
-rwxr-xr-x 1 root root 188152 Sep  1 18:49 waitpid_test
-rwxr-xr-x 1 root root 183640 Sep  1 18:49 wc_test
-rwxr-xr-x 1 root root 182968 Sep  1 18:49 which_test
-rwxr-xr-x 1 root root 182544 Sep  1 18:49 wnohang_timing_test
-rw-r--r-- 1 root root 20 Sep  1 18:49 /tmp/tmp.3ZmRQ4KTXU/test/nested.txt
-rwxr-xr-x 1 root root 187432 Sep  1 18:49 /tmp/tmp.3ZmRQ4KTXU/sbin/init
-rwxr-xr-x 1 root root 184080 Sep  1 18:49 /tmp/tmp.3ZmRQ4KTXU/sbin/telnetd
-rwxr-xr-x 1 root root 181968 Sep  1 18:49 /tmp/tmp.3ZmRQ4KTXU/sbin/blogd
-rw-r--r-- 1 root root 212340 Sep  1 18:49 /tmp/tmp.3ZmRQ4KTXU/usr/share/fonts/SourceCodePro-Regular.ttf
-rw-r--r-- 1 root root 1209508 Sep  1 18:49 /tmp/tmp.3ZmRQ4KTXU/usr/share/fonts/SourceSerif4-Regular.ttf
-rw-r--r-- 1 root root 1708408 Sep  1 18:49 /tmp/tmp.3ZmRQ4KTXU/usr/share/fonts/NotoSansMono-Regular.ttf
-rw-r--r-- 1 root root 1887192 Sep  1 18:49 /tmp/tmp.3ZmRQ4KTXU/usr/share/fonts/NotoSerif-Regular.ttf
-rw-r--r-- 1 root root 532636 Sep  1 18:49 /tmp/tmp.3ZmRQ4KTXU/usr/share/fonts/OpenSans-Regular.ttf
-rw-r--r-- 1 root root 340712 Sep  1 18:49 /tmp/tmp.3ZmRQ4KTXU/usr/share/fonts/DejaVuSansMono.ttf
-rw-r--r-- 1 root root 598060 Sep  1 18:49 /tmp/tmp.3ZmRQ4KTXU/usr/share/fonts/CascadiaCode-Regular.ttf
-rw-r--r-- 1 root root 351884 Sep  1 18:49 /tmp/tmp.3ZmRQ4KTXU/usr/share/fonts/Ubuntu-Regular.ttf
-rw-r--r-- 1 root root 488584 Sep  1 18:49 /tmp/tmp.3ZmRQ4KTXU/usr/share/fonts/Roboto-Regular.ttf
-rw-r--r-- 1 root root 183700 Sep  1 18:49 /tmp/tmp.3ZmRQ4KTXU/usr/share/fonts/RobotoMono-Regular.ttf
-rw-r--r-- 1 root root 757076 Sep  1 18:49 /tmp/tmp.3ZmRQ4KTXU/usr/share/fonts/DejaVuSans.ttf
-rw-r--r-- 1 root root 205748 Sep  1 18:49 /tmp/tmp.3ZmRQ4KTXU/usr/share/fonts/UbuntuMono-Regular.ttf
-rw-r--r-- 1 root root 135580 Sep  1 18:49 /tmp/tmp.3ZmRQ4KTXU/usr/share/fonts/IBMPlexMono-Regular.ttf
-rw-r--r-- 1 root root 744936 Sep  1 18:49 /tmp/tmp.3ZmRQ4KTXU/usr/share/fonts/Montserrat-Regular.ttf
-rw-r--r-- 1 root root 2049096 Sep  1 18:49 /tmp/tmp.3ZmRQ4KTXU/usr/share/fonts/NotoSans-Regular.ttf
-rw-r--r-- 1 root root 273900 Sep  1 18:49 /tmp/tmp.3ZmRQ4KTXU/usr/share/fonts/JetBrainsMono-Regular.ttf
-rw-r--r-- 1 root root 212196 Sep  1 18:49 /tmp/tmp.3ZmRQ4KTXU/usr/share/fonts/Lora-Regular.ttf
-rw-r--r-- 1 root root 312352 Sep  1 18:49 /tmp/tmp.3ZmRQ4KTXU/usr/share/fonts/Raleway-Regular.ttf
-rw-r--r-- 1 root root 260364 Sep  1 18:49 /tmp/tmp.3ZmRQ4KTXU/usr/share/fonts/FiraCode-Regular.ttf
-rw-r--r-- 1 root root 276932 Sep  1 18:49 /tmp/tmp.3ZmRQ4KTXU/usr/share/fonts/Nunito-Regular.ttf
-rw-r--r-- 1 root root 300724 Sep  1 18:49 /tmp/tmp.3ZmRQ4KTXU/usr/share/fonts/PlayfairDisplay-Regular.ttf
-rw-r--r-- 1 root root 309408 Sep  1 18:49 /tmp/tmp.3ZmRQ4KTXU/usr/share/fonts/Hack-Regular.ttf
-rw-r--r-- 1 root root 160316 Sep  1 18:49 /tmp/tmp.3ZmRQ4KTXU/usr/share/fonts/Poppins-Regular.ttf
-rw-r--r-- 1 root root 876576 Sep  1 18:49 /tmp/tmp.3ZmRQ4KTXU/usr/share/fonts/Inter-Regular.ttf
-rw-r--r-- 1 root root 282844 Sep  1 18:49 /tmp/tmp.3ZmRQ4KTXU/usr/share/fonts/Merriweather-Regular.ttf
-rw-r--r-- 1 root root 646340 Sep  1 18:49 /tmp/tmp.3ZmRQ4KTXU/usr/share/fonts/SourceSans3-Regular.ttf
-rw-r--r-- 1 root root 359048 Sep  1 18:49 /tmp/tmp.3ZmRQ4KTXU/usr/share/fonts/PTSerif-Regular.ttf
-rw-r--r-- 1 root root 656568 Sep  1 18:49 /tmp/tmp.3ZmRQ4KTXU/usr/share/fonts/Lato-Regular.ttf
-rw-r--r-- 1 root root 108684 Sep  1 18:49 /tmp/tmp.3ZmRQ4KTXU/usr/share/fonts/Inconsolata-Regular.ttf
-rw-r--r-- 1 root root 19 Sep  1 18:49 /tmp/tmp.3ZmRQ4KTXU/trunctest.txt
-rw-r--r-- 1 root root 20 Sep  1 18:49 /tmp/tmp.3ZmRQ4KTXU/deep/path/to/file/data.txt
-rw-r--r-- 1 root root 0 Sep  1 18:49 /tmp/tmp.3ZmRQ4KTXU/empty.txt
-rw-r--r-- 1 root root 111 Sep  1 18:49 /tmp/tmp.3ZmRQ4KTXU/lines.txt
-rw-r--r-- 1 root root 17 Sep  1 18:49 /tmp/tmp.3ZmRQ4KTXU/hello.txt
-rw-r--r-- 1 root root 445 Sep  1 18:49 /tmp/tmp.3ZmRQ4KTXU/etc/fonts.conf
-rw-r--r-- 1 root root 83 Sep  1 18:49 /tmp/tmp.3ZmRQ4KTXU/etc/passwd
-rw-r--r-- 1 root root 349 Sep  1 18:49 /tmp/tmp.3ZmRQ4KTXU/etc/hotkeys.conf
-rw-r--r-- 1 root root 367 Sep  1 18:49 /tmp/tmp.3ZmRQ4KTXU/etc/bshrc
-rw-r--r-- 1 root root 679 Sep  1 18:49 /tmp/tmp.3ZmRQ4KTXU/etc/init.js
-rw-r--r-- 1 root root 26 Sep  1 18:49 /tmp/tmp.3ZmRQ4KTXU/etc/group
ext2 image created successfully

ext2 disk created and copied to testdata/:
  /root/breenix/target/ext2.img
  /root/breenix/testdata/ext2.img
  Size: 256M

Contents:
  /bin/busybox - BusyBox multi-call binary
  /bin/ls - native Breenix ls
  /bin/{cat,head,tail,...} - BusyBox hardlinks
  /sbin/{true,false} - BusyBox hardlinks
  /bin/* - Other userspace binaries (demos)
  /usr/local/test/bin/* - Test binaries (*_test, test_*)
  /sbin/telnetd - telnet daemon
  /hello.txt - test file (1 line)
  /lines.txt - multi-line test file (15 lines) for head/tail/wc
  /test/nested.txt - nested test file
  /deep/path/to/file/data.txt - deep nested test file
Booting the x86_64 production profile...
PASS: x86 production profile reached steady state with the teardown census at rest
  ext2 root mounted:            1
  kernel init complete:         1
  async executor started:       1
  steady state reached:         1
  console prompt:               2
  tombstone census lines:       1
  tombstone census at rest:     1
  root custody lines:           1
  root custody at rest:         1
  crash markers:                0
  test-only marker 'TEST_TALLY:': 0
  test-only marker '[TEST:': 0
  test-only marker 'TEST RUNNER:': 0
  test-only marker '[BOOT_TESTS:': 0
  test-only marker 'RING3_SMOKE: creating': 0
  test-only marker '[TOMBSTONE_QUIESCE:': 0
  test-only marker '[RECLAIM_DRAIN:': 0
  test-only marker '[TOMBSTONE_JOIN_ORACLE:': 0
  test-only marker '[KSTACK_OWNER_ORACLE:': 0
  test-only marker '[KSTACK_QUIESCE_LEAK:': 0
  test-only marker '[PT_CUSTODY_COUNTERS:': 0
  test-only marker '[FRAME_CUSTODY_COUNTERS:': 0
  test-only marker '[PT_RETIRE_COHORT:': 0
  test-only marker '[PT_EXEC_COHORT:': 0
  test-only marker '[EXEC_DETACH_ORACLE:': 0
  test-only marker '[CLONE_ADMISSION_ORACLE:': 0
  test-only marker '[INIT_DESIGNATION_ORACLE:': 0
  test-only marker '[SCHED_STRAND_ORACLE:': 0
  test-only marker '[CENSUS_WIDEN_ORACLE:': 0
  test-only marker 'Testing features enabled': 0
  fault marker '[PMGUARD]': 0
  fault marker '[CREATION_LOCK_ORDER:VIOLATION': 0
  fault marker 'DISK LOADING FAILED': 0
  fixed PRECONDITION 5 fail (#673): 0
  fixed PRECONDITION 5 pass (#673): 1
  fixed PRECONDITION 7 fail (#672): 0
  fixed PRECONDITION 7 pass (#672): 1
  preempt census lines:          1
  preempt census at rest:        1
  prod bracket release census:   1
  prod bracket release at rest:  1
  timer resolution window exceeded (#673 MA6/R3-m4): 0
  init designation (#673):      1
  ring3 syscall confirmed (#673): 1
  init first line (#673 M6):    1
  init bsshd-launch warning (must be absent, #713): 0
  bsshd started (#713):          1
  bsshd listening (#713):        1
  spawn-smoke child reaped exit 0 (#713): 1
  spawn-smoke reap failed (must be absent, #713 fix-round-2): 0
  tty oracle exit record (TTY-x86 port): 1
  tty oracle reap failed (must be absent, TTY-x86 port): 0
  tty oracle failed (must be absent, TTY-x86 port): 0
  exec smoke launch (#721):      1
  exec smoke target enter argc=2 (#721): 1
  exec smoke target ok (#721):   1
  exec smoke launcher exit code=0 (#721): 1
  exec smoke spawn failed (must be absent, #721): 0
  exec smoke exec failed (must be absent, #721): 0
  exec smoke target argv fail (must be absent, #721): 0
  exec lock order first commit (#721 K7): 1
  exec lock order PM-held violation (must be absent, #721 K7): 0
  exec lock order unpinned violation (must be absent, #721 K7): 0
  exec lock order no-sched-thread violation (must be absent, #721 K7): 0
[TOMBSTONE_CENSUS:resident=0:removed=0:reap_second=0:retire_second=0:abandoned_unqueued=0]
[SW]<K>[SW]<K>[SW]<1>[PT_ROOT_CUSTODY:no_proof=0:no_arch=0:terminated=0:undecided=0:mid_retire=0:retired=0]
[ INFO] kernel: [PREEMPT_BRACKET_CENSUS:underflow=0]
[ INFO] kernel: [PROD_BRACKET_RELEASE_CENSUS:underflow=0]
[INIT_DESIGNATION:x86_64:designated_pid=1:reserved_collisions=0]
  console prompt count over 60s: 1 -> 2
  (informational) total serial bytes at exit: 332220
PROD_RUN_END 5 exit=0 Tue Sep  1 18:50:39 UTC 2026
GATE_FULL_START Tue Sep  1 18:50:39 UTC 2026
[gate] repo: /root/breenix  head: 1ec898f1
[gate] accel=kvm cpu=host
[gate] === Building userspace ELFs ===
[gate] === Repacking the userspace test disk and the ext2 image ===
[gate] === Building (release, features=testing,external_test_bins) ===
[gate] Build clean (0 warnings) in 15s
[gate] === Running 1 boot test(s), mode=full ===
STRAND_CENSUS: threads_saved_blocked=9 stranded=0 lines=5080
x86 userspace gate: PASS - exited=20 expected>=10 nonzero=0 allowlist=0
  Test 1: PASS
  Device census: [ INFO] kernel::drivers::pci: PCI: Enumeration complete. Found 9 devices (3 VirtIO block, 1 network)
GATE: PASS (1/1 boot tests passed; mode=full build=15s boot=150s total=173s)
GATE_FULL_END exit=0 Tue Sep  1 18:53:32 UTC 2026
ALL_DONE
