ed03fd9b9b406e8cce3e59723f35708ff0fa539a
e3b0c44298fc1c149afbf4c8996fb92427ae41e4649b934ca495991b7852b855  -
4c192dd3c2650943829f9ed6b109cb59d9dbf4a5bd84544e510a72a7ceaa5f8c  kernel/src/task/boot_resume_oracle.rs
b530cdcbc14a66b1455b782234543e77feeee4071db72a7d4ca84b99fdfb7ff0  scripts/score-boot-resume.py
8843e4109709f70d06b1fe53a54d9bdb119211724ef2b3f0679582ca75c07c9d  tests/boot_resume_structure.rs
 14:22:58 UTC load average: 3.60, 2.08, 2.43
[GATE_SUITE:stem=aarch64_testing_profile_structure:attempt=1:timeout_s=900:wall_s=0:exit=0]
[GATE_SUITE:stem=block_request_lifetime_structure:attempt=1:timeout_s=900:wall_s=1:exit=0]
[GATE_SUITE:stem=blocking_fd_eagain_structure:attempt=1:timeout_s=900:wall_s=1:exit=0]
[GATE_SUITE:stem=boot_resume_structure:attempt=1:timeout_s=900:wall_s=1:exit=0]
[GATE_SUITE:stem=capture_bxcap_schema_structure:attempt=1:timeout_s=900:wall_s=1:exit=0]
[GATE_SUITE:stem=capture_path_lock_free_structure:attempt=1:timeout_s=900:wall_s=0:exit=0]
[GATE_SUITE:stem=console_read_structure:attempt=1:timeout_s=900:wall_s=1:exit=0]
[GATE_SUITE:stem=context_restore_structure:attempt=1:timeout_s=900:wall_s=212:exit=0]
[GATE_SUITE:stem=coreproof_component_h_structure:attempt=1:timeout_s=900:wall_s=1:exit=0]
[GATE_SUITE:stem=coreproof_coverage_structure:attempt=1:timeout_s=900:wall_s=0:exit=0]
[GATE_SUITE:stem=coreproof_mutation_register_structure:attempt=1:timeout_s=900:wall_s=0:exit=0]
[GATE_SUITE:stem=coreproof_sites_structure:attempt=1:timeout_s=900:wall_s=0:exit=0]
[GATE_SUITE:stem=critical_path_logging_census_structure:attempt=1:timeout_s=900:wall_s=2:exit=0]
[GATE_SUITE:stem=ctx_diag_ring_sample_structure:attempt=1:timeout_s=900:wall_s=1:exit=0]
[GATE_SUITE:stem=degenerate_transfer_fd_validation_structure:attempt=1:timeout_s=900:wall_s=1:exit=0]
[GATE_SUITE:stem=dispatch_fact_census_structure:attempt=1:timeout_s=900:wall_s=1:exit=0]
[GATE_SUITE:stem=dispatch_path_lock_free_structure:attempt=1:timeout_s=900:wall_s=1:exit=0]
[GATE_SUITE:stem=dispatch_strand_census_structure:attempt=1:timeout_s=900:wall_s=1:exit=0]
[GATE_SUITE:stem=dma_and_log_sink_structure:attempt=1:timeout_s=900:wall_s=0:exit=0]
[GATE_SUITE:stem=entry_point_df_structure:attempt=1:timeout_s=900:wall_s=1:exit=0]
[GATE_SUITE:stem=exec_lock_order_structure:attempt=1:timeout_s=900:wall_s=5:exit=0]
[GATE_SUITE:stem=exit_tally_structure:attempt=1:timeout_s=900:wall_s=1:exit=0]
[GATE_SUITE:stem=ext2_disk_size_structure:attempt=1:timeout_s=900:wall_s=1:exit=0]
[GATE_SUITE:stem=ext2_lock_structure:attempt=1:timeout_s=900:wall_s=1:exit=0]
[GATE_SUITE:stem=fcntl_pm_contention_gate_structure:attempt=1:timeout_s=900:wall_s=1:exit=0]
[GATE_SUITE:stem=fork_lock_order_structure:attempt=1:timeout_s=900:wall_s=0:exit=0]
[GATE_SUITE:stem=gate_boot_facts_pipefail_structure:attempt=1:timeout_s=900:wall_s=1:exit=0]
[GATE_SUITE:stem=gate_boot_facts_structure:attempt=1:timeout_s=900:wall_s=1:exit=0]
[GATE_SUITE:stem=gate_capture_drain_structure:attempt=1:timeout_s=900:wall_s=3:exit=0]
[GATE_SUITE:stem=gate_qmp_backstop_structure:attempt=1:timeout_s=900:wall_s=7:exit=0]
[GATE_SUITE:stem=gate_structure_preflight_wiring_structure:attempt=1:timeout_s=900:wall_s=1:exit=0]
[GATE_SUITE:stem=green_program_envelope_structure:attempt=1:timeout_s=900:wall_s=2:exit=0]
[GATE_SUITE:stem=launcher_smoke_xhci_evidence_structure:attempt=1:timeout_s=900:wall_s=1:exit=0]
[GATE_SUITE:stem=lockup_capture_guard_structure:attempt=1:timeout_s=900:wall_s=2:exit=0]
[GATE_SUITE:stem=loopback_pump_structure:attempt=1:timeout_s=900:wall_s=12:exit=0]
[GATE_SUITE:stem=masked_binary_load_structure:attempt=1:timeout_s=900:wall_s=1:exit=0]
[GATE_SUITE:stem=mmap_floor_structure:attempt=1:timeout_s=900:wall_s=1:exit=0]
[GATE_SUITE:stem=net_lock_structure:attempt=1:timeout_s=900:wall_s=12:exit=0]
[GATE_SUITE:stem=parallels_capture_structure:attempt=1:timeout_s=900:wall_s=10:exit=0]
[GATE_SUITE:stem=parallels_kill_by_name_structure:attempt=1:timeout_s=900:wall_s=1:exit=0]
[GATE_SUITE:stem=pipe_fifo_blocking_structure:attempt=1:timeout_s=900:wall_s=6:exit=0]
[GATE_SUITE:stem=poll_tcp_gate_wiring_structure:attempt=1:timeout_s=900:wall_s=1:exit=0]
[GATE_SUITE:stem=preempt_bracket_structure:attempt=1:timeout_s=900:wall_s=2:exit=0]
[GATE_SUITE:stem=qemu_host_lock_structure:attempt=1:timeout_s=900:wall_s=2:exit=0]
[GATE_SUITE:stem=qemu_kill_by_name_structure:attempt=1:timeout_s=900:wall_s=2:exit=0]
[GATE_SUITE:stem=ring_span_report_site_structure:attempt=1:timeout_s=900:wall_s=1:exit=0]
[GATE_SUITE:stem=ring_span_unfiltered_report_site_structure:attempt=1:timeout_s=900:wall_s=1:exit=0]
[GATE_SUITE:stem=run_inspector_import_structure:attempt=1:timeout_s=900:wall_s=1:exit=0]
[GATE_SUITE:stem=serial_line_atomicity_structure:attempt=1:timeout_s=900:wall_s=4:exit=0]
[GATE_SUITE:stem=signal_eintr_predicate_structure:attempt=1:timeout_s=900:wall_s=1:exit=0]
[GATE_SUITE:stem=softirq_deferral_structure:attempt=1:timeout_s=900:wall_s=3:exit=0]
[GATE_SUITE:stem=strand_handoff_structure:attempt=1:timeout_s=900:wall_s=6:exit=0]
[GATE_SUITE:stem=structure_preflight_parallel_structure:attempt=1:timeout_s=900:wall_s=10:exit=0]
[GATE_SUITE:stem=syscall_return_register_structure:attempt=1:timeout_s=900:wall_s=1:exit=0]
[GATE_SUITE:stem=teardown_rustfmt_structure:attempt=1:timeout_s=900:wall_s=1:exit=0]
[GATE_SUITE:stem=teardown_structure:attempt=1:timeout_s=900:wall_s=76:exit=0]
[GATE_SUITE:stem=terminal_edge_capture_structure:attempt=1:timeout_s=900:wall_s=3:exit=0]
[GATE_SUITE:stem=timer_wake_dispatch_structure:attempt=1:timeout_s=900:wall_s=1:exit=0]
[GATE_SUITE:stem=trace_ring_depth_structure:attempt=1:timeout_s=900:wall_s=1:exit=0]
[GATE_SUITE:stem=tracing_provider_gate_structure:attempt=1:timeout_s=900:wall_s=1:exit=0]
[GATE_SUITE:stem=ttbr0_shadow_reconciliation_structure:attempt=1:timeout_s=900:wall_s=71:exit=0]
[GATE_SUITE:stem=tty_irq_fg_structure:attempt=1:timeout_s=900:wall_s=5:exit=0]
[GATE_SUITE:stem=tty_irq_pm_structure:attempt=1:timeout_s=900:wall_s=5:exit=0]
[GATE_SUITE:stem=tty_oracle_structure:attempt=1:timeout_s=900:wall_s=1:exit=0]
[GATE_SUITE:stem=udp_ports_lock_irq_structure:attempt=1:timeout_s=900:wall_s=1:exit=0]
[GATE_SUITE:stem=udp_socket_lock_irq_structure:attempt=1:timeout_s=900:wall_s=1:exit=0]
[GATE_SUITE:stem=unix_stream_blocking_structure:attempt=1:timeout_s=900:wall_s=2:exit=0]
[GATE_SUITE:stem=x86_boot_tests_profile_structure:attempt=1:timeout_s=900:wall_s=3:exit=0]
[GATE_SUITE:stem=x86_smp_enum_structure:attempt=1:timeout_s=900:wall_s=1:exit=0]
[GATE_SUITE:stem=xhci_wait_irq_order_structure:attempt=1:timeout_s=900:wall_s=2:exit=0]
[GATE_PREFLIGHT:structure_suites=70/70:critical_path_lines=260:pinned=120]
Building the shipped x86_64 production kernel profile...
   Compiling kernel v0.1.0 (<repo>/kernel)
   Compiling breenix v0.1.0 (<repo>)
    Finished `release` profile [optimized] target(s) in 30.28s
   Compiling kernel v0.1.0 (<repo>/kernel)
   Compiling breenix v0.1.0 (<repo>)
    Finished `release` profile [optimized] target(s) in 16.10s
     Running `target/release/qemu-uefi`
[qemu-uefi] Using UEFI image: <repo>/target/release/build/breenix-03b3b4f3cd901e39/out/breenix-uefi.img (7405568 bytes)
Creating ext2 disk image...
  Arch: x86_64
  Output: <repo>/target/ext2.img
  Size: 256MB
  Payload: 46MB (userspace binaries + fonts)
  Minimum image size for this payload: 71MB (incl. ext2 overhead + headroom)
  busybox.elf not found, attempting to build...
Error: x86_64-linux-musl-gcc not found in PATH

Install with:
  brew tap filosottile/musl-cross
  brew install musl-cross
  WARNING: BusyBox build failed (see build-busybox.sh for prerequisites)
  WARNING: busybox.elf not found, skipping coreutils
Installing other binaries...
  Installed 49 binaries in /bin
  Installed 3 binaries in /sbin
  Installed 0 C binaries in /usr/local/cbin
  Installed 101 test binaries in /usr/local/test/bin
  Installed 29 fonts in /usr/share/fonts
  Created /etc/fonts.conf
  Created /etc/hotkeys.conf
  Created /etc/init.js

ext2 filesystem contents:
total 11496
drwxr-xr-x  2 root root   4096 Sep  8 14:27 .
drwxr-xr-x 12 root root   4096 Sep  8 14:27 ..
-rwxr-xr-x  1 root root 299424 Sep  8 14:27 bcheck
-rwxr-xr-x  1 root root 346432 Sep  8 14:27 bfontpicker
-rwxr-xr-x  1 root root 248336 Sep  8 14:27 biconkit
-rwxr-xr-x  1 root root 325536 Sep  8 14:27 blauncher
-rwxr-xr-x  1 root root 185680 Sep  8 14:27 bless
-rwxr-xr-x  1 root root 190056 Sep  8 14:27 block_eintr_oracle
-rwxr-xr-x  1 root root 331264 Sep  8 14:27 blog
-rwxr-xr-x  1 root root 275320 Sep  8 14:27 bounce
-rwxr-xr-x  1 root root 579576 Sep  8 14:27 bsh
-rwxr-xr-x  1 root root 322664 Sep  8 14:27 bssh
-rwxr-xr-x  1 root root 314416 Sep  8 14:27 bsshd
-rwxr-xr-x  1 root root 338792 Sep  8 14:27 bterm
-rwxr-xr-x  1 root root 184224 Sep  8 14:27 btop
-rwxr-xr-x  1 root root 198976 Sep  8 14:27 btrace
-rwxr-xr-x  1 root root 483440 Sep  8 14:27 burl
-rwxr-xr-x  1 root root 331704 Sep  8 14:27 bwm
-rwxr-xr-x  1 root root 188984 Sep  8 14:27 concurrent_recv_stress
-rwxr-xr-x  1 root root 189280 Sep  8 14:27 confetti
-rwxr-xr-x  1 root root 177680 Sep  8 14:27 counter
-rwxr-xr-x  1 root root 189744 Sep  8 14:27 demo
-rwxr-xr-x  1 root root 187680 Sep  8 14:27 df_preempt_oracle
-rwxr-xr-x  1 root root 178104 Sep  8 14:27 exec_smoke
-rwxr-xr-x  1 root root 185088 Sep  8 14:27 exec_smoke_target
-rwxr-xr-x  1 root root 191744 Sep  8 14:27 fart
-rwxr-xr-x  1 root root 187648 Sep  8 14:27 fork_smoke
-rwxr-xr-x  1 root root 187664 Sep  8 14:27 futex_handoff_oracle
-rwxr-xr-x  1 root root 391936 Sep  8 14:27 guskit
-rwxr-xr-x  1 root root 189144 Sep  8 14:27 heartbeat
-rwxr-xr-x  1 root root 177664 Sep  8 14:27 hello_time
-rwxr-xr-x  1 root root 227192 Sep  8 14:27 hello_world
-rwxr-xr-x  1 root root 262688 Sep  8 14:27 init_shell
-rwxr-xr-x  1 root root 193976 Sep  8 14:27 particles
-rwxr-xr-x  1 root root 225160 Sep  8 14:27 pipe_fifo_blocking_oracle
-rwxr-xr-x  1 root root 178080 Sep  8 14:27 pipe_fifo_blocking_supervisor
-rwxr-xr-x  1 root root 207216 Sep  8 14:27 poll_tcp_oracle
-rwxr-xr-x  1 root root 197128 Sep  8 14:27 rectangles
-rwxr-xr-x  1 root root 186976 Sep  8 14:27 resolution
-rwxr-xr-x  1 root root 177920 Sep  8 14:27 signal_exec_check
-rwxr-xr-x  1 root root 170608 Sep  8 14:27 simple_exit
-rwxr-xr-x  1 root root 170616 Sep  8 14:27 simple_exit0
-rwxr-xr-x  1 root root 170624 Sep  8 14:27 spawn_smoke_target
-rwxr-xr-x  1 root root 177680 Sep  8 14:27 spinner
-rwxr-xr-x  1 root root 177568 Sep  8 14:27 syscall_enosys
-rwxr-xr-x  1 root root 184256 Sep  8 14:27 tones
-rwxr-xr-x  1 root root 218456 Sep  8 14:27 tty_oracle
-rwxr-xr-x  1 root root 208344 Sep  8 14:27 unix_stream_blocking_oracle
-rwxr-xr-x  1 root root 178088 Sep  8 14:27 unix_stream_blocking_supervisor
-rwxr-xr-x  1 root root 195608 Sep  8 14:27 wait_stress
-rwxr-xr-x  1 root root 183152 Sep  8 14:27 xhci_counters
  Test binaries in /usr/local/test/bin:
total 19564
drwxr-xr-x 2 root root   4096 Sep  8 14:27 .
drwxr-xr-x 3 root root   4096 Sep  8 14:27 ..
-rwxr-xr-x 1 root root 177984 Sep  8 14:27 access_test
-rwxr-xr-x 1 root root 182800 Sep  8 14:27 alarm_test
-rwxr-xr-x 1 root root 184384 Sep  8 14:27 argv_test
-rwxr-xr-x 1 root root 184056 Sep  8 14:27 blocking_recv_test
-rwxr-xr-x 1 root root 182528 Sep  8 14:27 brk_test
-rwxr-xr-x 1 root root 183280 Sep  8 14:27 cat_test
-rwxr-xr-x 1 root root 184600 Sep  8 14:27 clock_gettime_test
-rwxr-xr-x 1 root root 192640 Sep  8 14:27 cloexec_test
-rwxr-xr-x 1 root root 184704 Sep  8 14:27 clonevm_exec_test
-rwxr-xr-x 1 root root 182576 Sep  8 14:27 cow_cleanup_test
-rwxr-xr-x 1 root root 182544 Sep  8 14:27 cow_oom_test
-rwxr-xr-x 1 root root 187080 Sep  8 14:27 cow_readonly_test
-rwxr-xr-x 1 root root 188352 Sep  8 14:27 cow_signal_test
-rwxr-xr-x 1 root root 187040 Sep  8 14:27 cow_sole_owner_test
-rwxr-xr-x 1 root root 187136 Sep  8 14:27 cow_stress_test
-rwxr-xr-x 1 root root 182840 Sep  8 14:27 cp_mv_argv_test
-rwxr-xr-x 1 root root 188024 Sep  8 14:27 ctrl_c_test
-rwxr-xr-x 1 root root 182656 Sep  8 14:27 cwd_test
-rwxr-xr-x 1 root root 182480 Sep  8 14:27 devfs_test
-rwxr-xr-x 1 root root 195280 Sep  8 14:27 dns_test
-rwxr-xr-x 1 root root 189192 Sep  8 14:27 dup_test
-rwxr-xr-x 1 root root 182512 Sep  8 14:27 echo_argv_test
-rwxr-xr-x 1 root root 182872 Sep  8 14:27 epoll_test
-rwxr-xr-x 1 root root 178240 Sep  8 14:27 exec_argv_test
-rwxr-xr-x 1 root root 188112 Sep  8 14:27 exec_from_ext2_test
-rwxr-xr-x 1 root root 183472 Sep  8 14:27 exec_stack_argv_test
-rwxr-xr-x 1 root root 182600 Sep  8 14:27 false_test
-rwxr-xr-x 1 root root 187608 Sep  8 14:27 fbinfo_test
-rwxr-xr-x 1 root root 188784 Sep  8 14:27 fcntl_test
-rwxr-xr-x 1 root root 198488 Sep  8 14:27 fifo_test
-rwxr-xr-x 1 root root 182440 Sep  8 14:27 file_read_test
-rwxr-xr-x 1 root root 188704 Sep  8 14:27 fork_memory_test
-rwxr-xr-x 1 root root 187776 Sep  8 14:27 fork_pending_signal_test
-rwxr-xr-x 1 root root 189216 Sep  8 14:27 fork_state_test
-rwxr-xr-x 1 root root 188136 Sep  8 14:27 fork_test
-rwxr-xr-x 1 root root 188656 Sep  8 14:27 fs_block_alloc_test
-rwxr-xr-x 1 root root 183200 Sep  8 14:27 fs_directory_test
-rwxr-xr-x 1 root root 182648 Sep  8 14:27 fs_large_file_test
-rwxr-xr-x 1 root root 182840 Sep  8 14:27 fs_link_test
-rwxr-xr-x 1 root root 182752 Sep  8 14:27 fs_rename_test
-rwxr-xr-x 1 root root 182936 Sep  8 14:27 fs_write_test
-rwxr-xr-x 1 root root 184024 Sep  8 14:27 getdents_test
-rwxr-xr-x 1 root root 183096 Sep  8 14:27 head_test
-rwxr-xr-x 1 root root 464520 Sep  8 14:27 http_fetch_test
-rwxr-xr-x 1 root root 468672 Sep  8 14:27 http_test
-rwxr-xr-x 1 root root 183240 Sep  8 14:27 itimer_test
-rwxr-xr-x 1 root root 187688 Sep  8 14:27 job_control_test
-rwxr-xr-x 1 root root 192272 Sep  8 14:27 job_table_test
-rwxr-xr-x 1 root root 188520 Sep  8 14:27 kill_process_group_test
-rwxr-xr-x 1 root root 190488 Sep  8 14:27 loopback_wake_test
-rwxr-xr-x 1 root root 183336 Sep  8 14:27 ls_test
-rwxr-xr-x 1 root root 182552 Sep  8 14:27 lseek_test
-rwxr-xr-x 1 root root 182712 Sep  8 14:27 mkdir_argv_test
-rwxr-xr-x 1 root root 191624 Sep  8 14:27 net_test
-rwxr-xr-x 1 root root 179656 Sep  8 14:27 nonblock_eagain_test
-rwxr-xr-x 1 root root 188784 Sep  8 14:27 nonblock_test
-rwxr-xr-x 1 root root 188400 Sep  8 14:27 pause_test
-rwxr-xr-x 1 root root 188960 Sep  8 14:27 pipe2_test
-rwxr-xr-x 1 root root 188760 Sep  8 14:27 pipe_concurrent_test
-rwxr-xr-x 1 root root 188864 Sep  8 14:27 pipe_fork_test
-rwxr-xr-x 1 root root 199984 Sep  8 14:27 pipe_refcount_test
-rwxr-xr-x 1 root root 188288 Sep  8 14:27 pipe_test
-rwxr-xr-x 1 root root 191624 Sep  8 14:27 pipeline_test
-rwxr-xr-x 1 root root 189064 Sep  8 14:27 poll_test
-rwxr-xr-x 1 root root 183048 Sep  8 14:27 pty_test
-rwxr-xr-x 1 root root 177136 Sep  8 14:27 register_init_test
-rwxr-xr-x 1 root root 182520 Sep  8 14:27 rm_argv_test
-rwxr-xr-x 1 root root 188952 Sep  8 14:27 select_test
-rwxr-xr-x 1 root root 188008 Sep  8 14:27 session_test
-rwxr-xr-x 1 root root 183168 Sep  8 14:27 shell_pipe_test
-rwxr-xr-x 1 root root 189048 Sep  8 14:27 sigaltstack_test
-rwxr-xr-x 1 root root 187568 Sep  8 14:27 sigchld_job_test
-rwxr-xr-x 1 root root 182480 Sep  8 14:27 sigchld_test
-rwxr-xr-x 1 root root 206760 Sep  8 14:27 sigkill_teardown_test
-rwxr-xr-x 1 root root 188760 Sep  8 14:27 signal_exec_test
-rwxr-xr-x 1 root root 188200 Sep  8 14:27 signal_fork_test
-rwxr-xr-x 1 root root 187936 Sep  8 14:27 signal_handler_test
-rwxr-xr-x 1 root root 188248 Sep  8 14:27 signal_regs_test
-rwxr-xr-x 1 root root 188352 Sep  8 14:27 signal_return_test
-rwxr-xr-x 1 root root 187904 Sep  8 14:27 signal_test
-rwxr-xr-x 1 root root 188904 Sep  8 14:27 sigsuspend_test
-rwxr-xr-x 1 root root 188632 Sep  8 14:27 sleep_debug_test
-rwxr-xr-x 1 root root 182320 Sep  8 14:27 stdin_test
-rwxr-xr-x 1 root root 170888 Sep  8 14:27 syscall_diagnostic_test
-rwxr-xr-x 1 root root 183096 Sep  8 14:27 tail_test
-rwxr-xr-x 1 root root 203472 Sep  8 14:27 tcp_blocking_test
-rwxr-xr-x 1 root root 187664 Sep  8 14:27 tcp_client_test
-rwxr-xr-x 1 root root 189488 Sep  8 14:27 tcp_cloexec_exec_test
-rwxr-xr-x 1 root root 188880 Sep  8 14:27 tcp_dup_listener_test
-rwxr-xr-x 1 root root 202328 Sep  8 14:27 tcp_socket_test
-rwxr-xr-x 1 root root 182264 Sep  8 14:27 test_mmap
-rwxr-xr-x 1 root root 182192 Sep  8 14:27 timer_test
-rwxr-xr-x 1 root root 182592 Sep  8 14:27 true_test
-rwxr-xr-x 1 root root 188128 Sep  8 14:27 tty_test
-rwxr-xr-x 1 root root 193440 Sep  8 14:27 udp_socket_test
-rwxr-xr-x 1 root root 195376 Sep  8 14:27 unix_named_socket_test
-rwxr-xr-x 1 root root 205352 Sep  8 14:27 unix_socket_test
-rwxr-xr-x 1 root root 188184 Sep  8 14:27 waitpid_test
-rwxr-xr-x 1 root root 183672 Sep  8 14:27 wc_test
-rwxr-xr-x 1 root root 183000 Sep  8 14:27 which_test
-rwxr-xr-x 1 root root 182576 Sep  8 14:27 wnohang_timing_test
-rw-r--r-- 1 root root 0 Sep  8 14:27 <lane-tmp>/tmp.QkJXjpWVyd/empty.txt
-rw-r--r-- 1 root root 19 Sep  8 14:27 <lane-tmp>/tmp.QkJXjpWVyd/trunctest.txt
-rwxr-xr-x 1 root root 182000 Sep  8 14:27 <lane-tmp>/tmp.QkJXjpWVyd/sbin/blogd
-rwxr-xr-x 1 root root 187528 Sep  8 14:27 <lane-tmp>/tmp.QkJXjpWVyd/sbin/init
-rwxr-xr-x 1 root root 184112 Sep  8 14:27 <lane-tmp>/tmp.QkJXjpWVyd/sbin/telnetd
-rw-r--r-- 1 root root 20 Sep  8 14:27 <lane-tmp>/tmp.QkJXjpWVyd/deep/path/to/file/data.txt
-rw-r--r-- 1 root root 111 Sep  8 14:27 <lane-tmp>/tmp.QkJXjpWVyd/lines.txt
-rw-r--r-- 1 root root 17 Sep  8 14:27 <lane-tmp>/tmp.QkJXjpWVyd/hello.txt
-rw-r--r-- 1 root root 20 Sep  8 14:27 <lane-tmp>/tmp.QkJXjpWVyd/test/nested.txt
-rw-r--r-- 1 root root 598060 Sep  8 14:27 <lane-tmp>/tmp.QkJXjpWVyd/usr/share/fonts/CascadiaCode-Regular.ttf
-rw-r--r-- 1 root root 276932 Sep  8 14:27 <lane-tmp>/tmp.QkJXjpWVyd/usr/share/fonts/Nunito-Regular.ttf
-rw-r--r-- 1 root root 488584 Sep  8 14:27 <lane-tmp>/tmp.QkJXjpWVyd/usr/share/fonts/Roboto-Regular.ttf
-rw-r--r-- 1 root root 1887192 Sep  8 14:27 <lane-tmp>/tmp.QkJXjpWVyd/usr/share/fonts/NotoSerif-Regular.ttf
-rw-r--r-- 1 root root 212196 Sep  8 14:27 <lane-tmp>/tmp.QkJXjpWVyd/usr/share/fonts/Lora-Regular.ttf
-rw-r--r-- 1 root root 340712 Sep  8 14:27 <lane-tmp>/tmp.QkJXjpWVyd/usr/share/fonts/DejaVuSansMono.ttf
-rw-r--r-- 1 root root 757076 Sep  8 14:27 <lane-tmp>/tmp.QkJXjpWVyd/usr/share/fonts/DejaVuSans.ttf
-rw-r--r-- 1 root root 2049096 Sep  8 14:27 <lane-tmp>/tmp.QkJXjpWVyd/usr/share/fonts/NotoSans-Regular.ttf
-rw-r--r-- 1 root root 135580 Sep  8 14:27 <lane-tmp>/tmp.QkJXjpWVyd/usr/share/fonts/IBMPlexMono-Regular.ttf
-rw-r--r-- 1 root root 312352 Sep  8 14:27 <lane-tmp>/tmp.QkJXjpWVyd/usr/share/fonts/Raleway-Regular.ttf
-rw-r--r-- 1 root root 532636 Sep  8 14:27 <lane-tmp>/tmp.QkJXjpWVyd/usr/share/fonts/OpenSans-Regular.ttf
-rw-r--r-- 1 root root 183700 Sep  8 14:27 <lane-tmp>/tmp.QkJXjpWVyd/usr/share/fonts/RobotoMono-Regular.ttf
-rw-r--r-- 1 root root 744936 Sep  8 14:27 <lane-tmp>/tmp.QkJXjpWVyd/usr/share/fonts/Montserrat-Regular.ttf
-rw-r--r-- 1 root root 260364 Sep  8 14:27 <lane-tmp>/tmp.QkJXjpWVyd/usr/share/fonts/FiraCode-Regular.ttf
-rw-r--r-- 1 root root 1708408 Sep  8 14:27 <lane-tmp>/tmp.QkJXjpWVyd/usr/share/fonts/NotoSansMono-Regular.ttf
-rw-r--r-- 1 root root 656568 Sep  8 14:27 <lane-tmp>/tmp.QkJXjpWVyd/usr/share/fonts/Lato-Regular.ttf
-rw-r--r-- 1 root root 1209508 Sep  8 14:27 <lane-tmp>/tmp.QkJXjpWVyd/usr/share/fonts/SourceSerif4-Regular.ttf
-rw-r--r-- 1 root root 309408 Sep  8 14:27 <lane-tmp>/tmp.QkJXjpWVyd/usr/share/fonts/Hack-Regular.ttf
-rw-r--r-- 1 root root 300724 Sep  8 14:27 <lane-tmp>/tmp.QkJXjpWVyd/usr/share/fonts/PlayfairDisplay-Regular.ttf
-rw-r--r-- 1 root root 108684 Sep  8 14:27 <lane-tmp>/tmp.QkJXjpWVyd/usr/share/fonts/Inconsolata-Regular.ttf
-rw-r--r-- 1 root root 212340 Sep  8 14:27 <lane-tmp>/tmp.QkJXjpWVyd/usr/share/fonts/SourceCodePro-Regular.ttf
-rw-r--r-- 1 root root 646340 Sep  8 14:27 <lane-tmp>/tmp.QkJXjpWVyd/usr/share/fonts/SourceSans3-Regular.ttf
-rw-r--r-- 1 root root 876576 Sep  8 14:27 <lane-tmp>/tmp.QkJXjpWVyd/usr/share/fonts/Inter-Regular.ttf
-rw-r--r-- 1 root root 351884 Sep  8 14:27 <lane-tmp>/tmp.QkJXjpWVyd/usr/share/fonts/Ubuntu-Regular.ttf
-rw-r--r-- 1 root root 160316 Sep  8 14:27 <lane-tmp>/tmp.QkJXjpWVyd/usr/share/fonts/Poppins-Regular.ttf
-rw-r--r-- 1 root root 273900 Sep  8 14:27 <lane-tmp>/tmp.QkJXjpWVyd/usr/share/fonts/JetBrainsMono-Regular.ttf
-rw-r--r-- 1 root root 205748 Sep  8 14:27 <lane-tmp>/tmp.QkJXjpWVyd/usr/share/fonts/UbuntuMono-Regular.ttf
-rw-r--r-- 1 root root 282844 Sep  8 14:27 <lane-tmp>/tmp.QkJXjpWVyd/usr/share/fonts/Merriweather-Regular.ttf
-rw-r--r-- 1 root root 359048 Sep  8 14:27 <lane-tmp>/tmp.QkJXjpWVyd/usr/share/fonts/PTSerif-Regular.ttf
-rw-r--r-- 1 root root 83 Sep  8 14:27 <lane-tmp>/tmp.QkJXjpWVyd/etc/passwd
-rw-r--r-- 1 root root 349 Sep  8 14:27 <lane-tmp>/tmp.QkJXjpWVyd/etc/hotkeys.conf
-rw-r--r-- 1 root root 679 Sep  8 14:27 <lane-tmp>/tmp.QkJXjpWVyd/etc/init.js
-rw-r--r-- 1 root root 367 Sep  8 14:27 <lane-tmp>/tmp.QkJXjpWVyd/etc/bshrc
-rw-r--r-- 1 root root 26 Sep  8 14:27 <lane-tmp>/tmp.QkJXjpWVyd/etc/group
-rw-r--r-- 1 root root 445 Sep  8 14:27 <lane-tmp>/tmp.QkJXjpWVyd/etc/fonts.conf
ext2 image created successfully

ext2 disk created and copied to testdata/:
  <repo>/target/ext2.img
  <repo>/testdata/ext2.img
  Size: 256M

Contents:
  /bin/busybox - BusyBox multi-call binary
  /bin/ls - native Breenix ls
  /bin/{cat,head,tail,...} - BusyBox hardlinks
  /sbin/{true,false} - BusyBox hardlinks
  /bin/* - Other userspace binaries (demos)
  /usr/local/test/bin/* - Test binaries (*_test, test_*)
  /sbin/telnetd - telnet daemon
  /hello.txt - test file (1 line)
  /lines.txt - multi-line test file (15 lines) for head/tail/wc
  /test/nested.txt - nested test file
  /deep/path/to/file/data.txt - deep nested test file
Booting the x86_64 production profile...
QEMU HOST LOCK: host qemu-system-x86_64 count before acquire: 0
  [GATE_BOOT_FACTS:boot=1:host_ms=1788877654927-1788877667193:qemu_at_start=0:load_at_start=2.87:qemu_at_end=0:load_at_end=2.46:qemu_cpu_s=12.00:guest_uptime_ms=NA:ended_by=scored_pass]
PASS: x86 production profile reached steady state with the teardown census at rest
  ext2 root mounted:            1
  PCI_FN blk/e1000/total lines: 3/1/9
  kernel init complete:         1
  async executor started:       1
  steady state reached:         1
  console prompt:               2
  console prompt before/after liveness stimulus: 1 -> 2 (expected 1 -> 2)
  tombstone census lines:       1
  tombstone census at rest:     1
  root custody lines:           1
  root custody at rest:         1
  crash markers:                0
  test-only marker 'TEST_TALLY:': 0
  test-only marker '[TEST:': 0
  test-only marker 'TEST RUNNER:': 0
  test-only marker '[BOOT_TESTS:': 0
  test-only marker 'RING3_SMOKE: creating': 0
  test-only marker '[TOMBSTONE_QUIESCE:': 0
  test-only marker '[RECLAIM_DRAIN:': 0
  test-only marker '[TOMBSTONE_JOIN_ORACLE:': 0
  test-only marker '[KSTACK_OWNER_ORACLE:': 0
  test-only marker '[KSTACK_QUIESCE_LEAK:': 0
  test-only marker '[PT_CUSTODY_COUNTERS:': 0
  test-only marker '[FRAME_CUSTODY_COUNTERS:': 0
  test-only marker '[PT_RETIRE_COHORT:': 0
  test-only marker '[PT_EXEC_COHORT:': 0
  test-only marker '[EXEC_DETACH_ORACLE:': 0
  test-only marker '[CLONE_ADMISSION_ORACLE:': 0
  test-only marker '[INIT_DESIGNATION_ORACLE:': 0
  test-only marker '[SCHED_STRAND_ORACLE:': 0
  test-only marker '[CENSUS_WIDEN_ORACLE:': 0
  test-only marker '[FCNTL_PM_CONTENTION_ORACLE:': 0
  test-only marker '[IRQ_HOLD_ORACLE:': 0
  test-only marker '[UDP_LOCK_ORACLE:': 0
  test-only marker '[UDP_PORTS_LOCK_ORACLE:': 0
  test-only marker '[TTY_IRQ_PM_ORACLE:': 0
  test-only marker '[TTY_IRQ_FG_ORACLE:': 0
  test-only marker '[RING_SPAN:': 0
  test-only marker '[TIMER_WAKE_LATENCY_ORACLE:': 0
  test-only marker 'edge=SELFTEST': 0
  test-only marker 'Testing features enabled': 0
  fault marker '[PMGUARD]': 0
  fault marker '[CREATION_LOCK_ORDER:VIOLATION': 0
  fault marker 'DISK LOADING FAILED': 0
  fixed PRECONDITION 5 fail (#673): 0
  fixed PRECONDITION 5 pass (#673): 1
  fixed PRECONDITION 7 fail (#672): 0
  fixed PRECONDITION 7 pass (#672): 1
  preempt census lines:          1
  preempt census at rest:        1
  prod bracket release census:   1
  prod bracket release at rest:  1
  timer resolution window exceeded (#673 MA6/R3-m4): 0
  timer scale oracle emissions (#767):   1
  timer scale oracle head (#767):        1
  timer scale oracle verdict (#767):     1
  init designation (#673):      1
  ring3 syscall confirmed (#673): 1
  init first line (#673 M6):    1
  init bsshd-launch warning (must be absent, #713): 0
  bsshd started (#713):          1
  bsshd listening (#713):        1
  spawn-smoke child reaped exit 0 (#713): 1
  spawn-smoke reap failed (must be absent, #713 fix-round-2): 0
  tty oracle exit record (TTY-x86 port): 1
  tty oracle reap failed (must be absent, TTY-x86 port): 0
  tty oracle failed (must be absent, TTY-x86 port): 0
  exec smoke launch (#721):      1
  exec smoke target enter argc=2 (#721): 1
  exec smoke target ok (#721):   1
  exec smoke launcher exit code=0 (#721): 1
  exec smoke spawn failed (must be absent, #721): 0
  exec smoke exec failed (must be absent, #721): 0
  exec smoke target argv fail (must be absent, #721): 0
  exec lock order first commit (#721 K7): 1
  exec lock order PM-held violation (must be absent, #721 K7): 0
  exec lock order unpinned violation (must be absent, #721 K7): 0
  exec lock order no-sched-thread violation (must be absent, #721 K7): 0
  fork smoke launch (#745):      1
  fork smoke child (#745):       1
  fork smoke CoW isolation OK (#745): 1
  fork smoke CoW isolation corrupted (must be absent, #745): 0
  fork smoke parent reaped (#745): 1
  fork smoke launcher exit code=0 (#745): 1
  fork smoke child exit code=37 (#745 review r2 B1): 1
  first CoW fault taken (#745 precheck C3(2)): 1
  fork smoke spawn failed (must be absent, #745): 0
  fork smoke fork failed (must be absent, #745): 0
  fork smoke child unexpected return (must be absent, #745): 0
  fork smoke reap failed (must be absent, #745): 0
[TOMBSTONE_CENSUS:resident=0:removed=0:reap_second=0:retire_second=0:abandoned_unqueued=0]
[SW]<K>[SW]<K>[SW]<K>[SW]<1>[PT_ROOT_CUSTODY:no_proof=0:no_arch=0:terminated=0:undecided=0:mid_retire=0:retired=0]
[ INFO] kernel: [PREEMPT_BRACKET_CENSUS:underflow=0]
[ INFO] kernel: [PROD_BRACKET_RELEASE_CENSUS:underflow=0]
[TIMER_SCALE_ORACLE:x86:ms_per_tick=5:ticks_before=54:ms=270:ticks_after=54:ticks_nonzero=1:in_range=1:PASS]
[INIT_DESIGNATION:x86_64:designated_pid=1:reserved_collisions=0]
  console prompt count over 60s: 1 -> 2
  (informational) total serial bytes at exit: 228499
[CAPTURE_DRAIN:capture=n/a:seq=n/a:edge=n/a:cpu=n/a:records=n/a:drain_ms=0]
[CAPTURE_DRAIN_EVENTS:last_events=n/a]
GATE_EXIT=0
