8674c930792709f3b5e09e4a29f8fd24decedcbb
========================================
  STD USERSPACE BUILD (Rust std library)
========================================
  Architecture: x86_64

[1/3] Building libbreenix-libc (x86_64)...
  Compiling compiler_builtins v0.1.160 (/root/.rustup/toolchains/nightly-2025-06-24-x86_64-unknown-linux-gnu/lib/rustlib/src/rust/library/compiler-builtins/compiler-builtins)
  Compiling core v0.0.0 (/root/.rustup/toolchains/nightly-2025-06-24-x86_64-unknown-linux-gnu/lib/rustlib/src/rust/library/core)
  Compiling libbreenix v0.1.0 (/root/breenix-n586p3l/libs/libbreenix)
  Compiling libbreenix-libc v0.1.0 (/root/breenix-n586p3l/libs/libbreenix-libc)
  Finished `release` profile [optimized] target(s) in 26.01s
  libbreenix-libc built successfully

[2/3] Building userspace (x86_64)...
  Updating crates.io index
  Locking 10 packages to latest compatible versions
  Compiling compiler_builtins v0.1.160 (/root/breenix-n586p3l/rust-fork/library/compiler-builtins/compiler-builtins)
  Compiling core v0.0.0 (/root/breenix-n586p3l/rust-fork/library/core)
  Compiling libc v0.2.174 (/root/breenix-n586p3l/libs/libc)
  Compiling std v0.0.0 (/root/breenix-n586p3l/rust-fork/library/std)
  Compiling rustc-std-workspace-core v1.99.0 (/root/breenix-n586p3l/rust-fork/library/rustc-std-workspace-core)
  Compiling alloc v0.0.0 (/root/breenix-n586p3l/rust-fork/library/alloc)
  Compiling panic_abort v0.0.0 (/root/breenix-n586p3l/rust-fork/library/panic_abort)
  Compiling cfg-if v1.0.1
  Compiling rustc-demangle v0.1.25
  Compiling unwind v0.0.0 (/root/breenix-n586p3l/rust-fork/library/unwind)
  Compiling rustc-std-workspace-alloc v1.99.0 (/root/breenix-n586p3l/rust-fork/library/rustc-std-workspace-alloc)
  Compiling panic_unwind v0.0.0 (/root/breenix-n586p3l/rust-fork/library/panic_unwind)
  Compiling std_detect v0.1.5 (/root/breenix-n586p3l/rust-fork/library/stdarch/crates/std_detect)
  Compiling hashbrown v0.15.4
  Compiling rustc-std-workspace-std v1.99.0 (/root/breenix-n586p3l/rust-fork/library/rustc-std-workspace-std)
  Compiling rustc-literal-escaper v0.0.2
  Compiling proc_macro v0.0.0 (/root/breenix-n586p3l/rust-fork/library/proc_macro)
  Compiling libfont v0.1.0 (/root/breenix-n586p3l/libs/libfont)
  Compiling noto-sans-mono-bitmap v0.3.2
  Compiling libbreenix v0.1.0 (/root/breenix-n586p3l/libs/libbreenix)
  Compiling libimg v0.1.0 (/root/breenix-n586p3l/libs/libimg)
  Compiling breenish-js v0.1.0 (/root/breenix-n586p3l/libs/breenish-js)
  Compiling libgfx v0.1.0 (/root/breenix-n586p3l/libs/libgfx)
  Compiling libbui v0.1.0 (/root/breenix-n586p3l/libs/libbui)
  Compiling libicon v0.1.0 (/root/breenix-n586p3l/libs/libicon)
  Compiling libcollab v0.1.0 (/root/breenix-n586p3l/libs/libcollab)
  Compiling breengel v0.1.0 (/root/breenix-n586p3l/libs/breengel)
  Compiling userspace-programs v0.1.0 (/root/breenix-n586p3l/userspace/programs)
  Finished `release` profile [optimized] target(s) in 2m 40s
  Userspace build successful

[3/3] Installing std binaries...
  Installed hello_world.elf (227240 bytes)
  Installed exec_smoke.elf (178136 bytes)
  Installed exec_smoke_target.elf (185120 bytes)
  Installed fork_smoke.elf (187680 bytes)
  Installed block_eintr_oracle.elf (190088 bytes)
  Installed poll_tcp_oracle.elf (207240 bytes)
  Installed futex_handoff_oracle.elf (182992 bytes)
  Installed tty_oracle.elf (218480 bytes)
  Installed df_preempt_oracle.elf (187712 bytes)
  Installed syscall_enosys.elf (177600 bytes)
  Installed clock_gettime_test.elf (184640 bytes)
  Installed file_read_test.elf (182472 bytes)
  Installed lseek_test.elf (182584 bytes)
  Installed fs_write_test.elf (182968 bytes)
  Installed fs_rename_test.elf (182784 bytes)
  Installed fs_large_file_test.elf (182680 bytes)
  Installed fs_directory_test.elf (183224 bytes)
  Installed fs_link_test.elf (182872 bytes)
  Installed access_test.elf (178016 bytes)
  Installed devfs_test.elf (182512 bytes)
  Installed cwd_test.elf (182688 bytes)
  Installed getdents_test.elf (184056 bytes)
  Installed pipe_test.elf (188320 bytes)
  Installed pipe2_test.elf (188992 bytes)
  Installed pipe_fifo_blocking_oracle.elf (211824 bytes)
  Installed pipe_fifo_blocking_supervisor.elf (178112 bytes)
  Installed dup_test.elf (189224 bytes)
  Installed fcntl_test.elf (188816 bytes)
  Installed poll_test.elf (189096 bytes)
  Installed select_test.elf (188984 bytes)
  Installed epoll_test.elf (182904 bytes)
  Installed nonblock_test.elf (188816 bytes)
  Installed brk_test.elf (182560 bytes)
  Installed signal_handler_test.elf (187968 bytes)
  Installed signal_return_test.elf (188384 bytes)
  Installed signal_regs_test.elf (188280 bytes)
  Installed sigaltstack_test.elf (189080 bytes)
  Installed sigsuspend_test.elf (188936 bytes)
  Installed pause_test.elf (188432 bytes)
  Installed tty_test.elf (188152 bytes)
  Installed session_test.elf (188040 bytes)
  Installed unix_socket_test.elf (205376 bytes)
  Installed unix_named_socket_test.elf (195400 bytes)
  Installed fifo_test.elf (198520 bytes)
  Installed fork_test.elf (188168 bytes)
  Installed fork_memory_test.elf (188736 bytes)
  Installed fork_state_test.elf (189248 bytes)
  Installed waitpid_test.elf (188216 bytes)
  Installed exec_argv_test.elf (178272 bytes)
  Installed cloexec_test.elf (192672 bytes)
  Installed kill_process_group_test.elf (188552 bytes)
  Installed sigchld_test.elf (182512 bytes)
  Installed sigkill_teardown_test.elf (206800 bytes)
  Installed sigchld_job_test.elf (187592 bytes)
  Installed ctrl_c_test.elf (188056 bytes)
  Installed job_control_test.elf (187720 bytes)
  Installed signal_fork_test.elf (188232 bytes)
  Installed signal_exec_test.elf (188792 bytes)
  Installed wnohang_timing_test.elf (182608 bytes)
  Installed fork_pending_signal_test.elf (187808 bytes)
  Installed shell_pipe_test.elf (183200 bytes)
  Installed pipeline_test.elf (191656 bytes)
  Installed cow_cleanup_test.elf (182608 bytes)
  Installed cow_sole_owner_test.elf (187072 bytes)
  Installed cow_stress_test.elf (187168 bytes)
  Installed cow_readonly_test.elf (187112 bytes)
  Installed cow_signal_test.elf (188384 bytes)
  Installed resolution.elf (191104 bytes)
  Installed init_shell.elf (262744 bytes)
  Installed argv_test.elf (184416 bytes)
  Installed job_table_test.elf (192304 bytes)
  Installed test_mmap.elf (182296 bytes)
  Installed clonevm_exec_test.elf (184720 bytes)
  Installed stdin_test.elf (182352 bytes)
  Installed true_test.elf (182624 bytes)
  Installed false_test.elf (182632 bytes)
  Installed echo_argv_test.elf (182544 bytes)
  Installed mkdir_argv_test.elf (182744 bytes)
  Installed rm_argv_test.elf (182552 bytes)
  Installed cp_mv_argv_test.elf (182872 bytes)
  Installed nonblock_eagain_test.elf (183776 bytes)
  Installed blocking_recv_test.elf (188184 bytes)
  Installed tcp_client_test.elf (187688 bytes)
  Installed wait_stress.elf (195640 bytes)
  Installed simple_exit.elf (170632 bytes)
  Installed simple_exit0.elf (170632 bytes)
  Installed spawn_smoke_target.elf (170640 bytes)
  Installed counter.elf (177712 bytes)
  Installed spinner.elf (177712 bytes)
  Installed hello_time.elf (177696 bytes)
  Installed heartbeat.elf (189176 bytes)
  Installed xhci_counters.elf (183184 bytes)
  Installed fbinfo_test.elf (187640 bytes)
  Installed demo.elf (189776 bytes)
  Installed bounce.elf (275208 bytes)
  Installed rectangles.elf (197160 bytes)
  Installed particles.elf (194000 bytes)
  Installed confetti.elf (189312 bytes)
  Installed tones.elf (184296 bytes)
  Installed fart.elf (191776 bytes)
  Installed http_test.elf (468664 bytes)
  Installed register_init_test.elf (177168 bytes)
  Installed head_test.elf (183128 bytes)
  Installed tail_test.elf (183128 bytes)
  Installed wc_test.elf (183704 bytes)
  Installed which_test.elf (183032 bytes)
  Installed cat_test.elf (183312 bytes)
  Installed ls_test.elf (183368 bytes)
  Installed exec_stack_argv_test.elf (183504 bytes)
  Installed exec_from_ext2_test.elf (188144 bytes)
  Installed pipe_fork_test.elf (188896 bytes)
  Installed pipe_concurrent_test.elf (188792 bytes)
  Installed fs_block_alloc_test.elf (188680 bytes)
  Installed cow_oom_test.elf (186672 bytes)
  Installed signal_test.elf (187936 bytes)
  Installed alarm_test.elf (182832 bytes)
  Installed itimer_test.elf (187368 bytes)
  Installed timer_test.elf (182216 bytes)
  Installed sleep_debug_test.elf (188664 bytes)
  Installed pipe_refcount_test.elf (200016 bytes)
  Installed udp_socket_test.elf (193464 bytes)
  Installed tcp_socket_test.elf (202360 bytes)
  Installed tcp_dup_listener_test.elf (188904 bytes)
  Installed tcp_cloexec_exec_test.elf (189520 bytes)
  Installed tcp_blocking_test.elf (203504 bytes)
  Installed concurrent_recv_stress.elf (189016 bytes)
  Installed dns_test.elf (195312 bytes)
  Installed net_test.elf (191656 bytes)
  Installed http_fetch_test.elf (464512 bytes)
  Installed loopback_wake_test.elf (190520 bytes)
  Installed syscall_diagnostic_test.elf (170904 bytes)
  Installed pty_test.elf (183080 bytes)
  Installed signal_exec_check.elf (177952 bytes)
  Installed bsh.elf (579672 bytes)
  Installed bwm.elf (331464 bytes)
  Installed btop.elf (184240 bytes)
  Installed burl.elf (483440 bytes)
  Installed init.elf (187560 bytes)
  Installed telnetd.elf (184144 bytes)
  Installed blogd.elf (182032 bytes)
  Installed btrace.elf (199000 bytes)
  Installed bless.elf (185696 bytes)
  Installed bcheck.elf (299328 bytes)
  Installed biconkit.elf (248248 bytes)
  Installed guskit.elf (391600 bytes)
  Installed bterm.elf (338688 bytes)
  Installed blog.elf (331168 bytes)
  Installed bfontpicker.elf (346328 bytes)
  Installed blauncher.elf (325440 bytes)
  Installed bsshd.elf (314360 bytes)
  Installed bssh.elf (322608 bytes)

========================================
  STD BUILD COMPLETE (x86_64)
  Installed: 151 binaries
========================================
[GATE_PREFLIGHT:structure_suites=65/66:critical_path_lines=260:pinned=120]
GATE_PREFLIGHT: FAIL (1 of 66 structure suite(s) red: context_restore_structure -- per-suite logs under /root/breenix-n586p3l-tmp/breenix_gate_structure_preflight.eO1u9n)
x86 frame-custody gate preflight: FAIL (structure-suite preflight failed -- see GATE_PREFLIGHT line above)
x86 frame-custody gate: FAIL (set -e abort at docker/qemu/run-x86-boot-tests.sh:157, exit 1)
  failing command: false
EXIT=1
