2026-09-08T13:30:16Z 0.32 1.15 4.12 4/190 3062352
2026-09-08T13:30:26Z 2.98 1.69 4.26 18/261 3065490
2026-09-08T13:30:36Z 6.80 2.55 4.51 24/307 3068447
2026-09-08T13:30:46Z 8.24 2.99 4.63 14/238 3072410
2026-09-08T13:30:56Z 9.51 3.44 4.76 16/218 3072666
2026-09-08T13:31:06Z 9.57 3.65 4.82 9/211 3072683
2026-09-08T13:31:16Z 9.33 3.80 4.85 9/211 3072690
2026-09-08T13:31:26Z 9.20 3.95 4.89 10/205 3073208
2026-09-08T13:31:36Z 9.09 4.10 4.93 9/203 3073652
2026-09-08T13:31:46Z 8.92 4.23 4.97 9/203 3073659
2026-09-08T13:31:56Z 8.86 4.37 5.00 9/203 3073666
2026-09-08T13:32:06Z 8.34 4.41 5.01 6/192 3073675
2026-09-08T13:32:16Z 7.82 4.43 5.01 6/192 3073682
2026-09-08T13:32:26Z 7.39 4.45 5.01 6/192 3073689
2026-09-08T13:32:36Z 7.02 4.47 5.01 6/193 3073704
2026-09-08T13:32:46Z 6.71 4.48 5.00 6/193 3073712
2026-09-08T13:32:56Z 6.45 4.50 5.00 6/193 3073719
2026-09-08T13:33:06Z 6.22 4.52 5.00 6/193 3073733
2026-09-08T13:33:16Z 6.04 4.54 5.00 7/193 3073740
2026-09-08T13:33:26Z 5.88 4.55 5.00 6/193 3073747
2026-09-08T13:33:36Z 5.74 4.57 5.00 6/193 3073754
2026-09-08T13:33:46Z 5.63 4.58 5.00 6/193 3073761
2026-09-08T13:33:56Z 5.37 4.56 4.99 4/192 3073777
2026-09-08T13:34:06Z 4.70 4.44 4.95 3/195 3074779
2026-09-08T13:34:16Z 4.13 4.33 4.90 2/190 3075252
2026-09-08T13:34:26Z 3.87 4.27 4.88 2/189 3075681
2026-09-08T13:34:36Z 3.43 4.16 4.84 2/190 3075929
2026-09-08T13:34:47Z 3.42 4.14 4.82 1/185 3076406
2026-09-08T13:34:57Z 3.20 4.07 4.79 2/185 3077619
2026-09-08T13:35:07Z 2.86 3.96 4.75 2/189 3077727
2026-09-08T13:35:17Z 2.66 3.88 4.71 2/189 3077846
2026-09-08T13:35:27Z 2.47 3.80 4.68 2/188 3077976
2026-09-08T13:35:37Z 2.25 3.71 4.64 2/188 3078122
2026-09-08T13:35:47Z 2.06 3.62 4.60 2/188 3078255
2026-09-08T13:35:57Z 1.97 3.55 4.57 3/187 3078394
2026-09-08T13:36:07Z 1.82 3.47 4.53 2/187 3078535
2026-09-08T13:36:17Z 1.70 3.39 4.49 2/187 3078668
2026-09-08T13:36:27Z 1.59 3.31 4.45 3/187 3078815
2026-09-08T13:36:37Z 1.50 3.23 4.41 2/187 3078948
2026-09-08T13:36:47Z 1.42 3.16 4.38 2/187 3079095
2026-09-08T13:36:57Z 1.36 3.08 4.34 2/187 3079228
2026-09-08T13:37:07Z 1.38 3.03 4.31 3/187 3079366
2026-09-08T13:37:17Z 1.32 2.96 4.27 2/187 3079508
2026-09-08T13:37:27Z 1.27 2.90 4.24 2/187 3079648
2026-09-08T13:37:37Z 1.23 2.84 4.20 2/187 3079795
2026-09-08T13:37:47Z 1.19 2.78 4.17 2/187 3079928
2026-09-08T13:37:57Z 1.24 2.73 4.14 2/187 3080075
2026-09-08T13:38:07Z 1.21 2.68 4.10 3/186 3080216
2026-09-08T13:38:17Z 1.17 2.62 4.07 2/186 3080367
2026-09-08T13:38:27Z 1.23 2.58 4.04 2/186 3080534
2026-09-08T13:38:37Z 1.19 2.53 4.01 2/186 3080685
2026-09-08T13:38:47Z 1.24 2.50 3.98 2/186 3080836
2026-09-08T13:38:57Z 1.28 2.46 3.95 3/186 3081003
2026-09-08T13:39:07Z 1.32 2.43 3.93 2/186 3081154
2026-09-08T13:39:17Z 1.27 2.38 3.90 2/186 3081305
2026-09-08T13:39:27Z 1.23 2.34 3.86 3/186 3081458
2026-09-08T13:39:37Z 1.19 2.29 3.83 3/186 3081630
2026-09-08T13:39:47Z 1.16 2.25 3.80 2/186 3081781
2026-09-08T13:39:57Z 1.21 2.22 3.78 2/186 3081933
2026-09-08T13:40:07Z 1.18 2.18 3.75 2/186 3082116
2026-09-08T13:40:17Z 1.15 2.14 3.72 2/185 3082329
2026-09-08T13:40:27Z 1.21 2.12 3.69 2/185 3082570
2026-09-08T13:40:37Z 1.25 2.10 3.67 3/184 3082808
2026-09-08T13:40:47Z 1.22 2.06 3.64 2/185 3083026
2026-09-08T13:40:57Z 1.18 2.03 3.61 2/185 3083267
2026-09-08T13:41:07Z 1.15 2.00 3.58 2/185 3083508
2026-09-08T13:41:17Z 1.20 1.98 3.56 2/185 3083749
2026-09-08T13:41:27Z 1.17 1.95 3.53 2/185 3083990
2026-09-08T13:41:37Z 1.14 1.91 3.50 3/185 3084239
2026-09-08T13:41:47Z 1.12 1.88 3.48 2/185 3084480
2026-09-08T13:41:57Z 1.18 1.87 3.45 2/185 3084721
2026-09-08T13:42:07Z 1.15 1.84 3.43 2/185 3084936
2026-09-08T13:42:17Z 1.13 1.81 3.40 2/185 3085177
2026-09-08T13:42:27Z 1.11 1.79 3.38 2/185 3085419
2026-09-08T13:42:37Z 1.17 1.78 3.35 3/185 3085770
2026-09-08T13:42:47Z 1.15 1.75 3.33 2/185 3086099
2026-09-08T13:42:57Z 1.12 1.73 3.30 2/184 3086426
2026-09-08T13:43:07Z 1.10 1.70 3.28 2/184 3086753
2026-09-08T13:43:17Z 1.17 1.69 3.26 3/185 3087120
2026-09-08T13:43:27Z 0.99 1.64 3.22 1/185 3087462
