========================================
  STD USERSPACE BUILD (Rust std library)
========================================
  Architecture: x86_64

[1/3] Building libbreenix-libc (x86_64)...
  Compiling compiler_builtins v0.1.160 (/root/.rustup/toolchains/nightly-2025-06-24-x86_64-unknown-linux-gnu/lib/rustlib/src/rust/library/compiler-builtins/compiler-builtins)
  Compiling core v0.0.0 (/root/.rustup/toolchains/nightly-2025-06-24-x86_64-unknown-linux-gnu/lib/rustlib/src/rust/library/core)
  Compiling libbreenix v0.1.0 (/root/breenix-sig2/libs/libbreenix)
  Compiling libbreenix-libc v0.1.0 (/root/breenix-sig2/libs/libbreenix-libc)
  Finished `release` profile [optimized] target(s) in 24.57s
  libbreenix-libc built successfully

[2/3] Building userspace (x86_64)...
  Updating crates.io index
  Locking 10 packages to latest compatible versions
  Compiling compiler_builtins v0.1.160 (/root/breenix-sig2/rust-fork/library/compiler-builtins/compiler-builtins)
  Compiling core v0.0.0 (/root/breenix-sig2/rust-fork/library/core)
  Compiling libc v0.2.174 (/root/breenix-sig2/libs/libc)
  Compiling std v0.0.0 (/root/breenix-sig2/rust-fork/library/std)
  Compiling rustc-std-workspace-core v1.99.0 (/root/breenix-sig2/rust-fork/library/rustc-std-workspace-core)
  Compiling alloc v0.0.0 (/root/breenix-sig2/rust-fork/library/alloc)
  Compiling panic_abort v0.0.0 (/root/breenix-sig2/rust-fork/library/panic_abort)
  Compiling cfg-if v1.0.1
  Compiling rustc-demangle v0.1.25
  Compiling unwind v0.0.0 (/root/breenix-sig2/rust-fork/library/unwind)
  Compiling rustc-std-workspace-alloc v1.99.0 (/root/breenix-sig2/rust-fork/library/rustc-std-workspace-alloc)
  Compiling panic_unwind v0.0.0 (/root/breenix-sig2/rust-fork/library/panic_unwind)
  Compiling std_detect v0.1.5 (/root/breenix-sig2/rust-fork/library/stdarch/crates/std_detect)
  Compiling hashbrown v0.15.4
  Compiling rustc-std-workspace-std v1.99.0 (/root/breenix-sig2/rust-fork/library/rustc-std-workspace-std)
  Compiling rustc-literal-escaper v0.0.2
  Compiling proc_macro v0.0.0 (/root/breenix-sig2/rust-fork/library/proc_macro)
  Compiling libfont v0.1.0 (/root/breenix-sig2/libs/libfont)
  Compiling noto-sans-mono-bitmap v0.3.2
  Compiling libbreenix v0.1.0 (/root/breenix-sig2/libs/libbreenix)
  Compiling breenish-js v0.1.0 (/root/breenix-sig2/libs/breenish-js)
  Compiling libimg v0.1.0 (/root/breenix-sig2/libs/libimg)
  Compiling libgfx v0.1.0 (/root/breenix-sig2/libs/libgfx)
  Compiling libbui v0.1.0 (/root/breenix-sig2/libs/libbui)
  Compiling libicon v0.1.0 (/root/breenix-sig2/libs/libicon)
  Compiling libcollab v0.1.0 (/root/breenix-sig2/libs/libcollab)
  Compiling breengel v0.1.0 (/root/breenix-sig2/libs/breengel)
  Compiling userspace-programs v0.1.0 (/root/breenix-sig2/userspace/programs)
  Finished `release` profile [optimized] target(s) in 1m 44s
  Userspace build successful

[3/3] Installing std binaries...
  Installed hello_world.elf (227168 bytes)
  Installed exec_smoke.elf (178072 bytes)
  Installed exec_smoke_target.elf (185048 bytes)
  Installed fork_smoke.elf (187624 bytes)
  Installed block_eintr_oracle.elf (190016 bytes)
  Installed poll_tcp_oracle.elf (207176 bytes)
  Installed futex_handoff_oracle.elf (188040 bytes)
  Installed tty_oracle.elf (218400 bytes)
  Installed df_preempt_oracle.elf (187648 bytes)
  Installed syscall_enosys.elf (177536 bytes)
  Installed clock_gettime_test.elf (184568 bytes)
  Installed file_read_test.elf (182416 bytes)
  Installed lseek_test.elf (182520 bytes)
  Installed fs_write_test.elf (182904 bytes)
  Installed fs_rename_test.elf (182720 bytes)
  Installed fs_large_file_test.elf (182624 bytes)
  Installed fs_directory_test.elf (183168 bytes)
  Installed fs_link_test.elf (182816 bytes)
  Installed access_test.elf (177952 bytes)
  Installed devfs_test.elf (182448 bytes)
  Installed cwd_test.elf (182632 bytes)
  Installed getdents_test.elf (184000 bytes)
  Installed pipe_test.elf (188256 bytes)
  Installed pipe2_test.elf (188928 bytes)
  Installed pipe_fifo_blocking_oracle.elf (225120 bytes)
  Installed pipe_fifo_blocking_supervisor.elf (178056 bytes)
  Installed unix_stream_blocking_oracle.elf (208304 bytes)
  Installed unix_stream_blocking_supervisor.elf (178056 bytes)
  Installed dup_test.elf (189168 bytes)
  Installed fcntl_test.elf (188760 bytes)
  Installed poll_test.elf (189032 bytes)
  Installed select_test.elf (188920 bytes)
  Installed epoll_test.elf (182840 bytes)
  Installed nonblock_test.elf (188752 bytes)
  Installed brk_test.elf (182496 bytes)
  Installed signal_handler_test.elf (187904 bytes)
  Installed signal_return_test.elf (188328 bytes)
  Installed signal_regs_test.elf (188216 bytes)
  Installed sigaltstack_test.elf (189016 bytes)
  Installed sigsuspend_test.elf (188880 bytes)
  Installed pause_test.elf (188368 bytes)
  Installed tty_test.elf (188096 bytes)
  Installed session_test.elf (187984 bytes)
  Installed unix_socket_test.elf (205328 bytes)
  Installed unix_named_socket_test.elf (195352 bytes)
  Installed fifo_test.elf (198456 bytes)
  Installed fork_test.elf (188104 bytes)
  Installed fork_memory_test.elf (188680 bytes)
  Installed fork_state_test.elf (189192 bytes)
  Installed waitpid_test.elf (188152 bytes)
  Installed exec_argv_test.elf (178216 bytes)
  Installed cloexec_test.elf (192592 bytes)
  Installed kill_process_group_test.elf (188496 bytes)
  Installed sigchld_test.elf (182448 bytes)
  Installed sigkill_teardown_test.elf (206728 bytes)
  Installed sigchld_job_test.elf (187536 bytes)
  Installed ctrl_c_test.elf (187992 bytes)
  Installed job_control_test.elf (187664 bytes)
  Installed signal_fork_test.elf (188176 bytes)
  Installed signal_exec_test.elf (188728 bytes)
  Installed wnohang_timing_test.elf (182552 bytes)
  Installed fork_pending_signal_test.elf (187752 bytes)
  Installed shell_pipe_test.elf (183144 bytes)
  Installed pipeline_test.elf (191608 bytes)
  Installed cow_cleanup_test.elf (182552 bytes)
  Installed cow_sole_owner_test.elf (187016 bytes)
  Installed cow_stress_test.elf (187104 bytes)
  Installed cow_readonly_test.elf (187056 bytes)
  Installed cow_signal_test.elf (188328 bytes)
  Installed resolution.elf (186936 bytes)
  Installed init_shell.elf (262664 bytes)
  Installed argv_test.elf (184368 bytes)
  Installed job_table_test.elf (192264 bytes)
  Installed test_mmap.elf (182240 bytes)
  Installed clonevm_exec_test.elf (184656 bytes)
  Installed stdin_test.elf (182296 bytes)
  Installed true_test.elf (182568 bytes)
  Installed false_test.elf (182576 bytes)
  Installed echo_argv_test.elf (182480 bytes)
  Installed mkdir_argv_test.elf (182680 bytes)
  Installed rm_argv_test.elf (182496 bytes)
  Installed cp_mv_argv_test.elf (182816 bytes)
  Installed nonblock_eagain_test.elf (179624 bytes)
  Installed blocking_recv_test.elf (184032 bytes)
  Installed tcp_client_test.elf (187632 bytes)
  Installed wait_stress.elf (195568 bytes)
  Installed simple_exit.elf (170592 bytes)
  Installed simple_exit0.elf (170592 bytes)
  Installed spawn_smoke_target.elf (170600 bytes)
  Installed counter.elf (177648 bytes)
  Installed spinner.elf (177648 bytes)
  Installed hello_time.elf (177640 bytes)
  Installed heartbeat.elf (189112 bytes)
  Installed xhci_counters.elf (183128 bytes)
  Installed fbinfo_test.elf (187576 bytes)
  Installed demo.elf (189712 bytes)
  Installed bounce.elf (275256 bytes)
  Installed rectangles.elf (197096 bytes)
  Installed particles.elf (193944 bytes)
  Installed confetti.elf (189248 bytes)
  Installed tones.elf (184232 bytes)
  Installed fart.elf (191712 bytes)
  Installed http_test.elf (468536 bytes)
  Installed register_init_test.elf (177120 bytes)
  Installed head_test.elf (183072 bytes)
  Installed tail_test.elf (183072 bytes)
  Installed wc_test.elf (183640 bytes)
  Installed which_test.elf (182968 bytes)
  Installed cat_test.elf (183248 bytes)
  Installed ls_test.elf (183304 bytes)
  Installed exec_stack_argv_test.elf (183448 bytes)
  Installed exec_from_ext2_test.elf (188088 bytes)
  Installed pipe_fork_test.elf (188832 bytes)
  Installed pipe_concurrent_test.elf (188728 bytes)
  Installed fs_block_alloc_test.elf (188624 bytes)
  Installed cow_oom_test.elf (182512 bytes)
  Installed signal_test.elf (187872 bytes)
  Installed alarm_test.elf (182776 bytes)
  Installed itimer_test.elf (183208 bytes)
  Installed timer_test.elf (182160 bytes)
  Installed sleep_debug_test.elf (188600 bytes)
  Installed pipe_refcount_test.elf (199960 bytes)
  Installed udp_socket_test.elf (193408 bytes)
  Installed tcp_socket_test.elf (202304 bytes)
  Installed tcp_dup_listener_test.elf (188848 bytes)
  Installed tcp_cloexec_exec_test.elf (189464 bytes)
  Installed tcp_blocking_test.elf (203448 bytes)
  Installed concurrent_recv_stress.elf (188960 bytes)
  Installed dns_test.elf (195240 bytes)
  Installed net_test.elf (191600 bytes)
  Installed http_fetch_test.elf (464384 bytes)
  Installed loopback_wake_test.elf (190448 bytes)
  Installed syscall_diagnostic_test.elf (170872 bytes)
  Installed pty_test.elf (183016 bytes)
  Installed signal_exec_check.elf (177888 bytes)
  Installed bsh.elf (579560 bytes)
  Installed bwm.elf (331648 bytes)
  Installed btop.elf (184192 bytes)
  Installed burl.elf (483296 bytes)
  Installed init.elf (187496 bytes)
  Installed telnetd.elf (184088 bytes)
  Installed blogd.elf (181968 bytes)
  Installed btrace.elf (198952 bytes)
  Installed bless.elf (185624 bytes)
  Installed bcheck.elf (299360 bytes)
  Installed biconkit.elf (248280 bytes)
  Installed guskit.elf (391808 bytes)
  Installed bterm.elf (338720 bytes)
  Installed blog.elf (331208 bytes)
  Installed bfontpicker.elf (346352 bytes)
  Installed blauncher.elf (325480 bytes)
  Installed bsshd.elf (314216 bytes)
  Installed bssh.elf (322472 bytes)

========================================
  STD BUILD COMPLETE (x86_64)
  Installed: 153 binaries
========================================
BUILD_EXIT:0
