== compiling ctx_diag_ring_sample_structure ==
== running ctx_diag_ring_sample_structure  ==

running 16 tests
test buffer_size_is_pinned_to_measured_capacity ... ok
test reverting_buffer_size_would_be_caught - should panic ... ok
test deleting_sched_early_return_would_be_caught - should panic ... ok
test sched_ring_writes_are_sampled ... ok
test ctx_ring_writes_are_sampled ... ok
test deleting_ctx_early_return_would_be_caught - should panic ... ok
test diagnostic_sample_values_are_pinned ... ok
test defer_ring_writes_are_sampled_and_snapshots_unconditional ... ok
test deleting_defer_sampling_guard_would_be_caught - should panic ... ok
test sampling_snapshot_stores_would_be_caught - should panic ... ok
test sample_constant_is_named_and_asserted_power_of_two ... ok
test ctx_and_defer_counters_are_padded_per_element ... ok
test sched_counter_is_padded_per_element ... ok
test sched_sample_constant_is_named_and_asserted_power_of_two ... ok
test reverting_ctx_counter_to_one_shared_line_would_be_caught - should panic ... ok
test reverting_sched_counter_to_one_shared_line_would_be_caught - should panic ... ok

test result: ok. 16 passed; 0 failed; 0 ignored; 0 measured; 0 filtered out; finished in 0.01s

