e64492b458afbec8b31f01e03b90acee799c878e
 05:30:43 up 26 days, 11:46,  0 user,  load average: 4.29, 7.60, 5.68
[GATE_SUITE:stem=aarch64_testing_profile_structure:attempt=1:timeout_s=300:wall_s=0:exit=0]
[GATE_SUITE:stem=block_request_lifetime_structure:attempt=1:timeout_s=300:wall_s=1:exit=0]
[GATE_SUITE:stem=blocking_fd_eagain_structure:attempt=1:timeout_s=300:wall_s=1:exit=0]
[GATE_SUITE:stem=capture_bxcap_schema_structure:attempt=1:timeout_s=300:wall_s=1:exit=0]
[GATE_SUITE:stem=capture_path_lock_free_structure:attempt=1:timeout_s=300:wall_s=1:exit=0]
[GATE_SUITE:stem=context_restore_structure:attempt=1:timeout_s=300:wall_s=216:exit=0]
[GATE_SUITE:stem=coreproof_component_h_structure:attempt=1:timeout_s=300:wall_s=1:exit=0]
[GATE_SUITE:stem=coreproof_coverage_structure:attempt=1:timeout_s=300:wall_s=1:exit=0]
[GATE_SUITE:stem=coreproof_mutation_register_structure:attempt=1:timeout_s=300:wall_s=1:exit=0]
[GATE_SUITE:stem=coreproof_sites_structure:attempt=1:timeout_s=300:wall_s=0:exit=0]
[GATE_SUITE:stem=critical_path_logging_census_structure:attempt=1:timeout_s=300:wall_s=2:exit=0]
[GATE_SUITE:stem=ctx_diag_ring_sample_structure:attempt=1:timeout_s=300:wall_s=1:exit=0]
[GATE_SUITE:stem=degenerate_transfer_fd_validation_structure:attempt=1:timeout_s=300:wall_s=1:exit=0]
[GATE_SUITE:stem=dispatch_fact_census_structure:attempt=1:timeout_s=300:wall_s=1:exit=0]
[GATE_SUITE:stem=dispatch_path_lock_free_structure:attempt=1:timeout_s=300:wall_s=1:exit=0]
[GATE_SUITE:stem=dispatch_strand_census_structure:attempt=1:timeout_s=300:wall_s=2:exit=0]
[GATE_SUITE:stem=dma_and_log_sink_structure:attempt=1:timeout_s=300:wall_s=1:exit=0]
[GATE_SUITE:stem=entry_point_df_structure:attempt=1:timeout_s=300:wall_s=1:exit=0]
[GATE_SUITE:stem=exec_lock_order_structure:attempt=1:timeout_s=300:wall_s=6:exit=0]
[GATE_SUITE:stem=exit_tally_structure:attempt=1:timeout_s=300:wall_s=2:exit=0]
[GATE_SUITE:stem=ext2_disk_size_structure:attempt=1:timeout_s=300:wall_s=1:exit=0]
[GATE_SUITE:stem=ext2_lock_structure:attempt=1:timeout_s=300:wall_s=1:exit=0]
[GATE_SUITE:stem=fcntl_pm_contention_gate_structure:attempt=1:timeout_s=300:wall_s=1:exit=0]
[GATE_SUITE:stem=fork_lock_order_structure:attempt=1:timeout_s=300:wall_s=1:exit=0]
[GATE_SUITE:stem=gate_boot_facts_pipefail_structure:attempt=1:timeout_s=300:wall_s=1:exit=0]
[GATE_SUITE:stem=gate_boot_facts_structure:attempt=1:timeout_s=300:wall_s=1:exit=0]
[GATE_SUITE:stem=gate_capture_drain_structure:attempt=1:timeout_s=300:wall_s=2:exit=0]
[GATE_SUITE:stem=gate_qmp_backstop_structure:attempt=1:timeout_s=300:wall_s=7:exit=0]
[GATE_SUITE:stem=gate_structure_preflight_wiring_structure:attempt=1:timeout_s=300:wall_s=1:exit=0]
[GATE_SUITE:stem=green_program_envelope_structure:attempt=1:timeout_s=300:wall_s=1:exit=0]
[GATE_SUITE:stem=launcher_smoke_xhci_evidence_structure:attempt=1:timeout_s=300:wall_s=1:exit=0]
[GATE_SUITE:stem=lockup_capture_guard_structure:attempt=1:timeout_s=300:wall_s=2:exit=0]
[GATE_SUITE:stem=loopback_pump_structure:attempt=1:timeout_s=300:wall_s=12:exit=0]
[GATE_SUITE:stem=masked_binary_load_structure:attempt=1:timeout_s=300:wall_s=1:exit=0]
[GATE_SUITE:stem=mmap_floor_structure:attempt=1:timeout_s=300:wall_s=2:exit=0]
[GATE_SUITE:stem=net_lock_structure:attempt=1:timeout_s=300:wall_s=14:exit=0]
[GATE_SUITE:stem=parallels_capture_structure:attempt=1:timeout_s=300:wall_s=11:exit=0]
[GATE_SUITE:stem=parallels_kill_by_name_structure:attempt=1:timeout_s=300:wall_s=1:exit=0]
[GATE_SUITE:stem=pipe_fifo_blocking_structure:attempt=1:timeout_s=300:wall_s=6:exit=0]
[GATE_SUITE:stem=poll_tcp_gate_wiring_structure:attempt=1:timeout_s=300:wall_s=2:exit=0]
[GATE_SUITE:stem=preempt_bracket_structure:attempt=1:timeout_s=300:wall_s=1:exit=0]
[GATE_SUITE:stem=qemu_host_lock_structure:attempt=1:timeout_s=300:wall_s=1:exit=0]
[GATE_SUITE:stem=qemu_kill_by_name_structure:attempt=1:timeout_s=300:wall_s=2:exit=0]
[GATE_SUITE:stem=ring_span_report_site_structure:attempt=1:timeout_s=300:wall_s=2:exit=0]
[GATE_SUITE:stem=ring_span_unfiltered_report_site_structure:attempt=1:timeout_s=300:wall_s=1:exit=0]
[GATE_SUITE:stem=run_inspector_import_structure:attempt=1:timeout_s=300:wall_s=1:exit=0]
[GATE_SUITE:stem=serial_line_atomicity_structure:attempt=1:timeout_s=300:wall_s=4:exit=0]
[GATE_SUITE:stem=signal_eintr_predicate_structure:attempt=1:timeout_s=300:wall_s=1:exit=0]
[GATE_SUITE:stem=strand_handoff_structure:attempt=1:timeout_s=300:wall_s=6:exit=0]
[GATE_SUITE:stem=structure_preflight_parallel_structure:attempt=1:timeout_s=300:wall_s=11:exit=0]
[GATE_SUITE:stem=syscall_return_register_structure:attempt=1:timeout_s=300:wall_s=3:exit=0]
[GATE_SUITE:stem=teardown_rustfmt_structure:attempt=1:timeout_s=300:wall_s=1:exit=0]
[GATE_SUITE:stem=teardown_structure:attempt=1:timeout_s=300:wall_s=83:exit=0]
[GATE_SUITE:stem=terminal_edge_capture_structure:attempt=1:timeout_s=300:wall_s=2:exit=0]
[GATE_SUITE:stem=timer_wake_dispatch_structure:attempt=1:timeout_s=300:wall_s=1:exit=0]
[GATE_SUITE:stem=trace_ring_depth_structure:attempt=1:timeout_s=300:wall_s=1:exit=0]
[GATE_SUITE:stem=tracing_provider_gate_structure:attempt=1:timeout_s=300:wall_s=1:exit=0]
[GATE_SUITE:stem=ttbr0_shadow_reconciliation_structure:attempt=1:timeout_s=300:wall_s=77:exit=0]
[GATE_SUITE:stem=tty_irq_fg_structure:attempt=1:timeout_s=300:wall_s=6:exit=0]
[GATE_SUITE:stem=tty_irq_pm_structure:attempt=1:timeout_s=300:wall_s=5:exit=0]
[GATE_SUITE:stem=tty_oracle_structure:attempt=1:timeout_s=300:wall_s=1:exit=0]
[GATE_SUITE:stem=udp_ports_lock_irq_structure:attempt=1:timeout_s=300:wall_s=1:exit=0]
[GATE_SUITE:stem=udp_socket_lock_irq_structure:attempt=1:timeout_s=300:wall_s=1:exit=0]
[GATE_SUITE:stem=unix_stream_blocking_structure:attempt=1:timeout_s=300:wall_s=2:exit=0]
[GATE_SUITE:stem=x86_boot_tests_profile_structure:attempt=1:timeout_s=300:wall_s=3:exit=0]
[GATE_SUITE:stem=x86_smp_enum_structure:attempt=1:timeout_s=300:wall_s=2:exit=0]
[GATE_SUITE:stem=xhci_wait_irq_order_structure:attempt=1:timeout_s=300:wall_s=1:exit=0]
[GATE_PREFLIGHT:structure_suites=67/67:critical_path_lines=260:pinned=120]
  RING3_SMOKE fork census: PRODUCTION_REAPED_ROWS=5
    Updating git repository `https://github.com/rust-osdev/bootloader.git`
    Updating crates.io index
     Locking 154 packages to latest compatible versions
      Adding aarch64-cpu v9.4.0 (available: v11.2.0)
      Adding acpi v5.2.0 (available: v6.1.1)
      Adding az v1.2.1 (available: v1.3.0)
      Adding pic8259 v0.10.4 (available: v0.11.0)
      Adding spin v0.9.9 (available: v0.12.3)
      Adding tock-registers v0.8.1 (available: v0.10.1)
      Adding uart_16550 v0.3.2 (available: v0.8.0)
      Adding uefi v0.33.0 (available: v0.37.0)
      Adding x86_64 v0.15.4 (available: v0.15.5)
   Compiling proc-macro2 v1.0.107
   Compiling unicode-ident v1.0.24
   Compiling quote v1.0.47
   Compiling serde v1.0.229
   Compiling rustversion v1.0.23
   Compiling serde_core v1.0.229
   Compiling x86 v0.52.0
   Compiling bit_field v0.10.3
   Compiling const_fn v0.4.12
   Compiling libc v0.2.189
   Compiling bootloader_api v0.11.13 (https://github.com/rust-osdev/bootloader.git?rev=707db11201b19541b7cfef84037866ee03aa0927#707db112)
   Compiling cfg-if v1.0.4
   Compiling bitflags v2.13.1
   Compiling find-msvc-tools v0.1.12
   Compiling scopeguard v1.2.0
   Compiling autocfg v1.5.1
   Compiling shlex v2.0.1
   Compiling lock_api v0.4.14
   Compiling cc v1.4.5
   Compiling getrandom v0.4.3
   Compiling num-traits v0.2.19
   Compiling volatile v0.4.6
   Compiling bitflags v1.3.2
   Compiling az v1.2.1
   Compiling raw-cpuid v10.7.0
   Compiling syn v3.0.5
   Compiling rand_core v0.6.4
   Compiling crossbeam-utils v0.8.23
   Compiling conquer-util v0.3.0
   Compiling spinning_top v0.2.5
   Compiling byteorder v1.5.0
   Compiling ring v0.17.14
   Compiling zeroize v1.9.0
   Compiling rustix v1.1.4
   Compiling typenum v1.20.1
   Compiling zmij v1.0.23
   Compiling zero v0.1.3
   Compiling xmas-elf v0.8.0
   Compiling rustls-pki-types v1.15.1
   Compiling uart_16550 v0.3.2
   Compiling embedded-graphics-core v0.4.1
   Compiling hybrid-array v0.4.14
   Compiling float-cmp v0.9.0
   Compiling getrandom v0.2.17
   Compiling conquer-once v0.3.2
   Compiling rand_hc v0.3.2
   Compiling rand v0.8.8
   Compiling serde_derive v1.0.229
   Compiling x86_64 v0.15.4
   Compiling x86_64 v0.14.13
   Compiling log v0.4.34
   Compiling micromath v2.1.0
   Compiling untrusted v0.9.0
   Compiling anyhow v1.0.104
   Compiling serde_json v1.0.151
   Compiling slab v0.4.12
   Compiling futures-core v0.3.34
   Compiling noto-sans-mono-bitmap v0.2.0
   Compiling futures-task v0.3.34
   Compiling usize_conversions v0.2.0
   Compiling crc-catalog v2.5.0
   Compiling httparse v1.10.1
   Compiling llvm-tools v0.1.1
   Compiling linux-raw-sys v0.12.1
   Compiling pin-project-lite v0.2.17
   Compiling kernel v0.1.0 (/root/breenix-t963b/kernel)
   Compiling futures-util v0.3.34
   Compiling bootloader v0.11.13 (https://github.com/rust-osdev/bootloader.git?rev=707db11201b19541b7cfef84037866ee03aa0927#707db112)
   Compiling crc v3.4.0
   Compiling pic8259 v0.10.4
   Compiling embedded-graphics v0.8.2
   Compiling crossbeam-queue v0.3.14
   Compiling uuid v1.26.0
   Compiling linked_list_allocator v0.10.6
   Compiling conquer-once v0.4.0
   Compiling spin v0.9.9
   Compiling itoa v1.0.18
   Compiling bytes v1.12.1
   Compiling rustls v0.23.44
   Compiling noto-sans-mono-bitmap v0.3.2
   Compiling memchr v2.8.3
   Compiling bootloader-boot-config v0.11.13 (https://github.com/rust-osdev/bootloader.git?rev=707db11201b19541b7cfef84037866ee03aa0927#707db112)
   Compiling bootloader-x86_64-common v0.11.13 (https://github.com/rust-osdev/bootloader.git?rev=707db11201b19541b7cfef84037866ee03aa0927#707db112)
   Compiling fastrand v2.5.0
   Compiling once_cell v1.21.4
   Compiling fatfs v0.3.6
   Compiling tempfile v3.27.0
   Compiling http v1.5.0
   Compiling gpt v3.1.0
   Compiling crypto-common v0.2.2
   Compiling block-buffer v0.12.1
   Compiling const-oid v0.10.2
   Compiling base64 v0.23.1
   Compiling subtle v2.6.1
   Compiling digest v0.11.3
   Compiling ureq-proto v0.6.2
   Compiling xattr v1.6.1
   Compiling webpki-roots v1.0.9
   Compiling filetime v0.2.29
   Compiling cpufeatures v0.3.1
   Compiling percent-encoding v2.3.2
   Compiling utf8-zero v0.8.1
   Compiling lzma-rs v0.3.0
   Compiling sha2 v0.11.0
   Compiling tar v0.4.46
   Compiling base16ct v1.0.0
   Compiling rustls-webpki v0.103.15
   Compiling breenix v0.1.0 (/root/breenix-t963b)
   Compiling ureq v3.4.1
   Compiling ovmf-prebuilt v0.2.9
    Finished `release` profile [optimized] target(s) in 37.21s
Guard: x86 kernel-thread dispatch allocation check (#791)
  ELF:      /root/breenix-t963b/target/x86_64-unknown-none/release/deps/artifact/kernel-0c2106fd652894df/bin/kernel-0c2106fd652894df
  sha256:   42a4b9e96df3aa93a36c08718a2b8d23a574f73585b15a0c66a2a71df90539ec
  objdump:  /root/.rustup/toolchains/nightly-2025-06-24-x86_64-unknown-linux-gnu/lib/rustlib/x86_64-unknown-linux-gnu/bin/llvm-objdump
  readelf:  readelf
  function: setup_kernel_thread_return (its own body and its closures)
  symbols in scope: 3
  call targets resolved: 14
[0;32mPASS:[0m 0 allocating call targets in 3 in-scope symbol(s), 14 edge(s) checked.
   Compiling kernel v0.1.0 (/root/breenix-t963b/kernel)
   Compiling breenix v0.1.0 (/root/breenix-t963b)
    Finished `release` profile [optimized] target(s) in 17.25s
     Running `target/release/qemu-uefi`
[qemu-uefi] Using UEFI image: /root/breenix-t963b/target/release/build/breenix-d924c107d332c75a/out/breenix-uefi.img (8454144 bytes)
   Compiling proc-macro2 v1.0.107
   Compiling unicode-ident v1.0.24
   Compiling quote v1.0.47
   Compiling version_check v0.9.5
   Compiling syn v1.0.109
   Compiling serde_core v1.0.229
   Compiling zmij v1.0.23
   Compiling unicode-width v0.1.14
   Compiling unicode-segmentation v1.13.3
   Compiling serde v1.0.229
   Compiling serde_json v1.0.151
   Compiling textwrap v0.11.0
   Compiling anyhow v1.0.104
   Compiling bitflags v1.3.2
   Compiling proc-macro-error-attr v1.0.4
   Compiling proc-macro-error v1.0.4
   Compiling clap v2.34.0
   Compiling memchr v2.8.3
   Compiling heck v0.3.3
   Compiling itoa v1.0.18
   Compiling lazy_static v1.5.0
   Compiling glob v0.3.4
   Compiling syn v3.0.5
   Compiling serde_derive v1.0.229
   Compiling structopt-derive v0.4.18
   Compiling structopt v0.3.26
   Compiling xtask v0.1.0 (/root/breenix-t963b/xtask)
    Finished `dev` profile [unoptimized + debuginfo] target(s) in 10.53s
     Running `target/debug/xtask create-test-disk`
Creating test disk image...
  Including std test: hello_std_real (227224 bytes)
  Found 154 test binaries
  Added: access_test (178016 bytes, sectors 128-475)
  Added: alarm_test (182832 bytes, sectors 476-833)
  Added: argv_test (184408 bytes, sectors 834-1194)
  Added: bcheck (299192 bytes, sectors 1195-1779)
  Added: bfontpicker (346208 bytes, sectors 1780-2456)
  Added: biconkit (248040 bytes, sectors 2457-2941)
  Added: blauncher (325312 bytes, sectors 2942-3577)
  Added: bless (185696 bytes, sectors 3578-3940)
  Added: block_eintr_oracle (190088 bytes, sectors 3941-4312)
  Added: blocking_recv_test (188184 bytes, sectors 4313-4680)
  Added: blog (331040 bytes, sectors 4681-5327)
  Added: blogd (182032 bytes, sectors 5328-5683)
  Added: bounce (275096 bytes, sectors 5684-6221)
  Added: brk_test (182560 bytes, sectors 6222-6578)
  Added: bsh (579376 bytes, sectors 6579-7710)
  Added: bssh (322584 bytes, sectors 7711-8341)
  Added: bsshd (314344 bytes, sectors 8342-8955)
  Added: bterm (338560 bytes, sectors 8956-9617)
  Added: btop (184256 bytes, sectors 9618-9977)
  Added: btrace (199000 bytes, sectors 9978-10366)
  Added: burl (483384 bytes, sectors 10367-11311)
  Added: bwm (331344 bytes, sectors 11312-11959)
  Added: cat_test (183312 bytes, sectors 11960-12318)
  Added: clock_gettime_test (184632 bytes, sectors 12319-12679)
  Added: cloexec_test (192656 bytes, sectors 12680-13056)
  Added: clonevm_exec_test (184720 bytes, sectors 13057-13417)
  Added: concurrent_recv_stress (189016 bytes, sectors 13418-13787)
  Added: confetti (189312 bytes, sectors 13788-14157)
  Added: counter (177712 bytes, sectors 14158-14505)
  Added: cow_cleanup_test (182608 bytes, sectors 14506-14862)
  Added: cow_oom_test (182576 bytes, sectors 14863-15219)
  Added: cow_readonly_test (187112 bytes, sectors 15220-15585)
  Added: cow_signal_test (188384 bytes, sectors 15586-15953)
  Added: cow_sole_owner_test (187080 bytes, sectors 15954-16319)
  Added: cow_stress_test (187168 bytes, sectors 16320-16685)
  Added: cp_mv_argv_test (182880 bytes, sectors 16686-17043)
  Added: ctrl_c_test (188056 bytes, sectors 17044-17411)
  Added: cwd_test (182696 bytes, sectors 17412-17768)
  Added: demo (189776 bytes, sectors 17769-18139)
  Added: devfs_test (182512 bytes, sectors 18140-18496)
  Added: df_preempt_oracle (187712 bytes, sectors 18497-18863)
  Added: dns_test (195320 bytes, sectors 18864-19245)
  Added: dup_test (189224 bytes, sectors 19246-19615)
  Added: echo_argv_test (182544 bytes, sectors 19616-19972)
  Added: epoll_test (182904 bytes, sectors 19973-20330)
  Added: exec_argv_test (178280 bytes, sectors 20331-20679)
  Added: exec_from_ext2_test (188144 bytes, sectors 20680-21047)
  Added: exec_smoke (178136 bytes, sectors 21048-21395)
  Added: exec_smoke_target (185104 bytes, sectors 21396-21757)
  Added: exec_stack_argv_test (183504 bytes, sectors 21758-22116)
  Added: false_test (182632 bytes, sectors 22117-22473)
  Added: fart (191760 bytes, sectors 22474-22848)
  Added: fbinfo_test (187640 bytes, sectors 22849-23215)
  Added: fcntl_test (188816 bytes, sectors 23216-23584)
  Added: fifo_test (198520 bytes, sectors 23585-23972)
  Added: file_read_test (182472 bytes, sectors 23973-24329)
  Added: fork_memory_test (188736 bytes, sectors 24330-24698)
  Added: fork_pending_signal_test (187816 bytes, sectors 24699-25065)
  Added: fork_smoke (187680 bytes, sectors 25066-25432)
  Added: fork_state_test (189248 bytes, sectors 25433-25802)
  Added: fork_test (188168 bytes, sectors 25803-26170)
  Added: fs_block_alloc_test (188688 bytes, sectors 26171-26539)
  Added: fs_directory_test (183232 bytes, sectors 26540-26897)
  Added: fs_large_file_test (182680 bytes, sectors 26898-27254)
  Added: fs_link_test (182880 bytes, sectors 27255-27612)
  Added: fs_rename_test (182784 bytes, sectors 27613-27969)
  Added: fs_write_test (182968 bytes, sectors 27970-28327)
  Added: futex_handoff_oracle (178896 bytes, sectors 28328-28677)
  Added: getdents_test (184064 bytes, sectors 28678-29037)
  Added: guskit (391504 bytes, sectors 29038-29802)
  Added: head_test (183128 bytes, sectors 29803-30160)
  Added: heartbeat (189176 bytes, sectors 30161-30530)
  Added: hello_std_real (227224 bytes, sectors 30531-30974)
  Added: hello_time (177704 bytes, sectors 30975-31322)
  Added: hello_world (227224 bytes, sectors 31323-31766)
  Added: http_fetch_test (464448 bytes, sectors 31767-32674)
  Added: http_test (468608 bytes, sectors 32675-33590)
  Added: init (187560 bytes, sectors 33591-33957)
  Added: init_shell (262592 bytes, sectors 33958-34470)
  Added: itimer_test (183272 bytes, sectors 34471-34828)
  Added: job_control_test (187720 bytes, sectors 34829-35195)
  Added: job_table_test (192304 bytes, sectors 35196-35571)
  Added: kill_process_group_test (188552 bytes, sectors 35572-35940)
  Added: loopback_wake_test (190520 bytes, sectors 35941-36313)
  Added: ls_test (183368 bytes, sectors 36314-36672)
  Added: lseek_test (182584 bytes, sectors 36673-37029)
  Added: mkdir_argv_test (182744 bytes, sectors 37030-37386)
  Added: net_test (191656 bytes, sectors 37387-37761)
  Added: nonblock_eagain_test (179688 bytes, sectors 37762-38112)
  Added: nonblock_test (188816 bytes, sectors 38113-38481)
  Added: particles (194000 bytes, sectors 38482-38860)
  Added: pause_test (188432 bytes, sectors 38861-39229)
  Added: pipe2_test (188992 bytes, sectors 39230-39599)
  Added: pipe_concurrent_test (188792 bytes, sectors 39600-39968)
  Added: pipe_fifo_blocking_oracle (211544 bytes, sectors 39969-40382)
  Added: pipe_fifo_blocking_supervisor (178112 bytes, sectors 40383-40730)
  Added: pipe_fork_test (188896 bytes, sectors 40731-41099)
  Added: pipe_refcount_test (200016 bytes, sectors 41100-41490)
  Added: pipe_test (188320 bytes, sectors 41491-41858)
  Added: pipeline_test (191656 bytes, sectors 41859-42233)
  Added: poll_tcp_oracle (207256 bytes, sectors 42234-42638)
  Added: poll_test (189096 bytes, sectors 42639-43008)
  Added: pty_test (183080 bytes, sectors 43009-43366)
  Added: rectangles (197160 bytes, sectors 43367-43752)
  Added: register_init_test (177168 bytes, sectors 43753-44099)
  Added: resolution (191104 bytes, sectors 44100-44473)
  Added: rm_argv_test (182552 bytes, sectors 44474-44830)
  Added: select_test (188984 bytes, sectors 44831-45200)
  Added: session_test (188040 bytes, sectors 45201-45568)
  Added: shell_pipe_test (183200 bytes, sectors 45569-45926)
  Added: sigaltstack_test (189080 bytes, sectors 45927-46296)
  Added: sigchld_job_test (187600 bytes, sectors 46297-46663)
  Added: sigchld_test (182512 bytes, sectors 46664-47020)
  Added: sigkill_teardown_test (206800 bytes, sectors 47021-47424)
  Added: signal_exec_check (177952 bytes, sectors 47425-47772)
  Added: signal_exec_test (188792 bytes, sectors 47773-48141)
  Added: signal_fork_test (188232 bytes, sectors 48142-48509)
  Added: signal_handler_test (187968 bytes, sectors 48510-48877)
  Added: signal_regs_test (188280 bytes, sectors 48878-49245)
  Added: signal_return_test (188384 bytes, sectors 49246-49613)
  Added: signal_test (187936 bytes, sectors 49614-49981)
  Added: sigsuspend_test (188936 bytes, sectors 49982-50351)
  Added: simple_exit (170640 bytes, sectors 50352-50685)
  Added: simple_exit0 (170648 bytes, sectors 50686-51019)
  Added: sleep_debug_test (188664 bytes, sectors 51020-51388)
  Added: spawn_smoke_target (170656 bytes, sectors 51389-51722)
  Added: spinner (177712 bytes, sectors 51723-52070)
  Added: stdin_test (182352 bytes, sectors 52071-52427)
  Added: syscall_diagnostic_test (170920 bytes, sectors 52428-52761)
  Added: syscall_enosys (177600 bytes, sectors 52762-53108)
  Added: tail_test (183128 bytes, sectors 53109-53466)
  Added: tcp_blocking_test (203504 bytes, sectors 53467-53864)
  Added: tcp_client_test (187696 bytes, sectors 53865-54231)
  Added: tcp_cloexec_exec_test (189520 bytes, sectors 54232-54602)
  Added: tcp_dup_listener_test (188912 bytes, sectors 54603-54971)
  Added: tcp_socket_test (202360 bytes, sectors 54972-55367)
  Added: telnetd (184144 bytes, sectors 55368-55727)
  Added: test_mmap (182296 bytes, sectors 55728-56084)
  Added: timer_test (182224 bytes, sectors 56085-56440)
  Added: tones (184288 bytes, sectors 56441-56800)
  Added: true_test (182632 bytes, sectors 56801-57157)
  Added: tty_oracle (218472 bytes, sectors 57158-57584)
  Added: tty_test (188160 bytes, sectors 57585-57952)
  Added: udp_socket_test (193472 bytes, sectors 57953-58330)
  Added: unix_named_socket_test (195416 bytes, sectors 58331-58712)
  Added: unix_socket_test (205392 bytes, sectors 58713-59114)
  Added: unix_stream_blocking_oracle (208096 bytes, sectors 59115-59521)
  Added: unix_stream_blocking_supervisor (178120 bytes, sectors 59522-59869)
  Added: wait_stress (195624 bytes, sectors 59870-60252)
  Added: waitpid_test (188216 bytes, sectors 60253-60620)
  Added: wc_test (183704 bytes, sectors 60621-60979)
  Added: which_test (183032 bytes, sectors 60980-61337)
  Added: wnohang_timing_test (182608 bytes, sectors 61338-61694)
  Added: xhci_counters (183184 bytes, sectors 61695-62052)

Test disk created: target/test_binaries.img
  Binaries: 154
  Data size: 31666968 bytes (30.20 MB)
  Disk size: 62053 sectors (30.30 MB)
Creating ext2 disk image...
  Arch: x86_64
  Output: /root/breenix-t963b/target/ext2.img
  Size: 256MB
  Payload: 46MB (userspace binaries + fonts)
  Minimum image size for this payload: 71MB (incl. ext2 overhead + headroom)
  busybox.elf not found, attempting to build...
Error: x86_64-linux-musl-gcc not found in PATH

Install with:
  brew tap filosottile/musl-cross
  brew install musl-cross
  WARNING: BusyBox build failed (see build-busybox.sh for prerequisites)
  WARNING: busybox.elf not found, skipping coreutils
Installing other binaries...
  Installed 49 binaries in /bin
  Installed 3 binaries in /sbin
  Installed 0 C binaries in /usr/local/cbin
  Installed 101 test binaries in /usr/local/test/bin
  Installed 29 fonts in /usr/share/fonts
  Created /etc/fonts.conf
  Created /etc/hotkeys.conf
  Created /etc/init.js

ext2 filesystem contents:
total 11480
drwxr-xr-x  2 root root   4096 Sep  8 05:35 .
drwxr-xr-x 12 root root   4096 Sep  8 05:35 ..
-rwxr-xr-x  1 root root 299192 Sep  8 05:35 bcheck
-rwxr-xr-x  1 root root 346208 Sep  8 05:35 bfontpicker
-rwxr-xr-x  1 root root 248040 Sep  8 05:35 biconkit
-rwxr-xr-x  1 root root 325312 Sep  8 05:35 blauncher
-rwxr-xr-x  1 root root 185696 Sep  8 05:35 bless
-rwxr-xr-x  1 root root 190088 Sep  8 05:35 block_eintr_oracle
-rwxr-xr-x  1 root root 331040 Sep  8 05:35 blog
-rwxr-xr-x  1 root root 275096 Sep  8 05:35 bounce
-rwxr-xr-x  1 root root 579376 Sep  8 05:35 bsh
-rwxr-xr-x  1 root root 322584 Sep  8 05:35 bssh
-rwxr-xr-x  1 root root 314344 Sep  8 05:35 bsshd
-rwxr-xr-x  1 root root 338560 Sep  8 05:35 bterm
-rwxr-xr-x  1 root root 184256 Sep  8 05:35 btop
-rwxr-xr-x  1 root root 199000 Sep  8 05:35 btrace
-rwxr-xr-x  1 root root 483384 Sep  8 05:35 burl
-rwxr-xr-x  1 root root 331344 Sep  8 05:35 bwm
-rwxr-xr-x  1 root root 189016 Sep  8 05:35 concurrent_recv_stress
-rwxr-xr-x  1 root root 189312 Sep  8 05:35 confetti
-rwxr-xr-x  1 root root 177712 Sep  8 05:35 counter
-rwxr-xr-x  1 root root 189776 Sep  8 05:35 demo
-rwxr-xr-x  1 root root 187712 Sep  8 05:35 df_preempt_oracle
-rwxr-xr-x  1 root root 178136 Sep  8 05:35 exec_smoke
-rwxr-xr-x  1 root root 185104 Sep  8 05:35 exec_smoke_target
-rwxr-xr-x  1 root root 191760 Sep  8 05:35 fart
-rwxr-xr-x  1 root root 187680 Sep  8 05:35 fork_smoke
-rwxr-xr-x  1 root root 178896 Sep  8 05:35 futex_handoff_oracle
-rwxr-xr-x  1 root root 391504 Sep  8 05:35 guskit
-rwxr-xr-x  1 root root 189176 Sep  8 05:35 heartbeat
-rwxr-xr-x  1 root root 177704 Sep  8 05:35 hello_time
-rwxr-xr-x  1 root root 227224 Sep  8 05:35 hello_world
-rwxr-xr-x  1 root root 262592 Sep  8 05:35 init_shell
-rwxr-xr-x  1 root root 194000 Sep  8 05:35 particles
-rwxr-xr-x  1 root root 211544 Sep  8 05:35 pipe_fifo_blocking_oracle
-rwxr-xr-x  1 root root 178112 Sep  8 05:35 pipe_fifo_blocking_supervisor
-rwxr-xr-x  1 root root 207256 Sep  8 05:35 poll_tcp_oracle
-rwxr-xr-x  1 root root 197160 Sep  8 05:35 rectangles
-rwxr-xr-x  1 root root 191104 Sep  8 05:35 resolution
-rwxr-xr-x  1 root root 177952 Sep  8 05:35 signal_exec_check
-rwxr-xr-x  1 root root 170640 Sep  8 05:35 simple_exit
-rwxr-xr-x  1 root root 170648 Sep  8 05:35 simple_exit0
-rwxr-xr-x  1 root root 170656 Sep  8 05:35 spawn_smoke_target
-rwxr-xr-x  1 root root 177712 Sep  8 05:35 spinner
-rwxr-xr-x  1 root root 177600 Sep  8 05:35 syscall_enosys
-rwxr-xr-x  1 root root 184288 Sep  8 05:35 tones
-rwxr-xr-x  1 root root 218472 Sep  8 05:35 tty_oracle
-rwxr-xr-x  1 root root 208096 Sep  8 05:35 unix_stream_blocking_oracle
-rwxr-xr-x  1 root root 178120 Sep  8 05:35 unix_stream_blocking_supervisor
-rwxr-xr-x  1 root root 195624 Sep  8 05:35 wait_stress
-rwxr-xr-x  1 root root 183184 Sep  8 05:35 xhci_counters
  Test binaries in /usr/local/test/bin:
total 19572
drwxr-xr-x 2 root root   4096 Sep  8 05:35 .
drwxr-xr-x 3 root root   4096 Sep  8 05:35 ..
-rwxr-xr-x 1 root root 178016 Sep  8 05:35 access_test
-rwxr-xr-x 1 root root 182832 Sep  8 05:35 alarm_test
-rwxr-xr-x 1 root root 184408 Sep  8 05:35 argv_test
-rwxr-xr-x 1 root root 188184 Sep  8 05:35 blocking_recv_test
-rwxr-xr-x 1 root root 182560 Sep  8 05:35 brk_test
-rwxr-xr-x 1 root root 183312 Sep  8 05:35 cat_test
-rwxr-xr-x 1 root root 184632 Sep  8 05:35 clock_gettime_test
-rwxr-xr-x 1 root root 192656 Sep  8 05:35 cloexec_test
-rwxr-xr-x 1 root root 184720 Sep  8 05:35 clonevm_exec_test
-rwxr-xr-x 1 root root 182608 Sep  8 05:35 cow_cleanup_test
-rwxr-xr-x 1 root root 182576 Sep  8 05:35 cow_oom_test
-rwxr-xr-x 1 root root 187112 Sep  8 05:35 cow_readonly_test
-rwxr-xr-x 1 root root 188384 Sep  8 05:35 cow_signal_test
-rwxr-xr-x 1 root root 187080 Sep  8 05:35 cow_sole_owner_test
-rwxr-xr-x 1 root root 187168 Sep  8 05:35 cow_stress_test
-rwxr-xr-x 1 root root 182880 Sep  8 05:35 cp_mv_argv_test
-rwxr-xr-x 1 root root 188056 Sep  8 05:35 ctrl_c_test
-rwxr-xr-x 1 root root 182696 Sep  8 05:35 cwd_test
-rwxr-xr-x 1 root root 182512 Sep  8 05:35 devfs_test
-rwxr-xr-x 1 root root 195320 Sep  8 05:35 dns_test
-rwxr-xr-x 1 root root 189224 Sep  8 05:35 dup_test
-rwxr-xr-x 1 root root 182544 Sep  8 05:35 echo_argv_test
-rwxr-xr-x 1 root root 182904 Sep  8 05:35 epoll_test
-rwxr-xr-x 1 root root 178280 Sep  8 05:35 exec_argv_test
-rwxr-xr-x 1 root root 188144 Sep  8 05:35 exec_from_ext2_test
-rwxr-xr-x 1 root root 183504 Sep  8 05:35 exec_stack_argv_test
-rwxr-xr-x 1 root root 182632 Sep  8 05:35 false_test
-rwxr-xr-x 1 root root 187640 Sep  8 05:35 fbinfo_test
-rwxr-xr-x 1 root root 188816 Sep  8 05:35 fcntl_test
-rwxr-xr-x 1 root root 198520 Sep  8 05:35 fifo_test
-rwxr-xr-x 1 root root 182472 Sep  8 05:35 file_read_test
-rwxr-xr-x 1 root root 188736 Sep  8 05:35 fork_memory_test
-rwxr-xr-x 1 root root 187816 Sep  8 05:35 fork_pending_signal_test
-rwxr-xr-x 1 root root 189248 Sep  8 05:35 fork_state_test
-rwxr-xr-x 1 root root 188168 Sep  8 05:35 fork_test
-rwxr-xr-x 1 root root 188688 Sep  8 05:35 fs_block_alloc_test
-rwxr-xr-x 1 root root 183232 Sep  8 05:35 fs_directory_test
-rwxr-xr-x 1 root root 182680 Sep  8 05:35 fs_large_file_test
-rwxr-xr-x 1 root root 182880 Sep  8 05:35 fs_link_test
-rwxr-xr-x 1 root root 182784 Sep  8 05:35 fs_rename_test
-rwxr-xr-x 1 root root 182968 Sep  8 05:35 fs_write_test
-rwxr-xr-x 1 root root 184064 Sep  8 05:35 getdents_test
-rwxr-xr-x 1 root root 183128 Sep  8 05:35 head_test
-rwxr-xr-x 1 root root 464448 Sep  8 05:35 http_fetch_test
-rwxr-xr-x 1 root root 468608 Sep  8 05:35 http_test
-rwxr-xr-x 1 root root 183272 Sep  8 05:35 itimer_test
-rwxr-xr-x 1 root root 187720 Sep  8 05:35 job_control_test
-rwxr-xr-x 1 root root 192304 Sep  8 05:35 job_table_test
-rwxr-xr-x 1 root root 188552 Sep  8 05:35 kill_process_group_test
-rwxr-xr-x 1 root root 190520 Sep  8 05:35 loopback_wake_test
-rwxr-xr-x 1 root root 183368 Sep  8 05:35 ls_test
-rwxr-xr-x 1 root root 182584 Sep  8 05:35 lseek_test
-rwxr-xr-x 1 root root 182744 Sep  8 05:35 mkdir_argv_test
-rwxr-xr-x 1 root root 191656 Sep  8 05:35 net_test
-rwxr-xr-x 1 root root 179688 Sep  8 05:35 nonblock_eagain_test
-rwxr-xr-x 1 root root 188816 Sep  8 05:35 nonblock_test
-rwxr-xr-x 1 root root 188432 Sep  8 05:35 pause_test
-rwxr-xr-x 1 root root 188992 Sep  8 05:35 pipe2_test
-rwxr-xr-x 1 root root 188792 Sep  8 05:35 pipe_concurrent_test
-rwxr-xr-x 1 root root 188896 Sep  8 05:35 pipe_fork_test
-rwxr-xr-x 1 root root 200016 Sep  8 05:35 pipe_refcount_test
-rwxr-xr-x 1 root root 188320 Sep  8 05:35 pipe_test
-rwxr-xr-x 1 root root 191656 Sep  8 05:35 pipeline_test
-rwxr-xr-x 1 root root 189096 Sep  8 05:35 poll_test
-rwxr-xr-x 1 root root 183080 Sep  8 05:35 pty_test
-rwxr-xr-x 1 root root 177168 Sep  8 05:35 register_init_test
-rwxr-xr-x 1 root root 182552 Sep  8 05:35 rm_argv_test
-rwxr-xr-x 1 root root 188984 Sep  8 05:35 select_test
-rwxr-xr-x 1 root root 188040 Sep  8 05:35 session_test
-rwxr-xr-x 1 root root 183200 Sep  8 05:35 shell_pipe_test
-rwxr-xr-x 1 root root 189080 Sep  8 05:35 sigaltstack_test
-rwxr-xr-x 1 root root 187600 Sep  8 05:35 sigchld_job_test
-rwxr-xr-x 1 root root 182512 Sep  8 05:35 sigchld_test
-rwxr-xr-x 1 root root 206800 Sep  8 05:35 sigkill_teardown_test
-rwxr-xr-x 1 root root 188792 Sep  8 05:35 signal_exec_test
-rwxr-xr-x 1 root root 188232 Sep  8 05:35 signal_fork_test
-rwxr-xr-x 1 root root 187968 Sep  8 05:35 signal_handler_test
-rwxr-xr-x 1 root root 188280 Sep  8 05:35 signal_regs_test
-rwxr-xr-x 1 root root 188384 Sep  8 05:35 signal_return_test
-rwxr-xr-x 1 root root 187936 Sep  8 05:35 signal_test
-rwxr-xr-x 1 root root 188936 Sep  8 05:35 sigsuspend_test
-rwxr-xr-x 1 root root 188664 Sep  8 05:35 sleep_debug_test
-rwxr-xr-x 1 root root 182352 Sep  8 05:35 stdin_test
-rwxr-xr-x 1 root root 170920 Sep  8 05:35 syscall_diagnostic_test
-rwxr-xr-x 1 root root 183128 Sep  8 05:35 tail_test
-rwxr-xr-x 1 root root 203504 Sep  8 05:35 tcp_blocking_test
-rwxr-xr-x 1 root root 187696 Sep  8 05:35 tcp_client_test
-rwxr-xr-x 1 root root 189520 Sep  8 05:35 tcp_cloexec_exec_test
-rwxr-xr-x 1 root root 188912 Sep  8 05:35 tcp_dup_listener_test
-rwxr-xr-x 1 root root 202360 Sep  8 05:35 tcp_socket_test
-rwxr-xr-x 1 root root 182296 Sep  8 05:35 test_mmap
-rwxr-xr-x 1 root root 182224 Sep  8 05:35 timer_test
-rwxr-xr-x 1 root root 182632 Sep  8 05:35 true_test
-rwxr-xr-x 1 root root 188160 Sep  8 05:35 tty_test
-rwxr-xr-x 1 root root 193472 Sep  8 05:35 udp_socket_test
-rwxr-xr-x 1 root root 195416 Sep  8 05:35 unix_named_socket_test
-rwxr-xr-x 1 root root 205392 Sep  8 05:35 unix_socket_test
-rwxr-xr-x 1 root root 188216 Sep  8 05:35 waitpid_test
-rwxr-xr-x 1 root root 183704 Sep  8 05:35 wc_test
-rwxr-xr-x 1 root root 183032 Sep  8 05:35 which_test
-rwxr-xr-x 1 root root 182608 Sep  8 05:35 wnohang_timing_test
-rw-r--r-- 1 root root 679 Sep  8 05:35 /root/breenix-t963b-tmp/tmp.FzJQcNu0MI/etc/init.js
-rw-r--r-- 1 root root 349 Sep  8 05:35 /root/breenix-t963b-tmp/tmp.FzJQcNu0MI/etc/hotkeys.conf
-rw-r--r-- 1 root root 445 Sep  8 05:35 /root/breenix-t963b-tmp/tmp.FzJQcNu0MI/etc/fonts.conf
-rw-r--r-- 1 root root 367 Sep  8 05:35 /root/breenix-t963b-tmp/tmp.FzJQcNu0MI/etc/bshrc
-rw-r--r-- 1 root root 26 Sep  8 05:35 /root/breenix-t963b-tmp/tmp.FzJQcNu0MI/etc/group
-rw-r--r-- 1 root root 83 Sep  8 05:35 /root/breenix-t963b-tmp/tmp.FzJQcNu0MI/etc/passwd
-rw-r--r-- 1 root root 20 Sep  8 05:35 /root/breenix-t963b-tmp/tmp.FzJQcNu0MI/test/nested.txt
-rw-r--r-- 1 root root 17 Sep  8 05:35 /root/breenix-t963b-tmp/tmp.FzJQcNu0MI/hello.txt
-rw-r--r-- 1 root root 19 Sep  8 05:35 /root/breenix-t963b-tmp/tmp.FzJQcNu0MI/trunctest.txt
-rw-r--r-- 1 root root 20 Sep  8 05:35 /root/breenix-t963b-tmp/tmp.FzJQcNu0MI/deep/path/to/file/data.txt
-rw-r--r-- 1 root root 111 Sep  8 05:35 /root/breenix-t963b-tmp/tmp.FzJQcNu0MI/lines.txt
-rw-r--r-- 1 root root 0 Sep  8 05:35 /root/breenix-t963b-tmp/tmp.FzJQcNu0MI/empty.txt
-rw-r--r-- 1 root root 351884 Sep  8 05:35 /root/breenix-t963b-tmp/tmp.FzJQcNu0MI/usr/share/fonts/Ubuntu-Regular.ttf
-rw-r--r-- 1 root root 300724 Sep  8 05:35 /root/breenix-t963b-tmp/tmp.FzJQcNu0MI/usr/share/fonts/PlayfairDisplay-Regular.ttf
-rw-r--r-- 1 root root 1708408 Sep  8 05:35 /root/breenix-t963b-tmp/tmp.FzJQcNu0MI/usr/share/fonts/NotoSansMono-Regular.ttf
-rw-r--r-- 1 root root 598060 Sep  8 05:35 /root/breenix-t963b-tmp/tmp.FzJQcNu0MI/usr/share/fonts/CascadiaCode-Regular.ttf
-rw-r--r-- 1 root root 656568 Sep  8 05:35 /root/breenix-t963b-tmp/tmp.FzJQcNu0MI/usr/share/fonts/Lato-Regular.ttf
-rw-r--r-- 1 root root 646340 Sep  8 05:35 /root/breenix-t963b-tmp/tmp.FzJQcNu0MI/usr/share/fonts/SourceSans3-Regular.ttf
-rw-r--r-- 1 root root 744936 Sep  8 05:35 /root/breenix-t963b-tmp/tmp.FzJQcNu0MI/usr/share/fonts/Montserrat-Regular.ttf
-rw-r--r-- 1 root root 309408 Sep  8 05:35 /root/breenix-t963b-tmp/tmp.FzJQcNu0MI/usr/share/fonts/Hack-Regular.ttf
-rw-r--r-- 1 root root 273900 Sep  8 05:35 /root/breenix-t963b-tmp/tmp.FzJQcNu0MI/usr/share/fonts/JetBrainsMono-Regular.ttf
-rw-r--r-- 1 root root 282844 Sep  8 05:35 /root/breenix-t963b-tmp/tmp.FzJQcNu0MI/usr/share/fonts/Merriweather-Regular.ttf
-rw-r--r-- 1 root root 135580 Sep  8 05:35 /root/breenix-t963b-tmp/tmp.FzJQcNu0MI/usr/share/fonts/IBMPlexMono-Regular.ttf
-rw-r--r-- 1 root root 488584 Sep  8 05:35 /root/breenix-t963b-tmp/tmp.FzJQcNu0MI/usr/share/fonts/Roboto-Regular.ttf
-rw-r--r-- 1 root root 276932 Sep  8 05:35 /root/breenix-t963b-tmp/tmp.FzJQcNu0MI/usr/share/fonts/Nunito-Regular.ttf
-rw-r--r-- 1 root root 340712 Sep  8 05:35 /root/breenix-t963b-tmp/tmp.FzJQcNu0MI/usr/share/fonts/DejaVuSansMono.ttf
-rw-r--r-- 1 root root 2049096 Sep  8 05:35 /root/breenix-t963b-tmp/tmp.FzJQcNu0MI/usr/share/fonts/NotoSans-Regular.ttf
-rw-r--r-- 1 root root 1887192 Sep  8 05:35 /root/breenix-t963b-tmp/tmp.FzJQcNu0MI/usr/share/fonts/NotoSerif-Regular.ttf
-rw-r--r-- 1 root root 359048 Sep  8 05:35 /root/breenix-t963b-tmp/tmp.FzJQcNu0MI/usr/share/fonts/PTSerif-Regular.ttf
-rw-r--r-- 1 root root 212196 Sep  8 05:35 /root/breenix-t963b-tmp/tmp.FzJQcNu0MI/usr/share/fonts/Lora-Regular.ttf
-rw-r--r-- 1 root root 312352 Sep  8 05:35 /root/breenix-t963b-tmp/tmp.FzJQcNu0MI/usr/share/fonts/Raleway-Regular.ttf
-rw-r--r-- 1 root root 183700 Sep  8 05:35 /root/breenix-t963b-tmp/tmp.FzJQcNu0MI/usr/share/fonts/RobotoMono-Regular.ttf
-rw-r--r-- 1 root root 1209508 Sep  8 05:35 /root/breenix-t963b-tmp/tmp.FzJQcNu0MI/usr/share/fonts/SourceSerif4-Regular.ttf
-rw-r--r-- 1 root root 212340 Sep  8 05:35 /root/breenix-t963b-tmp/tmp.FzJQcNu0MI/usr/share/fonts/SourceCodePro-Regular.ttf
-rw-r--r-- 1 root root 160316 Sep  8 05:35 /root/breenix-t963b-tmp/tmp.FzJQcNu0MI/usr/share/fonts/Poppins-Regular.ttf
-rw-r--r-- 1 root root 532636 Sep  8 05:35 /root/breenix-t963b-tmp/tmp.FzJQcNu0MI/usr/share/fonts/OpenSans-Regular.ttf
-rw-r--r-- 1 root root 757076 Sep  8 05:35 /root/breenix-t963b-tmp/tmp.FzJQcNu0MI/usr/share/fonts/DejaVuSans.ttf
-rw-r--r-- 1 root root 876576 Sep  8 05:35 /root/breenix-t963b-tmp/tmp.FzJQcNu0MI/usr/share/fonts/Inter-Regular.ttf
-rw-r--r-- 1 root root 205748 Sep  8 05:35 /root/breenix-t963b-tmp/tmp.FzJQcNu0MI/usr/share/fonts/UbuntuMono-Regular.ttf
-rw-r--r-- 1 root root 260364 Sep  8 05:35 /root/breenix-t963b-tmp/tmp.FzJQcNu0MI/usr/share/fonts/FiraCode-Regular.ttf
-rw-r--r-- 1 root root 108684 Sep  8 05:35 /root/breenix-t963b-tmp/tmp.FzJQcNu0MI/usr/share/fonts/Inconsolata-Regular.ttf
-rwxr-xr-x 1 root root 182032 Sep  8 05:35 /root/breenix-t963b-tmp/tmp.FzJQcNu0MI/sbin/blogd
-rwxr-xr-x 1 root root 187560 Sep  8 05:35 /root/breenix-t963b-tmp/tmp.FzJQcNu0MI/sbin/init
-rwxr-xr-x 1 root root 184144 Sep  8 05:35 /root/breenix-t963b-tmp/tmp.FzJQcNu0MI/sbin/telnetd
ext2 image created successfully

ext2 disk created and copied to testdata/:
  /root/breenix-t963b/target/ext2.img
  /root/breenix-t963b/testdata/ext2.img
  Size: 256M

Contents:
  /bin/busybox - BusyBox multi-call binary
  /bin/ls - native Breenix ls
  /bin/{cat,head,tail,...} - BusyBox hardlinks
  /sbin/{true,false} - BusyBox hardlinks
  /bin/* - Other userspace binaries (demos)
  /usr/local/test/bin/* - Test binaries (*_test, test_*)
  /sbin/telnetd - telnet daemon
  /hello.txt - test file (1 line)
  /lines.txt - multi-line test file (15 lines) for head/tail/wc
  /test/nested.txt - nested test file
  /deep/path/to/file/data.txt - deep nested test file
QEMU HOST LOCK: host qemu-system-x86_64 count before acquire: 0
QEMU HOST LOCK: waiting for /root/.cache/breenix/x86-qemu.lock (30s elapsed, host qemu-system-x86_64 count=0)...
QEMU HOST LOCK: waiting for /root/.cache/breenix/x86-qemu.lock (60s elapsed, host qemu-system-x86_64 count=0)...
QEMU HOST LOCK: waiting for /root/.cache/breenix/x86-qemu.lock (90s elapsed, host qemu-system-x86_64 count=0)...
QEMU HOST LOCK: waiting for /root/.cache/breenix/x86-qemu.lock (120s elapsed, host qemu-system-x86_64 count=0)...
QEMU HOST LOCK: waiting for /root/.cache/breenix/x86-qemu.lock (150s elapsed, host qemu-system-x86_64 count=0)...
QEMU HOST LOCK: waiting for /root/.cache/breenix/x86-qemu.lock (180s elapsed, host qemu-system-x86_64 count=0)...
QEMU HOST LOCK: waiting for /root/.cache/breenix/x86-qemu.lock (210s elapsed, host qemu-system-x86_64 count=0)...
QEMU HOST LOCK: waiting for /root/.cache/breenix/x86-qemu.lock (240s elapsed, host qemu-system-x86_64 count=0)...
QEMU HOST LOCK: waiting for /root/.cache/breenix/x86-qemu.lock (270s elapsed, host qemu-system-x86_64 count=0)...
QEMU HOST LOCK: waiting for /root/.cache/breenix/x86-qemu.lock (300s elapsed, host qemu-system-x86_64 count=0)...
QEMU HOST LOCK: waiting for /root/.cache/breenix/x86-qemu.lock (330s elapsed, host qemu-system-x86_64 count=0)...
QEMU HOST LOCK: waiting for /root/.cache/breenix/x86-qemu.lock (360s elapsed, host qemu-system-x86_64 count=0)...
QEMU HOST LOCK: waiting for /root/.cache/breenix/x86-qemu.lock (390s elapsed, host qemu-system-x86_64 count=0)...
QEMU HOST LOCK: waiting for /root/.cache/breenix/x86-qemu.lock (420s elapsed, host qemu-system-x86_64 count=0)...
QEMU HOST LOCK: waiting for /root/.cache/breenix/x86-qemu.lock (450s elapsed, host qemu-system-x86_64 count=0)...
QEMU HOST LOCK: waiting for /root/.cache/breenix/x86-qemu.lock (480s elapsed, host qemu-system-x86_64 count=0)...
QEMU HOST LOCK: waiting for /root/.cache/breenix/x86-qemu.lock (510s elapsed, host qemu-system-x86_64 count=0)...
QEMU HOST LOCK: waiting for /root/.cache/breenix/x86-qemu.lock (540s elapsed, host qemu-system-x86_64 count=0)...
QEMU HOST LOCK: waiting for /root/.cache/breenix/x86-qemu.lock (570s elapsed, host qemu-system-x86_64 count=0)...
QEMU HOST LOCK: waiting for /root/.cache/breenix/x86-qemu.lock (600s elapsed, host qemu-system-x86_64 count=0)...
QEMU HOST LOCK: waiting for /root/.cache/breenix/x86-qemu.lock (630s elapsed, host qemu-system-x86_64 count=0)...
QEMU HOST LOCK: waiting for /root/.cache/breenix/x86-qemu.lock (660s elapsed, host qemu-system-x86_64 count=0)...
QEMU HOST LOCK: waiting for /root/.cache/breenix/x86-qemu.lock (690s elapsed, host qemu-system-x86_64 count=0)...
QEMU HOST LOCK: waiting for /root/.cache/breenix/x86-qemu.lock (720s elapsed, host qemu-system-x86_64 count=0)...
QEMU HOST LOCK: waiting for /root/.cache/breenix/x86-qemu.lock (750s elapsed, host qemu-system-x86_64 count=0)...
QEMU HOST LOCK: waiting for /root/.cache/breenix/x86-qemu.lock (780s elapsed, host qemu-system-x86_64 count=0)...
QEMU HOST LOCK: waiting for /root/.cache/breenix/x86-qemu.lock (810s elapsed, host qemu-system-x86_64 count=0)...
  [GATE_BOOT_FACTS:boot=1:host_ms=1788846586973-1788846961668:qemu_at_start=0:load_at_start=1.34:qemu_at_end=0:load_at_end=2.08:qemu_cpu_s=NA:guest_uptime_ms=NA:ended_by=crash_marker]
  Device census: [ INFO] kernel::drivers::pci: PCI: Enumeration complete. Found 9 devices (3 VirtIO block, 1 network)
  PCI function facts (PCI_FN_TOTAL 9):
    PCI_FN 00:00.0 8086:1237 class=06/00 bar0=0x0/0x0 irq=0xff
    PCI_FN 00:01.0 8086:7000 class=06/01 bar0=0x0/0x0 irq=0xff
    PCI_FN 00:01.1 8086:7010 class=01/01 bar0=0x0/0x0 irq=0xff
    PCI_FN 00:01.3 8086:7113 class=06/80 bar0=0x0/0x0 irq=0x0a
    PCI_FN 00:02.0 1234:1111 class=03/00 bar0=0x80000000/0x1000000 irq=0xff
    PCI_FN 00:03.0 8086:100e class=02/00 bar0=0x81080000/0x20000 irq=0x0b
    PCI_FN 00:04.0 1af4:1001 class=01/00 bar0=0xc100/0x80 irq=0x0b
    PCI_FN 00:05.0 1af4:1001 class=01/00 bar0=0xc080/0x80 irq=0x0a
    PCI_FN 00:06.0 1af4:1001 class=01/00 bar0=0xc000/0x80 irq=0x0a
x86 frame-custody gate run 1: FAIL (set -e abort at docker/qemu/run-x86-boot-tests.sh:1070, exit 1)
  failing command: test "$passed" = true
[CAPTURE_DRAIN:capture=complete:seq=0:edge=PANIC:cpu=0:records=76:drain_ms=300]
[CAPTURE_DRAIN_EVENTS:last_events=UNKNOWN(2920305),CTX_SWITCH_ENTRY(65540),UNKNOWN(2301716),CTX_SWITCH_ENTRY(262146),UNKNOWN(2532946),CTX_SWITCH_ENTRY(131073),UNKNOWN(2920305),TIMER_TICK(41152)]
--- serial tail (last 200 lines per file, /root/breenix-t963b-tmp/breenix_x86_boot_tests_1) ---
==> /root/breenix-t963b-tmp/breenix_x86_boot_tests_1/serial_kernel.txt <==
[DEBUG] kernel::memory::process_memory: Testing read access at 0x28004b4b000
[DEBUG] kernel::memory::process_memory: Read test successful
[DEBUG] kernel::memory::process_memory: Page table pointer: 0x28004b4b000
[DEBUG] kernel::memory::process_memory: About to clear the new page table
[DEBUG] kernel::memory::process_memory: Successfully cleared new page table (all entries set to unused)
[DEBUG] kernel::memory::process_memory: ProcessPageTable::new() - Using current CR3: 0x65e000 for copying
Next thread from queue: 1, cpu: 0
Idle thread 1 is alone, continuing (no switch needed)
[DEBUG] kernel::memory::process_memory: Current L4 table virtual address: 0x2800065e000
[DEBUG] kernel::memory::process_memory: Examining kernel page table upper half entries:
[DEBUG] kernel::memory::process_memory:   Kernel PML4[256]: phys=0x65d000, flags=PageTableFlags(PRESENT | WRITABLE)
[DEBUG] kernel::memory::process_memory:   Kernel PML4[257]: phys=0x65d000, flags=PageTableFlags(PRESENT | WRITABLE)
[DEBUG] kernel::memory::process_memory:   Kernel PML4[258]: phys=0x65d000, flags=PageTableFlags(PRESENT | WRITABLE)
[DEBUG] kernel::memory::process_memory:   Kernel PML4[259]: phys=0x65d000, flags=PageTableFlags(PRESENT | WRITABLE)
[DEBUG] kernel::memory::process_memory:   Kernel PML4[260]: phys=0x65d000, flags=PageTableFlags(PRESENT | WRITABLE)
[DEBUG] kernel::memory::process_memory:   Kernel PML4[509]: phys=0x65d000, flags=PageTableFlags(PRESENT | WRITABLE)
[DEBUG] kernel::memory::process_memory:   Kernel PML4[510]: phys=0x65d000, flags=PageTableFlags(PRESENT | WRITABLE)
[DEBUG] kernel::memory::process_memory:   Kernel PML4[511]: phys=0x245000, flags=PageTableFlags(PRESENT | WRITABLE | GLOBAL)
[DISPATCH_STRAND_CENSUS:seq=286:tick=40439:ms=353926:saved=0:stranded=0:tids=-:tid_overflow=0:ledger_overflow=0:save_no_thread=1:save_no_proc=1:save_no_pm=1:sig_pending_blocked=1:sig_ctx_blocked=1:sig_delivered_blocked=1:idle_no_stack=1:kthread_no_info=1:user_no_kstack=1:sig_deliverable_user=1]
[DEBUG] kernel::memory::process_memory: Found 256 valid upper-half kernel PML4 entries (256-511)
[DEBUG] kernel::memory::process_memory: Copied 256 upper-half kernel PML4 entries (256-511)
[ INFO] kernel::memory::process_memory: PHASE2: Using master kernel PML4 for process creation
[ INFO] kernel::memory::process_memory: PHASE2-DEBUG: Reading master PML4 from virtual address 0x2800065e000
[ INFO] kernel::memory::process_memory: PHASE2-DEBUG: Master PML4[402] = Ok(PhysFrame[4KiB](0x65f000))
[ INFO] kernel::memory::process_memory: PHASE2-DEBUG: Master PML4[403] = Ok(PhysFrame[4KiB](0x660000))
[ INFO] kernel::memory::process_memory: PHASE2-DEBUG: &master_pml4[403] is at 0x2800065ec98
[ INFO] kernel::memory::process_memory: CRITICAL: Copied PML4[2] (direct phys mapping) from master with kernel-only flags: PageTableFlags(PRESENT | WRITABLE | ACCESSED)
[ INFO] kernel::memory::process_memory: PHASE2: Copied 6 kernel-only lower-half entries (skipped userspace), PML4[0] left empty
[ INFO] kernel::memory::process_memory: PHASE2: Created fresh PDPT for PML4[0] at frame 0x4b4d000
[ INFO] kernel::memory::process_memory: PHASE2: PML4[402] (kernel stacks): master=PhysFrame[4KiB](0x65f000), copied=PhysFrame[4KiB](0x65f000)
[ INFO] kernel::memory::process_memory: PHASE2: PML4[403] (IST stacks): master=PhysFrame[4KiB](0x660000), copied=PhysFrame[4KiB](0x660000)
[ INFO] kernel::memory::process_memory: PHASE2: PML4[510]: master=PhysFrame[4KiB](0x65d000), copied=PhysFrame[4KiB](0x65d000)
[ INFO] kernel::memory::process_memory: PHASE2: PML4[511] (kernel high-half): master=PhysFrame[4KiB](0x245000), copied=PhysFrame[4KiB](0x245000)
[ INFO] kernel::memory::process_memory: PHASE2: Inherited 256 upper-half kernel mappings (256-511) from master PML4
[ INFO] kernel::memory::process_memory: ✓ INVARIANT OK: PML4[402]=PhysFrame[4KiB](0x65f000) != PML4[403]=PhysFrame[4KiB](0x660000)
[ INFO] kernel::memory::process_memory: PHASE2: PML4[0] left empty for process-specific userspace mappings (0x0 - 0x7FFFFFFFFF)
[ INFO] kernel::memory::process_memory: PHASE3: Skipping manual identity mapping - PML4[0] already copied from master
[DEBUG] kernel::memory::process_memory: Creating OffsetPageTable with L4 frame 0x4b4b000 and phys_offset 0x28000000000
[DEBUG] kernel::memory::process_memory: ProcessPageTable created with global kernel page tables
[ INFO] kernel::process::manager: Forking process 100 'kernel_stack_ownership_parent' -> child PID 101
[ INFO] kernel::process::manager: fork_process_with_page_table: Set up 0 pages for CoW sharing
[DEBUG] kernel::memory::kernel_stack: Mapping 128 pages for kernel stack 5
[DEBUG] kernel::memory::kernel_stack: Allocated kernel stack 5 at 0xffffc90000286000-0xffffc90000306000 (guard at 0xffffc90000285000)
[DEBUG] kernel::ipc::fd: FdTable::drop() - closing all fds and decrementing pipe counts
[DEBUG] kernel::ipc::fd: FdTable::drop() - closing all fds and decrementing pipe counts
[DISPATCH_STRAND_CENSUS:seq=287:tick=40570:ms=354941:saved=0:stranded=0:tids=-:tid_overflow=0:ledger_overflow=0:save_no_thread=1:save_no_proc=1:save_no_pm=1:sig_pending_blocked=1:sig_ctx_blocked=1:sig_delivered_blocked=1:idle_no_stack=1:kthread_no_info=1:user_no_kstack=1:sig_deliverable_user=1]
[ INFO] kernel::process::manager: Forking process 100 'kernel_stack_ownership_parent' -> child PID 102
[DEBUG] kernel::process::manager: fork_process: About to create child page table
[DEBUG] kernel::memory::process_memory: ProcessPageTable::new() - Current RSP: 0xffffc900000f84c8
[DEBUG] kernel::memory::process_memory: ProcessPageTable::new() - About to allocate L4 frame
[DEBUG] kernel::memory::process_memory: Successfully allocated frame: 0x4b4b000
[DEBUG] kernel::memory::process_memory: Allocated L4 frame: 0x4b4b000
[DEBUG] kernel::memory::process_memory: Physical memory offset: 0x28000000000
[DEBUG] kernel::memory::process_memory: New L4 table virtual address: 0x28004b4b000
[DEBUG] kernel::memory::process_memory: About to create mutable reference to page table at 0x28004b4b000
[DEBUG] kernel::memory::process_memory: Testing read access at 0x28004b4b000
[DEBUG] kernel::memory::process_memory: Read test successful
[DEBUG] kernel::memory::process_memory: Page table pointer: 0x28004b4b000
[DEBUG] kernel::memory::process_memory: About to clear the new page table
[DEBUG] kernel::memory::process_memory: Successfully cleared new page table (all entries set to unused)
[DEBUG] kernel::memory::process_memory: ProcessPageTable::new() - Using current CR3: 0x65e000 for copying
[DEBUG] kernel::memory::process_memory: Current L4 table virtual address: 0x2800065e000
[DEBUG] kernel::memory::process_memory: Examining kernel page table upper half entries:
[DEBUG] kernel::memory::process_memory:   Kernel PML4[256]: phys=0x65d000, flags=PageTableFlags(PRESENT | WRITABLE)
[DEBUG] kernel::memory::process_memory:   Kernel PML4[257]: phys=0x65d000, flags=PageTableFlags(PRESENT | WRITABLE)
[DEBUG] kernel::memory::process_memory:   Kernel PML4[258]: phys=0x65d000, flags=PageTableFlags(PRESENT | WRITABLE)
[DEBUG] kernel::memory::process_memory:   Kernel PML4[259]: phys=0x65d000, flags=PageTableFlags(PRESENT | WRITABLE)
[DEBUG] kernel::memory::process_memory:   Kernel PML4[260]: phys=0x65d000, flags=PageTableFlags(PRESENT | WRITABLE)
[DEBUG] kernel::memory::process_memory:   Kernel PML4[509]: phys=0x65d000, flags=PageTableFlags(PRESENT | WRITABLE)
[DEBUG] kernel::memory::process_memory:   Kernel PML4[510]: phys=0x65d000, flags=PageTableFlags(PRESENT | WRITABLE)
[DEBUG] kernel::memory::process_memory:   Kernel PML4[511]: phys=0x245000, flags=PageTableFlags(PRESENT | WRITABLE | GLOBAL)
[DEBUG] kernel::memory::process_memory: Found 256 valid upper-half kernel PML4 entries (256-511)
[DEBUG] kernel::memory::process_memory: Copied 256 upper-half kernel PML4 entries (256-511)
[ INFO] kernel::memory::process_memory: PHASE2: Using master kernel PML4 for process creation
[ INFO] kernel::memory::process_memory: PHASE2-DEBUG: Reading master PML4 from virtual address 0x2800065e000
[ INFO] kernel::memory::process_memory: PHASE2-DEBUG: Master PML4[402] = Ok(PhysFrame[4KiB](0x65f000))
[ INFO] kernel::memory::process_memory: PHASE2-DEBUG: Master PML4[403] = Ok(PhysFrame[4KiB](0x660000))
[ INFO] kernel::memory::process_memory: PHASE2-DEBUG: &master_pml4[403] is at 0x2800065ec98
[ INFO] kernel::memory::process_memory: CRITICAL: Copied PML4[2] (direct phys mapping) from master with kernel-only flags: PageTableFlags(PRESENT | WRITABLE | ACCESSED)
[ INFO] kernel::memory::process_memory: PHASE2: Copied 6 kernel-only lower-half entries (skipped userspace), PML4[0] left empty
[ INFO] kernel::memory::process_memory: PHASE2: Created fresh PDPT for PML4[0] at frame 0x4b4d000
[ INFO] kernel::memory::process_memory: PHASE2: PML4[402] (kernel stacks): master=PhysFrame[4KiB](0x65f000), copied=PhysFrame[4KiB](0x65f000)
[ INFO] kernel::memory::process_memory: PHASE2: PML4[403] (IST stacks): master=PhysFrame[4KiB](0x660000), copied=PhysFrame[4KiB](0x660000)
[ INFO] kernel::memory::process_memory: PHASE2: PML4[510]: master=PhysFrame[4KiB](0x65d000), copied=PhysFrame[4KiB](0x65d000)
[ INFO] kernel::memory::process_memory: PHASE2: PML4[511] (kernel high-half): master=PhysFrame[4KiB](0x245000), copied=PhysFrame[4KiB](0x245000)
[ INFO] kernel::memory::process_memory: PHASE2: Inherited 256 upper-half kernel mappings (256-511) from master PML4
[ INFO] kernel::memory::process_memory: ✓ INVARIANT OK: PML4[402]=PhysFrame[4KiB](0x65f000) != PML4[403]=PhysFrame[4KiB](0x660000)
[ INFO] kernel::memory::process_memory: PHASE2: PML4[0] left empty for process-specific userspace mappings (0x0 - 0x7FFFFFFFFF)
[ INFO] kernel::memory::process_memory: PHASE3: Skipping manual identity mapping - PML4[0] already copied from master
[DEBUG] kernel::memory::process_memory: Creating OffsetPageTable with L4 frame 0x4b4b000 and phys_offset 0x28000000000
[DEBUG] kernel::memory::process_memory: ProcessPageTable created with global kernel page tables
[DEBUG] kernel::process::manager: fork_process: ProcessPageTable::new() returned
[DEBUG] kernel::process::manager: fork_process: Child page table created successfully
[DEBUG] kernel::process::manager: Parent page table CR3: 0x4b4e000
[DEBUG] kernel::process::manager: Child page table CR3: 0x4b4b000
[ INFO] kernel::process::manager: fork_process_with_context: Set up 0 pages for CoW sharing
[ INFO] kernel::process::manager: Created page table for child process 102
[DEBUG] kernel::tls: Registered thread 1196 with TLS block 0x4bc000
[DEBUG] kernel::memory::kernel_stack: Mapping 128 pages for kernel stack 5
[DEBUG] kernel::memory::kernel_stack: Allocated kernel stack 5 at 0xffffc90000286000-0xffffc90000306000 (guard at 0xffffc90000285000)
[ INFO] kernel::process::manager: fork: CoW stack - child_rsp=0x800000 (same VA as parent)
[DEBUG] kernel::ipc::fd: FdTable::drop() - closing all fds and decrementing pipe counts
[ INFO] kernel::process::manager: Fork complete: parent 100 -> child 102
[DISPATCH_STRAND_CENSUS:seq=288:tick=40832:ms=356905:saved=0:stranded=0:tids=-:tid_overflow=0:ledger_overflow=0:save_no_thread=1:save_no_proc=1:save_no_pm=1:sig_pending_blocked=1:sig_ctx_blocked=1:sig_delivered_blocked=1:idle_no_stack=1:kthread_no_info=1:user_no_kstack=1:sig_deliverable_user=1]
[DEBUG] kernel::ipc::fd: FdTable::drop() - closing all fds and decrementing pipe counts
[DEBUG] kernel::ipc::fd: FdTable::drop() - closing all fds and decrementing pipe counts
[DISPATCH_STRAND_CENSUS:seq=289:tick=41033:ms=357929:saved=0:stranded=0:tids=-:tid_overflow=0:ledger_overflow=0:save_no_thread=1:save_no_proc=1:save_no_pm=1:sig_pending_blocked=1:sig_ctx_blocked=1:sig_delivered_blocked=1:idle_no_stack=1:kthread_no_info=1:user_no_kstack=1:sig_deliverable_user=1]
[DEBUG] kernel::ipc::fd: FdTable::drop() - closing all fds and decrementing pipe counts
[DEBUG] kernel::ipc::fd: FdTable::drop() - closing all fds and decrementing pipe counts
[ INFO] kernel: Driver post-init self-tests complete; interrupts disabled for remaining init
[ INFO] kernel::task::kthread_tests: === KTHREAD TEST: Starting kernel thread lifecycle test ===
[DEBUG] kernel::memory::kernel_stack: Mapping 128 pages for kernel stack 5
[DEBUG] kernel::memory::kernel_stack: Allocated kernel stack 5 at 0xffffc90000286000-0xffffc90000306000 (guard at 0xffffc90000285000)
Added thread 1197 'test_kthread' to scheduler (user: false, target_cpu: 0)
[ INFO] kernel::task::kthread_tests: KTHREAD_CREATE: kthread created
[ INFO] kernel::task::kthread_tests: KTHREAD_RUN: kthread running
unblock(1197): Added to per_cpu_queues[0]
[ INFO] kernel::task::kthread_tests: KTHREAD_STOP_SENT: stop signal sent successfully
[ INFO] kernel::task::kthread_tests: KTHREAD_VERIFY: kthread_should_stop() = true
[ INFO] kernel::task::kthread_tests: KTHREAD_STOP: kthread received stop signal
[ INFO] kernel::task::kthread_tests: KTHREAD_EXIT: kthread exited cleanly
[ INFO] kernel::task::kthread_tests: === KTHREAD TEST: Completed ===
[ INFO] kernel::task::kthread_tests: === KTHREAD JOIN TEST: Starting ===
[DEBUG] kernel::memory::kernel_stack: Mapping 128 pages for kernel stack 6
[DEBUG] kernel::memory::kernel_stack: Allocated kernel stack 6 at 0xffffc90000307000-0xffffc90000387000 (guard at 0xffffc90000306000)
Added thread 1198 'join_test_kthread' to scheduler (user: false, target_cpu: 0)
[ INFO] kernel::task::kthread_tests: KTHREAD_JOIN_TEST: kthread about to exit
[ INFO] kernel::task::kthread_tests: KTHREAD_JOIN_TEST: join returned exit_code=0
[ INFO] kernel::task::kthread_tests: === KTHREAD JOIN TEST: Completed ===
[ INFO] kernel::task::workqueue_tests: === WORKQUEUE TEST: Starting workqueue test ===
[ INFO] kernel::task::workqueue_tests: WORKQUEUE_TEST: Testing basic execution...
[DEBUG] kernel::memory::kernel_stack: Mapping 128 pages for kernel stack 7
[DEBUG] kernel::memory::kernel_stack: Allocated kernel stack 7 at 0xffffc90000388000-0xffffc90000408000 (guard at 0xffffc90000387000)
Added thread 1199 'kworker/0' to scheduler (user: false, target_cpu: 0)
[ INFO] kernel::task::workqueue: KWORKER_SPAWN: kworker/0 started
[ INFO] kernel::task::workqueue_tests: WORKQUEUE_TEST: work1 executed
[ INFO] kernel::task::workqueue_tests: WORKQUEUE_TEST: basic execution passed
[ INFO] kernel::task::workqueue_tests: WORKQUEUE_TEST: Testing multiple work items...
unblock(1199): Added to per_cpu_queues[0]
[ INFO] kernel::task::workqueue_tests: WORKQUEUE_TEST: work2 executed (order=1)
unblock(1199): Added to per_cpu_queues[0]
[ INFO] kernel::task::workqueue_tests: WORKQUEUE_TEST: work3 executed (order=2)
[ INFO] kernel::task::workqueue_tests: WORKQUEUE_TEST: work4 executed (order=3)
[ INFO] kernel::task::workqueue_tests: WORKQUEUE_TEST: multiple work items passed
[ INFO] kernel::task::workqueue_tests: WORKQUEUE_TEST: Testing flush...
unblock(1199): Added to per_cpu_queues[0]
[ INFO] kernel::task::workqueue_tests: WORKQUEUE_TEST: flush_work executed
[ INFO] kernel::task::workqueue_tests: WORKQUEUE_TEST: flush completed
[ INFO] kernel::task::workqueue_tests: WORKQUEUE_TEST: Testing re-queue rejection...
unblock(1199): Added to per_cpu_queues[0]
[ WARN] kernel::task::workqueue: workqueue(kworker/0): work 'requeue_work' already pending, rejecting
[ INFO] kernel::task::workqueue_tests: WORKQUEUE_TEST: re-queue rejection passed
[ INFO] kernel::task::workqueue_tests: WORKQUEUE_TEST: Testing multi-item flush...
unblock(1199): Added to per_cpu_queues[0]
[ INFO] kernel::task::workqueue_tests: WORKQUEUE_TEST: multi-item flush passed
[ INFO] kernel::task::workqueue_tests: WORKQUEUE_TEST: Testing shutdown with new workqueue...
[ INFO] kernel::task::workqueue_tests: WORKQUEUE_TEST: Created new workqueue 'test_wq'
[ INFO] kernel::task::workqueue_tests: WORKQUEUE_TEST: Queuing work to new workqueue...
[DEBUG] kernel::memory::kernel_stack: Mapping 128 pages for kernel stack 8
[DEBUG] kernel::memory::kernel_stack: Allocated kernel stack 8 at 0xffffc90000409000-0xffffc90000489000 (guard at 0xffffc90000408000)
Added thread 1200 'test_wq' to scheduler (user: false, target_cpu: 0)
[ INFO] kernel::task::workqueue_tests: WORKQUEUE_TEST: shutdown work executing!
[ INFO] kernel::task::workqueue: KWORKER_SPAWN: test_wq started
[ INFO] kernel::task::workqueue_tests: WORKQUEUE_TEST: Waiting for work completion...
[ INFO] kernel::task::workqueue_tests: WORKQUEUE_TEST: Destroying workqueue...
unblock(1200): Added to per_cpu_queues[0]
unblock(1200): Added to per_cpu_queues[0]
[ INFO] kernel::task::workqueue_tests: WORKQUEUE_TEST: idempotent destroy passed
[ INFO] kernel::task::workqueue_tests: WORKQUEUE_TEST: flush after destroy passed
[ INFO] kernel::task::workqueue_tests: WORKQUEUE_TEST: shutdown test passed
[ INFO] kernel::task::workqueue_tests: WORKQUEUE_TEST: Testing error path re-queue...
unblock(1199): Added to per_cpu_queues[0]
[ WARN] kernel::task::workqueue: workqueue(kworker/0): work 'error_path_work' already pending, rejecting
[ INFO] kernel::task::workqueue_tests: WORKQUEUE_TEST: error path test passed
[ INFO] kernel::task::workqueue_tests: WORKQUEUE_TEST: all tests passed
[ INFO] kernel::task::workqueue_tests: === WORKQUEUE TEST: Completed ===
[ INFO] kernel::task::softirq_tests: === SOFTIRQ TEST: Starting softirq test ===
[ INFO] kernel::task::softirq_tests: SOFTIRQ_TEST: Testing handler registration...
[ INFO] kernel::task::softirqd: SOFTIRQ_REGISTER: Timer handler registered
[ INFO] kernel::task::softirqd: SOFTIRQ_REGISTER: NetRx handler registered
[ INFO] kernel::task::softirq_tests: SOFTIRQ_TEST: handler registration passed
[ INFO] kernel::task::softirq_tests: SOFTIRQ_TEST: Testing Timer softirq...
[ INFO] kernel::task::softirq_tests: SOFTIRQ_TEST: Timer softirq passed
[ INFO] kernel::task::softirq_tests: SOFTIRQ_TEST: Testing NetRx softirq...
[ INFO] kernel::task::softirq_tests: SOFTIRQ_TEST: NetRx softirq passed
[ INFO] kernel::task::softirq_tests: SOFTIRQ_TEST: Testing multiple softirqs...
[ INFO] kernel::task::softirq_tests: SOFTIRQ_TEST: multiple softirqs passed
[ INFO] kernel::task::softirq_tests: SOFTIRQ_TEST: Testing priority order...
[ INFO] kernel::task::softirqd: SOFTIRQ_REGISTER: Timer handler registered
[ INFO] kernel::task::softirqd: SOFTIRQ_REGISTER: NetRx handler registered
[ INFO] kernel::task::softirq_tests: SOFTIRQ_TEST: priority order passed (Timer=1, NetRx=2)
[ INFO] kernel::task::softirq_tests: SOFTIRQ_TEST: Testing nested interrupt rejection...
[ INFO] kernel::task::softirq_tests: SOFTIRQ_TEST: nested interrupt rejection passed
[ INFO] kernel::task::softirq_tests: SOFTIRQ_TEST: Testing iteration limit and ksoftirqd deferral...
[ INFO] kernel::task::softirqd: SOFTIRQ_REGISTER: Tasklet handler registered
unblock(2): Added to per_cpu_queues[0]
[ INFO] kernel::task::softirq_tests: SOFTIRQ_TEST: After do_softirq(): 10 iterations (limit=10)
[DISPATCH_STRAND_CENSUS:seq=290:tick=41147:ms=359214:saved=0:stranded=0:tids=-:tid_overflow=0:ledger_overflow=0:save_no_thread=1:save_no_proc=1:save_no_pm=1:sig_pending_blocked=1:sig_ctx_blocked=1:sig_delivered_blocked=1:idle_no_stack=1:kthread_no_info=1:user_no_kstack=1:sig_deliverable_user=1]
[ERROR] kernel: KERNEL PANIC: panicked at kernel/src/task/softirq_tests.rs:228:5:
ksoftirqd should have processed deferred softirqs (tid=Some(2))

==> /root/breenix-t963b-tmp/breenix_x86_boot_tests_1/serial_user.txt <==
INFO : Framebuffer info: FrameBufferInfo { byte_len: 16384000, width: 2560, height: 1600, pixel_format: Bgr, bytes_per_pixel: 4, stride: 2560 }
INFO : UEFI bootloader started
INFO : Using framebuffer at 0x80000000
INFO : Reading configuration from disk was successful
INFO : Trying to load ramdisk via Disk
INFO : Ramdisk not found.
TRACE: exiting boot services
TRACE: switching to new level 4 table
INFO : New page table at: PhysFrame[4KiB](0x101000)
INFO : Elf file loaded at Pointer {
    addr: 0x000000001d768000,
    metadata: 6135056,
}
INFO : virtual_address_offset: 0x10000000000
INFO : Handling Segment: Ph64(ProgramHeader64 { type_: Ok(Load), flags: Flags(4), offset: 0, virtual_addr: 0, physical_addr: 0, file_size: c13cc, mem_size: c13cc, align: 1000 })
INFO : Handling Segment: Ph64(ProgramHeader64 { type_: Ok(Load), flags: Flags(5), offset: c13d0, virtual_addr: c23d0, physical_addr: c23d0, file_size: 32c451, mem_size: 32c451, align: 1000 })
INFO : Handling Segment: Ph64(ProgramHeader64 { type_: Ok(Load), flags: Flags(6), offset: 3ed828, virtual_addr: 3ef828, physical_addr: 3ef828, file_size: 4c558, mem_size: 4c7d8, align: 1000 })
INFO : Mapping bss section
INFO : Handling Segment: Ph64(ProgramHeader64 { type_: Ok(Load), flags: Flags(6), offset: 439d80, virtual_addr: 43cd80, physical_addr: 43cd80, file_size: 363a8, mem_size: d8ab0, align: 1000 })
INFO : Mapping bss section
INFO : Entry point at: 0x100000d47a0
INFO : Creating GDT at PhysAddr(0x248000)
INFO : Map framebuffer
INFO : Map physical memory
INFO : Allocate bootinfo
INFO : Create Memory Map
INFO : Create bootinfo
INFO : Jumping to kernel entry point at VirtAddr(0x100000d47a0)
[TEST:process:frame_custody_refusal_gate:START]
[TEST:process:frame_custody_refusal_gate:PASS]
[FRAME_CUSTODY_COUNTERS:x86:double=1:stale=1:never=1:untracked=1:duplicate=3:contended=1]
[TEST:process:page_table_custody_disposition_gate:START]
[EXEC_FAILED_RELEASE_ORACLE:x86:used_before=16502:used_after=16502:recorded_pre=3:leaf_recorded=1:leaf_released=1:leaf_returned=1:tables_returned=4:roots_retired=1:undecided=0:live_refused=0]
[TEST:process:page_table_custody_disposition_gate:PASS]
[PT_CUSTODY_COUNTERS:x86:recorded=14:no_proof=0:no_arch=0:terminated=1:undecided=1:retired=2:returned=14:lost=0:requeued=0]
PCI_FN 00:00.0 8086:1237 class=06/00 bar0=0x0/0x0 irq=0xff
PCI_FN 00:01.0 8086:7000 class=06/01 bar0=0x0/0x0 irq=0xff
PCI_FN 00:01.1 8086:7010 class=01/01 bar0=0x0/0x0 irq=0xff
PCI_FN 00:01.3 8086:7113 class=06/80 bar0=0x0/0x0 irq=0x0a
PCI_FN 00:02.0 1234:1111 class=03/00 bar0=0x80000000/0x1000000 irq=0xff
PCI_FN 00:03.0 8086:100e class=02/00 bar0=0x81080000/0x20000 irq=0x0b
PCI_FN 00:04.0 1af4:1001 class=01/00 bar0=0xc100/0x80 irq=0x0b
PCI_FN 00:05.0 1af4:1001 class=01/00 bar0=0xc080/0x80 irq=0x0a
PCI_FN 00:06.0 1af4:1001 class=01/00 bar0=0xc000/0x80 irq=0x0a
PCI_FN_TOTAL 9
[ INFO] scheduler::schedule() returned (boot marker)
[SW]<K>[SW]<K>[SW]<K>[SW]<1>[TIMER_SCALE_ORACLE:x86:ms_per_tick=5:ticks_before=20:ms=100:ticks_after=20:ticks_nonzero=1:in_range=1:PASS]
[TTY_IRQ_PM_ORACLE:x86:fg_unset_before=1:pm_blocking_acquires=0:deferred=2:pgrp_set_by_entry=0:processed=2:buffered=2:irqs_enabled_before=1:pm_held_during_entry=1:entry_us=20:adopted=1:adopted_pgrp=821:restored=1:PASS:local_hold]

[TTY_IRQ_FG_ORACLE:x86:fg_known=822:target_absent=1:fg_lock_touches=0:fg_blocking_acquires=0:snapshot_reads=3:processed=2:buffered=1:irqs_enabled_before=1:fg_busy_probe=1:entry_us=1081:sig_calls=1:sig_pid=822:sig_num=2:snapshot_agrees=1:restored=1:PASS:local_hold]
[DISPATCH_FACT_ORACLE:x86:facts=10:legs=10:moved_by_one=10:moved_wrong=0:irqs_enabled_before=1:PASS]
[TEST:process:retirement_fence_gate:START]
[TEST:process:retirement_fence_gate:PASS]
[TEST:process:reclaim_progress_gate:START]
[SW]<K>[SW]<1>[SW]<K>[SW]<1>[SW]<K>[SW]<1>[SW]<K>[SW]<1>[SW]<K>[SW]<1>[SW]<K>[SW]<1>[SW]<K>[SW]<1>[SW]<K>[SW]<1>[SW]<K>[SW]<1>[SW]<K>[SW]<1>[TEST:process:reclaim_progress_gate:PASS]
[TEST:process:x86_retire_cohort:START]
[SW]<K>[SW]<1>[SW]<K>[SW]<1>[SW]<K>[SW]<1>[SW]<K>[SW]<1>[SW]<K>[SW]<1>[SW]<K>[SW]<1>[SW]<K>[SW]<1>[SW]<K>[SW]<1>[SW]<K>[SW]<1>[SW]<K>[SW]<1>[SW]<K>[SW]<1>[SW]<K>[SW]<1>[SW]<K>[SW]<1>[SW]<K>[SW]<1>[SW]<K>[SW]<1>[SW]<K>[SW]<1>[SW]<K>[SW]<1>[SW]<K>[SW]<1>[SW]<K>[SW]<1>[SW]<K>[SW]<1>[SW]<K>[SW]<1>[SW]<K>[SW]<1>[SW]<K>[SW]<1>[SW]<K>[SW]<1>[SW]<K>[SW]<1>[SW]<K>[SW]<1>[SW]<K>[SW]<1>[SW]<K>[SW]<1>[SW]<K>[SW]<1>[SW]<K>[SW]<1>[SW]<K>[SW]<1>[SW]<K>[SW]<1>[SW]<K>[SW]<1>[SW]<K>[SW]<1>[SW]<K>[SW]<1>[SW]<K>[SW]<1>[SW]<K>[SW]<1>[SW]<K>[SW]<1>[SW]<K>[SW]<1>[SW]<K>[SW]<1>[SW]<K>[SW]<1>[SW]<K>[SW]<1>[SW]<K>[SW]<1>[SW]<K>[SW]<1>[SW]<K>[SW]<1>[SW]<K>[SW]<1>[SW]<K>[SW]<1>[SW]<K>[SW]<1>[SW]<K>[SW]<1>[SW]<K>[SW]<1>[SW]<K>[SW]<1>[SW]<K>[SW]<1>[SW]<K>[SW]<1>[SW]<K>[SW]<1>[SW]<K>[SW]<1>[SW]<K>[SW]<1>[SW]<K>[SW]<1>[SW]<K>[SW]<1>[SW]<K>[SW]<1>[SW]<K>[SW]<1>[SW]<K>[SW]<1>[SW]<K>[SW]<1>[SW]<K>[SW]<1>[SW]<K>[SW]<1>[SW]<K>[SW]<1>[SW]<K>[SW]<1>[SW]<K>[SW]<1>[SW]<K>[SW]<1>[SW]<K>[SW]<1>[SW]<K>[SW]<1>[SW]<K>[SW]<1>[SW]<K>[SW]<1>[SW]<K>[SW]<1>[SW]<K>[SW]<1>[SW]<K>[SW]<1>[SW]<K>[SW]<1>[SW]<K>[SW]<1>[SW]<K>[SW]<1>[SW]<K>[SW]<1>[SW]<K>[SW]<1>[SW]<K>[SW]<1>[SW]<K>[SW]<1>[SW]<K>[SW]<1>[SW]<K>[SW]<1>[SW]<K>[SW]<1>[SW]<K>[SW]<1>[SW]<K>[SW]<1>[SW]<K>[SW]<1>[SW]<K>[SW]<1>[SW]<K>[SW]<1>[SW]<K>[SW]<1>[SW]<K>[SW]<1>[SW]<K>[SW]<1>[SW]<K>[SW]<1>[SW]<K>[SW]<1>[SW]<K>[SW]<1>[SW]<K>[SW]<1>[SW]<K>[SW]<1>[SW]<K>[SW]<1>[TEST:process:x86_retire_cohort:PASS]
[PT_RETIRE_COHORT:x86:children=64:retired=65:returned=642:recorded=577:lost=0:no_arch=0:undecided=0:mid_retire=0:kstack_returns=64:balance=0]
[TEST:process:x86_exec_cohort:START]
[EXEC_FAILED_RELEASE_PROD:x86:plain_err=true:plain_kept=true:argv_err=true:argv_kept=true:name_kept=true:balance=0:undecided=0:mid_retire=0:lost=0:custody_refused=0:decref_unregistered=0:double=0:stale=0:untracked=0:root_slot_refused=0]
[SW]<K>[SW]<1>[SW]<K>[SW]<1>[SW]<K>[SW]<1>[SW]<K>[SW]<1>[SW]<K>[SW]<1>[SW]<K>[SW]<1>[SW]<K>[SW]<1>[SW]<K>[SW]<1>[SW]<K>[SW]<1>[SW]<K>[SW]<1>[SW]<K>[SW]<1>[SW]<K>[SW]<1>[SW]<K>[SW]<1>[SW]<K>[SW]<1>[SW]<K>[SW]<1>[SW]<K>[SW]<1>[SW]<K>[SW]<1>[SW]<K>[SW]<1>[SW]<K>[SW]<1>[SW]<K>[SW]<1>[SW]<K>[SW]<1>[SW]<K>[SW]<1>[SW]<K>[SW]<1>[SW]<K>[SW]<1>[SW]<K>[SW]<1>[SW]<K>[SW]<1>[SW]<K>[SW]<1>[SW]<K>[SW]<1>[SW]<K>[SW]<1>[SW]<K>[SW]<1>[SW]<K>[SW]<1>[SW]<K>[SW]<1>[SW]<K>[SW]<1>[SW]<K>[SW]<1>[SW]<K>[SW]<1>[SW]<K>[SW]<1>[SW]<K>[SW]<1>[SW]<K>[SW]<1>[SW]<K>[SW]<1>[SW]<K>[SW]<1>[SW]<K>[SW]<1>[SW]<K>[SW]<1>[SW]<K>[SW]<1>[SW]<K>[SW]<1>[SW]<K>[SW]<1>[SW]<K>[SW]<1>[SW]<K>[SW]<1>[SW]<K>[SW]<1>[SW]<K>[SW]<1>[SW]<K>[SW]<1>[SW]<K>[SW]<1>[SW]<K>[SW]<1>[SW]<K>[SW]<1>[SW]<K>[SW]<1>[SW]<K>[SW]<1>[SW]<K>[SW]<1>[SW]<K>[SW]<1>[SW]<K>[SW]<1>[SW]<K>[SW]<1>[SW]<K>[SW]<1>[SW]<K>[SW]<1>[SW]<K>[SW]<1>[SW]<K>[SW]<1>[SW]<K>[SW]<1>[SW]<K>[SW]<1>[PT_EXEC_COHORT:x86:children=16:superseded=3:roots=64:returned=640:recorded=576:lost=0:leaf_recorded=192:leaf_released=192:leaf_returned=192:custody_refused=0:decref_unregistered=0:undecided=0:mid_retire=0:no_arch=0:balance=0]
[SW]<K>[SW]<1>[TEST:process:x86_exec_cohort:PASS]
[TEST:process:exec_detach_oracle:START]
manager.create_process: ENTRY - name='exec_detach_leader', elf_size=180
manager.create_process: Generating PID
manager.create_process: Generated PID 85
manager.create_process: Creating ProcessPageTable
manager.create_process: ProcessPageTable created
manager.create_process: Loading ELF into page table
manager.create_process: ELF loaded, entry=0x40000000
manager.create_process: Restoring kernel mappings
manager.create_process: Kernel mappings restored
manager.create_process: Creating Process struct
manager.create_process: Process struct created, heap_start=0x40201000
manager.create_process: Allocating user stack
manager.create_process: User stack allocated at 0x7fffff011000
manager.create_process: Mapping user stack into process page table
manager.create_process: User stack mapped successfully
manager.create_process: Creating main thread
manager.create_process: Main thread created
manager.create_process: Main thread set on process
manager.create_process: Inserting process into process table
manager.create_process: SUCCESS - returning PID 85
manager.create_process: Adding PID 85 to ready queue
[SW]<K>[SW]<1>[SW]<K>[SW]<1>[SW]<K>[SW]<1>[SW]<K>[SW]<1>[EXEC_DETACH_ORACLE:x86:bodies=2:fail_preserved=2:sibling_refused=2:success_detached=2:fresh_root=2:tgid_self=2:custody_balance=0:leaf_residual=16:stack_residual=21:kstack_frames_released=128:old_group_reached_pre=2:old_group_missed_post=2:self_group_reached_post=2]
[TEST:process:exec_detach_oracle:PASS]
[TEST:process:clone_admission_oracle:START]
[PMGUARD] creating dispatch refused tid=173 pid=92
[CLONE_ADMISSION_ORACLE:x86:admitted=1:refused=2:creating_refused=1:published_admitted=2:balance=0]
[TEST:process:clone_admission_oracle:PASS]
[TEST:process:init_designation_oracle:START]
manager.create_process: ENTRY - name='init_oracle_a1', elf_size=8
manager.create_process: Generating PID
manager.create_process: Generated PID 1
manager.create_process: Creating ProcessPageTable
manager.create_process: ProcessPageTable created
manager.create_process: Loading ELF into page table
manager.create_process: ENTRY - name='init_oracle_a2', elf_size=120
manager.create_process: Generating PID
manager.create_process: Generated PID 1
manager.create_process: Creating ProcessPageTable
manager.create_process: ProcessPageTable created
manager.create_process: Loading ELF into page table
[SW]<K>[SW]<1>[SW]<K>[SW]<1>[INIT_DESIGNATION_ORACLE:x86:construct_failed=2:construct_undecided=0:construct_residual=0:construct_roots_retired=2:construct_leaf_balance=0:construct_commit_balance=0:refused=4:accepted=1:published=1:retired=1:held_error_removals=1:reparented=1:reparent_skipped=1:ordinary_allocated=5:reserved_collisions=0:designation_balance=0]
[TEST:process:init_designation_oracle:PASS]
[TEST:process:init_group_refusal_oracle:START]
[INIT_GROUP_REFUSAL_ORACLE:x86:none_probes=3:none_refusals=0:init_refused=1:alias_refused=1:alias_pid_refused=0:nonit_probes=2:nonit_refusals=0:rows_delta=0:refusal_counter_delta=0:designation_residual=0:balance=0]
[TEST:process:init_group_refusal_oracle:PASS]
[TEST:process:kernel_stack_ownership_oracle:START]
[SW]<K>[SW]<1>[SW]<K>[SW]<1>[SW]<K>[SW]<1>[SW]<K>[SW]<1>[SW]<K>[SW]<1>[SW]<K>[SW]<1>[SW]<K>[SW]<1>[SW]<K>[SW]<1>[SW]<K>[SW]<1>[SW]<K>[SW]<1>[SW]<K>[SW]<1>[SW]<K>[SW]<1>[SW]<K>[SW]<1>[SW]<K>[SW]<1>[SW]<K>[SW]<1>[SW]<K>[SW]<1>[SW]<K>[SW]<1>[SW]<K>[SW]<1>[SW]<K>[SW]<1>[SW]<K>[SW]<1>[SW]<K>[SW]<1>[SW]<K>[SW]<1>[SW]<K>[SW]<1>[SW]<K>[SW]<1>[SW]<K>[SW]<1>[SW]<K>[SW]<1>[SW]<K>[SW]<1>[SW]<K>[SW]<1>[SW]<K>[SW]<1>[SW]<K>[SW]<1>[SW]<K>[SW]<1>[SW]<K>[SW]<1>[SW]<K>[SW]<1>[SW]<K>[SW]<1>[SW]<K>[SW]<1>[SW]<K>[SW]<1>[SW]<K>[SW]<1>[SW]<K>[SW]<1>[SW]<K>[SW]<1>[SW]<K>[SW]<1>[SW]<K>[SW]<1>[SW]<K>[SW]<1>[SW]<K>[SW]<1>[SW]<K>[SW]<1>[SW]<K>[SW]<1>[SW]<K>[SW]<1>[SW]<K>[SW]<1>[SW]<K>[SW]<1>[SW]<K>[SW]<1>[SW]<K>[SW]<1>[SW]<K>[SW]<1>[SW]<K>[SW]<1>[SW]<K>[SW]<1>[SW]<K>[SW]<1>[SW]<K>[SW]<1>[SW]<K>[SW]<1>[SW]<K>[SW]<1>[SW]<K>[SW]<1>[SW]<K>[SW]<1>[SW]<K>[SW]<1>[SW]<K>[SW]<1>[SW]<K>[SW]<1>[SW]<K>[SW]<1>[SW]<K>[SW]<1>[SW]<K>[SW]<1>[SW]<K>[SW]<1>[SW]<K>[SW]<1>[SW]<K>[SW]<1>[SW]<K>[SW]<1>[SW]<K>[SW]<1>[SW]<K>[SW]<1>[SW]<K>[SW]<1>[SW]<K>[SW]<1>[SW]<K>[SW]<1>[SW]<K>[SW]<1>[SW]<K>[SW]<1>[SW]<K>[SW]<1>[SW]<K>[SW]<1>[SW]<K>[SW]<1>[SW]<K>[SW]<1>[SW]<K>[SW]<1>[SW]<K>[SW]<1>[SW]<K>[SW]<1>[SW]<K>[SW]<1>[SW]<K>[SW]<1>[SW]<K>[SW]<1>[SW]<K>[SW]<1>[SW]<K>[SW]<1>[SW]<K>[SW]<1>[SW]<K>[SW]<1>[SW]<K>[SW]<1>[SW]<K>[SW]<1>[SW]<K>[SW]<1>[SW]<K>[SW]<1>[SW]<K>[SW]<1>[SW]<K>[SW]<1>[SW]<K>[SW]<1>[SW]<K>[SW]<1>[SW]<K>[SW]<1>[SW]<K>[SW]<1>[SW]<K>[SW]<1>[SW]<K>[SW]<1>[SW]<K>[SW]<1>[SW]<K>[SW]<1>[SW]<K>[SW]<1>[CREATION_LOCK_ORDER:INJECTED:PM_HELD]
[KSTACK_OWNER_ORACLE:x86:creation_rows=1000:creation_owned=1000:one_owner=1000:two_owner=0:zero_owner=0:fork_rows=2:fork_owned=2:slot_returns_exact_one=2:slot_alloc_delta=1000:slot_free_delta=1000:slot_balance=0:cohort_enrolled=1000:cohort_returned=1000:cohort_double_return=0:foreign_alloc_delta=0:foreign_returned=0:frames_mapped_delta=128000:frames_released_delta=128000:frame_balance=0:frame_used_delta=0:frame_used_bounded=1:live_checks=1082:live_refusals_production=0:live_refusals_injected=1:drop_refused_live=0:pte_overwrite_refusals=0:pub_pooled=1074:pub_sched_owned=1074:pub_row_residual=0:pub_unowned=0:classifier_sched_owned=1:classifier_row_residual=1:classifier_unowned=1:classifier_not_pooled=1:sched_publications=3:sched_pm_held_production=0:sched_pm_held_injected=1:reconciliation_diff=0:reconciliation_skew_bound=0:balance=0]
[TEST:process:tombstone_join_oracle:START]
[TOMBSTONE_JOIN_ORACLE:x86:retire_second=1:reap_second=1:removed=2:resident_delta=0:tombstone_rows=0:PASS]
[TEST:timer:ring_span_report:START]
[RING_SPAN:cpu=0:span_ms=2427:writes=31:dropped=0:ticks_total=200:tick_events=12]
[TEST:timer:ring_span_report:PASS]
[TEST:process:deferred_fault_ring_overflow_injection:START]
[TEST:process:deferred_fault_ring_overflow_injection:PASS]
[PT_ROOT_CUSTODY:no_proof=0:no_arch=1:terminated=1:undecided=1:mid_retire=1:retired=155]
[TOMBSTONE_CENSUS:resident=0:removed=2:reap_second=1:retire_second=1:abandoned_unqueued=1]
[PIN_GUARD_ORACLE:x86_64:SKIP:reason=max_cpus_1_one_scheduling_cpu]
[SW]<K>[SW]<1>[SW]<K>[SW]<1>[SW]<K>[SW]<1>[SW]<K>[SW]<1>[SW]<K>[SW]<1>[SW]<K>[SW]<1>[SW]<K>[SW]<1>[SW]<K>[SW]<1>[SW]<K>[SW]<1>[SW]<K>[SW]<1>[SW]<K>[SW]<1>[SW]<K>[SW]<1>[SW]<K>[SW]<1>[SW]<K>[SW]<1>[SW]<K>[SW]<1>[SW]<K>[SW]<K>[SW]<1>KERNEL PANIC: panicked at kernel/src/task/softirq_tests.rs:228:5:
ksoftirqd should have processed deferred softirqs (tid=Some(2))
[BXCAP:BEGIN v=1 seq=0 edge=PANIC cpu=0 ts=895324887516 tsfreq=2401429440 uptime_ms=205760 arch=x86_64]
[BXCAP:EDGE kind=PANIC a0=0xe4 a1=0x5]
[BXCAP:CPU cpu=0 preempt=0 nr=0 hardirq=0 softirq=0 uptime_ms=205760 q=exact]
[BXCAP:EV cpu=0 i=2016 ts=893816837391 type=0x20 n=UNKNOWN p=2920305 f=0x4]
[BXCAP:EV cpu=0 i=2017 ts=893826051366 type=0x1 n=CTX_SWITCH_ENTRY p=78577665 f=0x0]
[BXCAP:EV cpu=0 i=2018 ts=893826243306 type=0x20 n=UNKNOWN p=2920305 f=0x85]
[BXCAP:EV cpu=0 i=2019 ts=894064029723 type=0x1 n=CTX_SWITCH_ENTRY p=66736 f=0x0]
[BXCAP:EV cpu=0 i=2020 ts=894064300521 type=0x20 n=UNKNOWN p=2867196 f=0x4]
[BXCAP:EV cpu=0 i=2021 ts=894101323799 type=0x102 n=TIMER_TICK p=41120 f=0x0]
[BXCAP:EV cpu=0 i=2022 ts=894102282270 type=0x1 n=CTX_SWITCH_ENTRY p=78643201 f=0x0]
[BXCAP:EV cpu=0 i=2023 ts=894102427248 type=0x20 n=UNKNOWN p=2920305 f=0x5]
[BXCAP:EV cpu=0 i=2024 ts=894186022107 type=0x1 n=CTX_SWITCH_ENTRY p=66736 f=0x0]
[BXCAP:EV cpu=0 i=2025 ts=894186211206 type=0x20 n=UNKNOWN p=2920305 f=0x4]
[BXCAP:EV cpu=0 i=2026 ts=894198165873 type=0x1 n=CTX_SWITCH_ENTRY p=78643201 f=0x0]
[BXCAP:EV cpu=0 i=2027 ts=894198317997 type=0x20 n=UNKNOWN p=2920305 f=0x85]
[BXCAP:EV cpu=0 i=2028 ts=894209822397 type=0x1 n=CTX_SWITCH_ENTRY p=66736 f=0x0]
[BXCAP:EV cpu=0 i=2029 ts=894209941971 type=0x20 n=UNKNOWN p=2920305 f=0x4]
[BXCAP:EV cpu=0 i=2030 ts=894221846397 type=0x1 n=CTX_SWITCH_ENTRY p=78643201 f=0x0]
[BXCAP:EV cpu=0 i=2031 ts=894221965626 type=0x20 n=UNKNOWN p=2920305 f=0x5]
[BXCAP:EV cpu=0 i=2032 ts=894386593590 type=0x1 n=CTX_SWITCH_ENTRY p=66735 f=0x0]
[BXCAP:EV cpu=0 i=2033 ts=894386852652 type=0x20 n=UNKNOWN p=2326986 f=0x4]
[BXCAP:EV cpu=0 i=2034 ts=894413272293 type=0x102 n=TIMER_TICK p=41136 f=0x0]
[BXCAP:EV cpu=0 i=2035 ts=894498225903 type=0x1 n=CTX_SWITCH_ENTRY p=78577665 f=0x0]
[BXCAP:EV cpu=0 i=2036 ts=894498526446 type=0x20 n=UNKNOWN p=2920305 f=0x4]
[BXCAP:EV cpu=0 i=2037 ts=894510117139 type=0x1 n=CTX_SWITCH_ENTRY p=66735 f=0x0]
[BXCAP:EV cpu=0 i=2038 ts=894510289343 type=0x20 n=UNKNOWN p=2920305 f=0x4]
[BXCAP:EV cpu=0 i=2039 ts=894521744427 type=0x1 n=CTX_SWITCH_ENTRY p=78577665 f=0x0]
[BXCAP:EV cpu=0 i=2040 ts=894521861052 type=0x20 n=UNKNOWN p=2920305 f=0x5]
[BXCAP:EV cpu=0 i=2041 ts=895208271372 type=0x1 n=CTX_SWITCH_ENTRY p=65540 f=0x0]
[BXCAP:EV cpu=0 i=2042 ts=895208524974 type=0x20 n=UNKNOWN p=2301716 f=0x4]
[BXCAP:EV cpu=0 i=2043 ts=895217896779 type=0x1 n=CTX_SWITCH_ENTRY p=262146 f=0x0]
[BXCAP:EV cpu=0 i=2044 ts=895218032469 type=0x20 n=UNKNOWN p=2532946 f=0x85]
[BXCAP:EV cpu=0 i=2045 ts=895229870214 type=0x1 n=CTX_SWITCH_ENTRY p=131073 f=0x0]
[BXCAP:EV cpu=0 i=2046 ts=895230063462 type=0x20 n=UNKNOWN p=2920305 f=0x85]
[BXCAP:EV cpu=0 i=2047 ts=895325141151 type=0x102 n=TIMER_TICK p=41152 f=0x0]
[BXCAP:CNT NET_RX_FRAME_TOTAL=3]
[BXCAP:CNT NET_RX_ARP_TOTAL=2]
[BXCAP:CNT NET_RX_SOFTIRQ_ENTRY_TOTAL=12]
[BXCAP:CNT NET_RX_SOFTIRQ_EXIT_TOTAL=12]
[BXCAP:CNT TEARDOWN_ENTRY_EXIT=168]
[BXCAP:CNT EXIT_FIRST_REQUESTS=83]
[BXCAP:CNT EXIT_REPEAT_REQUESTS=162]
[BXCAP:CNT TEARDOWN_DEFER=93]
[BXCAP:CNT TEARDOWN_RECLAIM=110]
[BXCAP:CNT FD_CLOSES_UNDER_PM=252]
[BXCAP:CNT DEFERRED_FAULT_RING_DROPPED=1]
[BXCAP:CNT RECLAIM_DRAIN_NESTED_REFUSED=1]
[BXCAP:CNT ROOT_PROOF_BLOCKED_EPOCH=4]
[BXCAP:CNT ROOT_PROOF_BLOCKED_HW=1]
[BXCAP:CNT ROOT_PROOF_BLOCKED_SHADOW=2]
[BXCAP:CNT ROOT_PROOF_BLOCKED_LIVE_ROW=5]
[BXCAP:CNT RETIRE_EMPTY_ONLINE_MASK=1]
[BXCAP:CNT FRAME_RETURN_REFUSED_DOUBLE=1]
[BXCAP:CNT FRAME_RETURN_REFUSED_STALE=1]
[BXCAP:CNT FRAME_RETURN_REFUSED_NEVER_ALLOCATED=1]
[BXCAP:CNT FRAME_RETURN_REFUSED_UNTRACKED=1]
[BXCAP:CNT FRAME_DUPLICATE_ALLOC_REFUSED=3]
[BXCAP:CNT FRAME_LOST_CONTENDED=3]
[BXCAP:CNT LEAF_MAPPINGS_RECORDED=491]
[BXCAP:CNT LEAF_MAPPINGS_RELEASED=490]
[BXCAP:CNT LEAF_FRAMES_RETURNED=474]
[BXCAP:CNT PT_TABLE_FRAMES_RECORDED=1354]
[BXCAP:CNT PT_ROOT_ABANDONED_NO_ARCH=1]
[BXCAP:CNT PT_ROOT_ABANDONED_TERMINATED=1]
[BXCAP:CNT PT_ROOT_DROPPED_UNDECIDED=1]
[BXCAP:CNT PT_ROOTS_RETIRED=155]
[BXCAP:CNT PT_TABLE_FRAMES_RETURNED=1500]
[BXCAP:RING cpu=0 writes=4315 dropped=2267 kept=2048 span_us=187827283 enabled=1]
[BXCAP:THR cpu=0 cur=1 rq=0 threads=8 blocked=4 q=exact]
[BXCAP:THR cpu=1 cur=0 rq=0 threads=8 blocked=4 q=exact]
[BXCAP:THR cpu=2 cur=0 rq=0 threads=8 blocked=4 q=exact]
[BXCAP:THR cpu=3 cur=0 rq=0 threads=8 blocked=4 q=exact]
[BXCAP:THR cpu=4 cur=0 rq=0 threads=8 blocked=4 q=exact]
[BXCAP:THR cpu=5 cur=0 rq=0 threads=8 blocked=4 q=exact]
[BXCAP:THR cpu=6 cur=0 rq=0 threads=8 blocked=4 q=exact]
[BXCAP:THR cpu=7 cur=0 rq=0 threads=8 blocked=4 q=exact]
[BXCAP:END v=1 seq=0 edge=PANIC verdict=complete records=76 bytes=4628 truncated=0 sections_skipped=0x0]
  preserved failing serial + capture reading: /root/breenix-t963b-tmp/breenix_x86_boot_tests_failures/20260908T055601Z_2049967
GATE_EXIT=1
