e64492b458afbec8b31f01e03b90acee799c878e
========================================
  STD USERSPACE BUILD (Rust std library)
========================================
  Architecture: x86_64

[1/3] Building libbreenix-libc (x86_64)...
  Compiling compiler_builtins v0.1.160 (/root/.rustup/toolchains/nightly-2025-06-24-x86_64-unknown-linux-gnu/lib/rustlib/src/rust/library/compiler-builtins/compiler-builtins)
  Compiling core v0.0.0 (/root/.rustup/toolchains/nightly-2025-06-24-x86_64-unknown-linux-gnu/lib/rustlib/src/rust/library/core)
  Compiling libbreenix v0.1.0 (/root/breenix-t963b/libs/libbreenix)
  Compiling libbreenix-libc v0.1.0 (/root/breenix-t963b/libs/libbreenix-libc)
  Finished `release` profile [optimized] target(s) in 23.58s
  libbreenix-libc built successfully

[2/3] Building userspace (x86_64)...
  Updating crates.io index
  Locking 10 packages to latest compatible versions
  Compiling compiler_builtins v0.1.160 (/root/breenix-t963b/rust-fork/library/compiler-builtins/compiler-builtins)
  Compiling core v0.0.0 (/root/breenix-t963b/rust-fork/library/core)
  Compiling libc v0.2.174 (/root/breenix-t963b/libs/libc)
  Compiling std v0.0.0 (/root/breenix-t963b/rust-fork/library/std)
  Compiling rustc-std-workspace-core v1.99.0 (/root/breenix-t963b/rust-fork/library/rustc-std-workspace-core)
  Compiling alloc v0.0.0 (/root/breenix-t963b/rust-fork/library/alloc)
  Compiling panic_abort v0.0.0 (/root/breenix-t963b/rust-fork/library/panic_abort)
  Compiling cfg-if v1.0.1
  Compiling rustc-demangle v0.1.25
  Compiling unwind v0.0.0 (/root/breenix-t963b/rust-fork/library/unwind)
  Compiling rustc-std-workspace-alloc v1.99.0 (/root/breenix-t963b/rust-fork/library/rustc-std-workspace-alloc)
  Compiling panic_unwind v0.0.0 (/root/breenix-t963b/rust-fork/library/panic_unwind)
  Compiling std_detect v0.1.5 (/root/breenix-t963b/rust-fork/library/stdarch/crates/std_detect)
  Compiling hashbrown v0.15.4
  Compiling rustc-std-workspace-std v1.99.0 (/root/breenix-t963b/rust-fork/library/rustc-std-workspace-std)
  Compiling rustc-literal-escaper v0.0.2
  Compiling proc_macro v0.0.0 (/root/breenix-t963b/rust-fork/library/proc_macro)
  Compiling noto-sans-mono-bitmap v0.3.2
  Compiling libfont v0.1.0 (/root/breenix-t963b/libs/libfont)
  Compiling libbreenix v0.1.0 (/root/breenix-t963b/libs/libbreenix)
  Compiling libimg v0.1.0 (/root/breenix-t963b/libs/libimg)
  Compiling breenish-js v0.1.0 (/root/breenix-t963b/libs/breenish-js)
  Compiling libgfx v0.1.0 (/root/breenix-t963b/libs/libgfx)
  Compiling libbui v0.1.0 (/root/breenix-t963b/libs/libbui)
  Compiling libicon v0.1.0 (/root/breenix-t963b/libs/libicon)
  Compiling libcollab v0.1.0 (/root/breenix-t963b/libs/libcollab)
  Compiling breengel v0.1.0 (/root/breenix-t963b/libs/breengel)
  Compiling userspace-programs v0.1.0 (/root/breenix-t963b/userspace/programs)
  Finished `release` profile [optimized] target(s) in 2m 09s
  Userspace build successful

[3/3] Installing std binaries...
  Installed hello_world.elf (227224 bytes)
  Installed exec_smoke.elf (178136 bytes)
  Installed exec_smoke_target.elf (185104 bytes)
  Installed fork_smoke.elf (187680 bytes)
  Installed block_eintr_oracle.elf (190088 bytes)
  Installed poll_tcp_oracle.elf (207256 bytes)
  Installed futex_handoff_oracle.elf (178896 bytes)
  Installed tty_oracle.elf (218472 bytes)
  Installed df_preempt_oracle.elf (187712 bytes)
  Installed syscall_enosys.elf (177600 bytes)
  Installed clock_gettime_test.elf (184632 bytes)
  Installed file_read_test.elf (182472 bytes)
  Installed lseek_test.elf (182584 bytes)
  Installed fs_write_test.elf (182968 bytes)
  Installed fs_rename_test.elf (182784 bytes)
  Installed fs_large_file_test.elf (182680 bytes)
  Installed fs_directory_test.elf (183232 bytes)
  Installed fs_link_test.elf (182880 bytes)
  Installed access_test.elf (178016 bytes)
  Installed devfs_test.elf (182512 bytes)
  Installed cwd_test.elf (182696 bytes)
  Installed getdents_test.elf (184064 bytes)
  Installed pipe_test.elf (188320 bytes)
  Installed pipe2_test.elf (188992 bytes)
  Installed pipe_fifo_blocking_oracle.elf (211544 bytes)
  Installed pipe_fifo_blocking_supervisor.elf (178112 bytes)
  Installed unix_stream_blocking_oracle.elf (208096 bytes)
  Installed unix_stream_blocking_supervisor.elf (178120 bytes)
  Installed dup_test.elf (189224 bytes)
  Installed fcntl_test.elf (188816 bytes)
  Installed poll_test.elf (189096 bytes)
  Installed select_test.elf (188984 bytes)
  Installed epoll_test.elf (182904 bytes)
  Installed nonblock_test.elf (188816 bytes)
  Installed brk_test.elf (182560 bytes)
  Installed signal_handler_test.elf (187968 bytes)
  Installed signal_return_test.elf (188384 bytes)
  Installed signal_regs_test.elf (188280 bytes)
  Installed sigaltstack_test.elf (189080 bytes)
  Installed sigsuspend_test.elf (188936 bytes)
  Installed pause_test.elf (188432 bytes)
  Installed tty_test.elf (188160 bytes)
  Installed session_test.elf (188040 bytes)
  Installed unix_socket_test.elf (205392 bytes)
  Installed unix_named_socket_test.elf (195416 bytes)
  Installed fifo_test.elf (198520 bytes)
  Installed fork_test.elf (188168 bytes)
  Installed fork_memory_test.elf (188736 bytes)
  Installed fork_state_test.elf (189248 bytes)
  Installed waitpid_test.elf (188216 bytes)
  Installed exec_argv_test.elf (178280 bytes)
  Installed cloexec_test.elf (192656 bytes)
  Installed kill_process_group_test.elf (188552 bytes)
  Installed sigchld_test.elf (182512 bytes)
  Installed sigkill_teardown_test.elf (206800 bytes)
  Installed sigchld_job_test.elf (187600 bytes)
  Installed ctrl_c_test.elf (188056 bytes)
  Installed job_control_test.elf (187720 bytes)
  Installed signal_fork_test.elf (188232 bytes)
  Installed signal_exec_test.elf (188792 bytes)
  Installed wnohang_timing_test.elf (182608 bytes)
  Installed fork_pending_signal_test.elf (187816 bytes)
  Installed shell_pipe_test.elf (183200 bytes)
  Installed pipeline_test.elf (191656 bytes)
  Installed cow_cleanup_test.elf (182608 bytes)
  Installed cow_sole_owner_test.elf (187080 bytes)
  Installed cow_stress_test.elf (187168 bytes)
  Installed cow_readonly_test.elf (187112 bytes)
  Installed cow_signal_test.elf (188384 bytes)
  Installed resolution.elf (191104 bytes)
  Installed init_shell.elf (262592 bytes)
  Installed argv_test.elf (184408 bytes)
  Installed job_table_test.elf (192304 bytes)
  Installed test_mmap.elf (182296 bytes)
  Installed clonevm_exec_test.elf (184720 bytes)
  Installed stdin_test.elf (182352 bytes)
  Installed true_test.elf (182632 bytes)
  Installed false_test.elf (182632 bytes)
  Installed echo_argv_test.elf (182544 bytes)
  Installed mkdir_argv_test.elf (182744 bytes)
  Installed rm_argv_test.elf (182552 bytes)
  Installed cp_mv_argv_test.elf (182880 bytes)
  Installed nonblock_eagain_test.elf (179688 bytes)
  Installed blocking_recv_test.elf (188184 bytes)
  Installed tcp_client_test.elf (187696 bytes)
  Installed wait_stress.elf (195624 bytes)
  Installed simple_exit.elf (170640 bytes)
  Installed simple_exit0.elf (170648 bytes)
  Installed spawn_smoke_target.elf (170656 bytes)
  Installed counter.elf (177712 bytes)
  Installed spinner.elf (177712 bytes)
  Installed hello_time.elf (177704 bytes)
  Installed heartbeat.elf (189176 bytes)
  Installed xhci_counters.elf (183184 bytes)
  Installed fbinfo_test.elf (187640 bytes)
  Installed demo.elf (189776 bytes)
  Installed bounce.elf (275096 bytes)
  Installed rectangles.elf (197160 bytes)
  Installed particles.elf (194000 bytes)
  Installed confetti.elf (189312 bytes)
  Installed tones.elf (184288 bytes)
  Installed fart.elf (191760 bytes)
  Installed http_test.elf (468608 bytes)
  Installed register_init_test.elf (177168 bytes)
  Installed head_test.elf (183128 bytes)
  Installed tail_test.elf (183128 bytes)
  Installed wc_test.elf (183704 bytes)
  Installed which_test.elf (183032 bytes)
  Installed cat_test.elf (183312 bytes)
  Installed ls_test.elf (183368 bytes)
  Installed exec_stack_argv_test.elf (183504 bytes)
  Installed exec_from_ext2_test.elf (188144 bytes)
  Installed pipe_fork_test.elf (188896 bytes)
  Installed pipe_concurrent_test.elf (188792 bytes)
  Installed fs_block_alloc_test.elf (188688 bytes)
  Installed cow_oom_test.elf (182576 bytes)
  Installed signal_test.elf (187936 bytes)
  Installed alarm_test.elf (182832 bytes)
  Installed itimer_test.elf (183272 bytes)
  Installed timer_test.elf (182224 bytes)
  Installed sleep_debug_test.elf (188664 bytes)
  Installed pipe_refcount_test.elf (200016 bytes)
  Installed udp_socket_test.elf (193472 bytes)
  Installed tcp_socket_test.elf (202360 bytes)
  Installed tcp_dup_listener_test.elf (188912 bytes)
  Installed tcp_cloexec_exec_test.elf (189520 bytes)
  Installed tcp_blocking_test.elf (203504 bytes)
  Installed concurrent_recv_stress.elf (189016 bytes)
  Installed dns_test.elf (195320 bytes)
  Installed net_test.elf (191656 bytes)
  Installed http_fetch_test.elf (464448 bytes)
  Installed loopback_wake_test.elf (190520 bytes)
  Installed syscall_diagnostic_test.elf (170920 bytes)
  Installed pty_test.elf (183080 bytes)
  Installed signal_exec_check.elf (177952 bytes)
  Installed bsh.elf (579376 bytes)
  Installed bwm.elf (331344 bytes)
  Installed btop.elf (184256 bytes)
  Installed burl.elf (483384 bytes)
  Installed init.elf (187560 bytes)
  Installed telnetd.elf (184144 bytes)
  Installed blogd.elf (182032 bytes)
  Installed btrace.elf (199000 bytes)
  Installed bless.elf (185696 bytes)
  Installed bcheck.elf (299192 bytes)
  Installed biconkit.elf (248040 bytes)
  Installed guskit.elf (391504 bytes)
  Installed bterm.elf (338560 bytes)
  Installed blog.elf (331040 bytes)
  Installed bfontpicker.elf (346208 bytes)
  Installed blauncher.elf (325312 bytes)
  Installed bsshd.elf (314344 bytes)
  Installed bssh.elf (322584 bytes)

========================================
  STD BUILD COMPLETE (x86_64)
  Installed: 153 binaries
========================================
BUILD_EXIT=0
