REVISION=5c35eba20aa61eb4f5acb4ddb334381dffa0961c
add symbol table from file "<isolated-checkout-166>/target/x86_64-unknown-none/release/deps/artifact/kernel-53a4eb09c66a2845/bin/kernel-53a4eb09c66a2845" with all sections offset by 0x10000000000
0x000000000000fff0 in ?? ()
Hardware assisted breakpoint 1 at 0x1000025aa80

Breakpoint 1, 0x000001000025aa80 in kernel::tracing::providers::teardown::fork_exit_defer_reclaim_pairing_test ()
Hardware assisted breakpoint 2 at 0x100000de870

Breakpoint 2, 0x00000100000de870 in kernel::task::process_task::boot_reclaim_deferred_process_resources ()
FIRST COHORT DRAIN
#0  0x00000100000de870 in kernel::task::process_task::boot_reclaim_deferred_process_resources ()
#1  0x000001000025b3b5 in kernel::tracing::providers::teardown::fork_exit_defer_reclaim_pairing_test ()
#2  0x0000000000000002 in ?? ()
#3  0x000044444460dab0 in ?? ()
#4  0x0000000000000000 in ?? ()
Backtrace stopped: Cannot access memory at address 0x3e2f78
PT_ROOTS_RETIRED=0x1000040ce80:	11
TEARDOWN_ENTRY_EXIT=0x100003fd800:	128
PT_RETIRE_BUDGET_REQUEUED=0x1000040df80:	1
PT_RETIRE_FRAMES_LOST=0x1000040d700:	2
kernel::task::process_task::BOOT_RECLAIM_TEST_OWNER=0x10000414d68 <_ZN6kernel4task12process_task23BOOT_RECLAIM_TEST_OWNER17h3fef10a30173d52dE>:	1
kernel::task::process_task::BOOT_RECLAIM_PASS_START=0x10000414d88 <_ZN6kernel4task12process_task23BOOT_RECLAIM_PASS_START17hfee85c7e734bae6dE>:	1
kernel::task::process_task::BOOT_RECLAIM_PASS_SELECTIONS=0x10000414d90 <_ZN6kernel4task12process_task28BOOT_RECLAIM_PASS_SELECTIONS17h8bcbd86f46fa7138E>:	1
[Inferior 1 (process 1) detached]
