8674c930792709f3b5e09e4a29f8fd24decedcbb
BREENIX_STRUCTURE_SUITE_TIMEOUT_SECS=900
 23:19:38 up 26 days,  5:35,  0 user,  load average: 5.13, 9.93, 6.98
[GATE_PREFLIGHT:structure_suites=66/66:critical_path_lines=260:pinned=120]
  RING3_SMOKE fork census: PRODUCTION_REAPED_ROWS=5
    Updating git repository `https://github.com/rust-osdev/bootloader.git`
    Updating crates.io index
     Locking 154 packages to latest compatible versions
      Adding aarch64-cpu v9.4.0 (available: v11.2.0)
      Adding acpi v5.2.0 (available: v6.1.1)
      Adding az v1.2.1 (available: v1.3.0)
      Adding pic8259 v0.10.4 (available: v0.11.0)
      Adding spin v0.9.9 (available: v0.12.3)
      Adding tock-registers v0.8.1 (available: v0.10.1)
      Adding uart_16550 v0.3.2 (available: v0.8.0)
      Adding uefi v0.33.0 (available: v0.37.0)
      Adding x86_64 v0.15.4 (available: v0.15.5)
   Compiling proc-macro2 v1.0.107
   Compiling quote v1.0.47
   Compiling unicode-ident v1.0.24
   Compiling serde v1.0.229
   Compiling serde_core v1.0.229
   Compiling rustversion v1.0.23
   Compiling x86 v0.52.0
   Compiling libc v0.2.189
   Compiling bit_field v0.10.3
   Compiling bootloader_api v0.11.13 (https://github.com/rust-osdev/bootloader.git?rev=707db11201b19541b7cfef84037866ee03aa0927#707db112)
   Compiling const_fn v0.4.12
   Compiling find-msvc-tools v0.1.12
   Compiling cfg-if v1.0.4
   Compiling shlex v2.0.1
   Compiling scopeguard v1.2.0
   Compiling autocfg v1.5.1
   Compiling bitflags v2.13.1
   Compiling cc v1.4.5
   Compiling lock_api v0.4.14
   Compiling az v1.2.1
   Compiling num-traits v0.2.19
   Compiling bitflags v1.3.2
   Compiling getrandom v0.4.3
   Compiling volatile v0.4.6
   Compiling raw-cpuid v10.7.0
   Compiling syn v3.0.5
   Compiling crossbeam-utils v0.8.23
   Compiling conquer-util v0.3.0
   Compiling rand_core v0.6.4
   Compiling ring v0.17.14
   Compiling spinning_top v0.2.5
   Compiling zero v0.1.3
   Compiling typenum v1.20.1
   Compiling byteorder v1.5.0
   Compiling rustix v1.1.4
   Compiling zeroize v1.9.0
   Compiling zmij v1.0.23
   Compiling rustls-pki-types v1.15.1
   Compiling embedded-graphics-core v0.4.1
   Compiling xmas-elf v0.8.0
   Compiling hybrid-array v0.4.14
   Compiling uart_16550 v0.3.2
   Compiling float-cmp v0.9.0
   Compiling getrandom v0.2.17
   Compiling rand_hc v0.3.2
   Compiling rand v0.8.8
   Compiling serde_derive v1.0.229
   Compiling conquer-once v0.3.2
   Compiling x86_64 v0.14.13
   Compiling x86_64 v0.15.4
   Compiling linux-raw-sys v0.12.1
   Compiling pin-project-lite v0.2.17
   Compiling httparse v1.10.1
   Compiling log v0.4.34
   Compiling usize_conversions v0.2.0
   Compiling llvm-tools v0.1.1
   Compiling crc-catalog v2.5.0
   Compiling futures-task v0.3.34
   Compiling kernel v0.1.0 (/root/breenix-n586p3l/kernel)
   Compiling serde_json v1.0.151
   Compiling untrusted v0.9.0
   Compiling anyhow v1.0.104
   Compiling micromath v2.1.0
   Compiling slab v0.4.12
   Compiling futures-core v0.3.34
   Compiling noto-sans-mono-bitmap v0.2.0
   Compiling futures-util v0.3.34
   Compiling embedded-graphics v0.8.2
   Compiling bootloader v0.11.13 (https://github.com/rust-osdev/bootloader.git?rev=707db11201b19541b7cfef84037866ee03aa0927#707db112)
   Compiling pic8259 v0.10.4
   Compiling crc v3.4.0
   Compiling crossbeam-queue v0.3.14
   Compiling linked_list_allocator v0.10.6
   Compiling uuid v1.26.0
   Compiling conquer-once v0.4.0
   Compiling spin v0.9.9
   Compiling once_cell v1.21.4
   Compiling fastrand v2.5.0
   Compiling itoa v1.0.18
   Compiling rustls v0.23.44
   Compiling memchr v2.8.3
   Compiling noto-sans-mono-bitmap v0.3.2
   Compiling bytes v1.12.1
   Compiling fatfs v0.3.6
   Compiling bootloader-boot-config v0.11.13 (https://github.com/rust-osdev/bootloader.git?rev=707db11201b19541b7cfef84037866ee03aa0927#707db112)
   Compiling bootloader-x86_64-common v0.11.13 (https://github.com/rust-osdev/bootloader.git?rev=707db11201b19541b7cfef84037866ee03aa0927#707db112)
   Compiling tempfile v3.27.0
   Compiling http v1.5.0
   Compiling gpt v3.1.0
   Compiling block-buffer v0.12.1
   Compiling crypto-common v0.2.2
   Compiling base64 v0.23.1
   Compiling const-oid v0.10.2
   Compiling subtle v2.6.1
   Compiling ureq-proto v0.6.2
   Compiling xattr v1.6.1
   Compiling webpki-roots v1.0.9
   Compiling filetime v0.2.29
   Compiling digest v0.11.3
   Compiling cpufeatures v0.3.1
   Compiling percent-encoding v2.3.2
   Compiling utf8-zero v0.8.1
   Compiling rustls-webpki v0.103.15
   Compiling lzma-rs v0.3.0
   Compiling breenix v0.1.0 (/root/breenix-n586p3l)
   Compiling sha2 v0.11.0
   Compiling tar v0.4.46
   Compiling base16ct v1.0.0
   Compiling ureq v3.4.1
   Compiling ovmf-prebuilt v0.2.9
    Finished `release` profile [optimized] target(s) in 35.69s
Guard: x86 kernel-thread dispatch allocation check (#791)
  ELF:      /root/breenix-n586p3l/target/x86_64-unknown-none/release/deps/artifact/kernel-0c2106fd652894df/bin/kernel-0c2106fd652894df
  sha256:   40c1590e5cd1fec7153fa07d84d14f462170e5b4ae676d715fdbbbbb37a14309
  objdump:  /root/.rustup/toolchains/nightly-2025-06-24-x86_64-unknown-linux-gnu/lib/rustlib/x86_64-unknown-linux-gnu/bin/llvm-objdump
  readelf:  readelf
  function: setup_kernel_thread_return (its own body and its closures)
  symbols in scope: 3
  call targets resolved: 14
[0;32mPASS:[0m 0 allocating call targets in 3 in-scope symbol(s), 14 edge(s) checked.
   Compiling kernel v0.1.0 (/root/breenix-n586p3l/kernel)
   Compiling breenix v0.1.0 (/root/breenix-n586p3l)
    Finished `release` profile [optimized] target(s) in 17.03s
     Running `target/release/qemu-uefi`
[qemu-uefi] Using UEFI image: /root/breenix-n586p3l/target/release/build/breenix-d924c107d332c75a/out/breenix-uefi.img (8454144 bytes)
   Compiling proc-macro2 v1.0.107
   Compiling unicode-ident v1.0.24
   Compiling quote v1.0.47
   Compiling version_check v0.9.5
   Compiling syn v1.0.109
   Compiling serde_core v1.0.229
   Compiling unicode-segmentation v1.13.3
   Compiling zmij v1.0.23
   Compiling unicode-width v0.1.14
   Compiling serde_json v1.0.151
   Compiling bitflags v1.3.2
   Compiling textwrap v0.11.0
   Compiling serde v1.0.229
   Compiling proc-macro-error-attr v1.0.4
   Compiling proc-macro-error v1.0.4
   Compiling anyhow v1.0.104
   Compiling heck v0.3.3
   Compiling clap v2.34.0
   Compiling memchr v2.8.3
   Compiling lazy_static v1.5.0
   Compiling itoa v1.0.18
   Compiling glob v0.3.4
   Compiling syn v3.0.5
   Compiling serde_derive v1.0.229
   Compiling structopt-derive v0.4.18
   Compiling structopt v0.3.26
   Compiling xtask v0.1.0 (/root/breenix-n586p3l/xtask)
    Finished `dev` profile [unoptimized + debuginfo] target(s) in 10.10s
     Running `target/debug/xtask create-test-disk`
Creating test disk image...
  Including std test: hello_std_real (227240 bytes)
  Found 152 test binaries
  Added: access_test (178016 bytes, sectors 128-475)
  Added: alarm_test (182832 bytes, sectors 476-833)
  Added: argv_test (184416 bytes, sectors 834-1194)
  Added: bcheck (299328 bytes, sectors 1195-1779)
  Added: bfontpicker (346328 bytes, sectors 1780-2456)
  Added: biconkit (248248 bytes, sectors 2457-2941)
  Added: blauncher (325440 bytes, sectors 2942-3577)
  Added: bless (185696 bytes, sectors 3578-3940)
  Added: block_eintr_oracle (190088 bytes, sectors 3941-4312)
  Added: blocking_recv_test (188184 bytes, sectors 4313-4680)
  Added: blog (331168 bytes, sectors 4681-5327)
  Added: blogd (182032 bytes, sectors 5328-5683)
  Added: bounce (275208 bytes, sectors 5684-6221)
  Added: brk_test (182560 bytes, sectors 6222-6578)
  Added: bsh (579672 bytes, sectors 6579-7711)
  Added: bssh (322608 bytes, sectors 7712-8342)
  Added: bsshd (314360 bytes, sectors 8343-8956)
  Added: bterm (338688 bytes, sectors 8957-9618)
  Added: btop (184240 bytes, sectors 9619-9978)
  Added: btrace (199000 bytes, sectors 9979-10367)
  Added: burl (483440 bytes, sectors 10368-11312)
  Added: bwm (331464 bytes, sectors 11313-11960)
  Added: cat_test (183312 bytes, sectors 11961-12319)
  Added: clock_gettime_test (184640 bytes, sectors 12320-12680)
  Added: cloexec_test (192672 bytes, sectors 12681-13057)
  Added: clonevm_exec_test (184720 bytes, sectors 13058-13418)
  Added: concurrent_recv_stress (189016 bytes, sectors 13419-13788)
  Added: confetti (189312 bytes, sectors 13789-14158)
  Added: counter (177712 bytes, sectors 14159-14506)
  Added: cow_cleanup_test (182608 bytes, sectors 14507-14863)
  Added: cow_oom_test (186672 bytes, sectors 14864-15228)
  Added: cow_readonly_test (187112 bytes, sectors 15229-15594)
  Added: cow_signal_test (188384 bytes, sectors 15595-15962)
  Added: cow_sole_owner_test (187072 bytes, sectors 15963-16328)
  Added: cow_stress_test (187168 bytes, sectors 16329-16694)
  Added: cp_mv_argv_test (182872 bytes, sectors 16695-17052)
  Added: ctrl_c_test (188056 bytes, sectors 17053-17420)
  Added: cwd_test (182688 bytes, sectors 17421-17777)
  Added: demo (189776 bytes, sectors 17778-18148)
  Added: devfs_test (182512 bytes, sectors 18149-18505)
  Added: df_preempt_oracle (187712 bytes, sectors 18506-18872)
  Added: dns_test (195312 bytes, sectors 18873-19254)
  Added: dup_test (189224 bytes, sectors 19255-19624)
  Added: echo_argv_test (182544 bytes, sectors 19625-19981)
  Added: epoll_test (182904 bytes, sectors 19982-20339)
  Added: exec_argv_test (178272 bytes, sectors 20340-20688)
  Added: exec_from_ext2_test (188144 bytes, sectors 20689-21056)
  Added: exec_smoke (178136 bytes, sectors 21057-21404)
  Added: exec_smoke_target (185120 bytes, sectors 21405-21766)
  Added: exec_stack_argv_test (183504 bytes, sectors 21767-22125)
  Added: false_test (182632 bytes, sectors 22126-22482)
  Added: fart (191776 bytes, sectors 22483-22857)
  Added: fbinfo_test (187640 bytes, sectors 22858-23224)
  Added: fcntl_test (188816 bytes, sectors 23225-23593)
  Added: fifo_test (198520 bytes, sectors 23594-23981)
  Added: file_read_test (182472 bytes, sectors 23982-24338)
  Added: fork_memory_test (188736 bytes, sectors 24339-24707)
  Added: fork_pending_signal_test (187808 bytes, sectors 24708-25074)
  Added: fork_smoke (187680 bytes, sectors 25075-25441)
  Added: fork_state_test (189248 bytes, sectors 25442-25811)
  Added: fork_test (188168 bytes, sectors 25812-26179)
  Added: fs_block_alloc_test (188680 bytes, sectors 26180-26548)
  Added: fs_directory_test (183224 bytes, sectors 26549-26906)
  Added: fs_large_file_test (182680 bytes, sectors 26907-27263)
  Added: fs_link_test (182872 bytes, sectors 27264-27621)
  Added: fs_rename_test (182784 bytes, sectors 27622-27978)
  Added: fs_write_test (182968 bytes, sectors 27979-28336)
  Added: futex_handoff_oracle (182992 bytes, sectors 28337-28694)
  Added: getdents_test (184056 bytes, sectors 28695-29054)
  Added: guskit (391600 bytes, sectors 29055-29819)
  Added: head_test (183128 bytes, sectors 29820-30177)
  Added: heartbeat (189176 bytes, sectors 30178-30547)
  Added: hello_std_real (227240 bytes, sectors 30548-30991)
  Added: hello_time (177696 bytes, sectors 30992-31339)
  Added: hello_world (227240 bytes, sectors 31340-31783)
  Added: http_fetch_test (464512 bytes, sectors 31784-32691)
  Added: http_test (468664 bytes, sectors 32692-33607)
  Added: init (187560 bytes, sectors 33608-33974)
  Added: init_shell (262744 bytes, sectors 33975-34488)
  Added: itimer_test (187368 bytes, sectors 34489-34854)
  Added: job_control_test (187720 bytes, sectors 34855-35221)
  Added: job_table_test (192304 bytes, sectors 35222-35597)
  Added: kill_process_group_test (188552 bytes, sectors 35598-35966)
  Added: loopback_wake_test (190520 bytes, sectors 35967-36339)
  Added: ls_test (183368 bytes, sectors 36340-36698)
  Added: lseek_test (182584 bytes, sectors 36699-37055)
  Added: mkdir_argv_test (182744 bytes, sectors 37056-37412)
  Added: net_test (191656 bytes, sectors 37413-37787)
  Added: nonblock_eagain_test (183776 bytes, sectors 37788-38146)
  Added: nonblock_test (188816 bytes, sectors 38147-38515)
  Added: particles (194000 bytes, sectors 38516-38894)
  Added: pause_test (188432 bytes, sectors 38895-39263)
  Added: pipe2_test (188992 bytes, sectors 39264-39633)
  Added: pipe_concurrent_test (188792 bytes, sectors 39634-40002)
  Added: pipe_fifo_blocking_oracle (211824 bytes, sectors 40003-40416)
  Added: pipe_fifo_blocking_supervisor (178112 bytes, sectors 40417-40764)
  Added: pipe_fork_test (188896 bytes, sectors 40765-41133)
  Added: pipe_refcount_test (200016 bytes, sectors 41134-41524)
  Added: pipe_test (188320 bytes, sectors 41525-41892)
  Added: pipeline_test (191656 bytes, sectors 41893-42267)
  Added: poll_tcp_oracle (207240 bytes, sectors 42268-42672)
  Added: poll_test (189096 bytes, sectors 42673-43042)
  Added: pty_test (183080 bytes, sectors 43043-43400)
  Added: rectangles (197160 bytes, sectors 43401-43786)
  Added: register_init_test (177168 bytes, sectors 43787-44133)
  Added: resolution (191104 bytes, sectors 44134-44507)
  Added: rm_argv_test (182552 bytes, sectors 44508-44864)
  Added: select_test (188984 bytes, sectors 44865-45234)
  Added: session_test (188040 bytes, sectors 45235-45602)
  Added: shell_pipe_test (183200 bytes, sectors 45603-45960)
  Added: sigaltstack_test (189080 bytes, sectors 45961-46330)
  Added: sigchld_job_test (187592 bytes, sectors 46331-46697)
  Added: sigchld_test (182512 bytes, sectors 46698-47054)
  Added: sigkill_teardown_test (206800 bytes, sectors 47055-47458)
  Added: signal_exec_check (177952 bytes, sectors 47459-47806)
  Added: signal_exec_test (188792 bytes, sectors 47807-48175)
  Added: signal_fork_test (188232 bytes, sectors 48176-48543)
  Added: signal_handler_test (187968 bytes, sectors 48544-48911)
  Added: signal_regs_test (188280 bytes, sectors 48912-49279)
  Added: signal_return_test (188384 bytes, sectors 49280-49647)
  Added: signal_test (187936 bytes, sectors 49648-50015)
  Added: sigsuspend_test (188936 bytes, sectors 50016-50385)
  Added: simple_exit (170632 bytes, sectors 50386-50719)
  Added: simple_exit0 (170632 bytes, sectors 50720-51053)
  Added: sleep_debug_test (188664 bytes, sectors 51054-51422)
  Added: spawn_smoke_target (170640 bytes, sectors 51423-51756)
  Added: spinner (177712 bytes, sectors 51757-52104)
  Added: stdin_test (182352 bytes, sectors 52105-52461)
  Added: syscall_diagnostic_test (170904 bytes, sectors 52462-52795)
  Added: syscall_enosys (177600 bytes, sectors 52796-53142)
  Added: tail_test (183128 bytes, sectors 53143-53500)
  Added: tcp_blocking_test (203504 bytes, sectors 53501-53898)
  Added: tcp_client_test (187688 bytes, sectors 53899-54265)
  Added: tcp_cloexec_exec_test (189520 bytes, sectors 54266-54636)
  Added: tcp_dup_listener_test (188904 bytes, sectors 54637-55005)
  Added: tcp_socket_test (202360 bytes, sectors 55006-55401)
  Added: telnetd (184144 bytes, sectors 55402-55761)
  Added: test_mmap (182296 bytes, sectors 55762-56118)
  Added: timer_test (182216 bytes, sectors 56119-56474)
  Added: tones (184296 bytes, sectors 56475-56834)
  Added: true_test (182624 bytes, sectors 56835-57191)
  Added: tty_oracle (218480 bytes, sectors 57192-57618)
  Added: tty_test (188152 bytes, sectors 57619-57986)
  Added: udp_socket_test (193464 bytes, sectors 57987-58364)
  Added: unix_named_socket_test (195400 bytes, sectors 58365-58746)
  Added: unix_socket_test (205376 bytes, sectors 58747-59148)
  Added: wait_stress (195640 bytes, sectors 59149-59531)
  Added: waitpid_test (188216 bytes, sectors 59532-59899)
  Added: wc_test (183704 bytes, sectors 59900-60258)
  Added: which_test (183032 bytes, sectors 60259-60616)
  Added: wnohang_timing_test (182608 bytes, sectors 60617-60973)
  Added: xhci_counters (183184 bytes, sectors 60974-61331)

Test disk created: target/test_binaries.img
  Binaries: 152
  Data size: 31299112 bytes (29.85 MB)
  Disk size: 61332 sectors (29.95 MB)
Creating ext2 disk image...
  Arch: x86_64
  Output: /root/breenix-n586p3l/target/ext2.img
  Size: 256MB
  Payload: 46MB (userspace binaries + fonts)
  Minimum image size for this payload: 70MB (incl. ext2 overhead + headroom)
  busybox.elf not found, attempting to build...
Error: x86_64-linux-musl-gcc not found in PATH

Install with:
  brew tap filosottile/musl-cross
  brew install musl-cross
  WARNING: BusyBox build failed (see build-busybox.sh for prerequisites)
  WARNING: busybox.elf not found, skipping coreutils
Installing other binaries...
  Installed 47 binaries in /bin
  Installed 3 binaries in /sbin
  Installed 0 C binaries in /usr/local/cbin
  Installed 101 test binaries in /usr/local/test/bin
  Installed 29 fonts in /usr/share/fonts
  Created /etc/fonts.conf
  Created /etc/hotkeys.conf
  Created /etc/init.js

ext2 filesystem contents:
total 11096
drwxr-xr-x  2 root root   4096 Sep  7 23:24 .
drwxr-xr-x 12 root root   4096 Sep  7 23:24 ..
-rwxr-xr-x  1 root root 299328 Sep  7 23:24 bcheck
-rwxr-xr-x  1 root root 346328 Sep  7 23:24 bfontpicker
-rwxr-xr-x  1 root root 248248 Sep  7 23:24 biconkit
-rwxr-xr-x  1 root root 325440 Sep  7 23:24 blauncher
-rwxr-xr-x  1 root root 185696 Sep  7 23:24 bless
-rwxr-xr-x  1 root root 190088 Sep  7 23:24 block_eintr_oracle
-rwxr-xr-x  1 root root 331168 Sep  7 23:24 blog
-rwxr-xr-x  1 root root 275208 Sep  7 23:24 bounce
-rwxr-xr-x  1 root root 579672 Sep  7 23:24 bsh
-rwxr-xr-x  1 root root 322608 Sep  7 23:24 bssh
-rwxr-xr-x  1 root root 314360 Sep  7 23:24 bsshd
-rwxr-xr-x  1 root root 338688 Sep  7 23:24 bterm
-rwxr-xr-x  1 root root 184240 Sep  7 23:24 btop
-rwxr-xr-x  1 root root 199000 Sep  7 23:24 btrace
-rwxr-xr-x  1 root root 483440 Sep  7 23:24 burl
-rwxr-xr-x  1 root root 331464 Sep  7 23:24 bwm
-rwxr-xr-x  1 root root 189016 Sep  7 23:24 concurrent_recv_stress
-rwxr-xr-x  1 root root 189312 Sep  7 23:24 confetti
-rwxr-xr-x  1 root root 177712 Sep  7 23:24 counter
-rwxr-xr-x  1 root root 189776 Sep  7 23:24 demo
-rwxr-xr-x  1 root root 187712 Sep  7 23:24 df_preempt_oracle
-rwxr-xr-x  1 root root 178136 Sep  7 23:24 exec_smoke
-rwxr-xr-x  1 root root 185120 Sep  7 23:24 exec_smoke_target
-rwxr-xr-x  1 root root 191776 Sep  7 23:24 fart
-rwxr-xr-x  1 root root 187680 Sep  7 23:24 fork_smoke
-rwxr-xr-x  1 root root 182992 Sep  7 23:24 futex_handoff_oracle
-rwxr-xr-x  1 root root 391600 Sep  7 23:24 guskit
-rwxr-xr-x  1 root root 189176 Sep  7 23:24 heartbeat
-rwxr-xr-x  1 root root 177696 Sep  7 23:24 hello_time
-rwxr-xr-x  1 root root 227240 Sep  7 23:24 hello_world
-rwxr-xr-x  1 root root 262744 Sep  7 23:24 init_shell
-rwxr-xr-x  1 root root 194000 Sep  7 23:24 particles
-rwxr-xr-x  1 root root 211824 Sep  7 23:24 pipe_fifo_blocking_oracle
-rwxr-xr-x  1 root root 178112 Sep  7 23:24 pipe_fifo_blocking_supervisor
-rwxr-xr-x  1 root root 207240 Sep  7 23:24 poll_tcp_oracle
-rwxr-xr-x  1 root root 197160 Sep  7 23:24 rectangles
-rwxr-xr-x  1 root root 191104 Sep  7 23:24 resolution
-rwxr-xr-x  1 root root 177952 Sep  7 23:24 signal_exec_check
-rwxr-xr-x  1 root root 170632 Sep  7 23:24 simple_exit
-rwxr-xr-x  1 root root 170632 Sep  7 23:24 simple_exit0
-rwxr-xr-x  1 root root 170640 Sep  7 23:24 spawn_smoke_target
-rwxr-xr-x  1 root root 177712 Sep  7 23:24 spinner
-rwxr-xr-x  1 root root 177600 Sep  7 23:24 syscall_enosys
-rwxr-xr-x  1 root root 184296 Sep  7 23:24 tones
-rwxr-xr-x  1 root root 218480 Sep  7 23:24 tty_oracle
-rwxr-xr-x  1 root root 195640 Sep  7 23:24 wait_stress
-rwxr-xr-x  1 root root 183184 Sep  7 23:24 xhci_counters
  Test binaries in /usr/local/test/bin:
total 19584
drwxr-xr-x 2 root root   4096 Sep  7 23:24 .
drwxr-xr-x 3 root root   4096 Sep  7 23:24 ..
-rwxr-xr-x 1 root root 178016 Sep  7 23:24 access_test
-rwxr-xr-x 1 root root 182832 Sep  7 23:24 alarm_test
-rwxr-xr-x 1 root root 184416 Sep  7 23:24 argv_test
-rwxr-xr-x 1 root root 188184 Sep  7 23:24 blocking_recv_test
-rwxr-xr-x 1 root root 182560 Sep  7 23:24 brk_test
-rwxr-xr-x 1 root root 183312 Sep  7 23:24 cat_test
-rwxr-xr-x 1 root root 184640 Sep  7 23:24 clock_gettime_test
-rwxr-xr-x 1 root root 192672 Sep  7 23:24 cloexec_test
-rwxr-xr-x 1 root root 184720 Sep  7 23:24 clonevm_exec_test
-rwxr-xr-x 1 root root 182608 Sep  7 23:24 cow_cleanup_test
-rwxr-xr-x 1 root root 186672 Sep  7 23:24 cow_oom_test
-rwxr-xr-x 1 root root 187112 Sep  7 23:24 cow_readonly_test
-rwxr-xr-x 1 root root 188384 Sep  7 23:24 cow_signal_test
-rwxr-xr-x 1 root root 187072 Sep  7 23:24 cow_sole_owner_test
-rwxr-xr-x 1 root root 187168 Sep  7 23:24 cow_stress_test
-rwxr-xr-x 1 root root 182872 Sep  7 23:24 cp_mv_argv_test
-rwxr-xr-x 1 root root 188056 Sep  7 23:24 ctrl_c_test
-rwxr-xr-x 1 root root 182688 Sep  7 23:24 cwd_test
-rwxr-xr-x 1 root root 182512 Sep  7 23:24 devfs_test
-rwxr-xr-x 1 root root 195312 Sep  7 23:24 dns_test
-rwxr-xr-x 1 root root 189224 Sep  7 23:24 dup_test
-rwxr-xr-x 1 root root 182544 Sep  7 23:24 echo_argv_test
-rwxr-xr-x 1 root root 182904 Sep  7 23:24 epoll_test
-rwxr-xr-x 1 root root 178272 Sep  7 23:24 exec_argv_test
-rwxr-xr-x 1 root root 188144 Sep  7 23:24 exec_from_ext2_test
-rwxr-xr-x 1 root root 183504 Sep  7 23:24 exec_stack_argv_test
-rwxr-xr-x 1 root root 182632 Sep  7 23:24 false_test
-rwxr-xr-x 1 root root 187640 Sep  7 23:24 fbinfo_test
-rwxr-xr-x 1 root root 188816 Sep  7 23:24 fcntl_test
-rwxr-xr-x 1 root root 198520 Sep  7 23:24 fifo_test
-rwxr-xr-x 1 root root 182472 Sep  7 23:24 file_read_test
-rwxr-xr-x 1 root root 188736 Sep  7 23:24 fork_memory_test
-rwxr-xr-x 1 root root 187808 Sep  7 23:24 fork_pending_signal_test
-rwxr-xr-x 1 root root 189248 Sep  7 23:24 fork_state_test
-rwxr-xr-x 1 root root 188168 Sep  7 23:24 fork_test
-rwxr-xr-x 1 root root 188680 Sep  7 23:24 fs_block_alloc_test
-rwxr-xr-x 1 root root 183224 Sep  7 23:24 fs_directory_test
-rwxr-xr-x 1 root root 182680 Sep  7 23:24 fs_large_file_test
-rwxr-xr-x 1 root root 182872 Sep  7 23:24 fs_link_test
-rwxr-xr-x 1 root root 182784 Sep  7 23:24 fs_rename_test
-rwxr-xr-x 1 root root 182968 Sep  7 23:24 fs_write_test
-rwxr-xr-x 1 root root 184056 Sep  7 23:24 getdents_test
-rwxr-xr-x 1 root root 183128 Sep  7 23:24 head_test
-rwxr-xr-x 1 root root 464512 Sep  7 23:24 http_fetch_test
-rwxr-xr-x 1 root root 468664 Sep  7 23:24 http_test
-rwxr-xr-x 1 root root 187368 Sep  7 23:24 itimer_test
-rwxr-xr-x 1 root root 187720 Sep  7 23:24 job_control_test
-rwxr-xr-x 1 root root 192304 Sep  7 23:24 job_table_test
-rwxr-xr-x 1 root root 188552 Sep  7 23:24 kill_process_group_test
-rwxr-xr-x 1 root root 190520 Sep  7 23:24 loopback_wake_test
-rwxr-xr-x 1 root root 183368 Sep  7 23:24 ls_test
-rwxr-xr-x 1 root root 182584 Sep  7 23:24 lseek_test
-rwxr-xr-x 1 root root 182744 Sep  7 23:24 mkdir_argv_test
-rwxr-xr-x 1 root root 191656 Sep  7 23:24 net_test
-rwxr-xr-x 1 root root 183776 Sep  7 23:24 nonblock_eagain_test
-rwxr-xr-x 1 root root 188816 Sep  7 23:24 nonblock_test
-rwxr-xr-x 1 root root 188432 Sep  7 23:24 pause_test
-rwxr-xr-x 1 root root 188992 Sep  7 23:24 pipe2_test
-rwxr-xr-x 1 root root 188792 Sep  7 23:24 pipe_concurrent_test
-rwxr-xr-x 1 root root 188896 Sep  7 23:24 pipe_fork_test
-rwxr-xr-x 1 root root 200016 Sep  7 23:24 pipe_refcount_test
-rwxr-xr-x 1 root root 188320 Sep  7 23:24 pipe_test
-rwxr-xr-x 1 root root 191656 Sep  7 23:24 pipeline_test
-rwxr-xr-x 1 root root 189096 Sep  7 23:24 poll_test
-rwxr-xr-x 1 root root 183080 Sep  7 23:24 pty_test
-rwxr-xr-x 1 root root 177168 Sep  7 23:24 register_init_test
-rwxr-xr-x 1 root root 182552 Sep  7 23:24 rm_argv_test
-rwxr-xr-x 1 root root 188984 Sep  7 23:24 select_test
-rwxr-xr-x 1 root root 188040 Sep  7 23:24 session_test
-rwxr-xr-x 1 root root 183200 Sep  7 23:24 shell_pipe_test
-rwxr-xr-x 1 root root 189080 Sep  7 23:24 sigaltstack_test
-rwxr-xr-x 1 root root 187592 Sep  7 23:24 sigchld_job_test
-rwxr-xr-x 1 root root 182512 Sep  7 23:24 sigchld_test
-rwxr-xr-x 1 root root 206800 Sep  7 23:24 sigkill_teardown_test
-rwxr-xr-x 1 root root 188792 Sep  7 23:24 signal_exec_test
-rwxr-xr-x 1 root root 188232 Sep  7 23:24 signal_fork_test
-rwxr-xr-x 1 root root 187968 Sep  7 23:24 signal_handler_test
-rwxr-xr-x 1 root root 188280 Sep  7 23:24 signal_regs_test
-rwxr-xr-x 1 root root 188384 Sep  7 23:24 signal_return_test
-rwxr-xr-x 1 root root 187936 Sep  7 23:24 signal_test
-rwxr-xr-x 1 root root 188936 Sep  7 23:24 sigsuspend_test
-rwxr-xr-x 1 root root 188664 Sep  7 23:24 sleep_debug_test
-rwxr-xr-x 1 root root 182352 Sep  7 23:24 stdin_test
-rwxr-xr-x 1 root root 170904 Sep  7 23:24 syscall_diagnostic_test
-rwxr-xr-x 1 root root 183128 Sep  7 23:24 tail_test
-rwxr-xr-x 1 root root 203504 Sep  7 23:24 tcp_blocking_test
-rwxr-xr-x 1 root root 187688 Sep  7 23:24 tcp_client_test
-rwxr-xr-x 1 root root 189520 Sep  7 23:24 tcp_cloexec_exec_test
-rwxr-xr-x 1 root root 188904 Sep  7 23:24 tcp_dup_listener_test
-rwxr-xr-x 1 root root 202360 Sep  7 23:24 tcp_socket_test
-rwxr-xr-x 1 root root 182296 Sep  7 23:24 test_mmap
-rwxr-xr-x 1 root root 182216 Sep  7 23:24 timer_test
-rwxr-xr-x 1 root root 182624 Sep  7 23:24 true_test
-rwxr-xr-x 1 root root 188152 Sep  7 23:24 tty_test
-rwxr-xr-x 1 root root 193464 Sep  7 23:24 udp_socket_test
-rwxr-xr-x 1 root root 195400 Sep  7 23:24 unix_named_socket_test
-rwxr-xr-x 1 root root 205376 Sep  7 23:24 unix_socket_test
-rwxr-xr-x 1 root root 188216 Sep  7 23:24 waitpid_test
-rwxr-xr-x 1 root root 183704 Sep  7 23:24 wc_test
-rwxr-xr-x 1 root root 183032 Sep  7 23:24 which_test
-rwxr-xr-x 1 root root 182608 Sep  7 23:24 wnohang_timing_test
-rw-r--r-- 1 root root 300724 Sep  7 23:24 /root/breenix-n586p3l-tmp/tmp.6uUVeUqiCI/usr/share/fonts/PlayfairDisplay-Regular.ttf
-rw-r--r-- 1 root root 1887192 Sep  7 23:24 /root/breenix-n586p3l-tmp/tmp.6uUVeUqiCI/usr/share/fonts/NotoSerif-Regular.ttf
-rw-r--r-- 1 root root 312352 Sep  7 23:24 /root/breenix-n586p3l-tmp/tmp.6uUVeUqiCI/usr/share/fonts/Raleway-Regular.ttf
-rw-r--r-- 1 root root 744936 Sep  7 23:24 /root/breenix-n586p3l-tmp/tmp.6uUVeUqiCI/usr/share/fonts/Montserrat-Regular.ttf
-rw-r--r-- 1 root root 757076 Sep  7 23:24 /root/breenix-n586p3l-tmp/tmp.6uUVeUqiCI/usr/share/fonts/DejaVuSans.ttf
-rw-r--r-- 1 root root 205748 Sep  7 23:24 /root/breenix-n586p3l-tmp/tmp.6uUVeUqiCI/usr/share/fonts/UbuntuMono-Regular.ttf
-rw-r--r-- 1 root root 2049096 Sep  7 23:24 /root/breenix-n586p3l-tmp/tmp.6uUVeUqiCI/usr/share/fonts/NotoSans-Regular.ttf
-rw-r--r-- 1 root root 646340 Sep  7 23:24 /root/breenix-n586p3l-tmp/tmp.6uUVeUqiCI/usr/share/fonts/SourceSans3-Regular.ttf
-rw-r--r-- 1 root root 108684 Sep  7 23:24 /root/breenix-n586p3l-tmp/tmp.6uUVeUqiCI/usr/share/fonts/Inconsolata-Regular.ttf
-rw-r--r-- 1 root root 340712 Sep  7 23:24 /root/breenix-n586p3l-tmp/tmp.6uUVeUqiCI/usr/share/fonts/DejaVuSansMono.ttf
-rw-r--r-- 1 root root 273900 Sep  7 23:24 /root/breenix-n586p3l-tmp/tmp.6uUVeUqiCI/usr/share/fonts/JetBrainsMono-Regular.ttf
-rw-r--r-- 1 root root 309408 Sep  7 23:24 /root/breenix-n586p3l-tmp/tmp.6uUVeUqiCI/usr/share/fonts/Hack-Regular.ttf
-rw-r--r-- 1 root root 876576 Sep  7 23:24 /root/breenix-n586p3l-tmp/tmp.6uUVeUqiCI/usr/share/fonts/Inter-Regular.ttf
-rw-r--r-- 1 root root 656568 Sep  7 23:24 /root/breenix-n586p3l-tmp/tmp.6uUVeUqiCI/usr/share/fonts/Lato-Regular.ttf
-rw-r--r-- 1 root root 212340 Sep  7 23:24 /root/breenix-n586p3l-tmp/tmp.6uUVeUqiCI/usr/share/fonts/SourceCodePro-Regular.ttf
-rw-r--r-- 1 root root 183700 Sep  7 23:24 /root/breenix-n586p3l-tmp/tmp.6uUVeUqiCI/usr/share/fonts/RobotoMono-Regular.ttf
-rw-r--r-- 1 root root 282844 Sep  7 23:24 /root/breenix-n586p3l-tmp/tmp.6uUVeUqiCI/usr/share/fonts/Merriweather-Regular.ttf
-rw-r--r-- 1 root root 1209508 Sep  7 23:24 /root/breenix-n586p3l-tmp/tmp.6uUVeUqiCI/usr/share/fonts/SourceSerif4-Regular.ttf
-rw-r--r-- 1 root root 276932 Sep  7 23:24 /root/breenix-n586p3l-tmp/tmp.6uUVeUqiCI/usr/share/fonts/Nunito-Regular.ttf
-rw-r--r-- 1 root root 488584 Sep  7 23:24 /root/breenix-n586p3l-tmp/tmp.6uUVeUqiCI/usr/share/fonts/Roboto-Regular.ttf
-rw-r--r-- 1 root root 1708408 Sep  7 23:24 /root/breenix-n586p3l-tmp/tmp.6uUVeUqiCI/usr/share/fonts/NotoSansMono-Regular.ttf
-rw-r--r-- 1 root root 135580 Sep  7 23:24 /root/breenix-n586p3l-tmp/tmp.6uUVeUqiCI/usr/share/fonts/IBMPlexMono-Regular.ttf
-rw-r--r-- 1 root root 351884 Sep  7 23:24 /root/breenix-n586p3l-tmp/tmp.6uUVeUqiCI/usr/share/fonts/Ubuntu-Regular.ttf
-rw-r--r-- 1 root root 598060 Sep  7 23:24 /root/breenix-n586p3l-tmp/tmp.6uUVeUqiCI/usr/share/fonts/CascadiaCode-Regular.ttf
-rw-r--r-- 1 root root 212196 Sep  7 23:24 /root/breenix-n586p3l-tmp/tmp.6uUVeUqiCI/usr/share/fonts/Lora-Regular.ttf
-rw-r--r-- 1 root root 359048 Sep  7 23:24 /root/breenix-n586p3l-tmp/tmp.6uUVeUqiCI/usr/share/fonts/PTSerif-Regular.ttf
-rw-r--r-- 1 root root 260364 Sep  7 23:24 /root/breenix-n586p3l-tmp/tmp.6uUVeUqiCI/usr/share/fonts/FiraCode-Regular.ttf
-rw-r--r-- 1 root root 532636 Sep  7 23:24 /root/breenix-n586p3l-tmp/tmp.6uUVeUqiCI/usr/share/fonts/OpenSans-Regular.ttf
-rw-r--r-- 1 root root 160316 Sep  7 23:24 /root/breenix-n586p3l-tmp/tmp.6uUVeUqiCI/usr/share/fonts/Poppins-Regular.ttf
-rw-r--r-- 1 root root 20 Sep  7 23:24 /root/breenix-n586p3l-tmp/tmp.6uUVeUqiCI/deep/path/to/file/data.txt
-rw-r--r-- 1 root root 83 Sep  7 23:24 /root/breenix-n586p3l-tmp/tmp.6uUVeUqiCI/etc/passwd
-rw-r--r-- 1 root root 26 Sep  7 23:24 /root/breenix-n586p3l-tmp/tmp.6uUVeUqiCI/etc/group
-rw-r--r-- 1 root root 349 Sep  7 23:24 /root/breenix-n586p3l-tmp/tmp.6uUVeUqiCI/etc/hotkeys.conf
-rw-r--r-- 1 root root 367 Sep  7 23:24 /root/breenix-n586p3l-tmp/tmp.6uUVeUqiCI/etc/bshrc
-rw-r--r-- 1 root root 679 Sep  7 23:24 /root/breenix-n586p3l-tmp/tmp.6uUVeUqiCI/etc/init.js
-rw-r--r-- 1 root root 445 Sep  7 23:24 /root/breenix-n586p3l-tmp/tmp.6uUVeUqiCI/etc/fonts.conf
-rwxr-xr-x 1 root root 182032 Sep  7 23:24 /root/breenix-n586p3l-tmp/tmp.6uUVeUqiCI/sbin/blogd
-rwxr-xr-x 1 root root 187560 Sep  7 23:24 /root/breenix-n586p3l-tmp/tmp.6uUVeUqiCI/sbin/init
-rwxr-xr-x 1 root root 184144 Sep  7 23:24 /root/breenix-n586p3l-tmp/tmp.6uUVeUqiCI/sbin/telnetd
-rw-r--r-- 1 root root 111 Sep  7 23:24 /root/breenix-n586p3l-tmp/tmp.6uUVeUqiCI/lines.txt
-rw-r--r-- 1 root root 0 Sep  7 23:24 /root/breenix-n586p3l-tmp/tmp.6uUVeUqiCI/empty.txt
-rw-r--r-- 1 root root 20 Sep  7 23:24 /root/breenix-n586p3l-tmp/tmp.6uUVeUqiCI/test/nested.txt
-rw-r--r-- 1 root root 19 Sep  7 23:24 /root/breenix-n586p3l-tmp/tmp.6uUVeUqiCI/trunctest.txt
-rw-r--r-- 1 root root 17 Sep  7 23:24 /root/breenix-n586p3l-tmp/tmp.6uUVeUqiCI/hello.txt
ext2 image created successfully

ext2 disk created and copied to testdata/:
  /root/breenix-n586p3l/target/ext2.img
  /root/breenix-n586p3l/testdata/ext2.img
  Size: 256M

Contents:
  /bin/busybox - BusyBox multi-call binary
  /bin/ls - native Breenix ls
  /bin/{cat,head,tail,...} - BusyBox hardlinks
  /sbin/{true,false} - BusyBox hardlinks
  /bin/* - Other userspace binaries (demos)
  /usr/local/test/bin/* - Test binaries (*_test, test_*)
  /sbin/telnetd - telnet daemon
  /hello.txt - test file (1 line)
  /lines.txt - multi-line test file (15 lines) for head/tail/wc
  /test/nested.txt - nested test file
  /deep/path/to/file/data.txt - deep nested test file
QEMU HOST LOCK: host qemu-system-x86_64 count before acquire: 0
Terminated
EXIT=143
