== compiling ttbr0_shadow_reconciliation_structure ==
== running ttbr0_shadow_reconciliation_structure  ==

running 32 tests
test the_asid_check_rejects_a_disagreeing_tag ... ok
test settling_one_shadow_is_not_settling_the_shadows ... ok
test the_blocking_resume_census_catches_an_unguarded_restore ... ok
test init_reaches_userspace_on_the_root_the_shadows_name ... ok
test the_caller_census_rejects_a_half_settled_caller ... ok
test the_caller_census_catches_a_wrapper_that_skips_the_discipline ... ok
test the_nomem_check_reads_the_asm_block_and_not_the_prose ... ok
test the_discipline_installs_in_order_and_orders_the_shadow_stores ... ok
test the_primitive_exemption_rejects_a_fetched_root ... ok
test the_primitive_exemption_rejects_a_shadow_touching_install ... ok
test the_kernel_root_caller_census_catches_a_caller_that_leaves_the_shadows_armed ... ok
test the_discipline_publishes_the_dispatch_asid ... ok
test the_publish_census_tells_a_replaced_tag_from_an_or_ed_one ... ok
test the_dispatch_ttbr0_switch_settles_both_shadows ... ok
test the_shadow_census_accepts_a_mechanism_primitive ... ok
test the_publication_census_catches_an_untagged_root ... ok
test the_sequence_census_catches_an_install_outside_the_discipline_module ... ok
test the_shadow_census_rejects_an_unreconciled_install ... ok
test the_tag_census_reads_the_or_and_not_the_comparison ... ok
test the_ttbr0_discipline_publishes_both_shadows ... ok
test the_writer_census_catches_a_second_writer ... ok
test the_shadow_setters_feed_the_runtime_census ... ok
test each_corridor_shadow_word_has_exactly_one_writer ... ok
test every_non_primitive_ttbr0_install_performs_the_install_sequence ... ok
test no_ttbr0_installer_claims_it_touches_no_memory ... ok
test every_ttbr0_install_settles_the_per_cpu_shadows ... ok
test the_asid_tag_is_constructed_in_one_place ... ok
test both_aarch64_gates_fail_on_an_untagged_publish ... ok
test every_blocking_resume_restore_uses_the_guarded_helper ... ok
test every_aarch64_caller_of_a_mechanism_primitive_settles_the_shadows ... ok
test every_caller_of_the_kernel_root_install_settles_the_shadows ... ok
test every_shadow_publish_has_an_accounted_asid ... ok

test result: ok. 32 passed; 0 failed; 0 ignored; 0 measured; 0 filtered out; finished in 17.05s

