== compiling net_lock_structure ==
== running net_lock_structure  ==

running 20 tests
test code_mask_raw_string_close_preserves_next_byte ... ok
test irq_primitive_validator_rejects_resurrected_irq_save ... ok
test hardirq_surface_validator_rejects_net_table_reference ... ok
test net_lock_guard_aarch64_validator_rejects_missing_daifset ... ok
test net_lock_guard_x86_validator_rejects_empty_arm ... ok
test net_static_validator_accepts_declared_thread_context_only_static ... ok
test net_static_validator_rejects_discovered_unguarded_static ... ok
test net_static_validator_rejects_empty_thread_context_only_reason ... ok
test net_static_validator_rejects_immediately_dropped_guard ... ok
test net_static_validator_rejects_public_mutex_static ... ok
test net_static_validator_requires_exactly_one_classification ... ok
test net_lock_guard_aarch64_arm_still_masks_daif ... ok
test net_lock_guard_x86_arm_is_a_real_bottom_half_disable ... ok
test unmatched_tcp_rst_is_dropped_without_a_reply ... ok
test deliberately_broken_unmatched_rst_reply_fails_the_validator ... ok
test tcp_accept_publish_race_has_a_sequential_recovery_path ... ok
test deliberately_broken_tcp_accept_publish_race_variants_fail_the_validator ... ok
test hardirq_surface_never_touches_the_net_tables ... ok
test the_no_op_irq_primitives_stay_deleted ... ok
test every_cross_context_net_static_is_guarded_or_declared_thread_only ... ok

test result: ok. 20 passed; 0 failed; 0 ignored; 0 measured; 0 filtered out; finished in 1.76s

