ed03fd9b9b406e8cce3e59723f35708ff0fa539a
e3b0c44298fc1c149afbf4c8996fb92427ae41e4649b934ca495991b7852b855  -
4c192dd3c2650943829f9ed6b109cb59d9dbf4a5bd84544e510a72a7ceaa5f8c  kernel/src/task/boot_resume_oracle.rs
b530cdcbc14a66b1455b782234543e77feeee4071db72a7d4ca84b99fdfb7ff0  scripts/score-boot-resume.py
8843e4109709f70d06b1fe53a54d9bdb119211724ef2b3f0679582ca75c07c9d  tests/boot_resume_structure.rs
 14:05:41 UTC load average: 1.42, 4.53, 4.18
Running 5 parallel full boot tests (runner: native)...
Image: <repo>/target/release/build/breenix-5ac7b276747c983c/out/breenix-uefi.img
QEMU HOST LOCK: host qemu-system-x86_64 count before acquire: 0
QEMU HOST LOCK: waiting for <lock-dir>/x86-qemu.lock (30s elapsed, host qemu-system-x86_64 count=0)...
QEMU HOST LOCK: waiting for <lock-dir>/x86-qemu.lock (60s elapsed, host qemu-system-x86_64 count=0)...
QEMU HOST LOCK: waiting for <lock-dir>/x86-qemu.lock (90s elapsed, host qemu-system-x86_64 count=0)...
QEMU HOST LOCK: waiting for <lock-dir>/x86-qemu.lock (120s elapsed, host qemu-system-x86_64 count=0)...
QEMU HOST LOCK: waiting for <lock-dir>/x86-qemu.lock (150s elapsed, host qemu-system-x86_64 count=0)...
QEMU HOST LOCK: waiting for <lock-dir>/x86-qemu.lock (180s elapsed, host qemu-system-x86_64 count=0)...
QEMU HOST LOCK: waiting for <lock-dir>/x86-qemu.lock (210s elapsed, host qemu-system-x86_64 count=0)...
QEMU HOST LOCK: waiting for <lock-dir>/x86-qemu.lock (240s elapsed, host qemu-system-x86_64 count=0)...
QEMU HOST LOCK: waiting for <lock-dir>/x86-qemu.lock (270s elapsed, host qemu-system-x86_64 count=0)...
QEMU HOST LOCK: waiting for <lock-dir>/x86-qemu.lock (300s elapsed, host qemu-system-x86_64 count=0)...
QEMU HOST LOCK: waiting for <lock-dir>/x86-qemu.lock (330s elapsed, host qemu-system-x86_64 count=0)...
QEMU HOST LOCK: waiting for <lock-dir>/x86-qemu.lock (360s elapsed, host qemu-system-x86_64 count=0)...
QEMU HOST LOCK: waiting for <lock-dir>/x86-qemu.lock (390s elapsed, host qemu-system-x86_64 count=0)...
QEMU HOST LOCK: waiting for <lock-dir>/x86-qemu.lock (420s elapsed, host qemu-system-x86_64 count=0)...
QEMU HOST LOCK: waiting for <lock-dir>/x86-qemu.lock (450s elapsed, host qemu-system-x86_64 count=0)...
QEMU HOST LOCK: waiting for <lock-dir>/x86-qemu.lock (480s elapsed, host qemu-system-x86_64 count=0)...
QEMU HOST LOCK: waiting for <lock-dir>/x86-qemu.lock (510s elapsed, host qemu-system-x86_64 count=0)...
QEMU HOST LOCK: waiting for <lock-dir>/x86-qemu.lock (540s elapsed, host qemu-system-x86_64 count=0)...
QEMU HOST LOCK: waiting for <lock-dir>/x86-qemu.lock (570s elapsed, host qemu-system-x86_64 count=0)...
QEMU HOST LOCK: waiting for <lock-dir>/x86-qemu.lock (600s elapsed, host qemu-system-x86_64 count=0)...
QEMU HOST LOCK: waiting for <lock-dir>/x86-qemu.lock (630s elapsed, host qemu-system-x86_64 count=0)...
QEMU HOST LOCK: waiting for <lock-dir>/x86-qemu.lock (660s elapsed, host qemu-system-x86_64 count=0)...
QEMU HOST LOCK: waiting for <lock-dir>/x86-qemu.lock (690s elapsed, host qemu-system-x86_64 count=0)...
QEMU HOST LOCK: waiting for <lock-dir>/x86-qemu.lock (720s elapsed, host qemu-system-x86_64 count=0)...
QEMU HOST LOCK: waiting for <lock-dir>/x86-qemu.lock (750s elapsed, host qemu-system-x86_64 count=0)...
QEMU HOST LOCK: waiting for <lock-dir>/x86-qemu.lock (780s elapsed, host qemu-system-x86_64 count=0)...
QEMU HOST LOCK: waiting for <lock-dir>/x86-qemu.lock (810s elapsed, host qemu-system-x86_64 count=0)...
QEMU HOST LOCK: waiting for <lock-dir>/x86-qemu.lock (840s elapsed, host qemu-system-x86_64 count=0)...
QEMU HOST LOCK: waiting for <lock-dir>/x86-qemu.lock (870s elapsed, host qemu-system-x86_64 count=0)...
QEMU HOST LOCK: waiting for <lock-dir>/x86-qemu.lock (900s elapsed, host qemu-system-x86_64 count=0)...
QEMU HOST LOCK: waiting for <lock-dir>/x86-qemu.lock (930s elapsed, host qemu-system-x86_64 count=0)...
  Started test 1
  Started test 2
  Started test 3
  Started test 4
  Started test 5
Waiting for kthread tests to complete (900s timeout)...
  Test 1: PASS
    [SW]<K>[SW]<1>[SW]<K>[SW]<1>[SW]<K>[SW]<1>[SW]<K>[SW]<1>[SW]<K>[SW]<1>[SW]<K>[SW]<1>[SW]<K>[SW]<1>[SW]<K>[SW]<K>[SW]<1>[SW]<K>[SW]<1>[SW]<K>[SW]<1>[SW]<K>[SW]<1>[SW]<K>[SW]<1>[SW]<K>[SW]<1>[SW]<K>[SW]<1>[SW]<K>[SW]<1>[SW]<K>[SW]<1>[SW]<K>[SW]<1>[SW]<K>[SW]<1>[SOFTIRQ_DEFERRAL_ORACLE:arch=x86:cpu=0:budget_ticks=250:wait_ticks=4:wait_ns=12412485:dispatches=1:iterations=41:verdict=ok]
strand census: latest snapshot seq=47 tick=8244 at 59337 ms; 47 valid snapshot(s), previous 24 ms earlier, largest gap 3269 ms
strand census: age at the completion marker: 978 ms (newest cadence snapshot seq=45 at 58335 ms, completion snapshot seq=46 at 59313 ms, bound 15000 ms)
STRAND_CENSUS: threads_saved_blocked=11 stranded=0 lines=5374
x86 userspace gate: PASS - exited=23 expected>=17 nonzero=0 allowlist=0
  Test 2: PASS
    [SW]<K>[SW]<1>[SW]<K>[SW]<1>[SW]<K>[SW]<1>[SW]<K>[SW]<1>[SW]<K>[SW]<1>[SW]<K>[SW]<1>[SW]<K>[SW]<1>[SW]<K>[SW]<K>[SW]<1>[SW]<K>[SW]<1>[SW]<K>[SW]<1>[SW]<K>[SW]<1>[SW]<K>[SW]<1>[SW]<K>[SW]<1>[SW]<K>[SW]<1>[SW]<K>[SW]<1>[SW]<K>[SW]<1>[SOFTIRQ_DEFERRAL_ORACLE:arch=x86:cpu=0:budget_ticks=250:wait_ticks=2:wait_ns=5996792:dispatches=5:iterations=25:verdict=ok]
strand census: latest snapshot seq=49 tick=8985 at 59331 ms; 49 valid snapshot(s), previous 1004 ms earlier, largest gap 3211 ms
strand census: age at the completion marker: 996 ms (newest cadence snapshot seq=43 at 54317 ms, completion snapshot seq=44 at 55313 ms, bound 15000 ms)
STRAND_CENSUS: threads_saved_blocked=11 stranded=0 lines=5309
x86 userspace gate: PASS - exited=23 expected>=17 nonzero=0 allowlist=0
  Test 3: PASS
    [SW]<K>[SW]<1>[SW]<K>[SW]<1>[SW]<K>[SW]<1>[SW]<K>[SW]<1>[SW]<K>[SW]<1>[SW]<K>[SW]<1>[SW]<K>[SW]<K>[SW]<1>[SW]<K>[SW]<1>[SW]<K>[SW]<1>[SW]<K>[SW]<1>[SW]<K>[SW]<1>[SW]<K>[SW]<1>[SW]<K>[SW]<1>[SW]<K>[SW]<1>[SW]<K>[SW]<1>[SW]<K>[SW]<1>[SOFTIRQ_DEFERRAL_ORACLE:arch=x86:cpu=0:budget_ticks=250:wait_ticks=2:wait_ns=5292902:dispatches=5:iterations=25:verdict=ok]
strand census: latest snapshot seq=49 tick=8982 at 60133 ms; 49 valid snapshot(s), previous 1004 ms earlier, largest gap 3368 ms
strand census: age at the completion marker: 639 ms (newest cadence snapshot seq=43 at 55112 ms, completion snapshot seq=44 at 55751 ms, bound 15000 ms)
STRAND_CENSUS: threads_saved_blocked=11 stranded=0 lines=5276
x86 userspace gate: PASS - exited=23 expected>=17 nonzero=0 allowlist=0
  Test 4: PASS
    [SW]<K>[SW]<1>[SW]<K>[SW]<1>[SW]<K>[SW]<1>[SW]<K>[SW]<1>[SW]<K>[SW]<1>[SW]<K>[SW]<1>[SW]<K>[SW]<1>[SW]<K>[SW]<K>[SW]<K>[SW]<1>[SW]<K>[SW]<1>[SW]<K>[SW]<1>[SW]<K>[SW]<1>[SW]<K>[SW]<1>[SW]<K>[SW]<1>[SW]<K>[SW]<1>[SW]<K>[SW]<1>[SW]<K>[SW]<1>[SW]<K>[SW]<1>[SOFTIRQ_DEFERRAL_ORACLE:arch=x86:cpu=0:budget_ticks=250:wait_ticks=2:wait_ns=4922326:dispatches=5:iterations=25:verdict=ok]
strand census: latest snapshot seq=48 tick=8994 at 60002 ms; 48 valid snapshot(s), previous 1003 ms earlier, largest gap 3823 ms
strand census: age at the completion marker: 445 ms (newest cadence snapshot seq=42 at 54937 ms, completion snapshot seq=43 at 55382 ms, bound 15000 ms)
STRAND_CENSUS: threads_saved_blocked=11 stranded=0 lines=5336
x86 userspace gate: PASS - exited=23 expected>=17 nonzero=0 allowlist=0
  Test 5: PASS
    [SW]<K>[SW]<1>[SW]<K>[SW]<1>[SW]<K>[SW]<1>[SW]<K>[SW]<1>[SW]<K>[SW]<1>[SW]<K>[SW]<1>[SW]<K>[SW]<K>[SW]<K>[SW]<1>[SW]<K>[SW]<1>[SW]<K>[SW]<1>[SW]<K>[SW]<1>[SW]<K>[SW]<1>[SW]<K>[SW]<1>[SW]<K>[SW]<1>[SW]<K>[SW]<1>[SW]<K>[SW]<1>[SOFTIRQ_DEFERRAL_ORACLE:arch=x86:cpu=0:budget_ticks=250:wait_ticks=2:wait_ns=5500648:dispatches=5:iterations=25:verdict=ok]
strand census: latest snapshot seq=48 tick=8888 at 59571 ms; 48 valid snapshot(s), previous 1003 ms earlier, largest gap 4288 ms
strand census: age at the completion marker: 255 ms (newest cadence snapshot seq=44 at 56559 ms, completion snapshot seq=45 at 56814 ms, bound 15000 ms)
STRAND_CENSUS: threads_saved_blocked=11 stranded=0 lines=5394
x86 userspace gate: PASS - exited=23 expected>=17 nonzero=0 allowlist=0

=========================================
Results: 5 passed, 0 failed out of 5
=========================================
GATE_EXIT=0
