2d3eb32582c5a36a31ec771d9a50cc305c50bc2f
Working tree: fixed fixture with regression tests; mutations restored
== compiling gate_qmp_backstop_structure ==
== running gate_qmp_backstop_structure _ ==

running 20 tests
test hung_dump_report_rejects_malformed_lines ... ok
test missing_socket_report_rejects_malformed_lines ... ok
test a_socket_path_under_a_worktree_scoped_output_dir_is_the_reproduced_defect ... ok
test moving_the_qmp_decision_after_its_kill_reddens_the_check ... ok
test receipt_precedes_response_deadline ... ok
test service_loop_routes_every_verdict_kill_through_ordered_helper ... ok
test shipped_capture_deadline_and_mutations ... ok
test swapping_helper_kill_and_dump_reddens_the_check ... ok
test neither_converted_gate_builds_qmp_sock_under_its_own_output_dir ... ok
test strict_kill_follows_qmp_decision ... ok
test gqb_alloc_socket_pairs_with_a_reachable_free_call_in_every_converted_gate ... ok
test census_wiring_calls_both_outcomes ... ok
test gqb_free_socket_refuses_to_remove_paths_outside_its_namespace ... ok
test gqb_alloc_socket_returns_a_path_a_real_af_unix_bind_accepts ... ok
test gqb_free_socket_removes_only_its_own_namespace_directory ... ok
fixture wall time: 48.902959ms (setup covered by suite timeout)
test pass_emits_exact_contract_without_any_qmp_traffic ... ok
fixture wall time: 25.927083ms (setup covered by suite timeout)
test core_extraction_uses_physical_load_ranges_and_rejects_missing_or_truncated_bytes ... ok
early-124: status=Some(1) elapsed=195.978125ms bounded=false
expired: status=Some(124) elapsed=3.052693s bounded=true
test timeout_marker_requires_expiry_not_early_exit_124 ... ok
fake_qmp_dump_precedes_sigterm_even_when_decode_fails: socat present; asserting capture and SIGTERM ordering
fixture wall time: 4.140633042s (setup covered by suite timeout)
test fake_qmp_dump_precedes_sigterm_even_when_decode_fails ... ok
missing_socket_and_hung_dump_are_partial_and_bounded: socat present; asserting QMP timeout after dump command
fixture wall time: 5.423560708s (setup covered by suite timeout)
test missing_socket_and_hung_dump_are_partial_and_bounded ... ok

test result: ok. 20 passed; 0 failed; 0 ignored; 0 measured; 0 filtered out; finished in 5.53s

exit=0
