7703a40430e58ace9bed1273de9a5cab5497db7c
Filesystem      Size  Used Avail Use% Mounted on
/dev/sda2        97G   45G   53G  47% /
[GATE_SUITE:stem=aarch64_testing_profile_structure:attempt=1:timeout_s=300:wall_s=0:exit=0]
[GATE_SUITE:stem=block_request_lifetime_structure:attempt=1:timeout_s=300:wall_s=1:exit=0]
[GATE_SUITE:stem=blocking_fd_eagain_structure:attempt=1:timeout_s=300:wall_s=1:exit=0]
[GATE_SUITE:stem=capture_bxcap_schema_structure:attempt=1:timeout_s=300:wall_s=1:exit=0]
[GATE_SUITE:stem=capture_path_lock_free_structure:attempt=1:timeout_s=300:wall_s=1:exit=0]
[GATE_SUITE:stem=context_restore_structure:attempt=1:timeout_s=300:wall_s=210:exit=0]
[GATE_SUITE:stem=coreproof_component_h_structure:attempt=1:timeout_s=300:wall_s=0:exit=0]
[GATE_SUITE:stem=coreproof_coverage_structure:attempt=1:timeout_s=300:wall_s=1:exit=0]
[GATE_SUITE:stem=coreproof_mutation_register_structure:attempt=1:timeout_s=300:wall_s=1:exit=0]
[GATE_SUITE:stem=coreproof_sites_structure:attempt=1:timeout_s=300:wall_s=1:exit=0]
[GATE_SUITE:stem=critical_path_logging_census_structure:attempt=1:timeout_s=300:wall_s=2:exit=0]
[GATE_SUITE:stem=ctx_diag_ring_sample_structure:attempt=1:timeout_s=300:wall_s=1:exit=0]
[GATE_SUITE:stem=degenerate_transfer_fd_validation_structure:attempt=1:timeout_s=300:wall_s=1:exit=0]
[GATE_SUITE:stem=dispatch_fact_census_structure:attempt=1:timeout_s=300:wall_s=1:exit=0]
[GATE_SUITE:stem=dispatch_path_lock_free_structure:attempt=1:timeout_s=300:wall_s=1:exit=0]
[GATE_SUITE:stem=dispatch_strand_census_structure:attempt=1:timeout_s=300:wall_s=1:exit=0]
[GATE_SUITE:stem=dma_and_log_sink_structure:attempt=1:timeout_s=300:wall_s=1:exit=0]
[GATE_SUITE:stem=entry_point_df_structure:attempt=1:timeout_s=300:wall_s=1:exit=0]
[GATE_SUITE:stem=exec_lock_order_structure:attempt=1:timeout_s=300:wall_s=5:exit=0]
[GATE_SUITE:stem=exit_tally_structure:attempt=1:timeout_s=300:wall_s=1:exit=0]
[GATE_SUITE:stem=ext2_disk_size_structure:attempt=1:timeout_s=300:wall_s=0:exit=0]
[GATE_SUITE:stem=ext2_lock_structure:attempt=1:timeout_s=300:wall_s=1:exit=0]
[GATE_SUITE:stem=fcntl_pm_contention_gate_structure:attempt=1:timeout_s=300:wall_s=1:exit=0]
[GATE_SUITE:stem=fork_lock_order_structure:attempt=1:timeout_s=300:wall_s=1:exit=0]
[GATE_SUITE:stem=gate_boot_facts_pipefail_structure:attempt=1:timeout_s=300:wall_s=1:exit=0]
[GATE_SUITE:stem=gate_boot_facts_structure:attempt=1:timeout_s=300:wall_s=1:exit=0]
[GATE_SUITE:stem=gate_capture_drain_structure:attempt=1:timeout_s=300:wall_s=2:exit=0]
[GATE_SUITE:stem=gate_qmp_backstop_structure:attempt=1:timeout_s=300:wall_s=7:exit=0]
[GATE_SUITE:stem=gate_structure_preflight_wiring_structure:attempt=1:timeout_s=300:wall_s=1:exit=0]
[GATE_SUITE:stem=green_program_envelope_structure:attempt=1:timeout_s=300:wall_s=2:exit=0]
[GATE_SUITE:stem=launcher_smoke_xhci_evidence_structure:attempt=1:timeout_s=300:wall_s=1:exit=0]
[GATE_SUITE:stem=lockup_capture_guard_structure:attempt=1:timeout_s=300:wall_s=2:exit=0]
[GATE_SUITE:stem=loopback_pump_structure:attempt=1:timeout_s=300:wall_s=11:exit=0]
[GATE_SUITE:stem=masked_binary_load_structure:attempt=1:timeout_s=300:wall_s=1:exit=0]
[GATE_SUITE:stem=mmap_floor_structure:attempt=1:timeout_s=300:wall_s=1:exit=0]
[GATE_SUITE:stem=net_lock_structure:attempt=1:timeout_s=300:wall_s=13:exit=0]
[GATE_SUITE:stem=parallels_capture_structure:attempt=1:timeout_s=300:wall_s=10:exit=0]
[GATE_SUITE:stem=parallels_kill_by_name_structure:attempt=1:timeout_s=300:wall_s=1:exit=0]
[GATE_SUITE:stem=pipe_fifo_blocking_structure:attempt=1:timeout_s=300:wall_s=6:exit=0]
[GATE_SUITE:stem=poll_tcp_gate_wiring_structure:attempt=1:timeout_s=300:wall_s=1:exit=0]
[GATE_SUITE:stem=preempt_bracket_structure:attempt=1:timeout_s=300:wall_s=1:exit=0]
[GATE_SUITE:stem=qemu_host_lock_structure:attempt=1:timeout_s=300:wall_s=1:exit=0]
[GATE_SUITE:stem=qemu_kill_by_name_structure:attempt=1:timeout_s=300:wall_s=2:exit=0]
[GATE_SUITE:stem=ring_span_report_site_structure:attempt=1:timeout_s=300:wall_s=1:exit=0]
[GATE_SUITE:stem=ring_span_unfiltered_report_site_structure:attempt=1:timeout_s=300:wall_s=1:exit=0]
[GATE_SUITE:stem=run_inspector_import_structure:attempt=1:timeout_s=300:wall_s=1:exit=0]
[GATE_SUITE:stem=serial_line_atomicity_structure:attempt=1:timeout_s=300:wall_s=5:exit=0]
[GATE_SUITE:stem=signal_eintr_predicate_structure:attempt=1:timeout_s=300:wall_s=1:exit=0]
[GATE_SUITE:stem=strand_handoff_structure:attempt=1:timeout_s=300:wall_s=7:exit=0]
[GATE_SUITE:stem=structure_preflight_parallel_structure:attempt=1:timeout_s=300:wall_s=10:exit=0]
[GATE_SUITE:stem=syscall_return_register_structure:attempt=1:timeout_s=300:wall_s=3:exit=0]
[GATE_SUITE:stem=teardown_rustfmt_structure:attempt=1:timeout_s=300:wall_s=1:exit=0]
[GATE_SUITE:stem=teardown_structure:attempt=1:timeout_s=300:wall_s=79:exit=0]
[GATE_SUITE:stem=terminal_edge_capture_structure:attempt=1:timeout_s=300:wall_s=2:exit=0]
[GATE_SUITE:stem=timer_wake_dispatch_structure:attempt=1:timeout_s=300:wall_s=0:exit=0]
[GATE_SUITE:stem=trace_ring_depth_structure:attempt=1:timeout_s=300:wall_s=1:exit=0]
[GATE_SUITE:stem=tracing_provider_gate_structure:attempt=1:timeout_s=300:wall_s=1:exit=0]
[GATE_SUITE:stem=ttbr0_shadow_reconciliation_structure:attempt=1:timeout_s=300:wall_s=74:exit=0]
[GATE_SUITE:stem=tty_irq_fg_structure:attempt=1:timeout_s=300:wall_s=5:exit=0]
[GATE_SUITE:stem=tty_irq_pm_structure:attempt=1:timeout_s=300:wall_s=5:exit=0]
[GATE_SUITE:stem=tty_oracle_structure:attempt=1:timeout_s=300:wall_s=1:exit=0]
[GATE_SUITE:stem=udp_ports_lock_irq_structure:attempt=1:timeout_s=300:wall_s=1:exit=0]
[GATE_SUITE:stem=udp_socket_lock_irq_structure:attempt=1:timeout_s=300:wall_s=1:exit=0]
[GATE_SUITE:stem=x86_boot_tests_profile_structure:attempt=1:timeout_s=300:wall_s=3:exit=0]
[GATE_SUITE:stem=x86_smp_enum_structure:attempt=1:timeout_s=300:wall_s=1:exit=0]
[GATE_SUITE:stem=xhci_wait_irq_order_structure:attempt=1:timeout_s=300:wall_s=2:exit=0]
[GATE_PREFLIGHT:structure_suites=66/66:critical_path_lines=260:pinned=120]
  RING3_SMOKE fork census: PRODUCTION_REAPED_ROWS=5
    Updating git repository `https://github.com/rust-osdev/bootloader.git`
    Updating crates.io index
     Locking 154 packages to latest compatible versions
      Adding aarch64-cpu v9.4.0 (available: v11.2.0)
      Adding acpi v5.2.0 (available: v6.1.1)
      Adding az v1.2.1 (available: v1.3.0)
      Adding pic8259 v0.10.4 (available: v0.11.0)
      Adding spin v0.9.9 (available: v0.12.3)
      Adding tock-registers v0.8.1 (available: v0.10.1)
      Adding uart_16550 v0.3.2 (available: v0.8.0)
      Adding uefi v0.33.0 (available: v0.37.0)
      Adding x86_64 v0.15.4 (available: v0.15.5)
   Compiling proc-macro2 v1.0.107
   Compiling unicode-ident v1.0.24
   Compiling quote v1.0.47
   Compiling serde v1.0.229
   Compiling rustversion v1.0.23
   Compiling serde_core v1.0.229
   Compiling x86 v0.52.0
   Compiling bit_field v0.10.3
   Compiling libc v0.2.189
   Compiling const_fn v0.4.12
   Compiling bootloader_api v0.11.13 (https://github.com/rust-osdev/bootloader.git?rev=707db11201b19541b7cfef84037866ee03aa0927#707db112)
   Compiling scopeguard v1.2.0
   Compiling cfg-if v1.0.4
   Compiling find-msvc-tools v0.1.12
   Compiling bitflags v2.13.1
   Compiling autocfg v1.5.1
   Compiling shlex v2.0.1
   Compiling cc v1.4.5
   Compiling lock_api v0.4.14
   Compiling num-traits v0.2.19
   Compiling volatile v0.4.6
   Compiling az v1.2.1
   Compiling getrandom v0.4.3
   Compiling syn v3.0.5
   Compiling bitflags v1.3.2
   Compiling raw-cpuid v10.7.0
   Compiling rand_core v0.6.4
   Compiling conquer-util v0.3.0
   Compiling crossbeam-utils v0.8.23
   Compiling ring v0.17.14
   Compiling spinning_top v0.2.5
   Compiling typenum v1.20.1
   Compiling byteorder v1.5.0
   Compiling zero v0.1.3
   Compiling zmij v1.0.23
   Compiling rustix v1.1.4
   Compiling zeroize v1.9.0
   Compiling rustls-pki-types v1.15.1
   Compiling embedded-graphics-core v0.4.1
   Compiling xmas-elf v0.8.0
   Compiling hybrid-array v0.4.14
   Compiling serde_derive v1.0.229
   Compiling uart_16550 v0.3.2
   Compiling float-cmp v0.9.0
   Compiling getrandom v0.2.17
   Compiling conquer-once v0.3.2
   Compiling rand_hc v0.3.2
   Compiling rand v0.8.8
   Compiling x86_64 v0.15.4
   Compiling x86_64 v0.14.13
   Compiling anyhow v1.0.104
   Compiling futures-task v0.3.34
   Compiling slab v0.4.12
   Compiling usize_conversions v0.2.0
   Compiling micromath v2.1.0
   Compiling pin-project-lite v0.2.17
   Compiling kernel v0.1.0 (/root/breenix-t957c/kernel)
   Compiling log v0.4.34
   Compiling llvm-tools v0.1.1
   Compiling serde_json v1.0.151
   Compiling noto-sans-mono-bitmap v0.2.0
   Compiling untrusted v0.9.0
   Compiling httparse v1.10.1
   Compiling linux-raw-sys v0.12.1
   Compiling futures-core v0.3.34
   Compiling crc-catalog v2.5.0
   Compiling futures-util v0.3.34
   Compiling crc v3.4.0
   Compiling bootloader v0.11.13 (https://github.com/rust-osdev/bootloader.git?rev=707db11201b19541b7cfef84037866ee03aa0927#707db112)
   Compiling embedded-graphics v0.8.2
   Compiling pic8259 v0.10.4
   Compiling crossbeam-queue v0.3.14
   Compiling uuid v1.26.0
   Compiling linked_list_allocator v0.10.6
   Compiling conquer-once v0.4.0
   Compiling spin v0.9.9
   Compiling fastrand v2.5.0
   Compiling itoa v1.0.18
   Compiling bytes v1.12.1
   Compiling bootloader-boot-config v0.11.13 (https://github.com/rust-osdev/bootloader.git?rev=707db11201b19541b7cfef84037866ee03aa0927#707db112)
   Compiling once_cell v1.21.4
   Compiling rustls v0.23.44
   Compiling bootloader-x86_64-common v0.11.13 (https://github.com/rust-osdev/bootloader.git?rev=707db11201b19541b7cfef84037866ee03aa0927#707db112)
   Compiling memchr v2.8.3
   Compiling noto-sans-mono-bitmap v0.3.2
   Compiling http v1.5.0
   Compiling fatfs v0.3.6
   Compiling tempfile v3.27.0
   Compiling gpt v3.1.0
   Compiling block-buffer v0.12.1
   Compiling crypto-common v0.2.2
   Compiling const-oid v0.10.2
   Compiling subtle v2.6.1
   Compiling base64 v0.23.1
   Compiling xattr v1.6.1
   Compiling ureq-proto v0.6.2
   Compiling digest v0.11.3
   Compiling webpki-roots v1.0.9
   Compiling filetime v0.2.29
   Compiling cpufeatures v0.3.1
   Compiling percent-encoding v2.3.2
   Compiling utf8-zero v0.8.1
   Compiling sha2 v0.11.0
   Compiling lzma-rs v0.3.0
   Compiling tar v0.4.46
   Compiling rustls-webpki v0.103.15
   Compiling breenix v0.1.0 (/root/breenix-t957c)
   Compiling base16ct v1.0.0
   Compiling ureq v3.4.1
   Compiling ovmf-prebuilt v0.2.9
    Finished `release` profile [optimized] target(s) in 36.32s
Guard: x86 kernel-thread dispatch allocation check (#791)
  ELF:      /root/breenix-t957c/target/x86_64-unknown-none/release/deps/artifact/kernel-0c2106fd652894df/bin/kernel-0c2106fd652894df
  sha256:   c4a50a42699f4c053eb16685400214005147c4254909065a1e6cb6a9c5b4db10
  objdump:  /root/.rustup/toolchains/nightly-2025-06-24-x86_64-unknown-linux-gnu/lib/rustlib/x86_64-unknown-linux-gnu/bin/llvm-objdump
  readelf:  readelf
  function: setup_kernel_thread_return (its own body and its closures)
  symbols in scope: 3
  call targets resolved: 14
[0;32mPASS:[0m 0 allocating call targets in 3 in-scope symbol(s), 14 edge(s) checked.
   Compiling kernel v0.1.0 (/root/breenix-t957c/kernel)
   Compiling breenix v0.1.0 (/root/breenix-t957c)
    Finished `release` profile [optimized] target(s) in 17.65s
     Running `target/release/qemu-uefi`
[qemu-uefi] Using UEFI image: /root/breenix-t957c/target/release/build/breenix-d924c107d332c75a/out/breenix-uefi.img (8454144 bytes)
   Compiling proc-macro2 v1.0.107
   Compiling quote v1.0.47
   Compiling unicode-ident v1.0.24
   Compiling version_check v0.9.5
   Compiling syn v1.0.109
   Compiling serde_core v1.0.229
   Compiling unicode-segmentation v1.13.3
   Compiling zmij v1.0.23
   Compiling unicode-width v0.1.14
   Compiling serde_json v1.0.151
   Compiling anyhow v1.0.104
   Compiling bitflags v1.3.2
   Compiling serde v1.0.229
   Compiling proc-macro-error-attr v1.0.4
   Compiling proc-macro-error v1.0.4
   Compiling textwrap v0.11.0
   Compiling heck v0.3.3
   Compiling clap v2.34.0
   Compiling memchr v2.8.3
   Compiling itoa v1.0.18
   Compiling lazy_static v1.5.0
   Compiling glob v0.3.4
   Compiling syn v3.0.5
   Compiling serde_derive v1.0.229
   Compiling structopt-derive v0.4.18
   Compiling structopt v0.3.26
   Compiling xtask v0.1.0 (/root/breenix-t957c/xtask)
    Finished `dev` profile [unoptimized + debuginfo] target(s) in 10.32s
     Running `target/debug/xtask create-test-disk`
Creating test disk image...
  Including std test: hello_std_real (227208 bytes)
  Found 152 test binaries
  Added: access_test (177992 bytes, sectors 128-475)
  Added: alarm_test (182808 bytes, sectors 476-833)
  Added: argv_test (184392 bytes, sectors 834-1194)
  Added: bcheck (299384 bytes, sectors 1195-1779)
  Added: bfontpicker (346384 bytes, sectors 1780-2456)
  Added: biconkit (248304 bytes, sectors 2457-2941)
  Added: blauncher (325496 bytes, sectors 2942-3577)
  Added: bless (185680 bytes, sectors 3578-3940)
  Added: block_eintr_oracle (190064 bytes, sectors 3941-4312)
  Added: blocking_recv_test (188152 bytes, sectors 4313-4680)
  Added: blog (331232 bytes, sectors 4681-5327)
  Added: blogd (182008 bytes, sectors 5328-5683)
  Added: bounce (275272 bytes, sectors 5684-6221)
  Added: brk_test (182528 bytes, sectors 6222-6578)
  Added: bsh (579560 bytes, sectors 6579-7710)
  Added: bssh (322496 bytes, sectors 7711-8340)
  Added: bsshd (314272 bytes, sectors 8341-8954)
  Added: bterm (338752 bytes, sectors 8955-9616)
  Added: btop (184232 bytes, sectors 9617-9976)
  Added: btrace (198976 bytes, sectors 9977-10365)
  Added: burl (483352 bytes, sectors 10366-11310)
  Added: bwm (331536 bytes, sectors 11311-11958)
  Added: cat_test (183280 bytes, sectors 11959-12316)
  Added: clock_gettime_test (184616 bytes, sectors 12317-12677)
  Added: cloexec_test (192648 bytes, sectors 12678-13054)
  Added: clonevm_exec_test (184704 bytes, sectors 13055-13415)
  Added: concurrent_recv_stress (188984 bytes, sectors 13416-13785)
  Added: confetti (189288 bytes, sectors 13786-14155)
  Added: counter (177680 bytes, sectors 14156-14503)
  Added: cow_cleanup_test (182584 bytes, sectors 14504-14860)
  Added: cow_oom_test (182552 bytes, sectors 14861-15217)
  Added: cow_readonly_test (187088 bytes, sectors 15218-15583)
  Added: cow_signal_test (188360 bytes, sectors 15584-15951)
  Added: cow_sole_owner_test (187048 bytes, sectors 15952-16317)
  Added: cow_stress_test (187144 bytes, sectors 16318-16683)
  Added: cp_mv_argv_test (182848 bytes, sectors 16684-17041)
  Added: ctrl_c_test (188032 bytes, sectors 17042-17409)
  Added: cwd_test (182664 bytes, sectors 17410-17766)
  Added: demo (189744 bytes, sectors 17767-18137)
  Added: devfs_test (182488 bytes, sectors 18138-18494)
  Added: df_preempt_oracle (187688 bytes, sectors 18495-18861)
  Added: dns_test (195288 bytes, sectors 18862-19243)
  Added: dup_test (189200 bytes, sectors 19244-19613)
  Added: echo_argv_test (182512 bytes, sectors 19614-19970)
  Added: epoll_test (182880 bytes, sectors 19971-20328)
  Added: exec_argv_test (178248 bytes, sectors 20329-20677)
  Added: exec_from_ext2_test (188120 bytes, sectors 20678-21045)
  Added: exec_smoke (178104 bytes, sectors 21046-21393)
  Added: exec_smoke_target (185096 bytes, sectors 21394-21755)
  Added: exec_stack_argv_test (183480 bytes, sectors 21756-22114)
  Added: false_test (182608 bytes, sectors 22115-22471)
  Added: fart (191744 bytes, sectors 22472-22846)
  Added: fbinfo_test (187616 bytes, sectors 22847-23213)
  Added: fcntl_test (188792 bytes, sectors 23214-23582)
  Added: fifo_test (198496 bytes, sectors 23583-23970)
  Added: file_read_test (182448 bytes, sectors 23971-24327)
  Added: fork_memory_test (188712 bytes, sectors 24328-24696)
  Added: fork_pending_signal_test (187784 bytes, sectors 24697-25063)
  Added: fork_smoke (187656 bytes, sectors 25064-25430)
  Added: fork_state_test (189224 bytes, sectors 25431-25800)
  Added: fork_test (188136 bytes, sectors 25801-26168)
  Added: fs_block_alloc_test (188656 bytes, sectors 26169-26537)
  Added: fs_directory_test (183200 bytes, sectors 26538-26895)
  Added: fs_large_file_test (182656 bytes, sectors 26896-27252)
  Added: fs_link_test (182848 bytes, sectors 27253-27610)
  Added: fs_rename_test (182752 bytes, sectors 27611-27967)
  Added: fs_write_test (182936 bytes, sectors 27968-28325)
  Added: futex_handoff_oracle (178872 bytes, sectors 28326-28675)
  Added: getdents_test (184032 bytes, sectors 28676-29035)
  Added: guskit (391720 bytes, sectors 29036-29801)
  Added: head_test (183104 bytes, sectors 29802-30159)
  Added: heartbeat (189152 bytes, sectors 30160-30529)
  Added: hello_std_real (227208 bytes, sectors 30530-30973)
  Added: hello_time (177672 bytes, sectors 30974-31321)
  Added: hello_world (227208 bytes, sectors 31322-31765)
  Added: http_fetch_test (464416 bytes, sectors 31766-32673)
  Added: http_test (468568 bytes, sectors 32674-33589)
  Added: init (187536 bytes, sectors 33590-33956)
  Added: init_shell (262712 bytes, sectors 33957-34470)
  Added: itimer_test (183248 bytes, sectors 34471-34828)
  Added: job_control_test (187696 bytes, sectors 34829-35195)
  Added: job_table_test (192280 bytes, sectors 35196-35571)
  Added: kill_process_group_test (188528 bytes, sectors 35572-35940)
  Added: loopback_wake_test (190496 bytes, sectors 35941-36313)
  Added: ls_test (183336 bytes, sectors 36314-36672)
  Added: lseek_test (182560 bytes, sectors 36673-37029)
  Added: mkdir_argv_test (182720 bytes, sectors 37030-37386)
  Added: net_test (191632 bytes, sectors 37387-37761)
  Added: nonblock_eagain_test (179656 bytes, sectors 37762-38112)
  Added: nonblock_test (188792 bytes, sectors 38113-38481)
  Added: particles (193976 bytes, sectors 38482-38860)
  Added: pause_test (188408 bytes, sectors 38861-39228)
  Added: pipe2_test (188968 bytes, sectors 39229-39598)
  Added: pipe_concurrent_test (188768 bytes, sectors 39599-39967)
  Added: pipe_fifo_blocking_oracle (211800 bytes, sectors 39968-40381)
  Added: pipe_fifo_blocking_supervisor (178088 bytes, sectors 40382-40729)
  Added: pipe_fork_test (188864 bytes, sectors 40730-41098)
  Added: pipe_refcount_test (199992 bytes, sectors 41099-41489)
  Added: pipe_test (188288 bytes, sectors 41490-41857)
  Added: pipeline_test (191632 bytes, sectors 41858-42232)
  Added: poll_tcp_oracle (207216 bytes, sectors 42233-42637)
  Added: poll_test (189064 bytes, sectors 42638-43007)
  Added: pty_test (183048 bytes, sectors 43008-43365)
  Added: rectangles (197128 bytes, sectors 43366-43751)
  Added: register_init_test (177144 bytes, sectors 43752-44097)
  Added: resolution (191080 bytes, sectors 44098-44471)
  Added: rm_argv_test (182528 bytes, sectors 44472-44828)
  Added: select_test (188952 bytes, sectors 44829-45198)
  Added: session_test (188016 bytes, sectors 45199-45566)
  Added: shell_pipe_test (183176 bytes, sectors 45567-45924)
  Added: sigaltstack_test (189048 bytes, sectors 45925-46294)
  Added: sigchld_job_test (187568 bytes, sectors 46295-46661)
  Added: sigchld_test (182480 bytes, sectors 46662-47018)
  Added: sigkill_teardown_test (206768 bytes, sectors 47019-47422)
  Added: signal_exec_check (177928 bytes, sectors 47423-47770)
  Added: signal_exec_test (188768 bytes, sectors 47771-48139)
  Added: signal_fork_test (188208 bytes, sectors 48140-48507)
  Added: signal_handler_test (187944 bytes, sectors 48508-48875)
  Added: signal_regs_test (188256 bytes, sectors 48876-49243)
  Added: signal_return_test (188360 bytes, sectors 49244-49611)
  Added: signal_test (187912 bytes, sectors 49612-49979)
  Added: sigsuspend_test (188912 bytes, sectors 49980-50348)
  Added: simple_exit (170616 bytes, sectors 50349-50682)
  Added: simple_exit0 (170616 bytes, sectors 50683-51016)
  Added: sleep_debug_test (188640 bytes, sectors 51017-51385)
  Added: spawn_smoke_target (170632 bytes, sectors 51386-51719)
  Added: spinner (177680 bytes, sectors 51720-52067)
  Added: stdin_test (182328 bytes, sectors 52068-52424)
  Added: syscall_diagnostic_test (170896 bytes, sectors 52425-52758)
  Added: syscall_enosys (177576 bytes, sectors 52759-53105)
  Added: tail_test (183104 bytes, sectors 53106-53463)
  Added: tcp_blocking_test (203480 bytes, sectors 53464-53861)
  Added: tcp_client_test (187664 bytes, sectors 53862-54228)
  Added: tcp_cloexec_exec_test (189496 bytes, sectors 54229-54599)
  Added: tcp_dup_listener_test (188880 bytes, sectors 54600-54968)
  Added: tcp_socket_test (202336 bytes, sectors 54969-55364)
  Added: telnetd (184120 bytes, sectors 55365-55724)
  Added: test_mmap (182272 bytes, sectors 55725-56080)
  Added: timer_test (182192 bytes, sectors 56081-56436)
  Added: tones (184264 bytes, sectors 56437-56796)
  Added: true_test (182600 bytes, sectors 56797-57153)
  Added: tty_oracle (218456 bytes, sectors 57154-57580)
  Added: tty_test (188128 bytes, sectors 57581-57948)
  Added: udp_socket_test (193440 bytes, sectors 57949-58326)
  Added: unix_named_socket_test (195376 bytes, sectors 58327-58708)
  Added: unix_socket_test (205352 bytes, sectors 58709-59110)
  Added: wait_stress (195608 bytes, sectors 59111-59493)
  Added: waitpid_test (188192 bytes, sectors 59494-59861)
  Added: wc_test (183672 bytes, sectors 59862-60220)
  Added: which_test (183000 bytes, sectors 60221-60578)
  Added: wnohang_timing_test (182584 bytes, sectors 60579-60935)
  Added: xhci_counters (183160 bytes, sectors 60936-61293)

Test disk created: target/test_binaries.img
  Binaries: 152
  Data size: 31279296 bytes (29.83 MB)
  Disk size: 61294 sectors (29.93 MB)
Creating ext2 disk image...
  Arch: x86_64
  Output: /root/breenix-t957c/target/ext2.img
  Size: 256MB
  Payload: 46MB (userspace binaries + fonts)
  Minimum image size for this payload: 70MB (incl. ext2 overhead + headroom)
  busybox.elf not found, attempting to build...
Error: x86_64-linux-musl-gcc not found in PATH

Install with:
  brew tap filosottile/musl-cross
  brew install musl-cross
  WARNING: BusyBox build failed (see build-busybox.sh for prerequisites)
  WARNING: busybox.elf not found, skipping coreutils
Installing other binaries...
  Installed 47 binaries in /bin
  Installed 3 binaries in /sbin
  Installed 0 C binaries in /usr/local/cbin
  Installed 101 test binaries in /usr/local/test/bin
  Installed 29 fonts in /usr/share/fonts
  Created /etc/fonts.conf
  Created /etc/hotkeys.conf
  Created /etc/init.js

ext2 filesystem contents:
total 11092
drwxr-xr-x  2 root root   4096 Sep  8 01:55 .
drwxr-xr-x 12 root root   4096 Sep  8 01:55 ..
-rwxr-xr-x  1 root root 299384 Sep  8 01:55 bcheck
-rwxr-xr-x  1 root root 346384 Sep  8 01:55 bfontpicker
-rwxr-xr-x  1 root root 248304 Sep  8 01:55 biconkit
-rwxr-xr-x  1 root root 325496 Sep  8 01:55 blauncher
-rwxr-xr-x  1 root root 185680 Sep  8 01:55 bless
-rwxr-xr-x  1 root root 190064 Sep  8 01:55 block_eintr_oracle
-rwxr-xr-x  1 root root 331232 Sep  8 01:55 blog
-rwxr-xr-x  1 root root 275272 Sep  8 01:55 bounce
-rwxr-xr-x  1 root root 579560 Sep  8 01:55 bsh
-rwxr-xr-x  1 root root 322496 Sep  8 01:55 bssh
-rwxr-xr-x  1 root root 314272 Sep  8 01:55 bsshd
-rwxr-xr-x  1 root root 338752 Sep  8 01:55 bterm
-rwxr-xr-x  1 root root 184232 Sep  8 01:55 btop
-rwxr-xr-x  1 root root 198976 Sep  8 01:55 btrace
-rwxr-xr-x  1 root root 483352 Sep  8 01:55 burl
-rwxr-xr-x  1 root root 331536 Sep  8 01:55 bwm
-rwxr-xr-x  1 root root 188984 Sep  8 01:55 concurrent_recv_stress
-rwxr-xr-x  1 root root 189288 Sep  8 01:55 confetti
-rwxr-xr-x  1 root root 177680 Sep  8 01:55 counter
-rwxr-xr-x  1 root root 189744 Sep  8 01:55 demo
-rwxr-xr-x  1 root root 187688 Sep  8 01:55 df_preempt_oracle
-rwxr-xr-x  1 root root 178104 Sep  8 01:55 exec_smoke
-rwxr-xr-x  1 root root 185096 Sep  8 01:55 exec_smoke_target
-rwxr-xr-x  1 root root 191744 Sep  8 01:55 fart
-rwxr-xr-x  1 root root 187656 Sep  8 01:55 fork_smoke
-rwxr-xr-x  1 root root 178872 Sep  8 01:55 futex_handoff_oracle
-rwxr-xr-x  1 root root 391720 Sep  8 01:55 guskit
-rwxr-xr-x  1 root root 189152 Sep  8 01:55 heartbeat
-rwxr-xr-x  1 root root 177672 Sep  8 01:55 hello_time
-rwxr-xr-x  1 root root 227208 Sep  8 01:55 hello_world
-rwxr-xr-x  1 root root 262712 Sep  8 01:55 init_shell
-rwxr-xr-x  1 root root 193976 Sep  8 01:55 particles
-rwxr-xr-x  1 root root 211800 Sep  8 01:55 pipe_fifo_blocking_oracle
-rwxr-xr-x  1 root root 178088 Sep  8 01:55 pipe_fifo_blocking_supervisor
-rwxr-xr-x  1 root root 207216 Sep  8 01:55 poll_tcp_oracle
-rwxr-xr-x  1 root root 197128 Sep  8 01:55 rectangles
-rwxr-xr-x  1 root root 191080 Sep  8 01:55 resolution
-rwxr-xr-x  1 root root 177928 Sep  8 01:55 signal_exec_check
-rwxr-xr-x  1 root root 170616 Sep  8 01:55 simple_exit
-rwxr-xr-x  1 root root 170616 Sep  8 01:55 simple_exit0
-rwxr-xr-x  1 root root 170632 Sep  8 01:55 spawn_smoke_target
-rwxr-xr-x  1 root root 177680 Sep  8 01:55 spinner
-rwxr-xr-x  1 root root 177576 Sep  8 01:55 syscall_enosys
-rwxr-xr-x  1 root root 184264 Sep  8 01:55 tones
-rwxr-xr-x  1 root root 218456 Sep  8 01:55 tty_oracle
-rwxr-xr-x  1 root root 195608 Sep  8 01:55 wait_stress
-rwxr-xr-x  1 root root 183160 Sep  8 01:55 xhci_counters
  Test binaries in /usr/local/test/bin:
total 19568
drwxr-xr-x 2 root root   4096 Sep  8 01:55 .
drwxr-xr-x 3 root root   4096 Sep  8 01:55 ..
-rwxr-xr-x 1 root root 177992 Sep  8 01:55 access_test
-rwxr-xr-x 1 root root 182808 Sep  8 01:55 alarm_test
-rwxr-xr-x 1 root root 184392 Sep  8 01:55 argv_test
-rwxr-xr-x 1 root root 188152 Sep  8 01:55 blocking_recv_test
-rwxr-xr-x 1 root root 182528 Sep  8 01:55 brk_test
-rwxr-xr-x 1 root root 183280 Sep  8 01:55 cat_test
-rwxr-xr-x 1 root root 184616 Sep  8 01:55 clock_gettime_test
-rwxr-xr-x 1 root root 192648 Sep  8 01:55 cloexec_test
-rwxr-xr-x 1 root root 184704 Sep  8 01:55 clonevm_exec_test
-rwxr-xr-x 1 root root 182584 Sep  8 01:55 cow_cleanup_test
-rwxr-xr-x 1 root root 182552 Sep  8 01:55 cow_oom_test
-rwxr-xr-x 1 root root 187088 Sep  8 01:55 cow_readonly_test
-rwxr-xr-x 1 root root 188360 Sep  8 01:55 cow_signal_test
-rwxr-xr-x 1 root root 187048 Sep  8 01:55 cow_sole_owner_test
-rwxr-xr-x 1 root root 187144 Sep  8 01:55 cow_stress_test
-rwxr-xr-x 1 root root 182848 Sep  8 01:55 cp_mv_argv_test
-rwxr-xr-x 1 root root 188032 Sep  8 01:55 ctrl_c_test
-rwxr-xr-x 1 root root 182664 Sep  8 01:55 cwd_test
-rwxr-xr-x 1 root root 182488 Sep  8 01:55 devfs_test
-rwxr-xr-x 1 root root 195288 Sep  8 01:55 dns_test
-rwxr-xr-x 1 root root 189200 Sep  8 01:55 dup_test
-rwxr-xr-x 1 root root 182512 Sep  8 01:55 echo_argv_test
-rwxr-xr-x 1 root root 182880 Sep  8 01:55 epoll_test
-rwxr-xr-x 1 root root 178248 Sep  8 01:55 exec_argv_test
-rwxr-xr-x 1 root root 188120 Sep  8 01:55 exec_from_ext2_test
-rwxr-xr-x 1 root root 183480 Sep  8 01:55 exec_stack_argv_test
-rwxr-xr-x 1 root root 182608 Sep  8 01:55 false_test
-rwxr-xr-x 1 root root 187616 Sep  8 01:55 fbinfo_test
-rwxr-xr-x 1 root root 188792 Sep  8 01:55 fcntl_test
-rwxr-xr-x 1 root root 198496 Sep  8 01:55 fifo_test
-rwxr-xr-x 1 root root 182448 Sep  8 01:55 file_read_test
-rwxr-xr-x 1 root root 188712 Sep  8 01:55 fork_memory_test
-rwxr-xr-x 1 root root 187784 Sep  8 01:55 fork_pending_signal_test
-rwxr-xr-x 1 root root 189224 Sep  8 01:55 fork_state_test
-rwxr-xr-x 1 root root 188136 Sep  8 01:55 fork_test
-rwxr-xr-x 1 root root 188656 Sep  8 01:55 fs_block_alloc_test
-rwxr-xr-x 1 root root 183200 Sep  8 01:55 fs_directory_test
-rwxr-xr-x 1 root root 182656 Sep  8 01:55 fs_large_file_test
-rwxr-xr-x 1 root root 182848 Sep  8 01:55 fs_link_test
-rwxr-xr-x 1 root root 182752 Sep  8 01:55 fs_rename_test
-rwxr-xr-x 1 root root 182936 Sep  8 01:55 fs_write_test
-rwxr-xr-x 1 root root 184032 Sep  8 01:55 getdents_test
-rwxr-xr-x 1 root root 183104 Sep  8 01:55 head_test
-rwxr-xr-x 1 root root 464416 Sep  8 01:55 http_fetch_test
-rwxr-xr-x 1 root root 468568 Sep  8 01:55 http_test
-rwxr-xr-x 1 root root 183248 Sep  8 01:55 itimer_test
-rwxr-xr-x 1 root root 187696 Sep  8 01:55 job_control_test
-rwxr-xr-x 1 root root 192280 Sep  8 01:55 job_table_test
-rwxr-xr-x 1 root root 188528 Sep  8 01:55 kill_process_group_test
-rwxr-xr-x 1 root root 190496 Sep  8 01:55 loopback_wake_test
-rwxr-xr-x 1 root root 183336 Sep  8 01:55 ls_test
-rwxr-xr-x 1 root root 182560 Sep  8 01:55 lseek_test
-rwxr-xr-x 1 root root 182720 Sep  8 01:55 mkdir_argv_test
-rwxr-xr-x 1 root root 191632 Sep  8 01:55 net_test
-rwxr-xr-x 1 root root 179656 Sep  8 01:55 nonblock_eagain_test
-rwxr-xr-x 1 root root 188792 Sep  8 01:55 nonblock_test
-rwxr-xr-x 1 root root 188408 Sep  8 01:55 pause_test
-rwxr-xr-x 1 root root 188968 Sep  8 01:55 pipe2_test
-rwxr-xr-x 1 root root 188768 Sep  8 01:55 pipe_concurrent_test
-rwxr-xr-x 1 root root 188864 Sep  8 01:55 pipe_fork_test
-rwxr-xr-x 1 root root 199992 Sep  8 01:55 pipe_refcount_test
-rwxr-xr-x 1 root root 188288 Sep  8 01:55 pipe_test
-rwxr-xr-x 1 root root 191632 Sep  8 01:55 pipeline_test
-rwxr-xr-x 1 root root 189064 Sep  8 01:55 poll_test
-rwxr-xr-x 1 root root 183048 Sep  8 01:55 pty_test
-rwxr-xr-x 1 root root 177144 Sep  8 01:55 register_init_test
-rwxr-xr-x 1 root root 182528 Sep  8 01:55 rm_argv_test
-rwxr-xr-x 1 root root 188952 Sep  8 01:55 select_test
-rwxr-xr-x 1 root root 188016 Sep  8 01:55 session_test
-rwxr-xr-x 1 root root 183176 Sep  8 01:55 shell_pipe_test
-rwxr-xr-x 1 root root 189048 Sep  8 01:55 sigaltstack_test
-rwxr-xr-x 1 root root 187568 Sep  8 01:55 sigchld_job_test
-rwxr-xr-x 1 root root 182480 Sep  8 01:55 sigchld_test
-rwxr-xr-x 1 root root 206768 Sep  8 01:55 sigkill_teardown_test
-rwxr-xr-x 1 root root 188768 Sep  8 01:55 signal_exec_test
-rwxr-xr-x 1 root root 188208 Sep  8 01:55 signal_fork_test
-rwxr-xr-x 1 root root 187944 Sep  8 01:55 signal_handler_test
-rwxr-xr-x 1 root root 188256 Sep  8 01:55 signal_regs_test
-rwxr-xr-x 1 root root 188360 Sep  8 01:55 signal_return_test
-rwxr-xr-x 1 root root 187912 Sep  8 01:55 signal_test
-rwxr-xr-x 1 root root 188912 Sep  8 01:55 sigsuspend_test
-rwxr-xr-x 1 root root 188640 Sep  8 01:55 sleep_debug_test
-rwxr-xr-x 1 root root 182328 Sep  8 01:55 stdin_test
-rwxr-xr-x 1 root root 170896 Sep  8 01:55 syscall_diagnostic_test
-rwxr-xr-x 1 root root 183104 Sep  8 01:55 tail_test
-rwxr-xr-x 1 root root 203480 Sep  8 01:55 tcp_blocking_test
-rwxr-xr-x 1 root root 187664 Sep  8 01:55 tcp_client_test
-rwxr-xr-x 1 root root 189496 Sep  8 01:55 tcp_cloexec_exec_test
-rwxr-xr-x 1 root root 188880 Sep  8 01:55 tcp_dup_listener_test
-rwxr-xr-x 1 root root 202336 Sep  8 01:55 tcp_socket_test
-rwxr-xr-x 1 root root 182272 Sep  8 01:55 test_mmap
-rwxr-xr-x 1 root root 182192 Sep  8 01:55 timer_test
-rwxr-xr-x 1 root root 182600 Sep  8 01:55 true_test
-rwxr-xr-x 1 root root 188128 Sep  8 01:55 tty_test
-rwxr-xr-x 1 root root 193440 Sep  8 01:55 udp_socket_test
-rwxr-xr-x 1 root root 195376 Sep  8 01:55 unix_named_socket_test
-rwxr-xr-x 1 root root 205352 Sep  8 01:55 unix_socket_test
-rwxr-xr-x 1 root root 188192 Sep  8 01:55 waitpid_test
-rwxr-xr-x 1 root root 183672 Sep  8 01:55 wc_test
-rwxr-xr-x 1 root root 183000 Sep  8 01:55 which_test
-rwxr-xr-x 1 root root 182584 Sep  8 01:55 wnohang_timing_test
-rw-r--r-- 1 root root 83 Sep  8 01:55 /root/breenix-t957c-tmp/tmp.NHhufEzKyu/etc/passwd
-rw-r--r-- 1 root root 367 Sep  8 01:55 /root/breenix-t957c-tmp/tmp.NHhufEzKyu/etc/bshrc
-rw-r--r-- 1 root root 26 Sep  8 01:55 /root/breenix-t957c-tmp/tmp.NHhufEzKyu/etc/group
-rw-r--r-- 1 root root 679 Sep  8 01:55 /root/breenix-t957c-tmp/tmp.NHhufEzKyu/etc/init.js
-rw-r--r-- 1 root root 445 Sep  8 01:55 /root/breenix-t957c-tmp/tmp.NHhufEzKyu/etc/fonts.conf
-rw-r--r-- 1 root root 349 Sep  8 01:55 /root/breenix-t957c-tmp/tmp.NHhufEzKyu/etc/hotkeys.conf
-rw-r--r-- 1 root root 656568 Sep  8 01:55 /root/breenix-t957c-tmp/tmp.NHhufEzKyu/usr/share/fonts/Lato-Regular.ttf
-rw-r--r-- 1 root root 108684 Sep  8 01:55 /root/breenix-t957c-tmp/tmp.NHhufEzKyu/usr/share/fonts/Inconsolata-Regular.ttf
-rw-r--r-- 1 root root 359048 Sep  8 01:55 /root/breenix-t957c-tmp/tmp.NHhufEzKyu/usr/share/fonts/PTSerif-Regular.ttf
-rw-r--r-- 1 root root 1887192 Sep  8 01:55 /root/breenix-t957c-tmp/tmp.NHhufEzKyu/usr/share/fonts/NotoSerif-Regular.ttf
-rw-r--r-- 1 root root 273900 Sep  8 01:55 /root/breenix-t957c-tmp/tmp.NHhufEzKyu/usr/share/fonts/JetBrainsMono-Regular.ttf
-rw-r--r-- 1 root root 340712 Sep  8 01:55 /root/breenix-t957c-tmp/tmp.NHhufEzKyu/usr/share/fonts/DejaVuSansMono.ttf
-rw-r--r-- 1 root root 757076 Sep  8 01:55 /root/breenix-t957c-tmp/tmp.NHhufEzKyu/usr/share/fonts/DejaVuSans.ttf
-rw-r--r-- 1 root root 876576 Sep  8 01:55 /root/breenix-t957c-tmp/tmp.NHhufEzKyu/usr/share/fonts/Inter-Regular.ttf
-rw-r--r-- 1 root root 212340 Sep  8 01:55 /root/breenix-t957c-tmp/tmp.NHhufEzKyu/usr/share/fonts/SourceCodePro-Regular.ttf
-rw-r--r-- 1 root root 1708408 Sep  8 01:55 /root/breenix-t957c-tmp/tmp.NHhufEzKyu/usr/share/fonts/NotoSansMono-Regular.ttf
-rw-r--r-- 1 root root 135580 Sep  8 01:55 /root/breenix-t957c-tmp/tmp.NHhufEzKyu/usr/share/fonts/IBMPlexMono-Regular.ttf
-rw-r--r-- 1 root root 183700 Sep  8 01:55 /root/breenix-t957c-tmp/tmp.NHhufEzKyu/usr/share/fonts/RobotoMono-Regular.ttf
-rw-r--r-- 1 root root 2049096 Sep  8 01:55 /root/breenix-t957c-tmp/tmp.NHhufEzKyu/usr/share/fonts/NotoSans-Regular.ttf
-rw-r--r-- 1 root root 205748 Sep  8 01:55 /root/breenix-t957c-tmp/tmp.NHhufEzKyu/usr/share/fonts/UbuntuMono-Regular.ttf
-rw-r--r-- 1 root root 312352 Sep  8 01:55 /root/breenix-t957c-tmp/tmp.NHhufEzKyu/usr/share/fonts/Raleway-Regular.ttf
-rw-r--r-- 1 root root 309408 Sep  8 01:55 /root/breenix-t957c-tmp/tmp.NHhufEzKyu/usr/share/fonts/Hack-Regular.ttf
-rw-r--r-- 1 root root 351884 Sep  8 01:55 /root/breenix-t957c-tmp/tmp.NHhufEzKyu/usr/share/fonts/Ubuntu-Regular.ttf
-rw-r--r-- 1 root root 598060 Sep  8 01:55 /root/breenix-t957c-tmp/tmp.NHhufEzKyu/usr/share/fonts/CascadiaCode-Regular.ttf
-rw-r--r-- 1 root root 1209508 Sep  8 01:55 /root/breenix-t957c-tmp/tmp.NHhufEzKyu/usr/share/fonts/SourceSerif4-Regular.ttf
-rw-r--r-- 1 root root 488584 Sep  8 01:55 /root/breenix-t957c-tmp/tmp.NHhufEzKyu/usr/share/fonts/Roboto-Regular.ttf
-rw-r--r-- 1 root root 744936 Sep  8 01:55 /root/breenix-t957c-tmp/tmp.NHhufEzKyu/usr/share/fonts/Montserrat-Regular.ttf
-rw-r--r-- 1 root root 276932 Sep  8 01:55 /root/breenix-t957c-tmp/tmp.NHhufEzKyu/usr/share/fonts/Nunito-Regular.ttf
-rw-r--r-- 1 root root 160316 Sep  8 01:55 /root/breenix-t957c-tmp/tmp.NHhufEzKyu/usr/share/fonts/Poppins-Regular.ttf
-rw-r--r-- 1 root root 646340 Sep  8 01:55 /root/breenix-t957c-tmp/tmp.NHhufEzKyu/usr/share/fonts/SourceSans3-Regular.ttf
-rw-r--r-- 1 root root 282844 Sep  8 01:55 /root/breenix-t957c-tmp/tmp.NHhufEzKyu/usr/share/fonts/Merriweather-Regular.ttf
-rw-r--r-- 1 root root 532636 Sep  8 01:55 /root/breenix-t957c-tmp/tmp.NHhufEzKyu/usr/share/fonts/OpenSans-Regular.ttf
-rw-r--r-- 1 root root 260364 Sep  8 01:55 /root/breenix-t957c-tmp/tmp.NHhufEzKyu/usr/share/fonts/FiraCode-Regular.ttf
-rw-r--r-- 1 root root 212196 Sep  8 01:55 /root/breenix-t957c-tmp/tmp.NHhufEzKyu/usr/share/fonts/Lora-Regular.ttf
-rw-r--r-- 1 root root 300724 Sep  8 01:55 /root/breenix-t957c-tmp/tmp.NHhufEzKyu/usr/share/fonts/PlayfairDisplay-Regular.ttf
-rw-r--r-- 1 root root 20 Sep  8 01:55 /root/breenix-t957c-tmp/tmp.NHhufEzKyu/deep/path/to/file/data.txt
-rw-r--r-- 1 root root 17 Sep  8 01:55 /root/breenix-t957c-tmp/tmp.NHhufEzKyu/hello.txt
-rwxr-xr-x 1 root root 182008 Sep  8 01:55 /root/breenix-t957c-tmp/tmp.NHhufEzKyu/sbin/blogd
-rwxr-xr-x 1 root root 184120 Sep  8 01:55 /root/breenix-t957c-tmp/tmp.NHhufEzKyu/sbin/telnetd
-rwxr-xr-x 1 root root 187536 Sep  8 01:55 /root/breenix-t957c-tmp/tmp.NHhufEzKyu/sbin/init
-rw-r--r-- 1 root root 19 Sep  8 01:55 /root/breenix-t957c-tmp/tmp.NHhufEzKyu/trunctest.txt
-rw-r--r-- 1 root root 20 Sep  8 01:55 /root/breenix-t957c-tmp/tmp.NHhufEzKyu/test/nested.txt
-rw-r--r-- 1 root root 0 Sep  8 01:55 /root/breenix-t957c-tmp/tmp.NHhufEzKyu/empty.txt
-rw-r--r-- 1 root root 111 Sep  8 01:55 /root/breenix-t957c-tmp/tmp.NHhufEzKyu/lines.txt
ext2 image created successfully

ext2 disk created and copied to testdata/:
  /root/breenix-t957c/target/ext2.img
  /root/breenix-t957c/testdata/ext2.img
  Size: 256M

Contents:
  /bin/busybox - BusyBox multi-call binary
  /bin/ls - native Breenix ls
  /bin/{cat,head,tail,...} - BusyBox hardlinks
  /sbin/{true,false} - BusyBox hardlinks
  /bin/* - Other userspace binaries (demos)
  /usr/local/test/bin/* - Test binaries (*_test, test_*)
  /sbin/telnetd - telnet daemon
  /hello.txt - test file (1 line)
  /lines.txt - multi-line test file (15 lines) for head/tail/wc
  /test/nested.txt - nested test file
  /deep/path/to/file/data.txt - deep nested test file
QEMU HOST LOCK: host qemu-system-x86_64 count before acquire: 0
  [GATE_BOOT_FACTS:boot=1:host_ms=1788832544798-1788833066700:qemu_at_start=0:load_at_start=3.60:qemu_at_end=0:load_at_end=0.94:qemu_cpu_s=519.00:guest_uptime_ms=NA:ended_by=scored_pass]
  Device census: [ INFO] kernel::drivers::pci: PCI: Enumeration complete. Found 9 devices (3 VirtIO block, 1 network)
  PCI function facts (PCI_FN_TOTAL 9):
    PCI_FN 00:00.0 8086:1237 class=06/00 bar0=0x0/0x0 irq=0xff
    PCI_FN 00:01.0 8086:7000 class=06/01 bar0=0x0/0x0 irq=0xff
    PCI_FN 00:01.1 8086:7010 class=01/01 bar0=0x0/0x0 irq=0xff
    PCI_FN 00:01.3 8086:7113 class=06/80 bar0=0x0/0x0 irq=0x0a
    PCI_FN 00:02.0 1234:1111 class=03/00 bar0=0x80000000/0x1000000 irq=0xff
    PCI_FN 00:03.0 8086:100e class=02/00 bar0=0x81080000/0x20000 irq=0x0b
    PCI_FN 00:04.0 1af4:1001 class=01/00 bar0=0xc100/0x80 irq=0x0b
    PCI_FN 00:05.0 1af4:1001 class=01/00 bar0=0xc080/0x80 irq=0x0a
    PCI_FN 00:06.0 1af4:1001 class=01/00 bar0=0xc000/0x80 irq=0x0a
strand census: latest snapshot seq=361 tick=53836 at 505348 ms; 361 valid snapshot(s), previous 1004 ms earlier, largest gap 4772 ms
strand census: age at the completion marker: 547 ms (newest cadence snapshot seq=349 at 494304 ms, completion snapshot seq=350 at 494851 ms, bound 15000 ms)
STRAND_CENSUS: threads_saved_blocked=11 stranded=0 lines=18825
x86 userspace gate: PASS - exited=110 expected>=105 nonzero=0 allowlist=0
[FRAME_CUSTODY_COUNTERS:x86:double=1:stale=1:never=1:untracked=1:duplicate=3:contended=1]
[PT_CUSTODY_COUNTERS:x86:recorded=14:no_proof=0:no_arch=0:terminated=1:undecided=1:retired=2:returned=14:lost=0:requeued=0]
[PT_RETIRE_COHORT:x86:children=64:retired=65:returned=642:recorded=577:lost=0:no_arch=0:undecided=0:mid_retire=0:kstack_returns=64:balance=0]
[PT_EXEC_COHORT:x86:children=16:superseded=3:roots=64:returned=640:recorded=576:lost=0:leaf_recorded=192:leaf_released=192:leaf_returned=192:custody_refused=0:decref_unregistered=0:undecided=0:mid_retire=0:no_arch=0:balance=0]
[EXEC_DETACH_ORACLE:x86:bodies=2:fail_preserved=2:sibling_refused=2:success_detached=2:fresh_root=2:tgid_self=2:custody_balance=0:leaf_residual=16:stack_residual=21:kstack_frames_released=128:old_group_reached_pre=2:old_group_missed_post=2:self_group_reached_post=2]
[CLONE_ADMISSION_ORACLE:x86:admitted=1:refused=2:creating_refused=1:published_admitted=2:balance=0]
[INIT_DESIGNATION_ORACLE:x86:construct_failed=2:construct_undecided=0:construct_residual=0:construct_roots_retired=2:construct_leaf_balance=0:construct_commit_balance=0:refused=4:accepted=1:published=1:retired=1:held_error_removals=1:reparented=1:reparent_skipped=1:ordinary_allocated=5:reserved_collisions=0:designation_balance=0]
[INIT_GROUP_REFUSAL_ORACLE:x86:none_probes=3:none_refusals=0:init_refused=1:alias_refused=1:alias_pid_refused=0:nonit_probes=2:nonit_refusals=0:rows_delta=0:refusal_counter_delta=0:designation_residual=0:balance=0]
[SCHED_STRAND_ORACLE:x86:samples=2:checked=32:stranded=0:running_shape=0:ready_shape=0:resolved_production=0:resolved_exercised=0:worst_dwell_ms=0:overflow=0:worst_nonprogress_ms=0:nonprogress=0:queued_on_nondispatching_cpu=0:worst_queued_nondispatch_ms=0:worst_cpu_scheduler_silence_ms=2:worst_silence_cpu=0]
[CENSUS_WIDEN_ORACLE:x86:arm=none:reason=uniprocessor_no_dispatching_peer:baseline_reported=0:axes=6:SKIP]
[FCNTL_PM_CONTENTION_ORACLE:x86:arm=none:reason=uniprocessor_no_pm_contention_peer:online_cpus=1:SKIP]
[IRQ_HOLD_ORACLE:x86:arm=none:reason=irq_exit_gates_softirq_on_preempt_count:online_cpus=1:SKIP]
[UDP_LOCK_ORACLE:x86:arm=none:reason=irq_exit_gates_softirq_on_preempt_count:online_cpus=1:SKIP]
[UDP_PORTS_LOCK_ORACLE:x86:arm=none:reason=uniprocessor_no_udp_ports_contention_peer:online_cpus=1:SKIP]
[TTY_IRQ_PM_ORACLE:x86:fg_unset_before=1:pm_blocking_acquires=0:deferred=2:pgrp_set_by_entry=0:processed=2:buffered=2:irqs_enabled_before=1:pm_held_during_entry=1:entry_us=20:adopted=1:adopted_pgrp=821:restored=1:PASS:local_hold]
[TTY_IRQ_FG_ORACLE:x86:fg_known=822:target_absent=1:fg_lock_touches=0:fg_blocking_acquires=0:snapshot_reads=3:processed=2:buffered=1:irqs_enabled_before=1:fg_busy_probe=1:entry_us=1056:sig_calls=1:sig_pid=822:sig_num=2:snapshot_agrees=1:restored=1:PASS:local_hold]
<S>[SW]<T><U><R>[SW]<T><U><R><S>[SW]<T><B>[FUTEX_HANDOFF_ORACLE:x86:driven=2:stage1_ret=EAGAIN:stage1_wake=0:stage1_parked=0:stage2_ret=0:stage2_wake=1:stage2_parked=0:stage3_ret=ETIMEDOUT:stage3_elapsed_ok=1:stage3_elapsed_ms=62:arm_delay_us=139:rescues=0:queue_residual=0:balance=0]
[EXEC_FAILED_RELEASE_PROD:x86:plain_err=true:plain_kept=true:argv_err=true:argv_kept=true:name_kept=true:balance=0:undecided=0:mid_retire=0:lost=0:custody_refused=0:decref_unregistered=0:double=0:stale=0:untracked=0:root_slot_refused=0]
[KSTACK_OWNER_ORACLE:x86:creation_rows=1000:creation_owned=1000:one_owner=1000:two_owner=0:zero_owner=0:fork_rows=2:fork_owned=2:slot_returns_exact_one=2:slot_alloc_delta=1000:slot_free_delta=1000:slot_balance=0:cohort_enrolled=1000:cohort_returned=1000:cohort_double_return=0:foreign_alloc_delta=0:foreign_returned=0:frames_mapped_delta=128000:frames_released_delta=128000:frame_balance=0:frame_used_delta=0:frame_used_bounded=1:live_checks=1082:live_refusals_production=0:live_refusals_injected=1:drop_refused_live=0:pte_overwrite_refusals=0:pub_pooled=1074:pub_sched_owned=1074:pub_row_residual=0:pub_unowned=0:classifier_sched_owned=1:classifier_row_residual=1:classifier_unowned=1:classifier_not_pooled=1:sched_publications=3:sched_pm_held_production=0:sched_pm_held_injected=1:reconciliation_diff=0:reconciliation_skew_bound=0:balance=0]
[CREATION_LOCK_ORDER:INJECTED:PM_HELD]
[TOMBSTONE_JOIN_ORACLE:x86:retire_second=1:reap_second=1:removed=2:resident_delta=0:tombstone_rows=0:PASS]
[TOMBSTONE_CENSUS:resident=0:removed=7:reap_second=1:retire_second=6:abandoned_unqueued=1]
[TOMBSTONE_QUIESCE:resident=0:removed=7:reap_second=1:retire_second=6:abandoned_unqueued=1:pending=1:parked=0]
[RECLAIM_DRAIN:nested=1:context_violations=0:selection_capped=3:injected=1:pend_epoch=0:pend_hw=0:pend_shadow=1:pend_selectable=0]
[SW]<K>[SW]<K>[SW]<K>[SW]<1>[TIMER_SCALE_ORACLE:x86:ms_per_tick=5:ticks_before=24:ms=120:ticks_after=24:ticks_nonzero=1:in_range=1:PASS]
[RING_SPAN:cpu=0:span_ms=3500:writes=35:dropped=0:ticks_total=200:tick_events=12]
[SW]<K>[SW]<1>[SW]<K>[SW]<K>[SW]<1>[SW]<K>[SW]<1>[SW]<K>[SW]<1>[SW]<K>[SW]<1>[SW]<K>[SW]<1>[SW]<K>[SW]<1>[SW]<K>[SW]<1>[SW]<K>[SW]<1>[SW]<K>[SW]<1>[SW]<K>[SW]<1>[SW]<K>[SW]<1>[SW]<K>[SW]<1>[SW]<K>[SW]<1>[SW]<K>[SW]<1>[SW]<K>[SW]<K>[SW]<K>[SW]<K>[SW]<K>[SW]<K>[SW]<K>[SW]<K>[SW]<K>[SW]<K>[SW]<K>[SW]<K>[SW]<K>[SW]<K>[SW]<K>[SW]<K>[SW]<K>[SW]<K>[SW]<K>[SW]<K>[SW]<K>[SW]<1>[TIMER_WAKE_LATENCY_ORACLE:x86:sleep_ms=10:peers=8:overrun_ms=45:bound_ms=100:quantum_ms=50:round_ms=400:wake_enqueues=1:peers_started=8:peers_spinning=8:backstops=0:setup_ms=556:window_ms=511:measured=1:PASS]
x86 frame-custody gate run 1: PASS
[CAPTURE_DRAIN:capture=n/a:seq=n/a:edge=n/a:cpu=n/a:records=n/a:drain_ms=0]
[CAPTURE_DRAIN_EVENTS:last_events=n/a]
exit=0
