7703a40430e58ace9bed1273de9a5cab5497db7c
========================================
  STD USERSPACE BUILD (Rust std library)
========================================
  Architecture: x86_64

[1/3] Building libbreenix-libc (x86_64)...
  Compiling compiler_builtins v0.1.160 (/root/.rustup/toolchains/nightly-2025-06-24-x86_64-unknown-linux-gnu/lib/rustlib/src/rust/library/compiler-builtins/compiler-builtins)
  Compiling core v0.0.0 (/root/.rustup/toolchains/nightly-2025-06-24-x86_64-unknown-linux-gnu/lib/rustlib/src/rust/library/core)
  Compiling libbreenix v0.1.0 (/root/breenix-t957c/libs/libbreenix)
  Compiling libbreenix-libc v0.1.0 (/root/breenix-t957c/libs/libbreenix-libc)
  Finished `release` profile [optimized] target(s) in 33.84s
  libbreenix-libc built successfully

[2/3] Building userspace (x86_64)...
  Updating crates.io index
  Locking 10 packages to latest compatible versions
  Compiling compiler_builtins v0.1.160 (/root/breenix-t957c/rust-fork/library/compiler-builtins/compiler-builtins)
  Compiling core v0.0.0 (/root/breenix-t957c/rust-fork/library/core)
  Compiling libc v0.2.174 (/root/breenix-t957c/libs/libc)
  Compiling std v0.0.0 (/root/breenix-t957c/rust-fork/library/std)
  Compiling rustc-std-workspace-core v1.99.0 (/root/breenix-t957c/rust-fork/library/rustc-std-workspace-core)
  Compiling alloc v0.0.0 (/root/breenix-t957c/rust-fork/library/alloc)
  Compiling panic_abort v0.0.0 (/root/breenix-t957c/rust-fork/library/panic_abort)
  Compiling cfg-if v1.0.1
  Compiling rustc-demangle v0.1.25
  Compiling unwind v0.0.0 (/root/breenix-t957c/rust-fork/library/unwind)
  Compiling rustc-std-workspace-alloc v1.99.0 (/root/breenix-t957c/rust-fork/library/rustc-std-workspace-alloc)
  Compiling panic_unwind v0.0.0 (/root/breenix-t957c/rust-fork/library/panic_unwind)
  Compiling hashbrown v0.15.4
  Compiling std_detect v0.1.5 (/root/breenix-t957c/rust-fork/library/stdarch/crates/std_detect)
  Compiling rustc-std-workspace-std v1.99.0 (/root/breenix-t957c/rust-fork/library/rustc-std-workspace-std)
  Compiling rustc-literal-escaper v0.0.2
  Compiling proc_macro v0.0.0 (/root/breenix-t957c/rust-fork/library/proc_macro)
  Compiling noto-sans-mono-bitmap v0.3.2
  Compiling libfont v0.1.0 (/root/breenix-t957c/libs/libfont)
  Compiling libbreenix v0.1.0 (/root/breenix-t957c/libs/libbreenix)
  Compiling breenish-js v0.1.0 (/root/breenix-t957c/libs/breenish-js)
  Compiling libimg v0.1.0 (/root/breenix-t957c/libs/libimg)
  Compiling libgfx v0.1.0 (/root/breenix-t957c/libs/libgfx)
  Compiling libbui v0.1.0 (/root/breenix-t957c/libs/libbui)
  Compiling libicon v0.1.0 (/root/breenix-t957c/libs/libicon)
  Compiling breengel v0.1.0 (/root/breenix-t957c/libs/breengel)
  Compiling libcollab v0.1.0 (/root/breenix-t957c/libs/libcollab)
  Compiling userspace-programs v0.1.0 (/root/breenix-t957c/userspace/programs)
  Finished `release` profile [optimized] target(s) in 1m 40s
  Userspace build successful

[3/3] Installing std binaries...
  Installed hello_world.elf (227208 bytes)
  Installed exec_smoke.elf (178104 bytes)
  Installed exec_smoke_target.elf (185096 bytes)
  Installed fork_smoke.elf (187656 bytes)
  Installed block_eintr_oracle.elf (190064 bytes)
  Installed poll_tcp_oracle.elf (207216 bytes)
  Installed futex_handoff_oracle.elf (178872 bytes)
  Installed tty_oracle.elf (218456 bytes)
  Installed df_preempt_oracle.elf (187688 bytes)
  Installed syscall_enosys.elf (177576 bytes)
  Installed clock_gettime_test.elf (184616 bytes)
  Installed file_read_test.elf (182448 bytes)
  Installed lseek_test.elf (182560 bytes)
  Installed fs_write_test.elf (182936 bytes)
  Installed fs_rename_test.elf (182752 bytes)
  Installed fs_large_file_test.elf (182656 bytes)
  Installed fs_directory_test.elf (183200 bytes)
  Installed fs_link_test.elf (182848 bytes)
  Installed access_test.elf (177992 bytes)
  Installed devfs_test.elf (182488 bytes)
  Installed cwd_test.elf (182664 bytes)
  Installed getdents_test.elf (184032 bytes)
  Installed pipe_test.elf (188288 bytes)
  Installed pipe2_test.elf (188968 bytes)
  Installed pipe_fifo_blocking_oracle.elf (211800 bytes)
  Installed pipe_fifo_blocking_supervisor.elf (178088 bytes)
  Installed dup_test.elf (189200 bytes)
  Installed fcntl_test.elf (188792 bytes)
  Installed poll_test.elf (189064 bytes)
  Installed select_test.elf (188952 bytes)
  Installed epoll_test.elf (182880 bytes)
  Installed nonblock_test.elf (188792 bytes)
  Installed brk_test.elf (182528 bytes)
  Installed signal_handler_test.elf (187944 bytes)
  Installed signal_return_test.elf (188360 bytes)
  Installed signal_regs_test.elf (188256 bytes)
  Installed sigaltstack_test.elf (189048 bytes)
  Installed sigsuspend_test.elf (188912 bytes)
  Installed pause_test.elf (188408 bytes)
  Installed tty_test.elf (188128 bytes)
  Installed session_test.elf (188016 bytes)
  Installed unix_socket_test.elf (205352 bytes)
  Installed unix_named_socket_test.elf (195376 bytes)
  Installed fifo_test.elf (198496 bytes)
  Installed fork_test.elf (188136 bytes)
  Installed fork_memory_test.elf (188712 bytes)
  Installed fork_state_test.elf (189224 bytes)
  Installed waitpid_test.elf (188192 bytes)
  Installed exec_argv_test.elf (178248 bytes)
  Installed cloexec_test.elf (192648 bytes)
  Installed kill_process_group_test.elf (188528 bytes)
  Installed sigchld_test.elf (182480 bytes)
  Installed sigkill_teardown_test.elf (206768 bytes)
  Installed sigchld_job_test.elf (187568 bytes)
  Installed ctrl_c_test.elf (188032 bytes)
  Installed job_control_test.elf (187696 bytes)
  Installed signal_fork_test.elf (188208 bytes)
  Installed signal_exec_test.elf (188768 bytes)
  Installed wnohang_timing_test.elf (182584 bytes)
  Installed fork_pending_signal_test.elf (187784 bytes)
  Installed shell_pipe_test.elf (183176 bytes)
  Installed pipeline_test.elf (191632 bytes)
  Installed cow_cleanup_test.elf (182584 bytes)
  Installed cow_sole_owner_test.elf (187048 bytes)
  Installed cow_stress_test.elf (187144 bytes)
  Installed cow_readonly_test.elf (187088 bytes)
  Installed cow_signal_test.elf (188360 bytes)
  Installed resolution.elf (191080 bytes)
  Installed init_shell.elf (262712 bytes)
  Installed argv_test.elf (184392 bytes)
  Installed job_table_test.elf (192280 bytes)
  Installed test_mmap.elf (182272 bytes)
  Installed clonevm_exec_test.elf (184704 bytes)
  Installed stdin_test.elf (182328 bytes)
  Installed true_test.elf (182600 bytes)
  Installed false_test.elf (182608 bytes)
  Installed echo_argv_test.elf (182512 bytes)
  Installed mkdir_argv_test.elf (182720 bytes)
  Installed rm_argv_test.elf (182528 bytes)
  Installed cp_mv_argv_test.elf (182848 bytes)
  Installed nonblock_eagain_test.elf (179656 bytes)
  Installed blocking_recv_test.elf (188152 bytes)
  Installed tcp_client_test.elf (187664 bytes)
  Installed wait_stress.elf (195608 bytes)
  Installed simple_exit.elf (170616 bytes)
  Installed simple_exit0.elf (170616 bytes)
  Installed spawn_smoke_target.elf (170632 bytes)
  Installed counter.elf (177680 bytes)
  Installed spinner.elf (177680 bytes)
  Installed hello_time.elf (177672 bytes)
  Installed heartbeat.elf (189152 bytes)
  Installed xhci_counters.elf (183160 bytes)
  Installed fbinfo_test.elf (187616 bytes)
  Installed demo.elf (189744 bytes)
  Installed bounce.elf (275272 bytes)
  Installed rectangles.elf (197128 bytes)
  Installed particles.elf (193976 bytes)
  Installed confetti.elf (189288 bytes)
  Installed tones.elf (184264 bytes)
  Installed fart.elf (191744 bytes)
  Installed http_test.elf (468568 bytes)
  Installed register_init_test.elf (177144 bytes)
  Installed head_test.elf (183104 bytes)
  Installed tail_test.elf (183104 bytes)
  Installed wc_test.elf (183672 bytes)
  Installed which_test.elf (183000 bytes)
  Installed cat_test.elf (183280 bytes)
  Installed ls_test.elf (183336 bytes)
  Installed exec_stack_argv_test.elf (183480 bytes)
  Installed exec_from_ext2_test.elf (188120 bytes)
  Installed pipe_fork_test.elf (188864 bytes)
  Installed pipe_concurrent_test.elf (188768 bytes)
  Installed fs_block_alloc_test.elf (188656 bytes)
  Installed cow_oom_test.elf (182552 bytes)
  Installed signal_test.elf (187912 bytes)
  Installed alarm_test.elf (182808 bytes)
  Installed itimer_test.elf (183248 bytes)
  Installed timer_test.elf (182192 bytes)
  Installed sleep_debug_test.elf (188640 bytes)
  Installed pipe_refcount_test.elf (199992 bytes)
  Installed udp_socket_test.elf (193440 bytes)
  Installed tcp_socket_test.elf (202336 bytes)
  Installed tcp_dup_listener_test.elf (188880 bytes)
  Installed tcp_cloexec_exec_test.elf (189496 bytes)
  Installed tcp_blocking_test.elf (203480 bytes)
  Installed concurrent_recv_stress.elf (188984 bytes)
  Installed dns_test.elf (195288 bytes)
  Installed net_test.elf (191632 bytes)
  Installed http_fetch_test.elf (464416 bytes)
  Installed loopback_wake_test.elf (190496 bytes)
  Installed syscall_diagnostic_test.elf (170896 bytes)
  Installed pty_test.elf (183048 bytes)
  Installed signal_exec_check.elf (177928 bytes)
  Installed bsh.elf (579560 bytes)
  Installed bwm.elf (331536 bytes)
  Installed btop.elf (184232 bytes)
  Installed burl.elf (483352 bytes)
  Installed init.elf (187536 bytes)
  Installed telnetd.elf (184120 bytes)
  Installed blogd.elf (182008 bytes)
  Installed btrace.elf (198976 bytes)
  Installed bless.elf (185680 bytes)
  Installed bcheck.elf (299384 bytes)
  Installed biconkit.elf (248304 bytes)
  Installed guskit.elf (391720 bytes)
  Installed bterm.elf (338752 bytes)
  Installed blog.elf (331232 bytes)
  Installed bfontpicker.elf (346384 bytes)
  Installed blauncher.elf (325496 bytes)
  Installed bsshd.elf (314272 bytes)
  Installed bssh.elf (322496 bytes)

========================================
  STD BUILD COMPLETE (x86_64)
  Installed: 151 binaries
========================================
