Building the shipped x86_64 production kernel profile...
   Compiling kernel v0.1.0 (/root/breenix-787/kernel)
   Compiling breenix v0.1.0 (/root/breenix-787)
    Finished `release` profile [optimized] target(s) in 15.39s
   Compiling kernel v0.1.0 (/root/breenix-787/kernel)
   Compiling breenix v0.1.0 (/root/breenix-787)
    Finished `release` profile [optimized] target(s) in 13.02s
     Running `target/release/qemu-uefi`
[qemu-uefi] Using UEFI image: /root/breenix-787/target/release/build/breenix-a14bb21948d9e08d/out/breenix-uefi.img (7405568 bytes)
Creating ext2 disk image...
  Arch: x86_64
  Output: /root/breenix-787/target/ext2.img
  Size: 256MB
  busybox.elf not found, attempting to build...
Error: x86_64-linux-musl-gcc not found in PATH

Install with:
  brew tap filosottile/musl-cross
  brew install musl-cross
  WARNING: BusyBox build failed (see build-busybox.sh for prerequisites)
  WARNING: busybox.elf not found, skipping coreutils
Installing other binaries...
  Installed 44 binaries in /bin
  Installed 3 binaries in /sbin
  Installed 0 C binaries in /usr/local/cbin
  Installed 101 test binaries in /usr/local/test/bin
  Installed 29 fonts in /usr/share/fonts
  Created /etc/fonts.conf
  Created /etc/hotkeys.conf
  Created /etc/init.js

ext2 filesystem contents:
total 10500
drwxr-xr-x  2 root root   4096 Sep  5 01:04 .
drwxr-xr-x 12 root root   4096 Sep  5 01:04 ..
-rwxr-xr-x  1 root root 299112 Sep  5 01:04 bcheck
-rwxr-xr-x  1 root root 346120 Sep  5 01:04 bfontpicker
-rwxr-xr-x  1 root root 248040 Sep  5 01:04 biconkit
-rwxr-xr-x  1 root root 325224 Sep  5 01:04 blauncher
-rwxr-xr-x  1 root root 185560 Sep  5 01:04 bless
-rwxr-xr-x  1 root root 189920 Sep  5 01:04 block_eintr_oracle
-rwxr-xr-x  1 root root 330960 Sep  5 01:04 blog
-rwxr-xr-x  1 root root 275000 Sep  5 01:04 bounce
-rwxr-xr-x  1 root root 579256 Sep  5 01:04 bsh
-rwxr-xr-x  1 root root 322456 Sep  5 01:04 bssh
-rwxr-xr-x  1 root root 314208 Sep  5 01:04 bsshd
-rwxr-xr-x  1 root root 338488 Sep  5 01:04 bterm
-rwxr-xr-x  1 root root 184120 Sep  5 01:04 btop
-rwxr-xr-x  1 root root 198840 Sep  5 01:04 btrace
-rwxr-xr-x  1 root root 483280 Sep  5 01:04 burl
-rwxr-xr-x  1 root root 331392 Sep  5 01:04 bwm
-rwxr-xr-x  1 root root 188848 Sep  5 01:04 concurrent_recv_stress
-rwxr-xr-x  1 root root 189144 Sep  5 01:04 confetti
-rwxr-xr-x  1 root root 177544 Sep  5 01:04 counter
-rwxr-xr-x  1 root root 189608 Sep  5 01:04 demo
-rwxr-xr-x  1 root root 177968 Sep  5 01:04 exec_smoke
-rwxr-xr-x  1 root root 184936 Sep  5 01:04 exec_smoke_target
-rwxr-xr-x  1 root root 191584 Sep  5 01:04 fart
-rwxr-xr-x  1 root root 187512 Sep  5 01:04 fork_smoke
-rwxr-xr-x  1 root root 178728 Sep  5 01:04 futex_handoff_oracle
-rwxr-xr-x  1 root root 391592 Sep  5 01:04 guskit
-rwxr-xr-x  1 root root 189008 Sep  5 01:04 heartbeat
-rwxr-xr-x  1 root root 177536 Sep  5 01:04 hello_time
-rwxr-xr-x  1 root root 227072 Sep  5 01:04 hello_world
-rwxr-xr-x  1 root root 262408 Sep  5 01:04 init_shell
-rwxr-xr-x  1 root root 193840 Sep  5 01:04 particles
-rwxr-xr-x  1 root root 207088 Sep  5 01:04 poll_tcp_oracle
-rwxr-xr-x  1 root root 196992 Sep  5 01:04 rectangles
-rwxr-xr-x  1 root root 186840 Sep  5 01:04 resolution
-rwxr-xr-x  1 root root 177784 Sep  5 01:04 signal_exec_check
-rwxr-xr-x  1 root root 170504 Sep  5 01:04 simple_exit
-rwxr-xr-x  1 root root 170504 Sep  5 01:04 simple_exit0
-rwxr-xr-x  1 root root 170520 Sep  5 01:04 spawn_smoke_target
-rwxr-xr-x  1 root root 177544 Sep  5 01:04 spinner
-rwxr-xr-x  1 root root 177432 Sep  5 01:04 syscall_enosys
-rwxr-xr-x  1 root root 184120 Sep  5 01:04 tones
-rwxr-xr-x  1 root root 214208 Sep  5 01:04 tty_oracle
-rwxr-xr-x  1 root root 195456 Sep  5 01:04 wait_stress
-rwxr-xr-x  1 root root 183016 Sep  5 01:04 xhci_counters
  Test binaries in /usr/local/test/bin:
total 19544
drwxr-xr-x 2 root root   4096 Sep  5 01:04 .
drwxr-xr-x 3 root root   4096 Sep  5 01:04 ..
-rwxr-xr-x 1 root root 177848 Sep  5 01:04 access_test
-rwxr-xr-x 1 root root 182664 Sep  5 01:04 alarm_test
-rwxr-xr-x 1 root root 184232 Sep  5 01:04 argv_test
-rwxr-xr-x 1 root root 183920 Sep  5 01:04 blocking_recv_test
-rwxr-xr-x 1 root root 182392 Sep  5 01:04 brk_test
-rwxr-xr-x 1 root root 183144 Sep  5 01:04 cat_test
-rwxr-xr-x 1 root root 184472 Sep  5 01:04 clock_gettime_test
-rwxr-xr-x 1 root root 192488 Sep  5 01:04 cloexec_test
-rwxr-xr-x 1 root root 184576 Sep  5 01:04 clonevm_exec_test
-rwxr-xr-x 1 root root 182440 Sep  5 01:04 cow_cleanup_test
-rwxr-xr-x 1 root root 182408 Sep  5 01:04 cow_oom_test
-rwxr-xr-x 1 root root 186944 Sep  5 01:04 cow_readonly_test
-rwxr-xr-x 1 root root 188216 Sep  5 01:04 cow_signal_test
-rwxr-xr-x 1 root root 186912 Sep  5 01:04 cow_sole_owner_test
-rwxr-xr-x 1 root root 182904 Sep  5 01:04 cow_stress_test
-rwxr-xr-x 1 root root 182712 Sep  5 01:04 cp_mv_argv_test
-rwxr-xr-x 1 root root 187888 Sep  5 01:04 ctrl_c_test
-rwxr-xr-x 1 root root 182528 Sep  5 01:04 cwd_test
-rwxr-xr-x 1 root root 182344 Sep  5 01:04 devfs_test
-rwxr-xr-x 1 root root 195152 Sep  5 01:04 dns_test
-rwxr-xr-x 1 root root 189056 Sep  5 01:04 dup_test
-rwxr-xr-x 1 root root 182376 Sep  5 01:04 echo_argv_test
-rwxr-xr-x 1 root root 182736 Sep  5 01:04 epoll_test
-rwxr-xr-x 1 root root 178112 Sep  5 01:04 exec_argv_test
-rwxr-xr-x 1 root root 187976 Sep  5 01:04 exec_from_ext2_test
-rwxr-xr-x 1 root root 183336 Sep  5 01:04 exec_stack_argv_test
-rwxr-xr-x 1 root root 182464 Sep  5 01:04 false_test
-rwxr-xr-x 1 root root 187472 Sep  5 01:04 fbinfo_test
-rwxr-xr-x 1 root root 188648 Sep  5 01:04 fcntl_test
-rwxr-xr-x 1 root root 198352 Sep  5 01:04 fifo_test
-rwxr-xr-x 1 root root 182304 Sep  5 01:04 file_read_test
-rwxr-xr-x 1 root root 188568 Sep  5 01:04 fork_memory_test
-rwxr-xr-x 1 root root 187648 Sep  5 01:04 fork_pending_signal_test
-rwxr-xr-x 1 root root 189080 Sep  5 01:04 fork_state_test
-rwxr-xr-x 1 root root 188000 Sep  5 01:04 fork_test
-rwxr-xr-x 1 root root 188520 Sep  5 01:04 fs_block_alloc_test
-rwxr-xr-x 1 root root 183064 Sep  5 01:04 fs_directory_test
-rwxr-xr-x 1 root root 182512 Sep  5 01:04 fs_large_file_test
-rwxr-xr-x 1 root root 182712 Sep  5 01:04 fs_link_test
-rwxr-xr-x 1 root root 182616 Sep  5 01:04 fs_rename_test
-rwxr-xr-x 1 root root 182800 Sep  5 01:04 fs_write_test
-rwxr-xr-x 1 root root 183896 Sep  5 01:04 getdents_test
-rwxr-xr-x 1 root root 182960 Sep  5 01:04 head_test
-rwxr-xr-x 1 root root 464344 Sep  5 01:04 http_fetch_test
-rwxr-xr-x 1 root root 468504 Sep  5 01:04 http_test
-rwxr-xr-x 1 root root 183104 Sep  5 01:04 itimer_test
-rwxr-xr-x 1 root root 187552 Sep  5 01:04 job_control_test
-rwxr-xr-x 1 root root 192136 Sep  5 01:04 job_table_test
-rwxr-xr-x 1 root root 188384 Sep  5 01:04 kill_process_group_test
-rwxr-xr-x 1 root root 190352 Sep  5 01:04 loopback_wake_test
-rwxr-xr-x 1 root root 183200 Sep  5 01:04 ls_test
-rwxr-xr-x 1 root root 182416 Sep  5 01:04 lseek_test
-rwxr-xr-x 1 root root 182576 Sep  5 01:04 mkdir_argv_test
-rwxr-xr-x 1 root root 191488 Sep  5 01:04 net_test
-rwxr-xr-x 1 root root 179520 Sep  5 01:04 nonblock_eagain_test
-rwxr-xr-x 1 root root 188648 Sep  5 01:04 nonblock_test
-rwxr-xr-x 1 root root 188264 Sep  5 01:04 pause_test
-rwxr-xr-x 1 root root 188824 Sep  5 01:04 pipe2_test
-rwxr-xr-x 1 root root 188624 Sep  5 01:04 pipe_concurrent_test
-rwxr-xr-x 1 root root 188728 Sep  5 01:04 pipe_fork_test
-rwxr-xr-x 1 root root 195760 Sep  5 01:04 pipe_refcount_test
-rwxr-xr-x 1 root root 188152 Sep  5 01:04 pipe_test
-rwxr-xr-x 1 root root 191488 Sep  5 01:04 pipeline_test
-rwxr-xr-x 1 root root 188928 Sep  5 01:04 poll_test
-rwxr-xr-x 1 root root 182912 Sep  5 01:04 pty_test
-rwxr-xr-x 1 root root 177000 Sep  5 01:04 register_init_test
-rwxr-xr-x 1 root root 182384 Sep  5 01:04 rm_argv_test
-rwxr-xr-x 1 root root 188816 Sep  5 01:04 select_test
-rwxr-xr-x 1 root root 187872 Sep  5 01:04 session_test
-rwxr-xr-x 1 root root 183032 Sep  5 01:04 shell_pipe_test
-rwxr-xr-x 1 root root 188912 Sep  5 01:04 sigaltstack_test
-rwxr-xr-x 1 root root 187432 Sep  5 01:04 sigchld_job_test
-rwxr-xr-x 1 root root 182344 Sep  5 01:04 sigchld_test
-rwxr-xr-x 1 root root 206624 Sep  5 01:04 sigkill_teardown_test
-rwxr-xr-x 1 root root 188624 Sep  5 01:04 signal_exec_test
-rwxr-xr-x 1 root root 188064 Sep  5 01:04 signal_fork_test
-rwxr-xr-x 1 root root 187800 Sep  5 01:04 signal_handler_test
-rwxr-xr-x 1 root root 188112 Sep  5 01:04 signal_regs_test
-rwxr-xr-x 1 root root 188216 Sep  5 01:04 signal_return_test
-rwxr-xr-x 1 root root 187768 Sep  5 01:04 signal_test
-rwxr-xr-x 1 root root 188768 Sep  5 01:04 sigsuspend_test
-rwxr-xr-x 1 root root 188496 Sep  5 01:04 sleep_debug_test
-rwxr-xr-x 1 root root 182184 Sep  5 01:04 stdin_test
-rwxr-xr-x 1 root root 170784 Sep  5 01:04 syscall_diagnostic_test
-rwxr-xr-x 1 root root 182960 Sep  5 01:04 tail_test
-rwxr-xr-x 1 root root 203336 Sep  5 01:04 tcp_blocking_test
-rwxr-xr-x 1 root root 187528 Sep  5 01:04 tcp_client_test
-rwxr-xr-x 1 root root 189352 Sep  5 01:04 tcp_cloexec_exec_test
-rwxr-xr-x 1 root root 188744 Sep  5 01:04 tcp_dup_listener_test
-rwxr-xr-x 1 root root 202192 Sep  5 01:04 tcp_socket_test
-rwxr-xr-x 1 root root 182128 Sep  5 01:04 test_mmap
-rwxr-xr-x 1 root root 182056 Sep  5 01:04 timer_test
-rwxr-xr-x 1 root root 182464 Sep  5 01:04 true_test
-rwxr-xr-x 1 root root 187992 Sep  5 01:04 tty_test
-rwxr-xr-x 1 root root 193304 Sep  5 01:04 udp_socket_test
-rwxr-xr-x 1 root root 195248 Sep  5 01:04 unix_named_socket_test
-rwxr-xr-x 1 root root 205224 Sep  5 01:04 unix_socket_test
-rwxr-xr-x 1 root root 188048 Sep  5 01:04 waitpid_test
-rwxr-xr-x 1 root root 183536 Sep  5 01:04 wc_test
-rwxr-xr-x 1 root root 182864 Sep  5 01:04 which_test
-rwxr-xr-x 1 root root 182440 Sep  5 01:04 wnohang_timing_test
-rw-r--r-- 1 root root 20 Sep  5 01:04 /tmp/tmp.Vcbm0vaLkH/deep/path/to/file/data.txt
-rw-r--r-- 1 root root 0 Sep  5 01:04 /tmp/tmp.Vcbm0vaLkH/empty.txt
-rw-r--r-- 1 root root 17 Sep  5 01:04 /tmp/tmp.Vcbm0vaLkH/hello.txt
-rw-r--r-- 1 root root 19 Sep  5 01:04 /tmp/tmp.Vcbm0vaLkH/trunctest.txt
-rw-r--r-- 1 root root 111 Sep  5 01:04 /tmp/tmp.Vcbm0vaLkH/lines.txt
-rw-r--r-- 1 root root 367 Sep  5 01:04 /tmp/tmp.Vcbm0vaLkH/etc/bshrc
-rw-r--r-- 1 root root 26 Sep  5 01:04 /tmp/tmp.Vcbm0vaLkH/etc/group
-rw-r--r-- 1 root root 349 Sep  5 01:04 /tmp/tmp.Vcbm0vaLkH/etc/hotkeys.conf
-rw-r--r-- 1 root root 679 Sep  5 01:04 /tmp/tmp.Vcbm0vaLkH/etc/init.js
-rw-r--r-- 1 root root 83 Sep  5 01:04 /tmp/tmp.Vcbm0vaLkH/etc/passwd
-rw-r--r-- 1 root root 445 Sep  5 01:04 /tmp/tmp.Vcbm0vaLkH/etc/fonts.conf
-rw-r--r-- 1 root root 20 Sep  5 01:04 /tmp/tmp.Vcbm0vaLkH/test/nested.txt
-rwxr-xr-x 1 root root 183976 Sep  5 01:04 /tmp/tmp.Vcbm0vaLkH/sbin/telnetd
-rwxr-xr-x 1 root root 181864 Sep  5 01:04 /tmp/tmp.Vcbm0vaLkH/sbin/blogd
-rwxr-xr-x 1 root root 187392 Sep  5 01:04 /tmp/tmp.Vcbm0vaLkH/sbin/init
-rw-r--r-- 1 root root 2049096 Sep  5 01:04 /tmp/tmp.Vcbm0vaLkH/usr/share/fonts/NotoSans-Regular.ttf
-rw-r--r-- 1 root root 359048 Sep  5 01:04 /tmp/tmp.Vcbm0vaLkH/usr/share/fonts/PTSerif-Regular.ttf
-rw-r--r-- 1 root root 1708408 Sep  5 01:04 /tmp/tmp.Vcbm0vaLkH/usr/share/fonts/NotoSansMono-Regular.ttf
-rw-r--r-- 1 root root 1209508 Sep  5 01:04 /tmp/tmp.Vcbm0vaLkH/usr/share/fonts/SourceSerif4-Regular.ttf
-rw-r--r-- 1 root root 646340 Sep  5 01:04 /tmp/tmp.Vcbm0vaLkH/usr/share/fonts/SourceSans3-Regular.ttf
-rw-r--r-- 1 root root 876576 Sep  5 01:04 /tmp/tmp.Vcbm0vaLkH/usr/share/fonts/Inter-Regular.ttf
-rw-r--r-- 1 root root 300724 Sep  5 01:04 /tmp/tmp.Vcbm0vaLkH/usr/share/fonts/PlayfairDisplay-Regular.ttf
-rw-r--r-- 1 root root 212340 Sep  5 01:04 /tmp/tmp.Vcbm0vaLkH/usr/share/fonts/SourceCodePro-Regular.ttf
-rw-r--r-- 1 root root 312352 Sep  5 01:04 /tmp/tmp.Vcbm0vaLkH/usr/share/fonts/Raleway-Regular.ttf
-rw-r--r-- 1 root root 212196 Sep  5 01:04 /tmp/tmp.Vcbm0vaLkH/usr/share/fonts/Lora-Regular.ttf
-rw-r--r-- 1 root root 260364 Sep  5 01:04 /tmp/tmp.Vcbm0vaLkH/usr/share/fonts/FiraCode-Regular.ttf
-rw-r--r-- 1 root root 744936 Sep  5 01:04 /tmp/tmp.Vcbm0vaLkH/usr/share/fonts/Montserrat-Regular.ttf
-rw-r--r-- 1 root root 135580 Sep  5 01:04 /tmp/tmp.Vcbm0vaLkH/usr/share/fonts/IBMPlexMono-Regular.ttf
-rw-r--r-- 1 root root 1887192 Sep  5 01:04 /tmp/tmp.Vcbm0vaLkH/usr/share/fonts/NotoSerif-Regular.ttf
-rw-r--r-- 1 root root 488584 Sep  5 01:04 /tmp/tmp.Vcbm0vaLkH/usr/share/fonts/Roboto-Regular.ttf
-rw-r--r-- 1 root root 160316 Sep  5 01:04 /tmp/tmp.Vcbm0vaLkH/usr/share/fonts/Poppins-Regular.ttf
-rw-r--r-- 1 root root 276932 Sep  5 01:04 /tmp/tmp.Vcbm0vaLkH/usr/share/fonts/Nunito-Regular.ttf
-rw-r--r-- 1 root root 656568 Sep  5 01:04 /tmp/tmp.Vcbm0vaLkH/usr/share/fonts/Lato-Regular.ttf
-rw-r--r-- 1 root root 532636 Sep  5 01:04 /tmp/tmp.Vcbm0vaLkH/usr/share/fonts/OpenSans-Regular.ttf
-rw-r--r-- 1 root root 108684 Sep  5 01:04 /tmp/tmp.Vcbm0vaLkH/usr/share/fonts/Inconsolata-Regular.ttf
-rw-r--r-- 1 root root 273900 Sep  5 01:04 /tmp/tmp.Vcbm0vaLkH/usr/share/fonts/JetBrainsMono-Regular.ttf
-rw-r--r-- 1 root root 205748 Sep  5 01:04 /tmp/tmp.Vcbm0vaLkH/usr/share/fonts/UbuntuMono-Regular.ttf
-rw-r--r-- 1 root root 757076 Sep  5 01:04 /tmp/tmp.Vcbm0vaLkH/usr/share/fonts/DejaVuSans.ttf
-rw-r--r-- 1 root root 351884 Sep  5 01:04 /tmp/tmp.Vcbm0vaLkH/usr/share/fonts/Ubuntu-Regular.ttf
-rw-r--r-- 1 root root 598060 Sep  5 01:04 /tmp/tmp.Vcbm0vaLkH/usr/share/fonts/CascadiaCode-Regular.ttf
-rw-r--r-- 1 root root 340712 Sep  5 01:04 /tmp/tmp.Vcbm0vaLkH/usr/share/fonts/DejaVuSansMono.ttf
-rw-r--r-- 1 root root 282844 Sep  5 01:04 /tmp/tmp.Vcbm0vaLkH/usr/share/fonts/Merriweather-Regular.ttf
-rw-r--r-- 1 root root 309408 Sep  5 01:04 /tmp/tmp.Vcbm0vaLkH/usr/share/fonts/Hack-Regular.ttf
-rw-r--r-- 1 root root 183700 Sep  5 01:04 /tmp/tmp.Vcbm0vaLkH/usr/share/fonts/RobotoMono-Regular.ttf
ext2 image created successfully

ext2 disk created and copied to testdata/:
  /root/breenix-787/target/ext2.img
  /root/breenix-787/testdata/ext2.img
  Size: 256M

Contents:
  /bin/busybox - BusyBox multi-call binary
  /bin/ls - native Breenix ls
  /bin/{cat,head,tail,...} - BusyBox hardlinks
  /sbin/{true,false} - BusyBox hardlinks
  /bin/* - Other userspace binaries (demos)
  /usr/local/test/bin/* - Test binaries (*_test, test_*)
  /sbin/telnetd - telnet daemon
  /hello.txt - test file (1 line)
  /lines.txt - multi-line test file (15 lines) for head/tail/wc
  /test/nested.txt - nested test file
  /deep/path/to/file/data.txt - deep nested test file
Booting the x86_64 production profile...
PASS: x86 production profile reached steady state with the teardown census at rest
  ext2 root mounted:            1
  PCI_FN blk/e1000/total lines: 3/1/9
  kernel init complete:         1
  async executor started:       1
  steady state reached:         1
  console prompt:               2
  tombstone census lines:       1
  tombstone census at rest:     1
  root custody lines:           1
  root custody at rest:         1
  crash markers:                0
  test-only marker 'TEST_TALLY:': 0
  test-only marker '[TEST:': 0
  test-only marker 'TEST RUNNER:': 0
  test-only marker '[BOOT_TESTS:': 0
  test-only marker 'RING3_SMOKE: creating': 0
  test-only marker '[TOMBSTONE_QUIESCE:': 0
  test-only marker '[RECLAIM_DRAIN:': 0
  test-only marker '[TOMBSTONE_JOIN_ORACLE:': 0
  test-only marker '[KSTACK_OWNER_ORACLE:': 0
  test-only marker '[KSTACK_QUIESCE_LEAK:': 0
  test-only marker '[PT_CUSTODY_COUNTERS:': 0
  test-only marker '[FRAME_CUSTODY_COUNTERS:': 0
  test-only marker '[PT_RETIRE_COHORT:': 0
  test-only marker '[PT_EXEC_COHORT:': 0
  test-only marker '[EXEC_DETACH_ORACLE:': 0
  test-only marker '[CLONE_ADMISSION_ORACLE:': 0
  test-only marker '[INIT_DESIGNATION_ORACLE:': 0
  test-only marker '[SCHED_STRAND_ORACLE:': 0
  test-only marker '[CENSUS_WIDEN_ORACLE:': 0
  test-only marker 'Testing features enabled': 0
  fault marker '[PMGUARD]': 0
  fault marker '[CREATION_LOCK_ORDER:VIOLATION': 0
  fault marker 'DISK LOADING FAILED': 0
  fixed PRECONDITION 5 fail (#673): 0
  fixed PRECONDITION 5 pass (#673): 1
  fixed PRECONDITION 7 fail (#672): 0
  fixed PRECONDITION 7 pass (#672): 1
  preempt census lines:          1
  preempt census at rest:        1
  prod bracket release census:   1
  prod bracket release at rest:  1
  timer resolution window exceeded (#673 MA6/R3-m4): 0
  init designation (#673):      1
  ring3 syscall confirmed (#673): 1
  init first line (#673 M6):    1
  init bsshd-launch warning (must be absent, #713): 0
  bsshd started (#713):          1
  bsshd listening (#713):        1
  spawn-smoke child reaped exit 0 (#713): 1
  spawn-smoke reap failed (must be absent, #713 fix-round-2): 0
  tty oracle exit record (TTY-x86 port): 1
  tty oracle reap failed (must be absent, TTY-x86 port): 0
  tty oracle failed (must be absent, TTY-x86 port): 0
  exec smoke launch (#721):      1
  exec smoke target enter argc=2 (#721): 1
  exec smoke target ok (#721):   1
  exec smoke launcher exit code=0 (#721): 1
  exec smoke spawn failed (must be absent, #721): 0
  exec smoke exec failed (must be absent, #721): 0
  exec smoke target argv fail (must be absent, #721): 0
  exec lock order first commit (#721 K7): 1
  exec lock order PM-held violation (must be absent, #721 K7): 0
  exec lock order unpinned violation (must be absent, #721 K7): 0
  exec lock order no-sched-thread violation (must be absent, #721 K7): 0
  fork smoke launch (#745):      1
  fork smoke child (#745):       1
  fork smoke CoW isolation OK (#745): 1
  fork smoke CoW isolation corrupted (must be absent, #745): 0
  fork smoke parent reaped (#745): 1
  fork smoke launcher exit code=0 (#745): 1
  fork smoke child exit code=37 (#745 review r2 B1): 1
  first CoW fault taken (#745 precheck C3(2)): 1
  fork smoke spawn failed (must be absent, #745): 0
  fork smoke fork failed (must be absent, #745): 0
  fork smoke child unexpected return (must be absent, #745): 0
  fork smoke reap failed (must be absent, #745): 0
[TOMBSTONE_CENSUS:resident=0:removed=0:reap_second=0:retire_second=0:abandoned_unqueued=0]
[SW]<K>[SW]<K>[SW]<K>[SW]<1>[PT_ROOT_CUSTODY:no_proof=0:no_arch=0:terminated=0:undecided=0:mid_retire=0:retired=0]
[ INFO] kernel: [PREEMPT_BRACKET_CENSUS:underflow=0]
[ INFO] kernel: [PROD_BRACKET_RELEASE_CENSUS:underflow=0]
[INIT_DESIGNATION:x86_64:designated_pid=1:reserved_collisions=0]
  console prompt count over 60s: 1 -> 2
  (informational) total serial bytes at exit: 251561
