Building the shipped x86_64 production kernel profile...
   Compiling kernel v0.1.0 (/root/breenix-busgate-prove/kernel)
   Compiling breenix v0.1.0 (/root/breenix-busgate-prove)
    Finished `release` profile [optimized] target(s) in 14.00s
   Compiling kernel v0.1.0 (/root/breenix-busgate-prove/kernel)
   Compiling breenix v0.1.0 (/root/breenix-busgate-prove)
    Finished `release` profile [optimized] target(s) in 14.33s
     Running `target/release/qemu-uefi`
[qemu-uefi] Using UEFI image: /root/breenix-busgate-prove/target/release/build/breenix-46df1f31c7b7aa67/out/breenix-uefi.img (7405568 bytes)
Creating ext2 disk image...
  Arch: x86_64
  Output: /root/breenix-busgate-prove/target/ext2.img
  Size: 256MB
  busybox.elf not found, attempting to build...
Error: x86_64-linux-musl-gcc not found in PATH

Install with:
  brew tap filosottile/musl-cross
  brew install musl-cross
  WARNING: BusyBox build failed (see build-busybox.sh for prerequisites)
  WARNING: busybox.elf not found, skipping coreutils
Installing other binaries...
  Installed 44 binaries in /bin
  Installed 3 binaries in /sbin
  Installed 0 C binaries in /usr/local/cbin
  Installed 101 test binaries in /usr/local/test/bin
  Installed 29 fonts in /usr/share/fonts
  Created /etc/fonts.conf
  Created /etc/hotkeys.conf
  Created /etc/init.js

ext2 filesystem contents:
total 10524
drwxr-xr-x  2 root root   4096 Sep  4 14:38 .
drwxr-xr-x 12 root root   4096 Sep  4 14:38 ..
-rwxr-xr-x  1 root root 299256 Sep  4 14:38 bcheck
-rwxr-xr-x  1 root root 346240 Sep  4 14:38 bfontpicker
-rwxr-xr-x  1 root root 248160 Sep  4 14:38 biconkit
-rwxr-xr-x  1 root root 325368 Sep  4 14:38 blauncher
-rwxr-xr-x  1 root root 185648 Sep  4 14:38 bless
-rwxr-xr-x  1 root root 190016 Sep  4 14:38 block_eintr_oracle
-rwxr-xr-x  1 root root 331096 Sep  4 14:38 blog
-rwxr-xr-x  1 root root 275144 Sep  4 14:38 bounce
-rwxr-xr-x  1 root root 579240 Sep  4 14:38 bsh
-rwxr-xr-x  1 root root 322512 Sep  4 14:38 bssh
-rwxr-xr-x  1 root root 314264 Sep  4 14:38 bsshd
-rwxr-xr-x  1 root root 342704 Sep  4 14:38 bterm
-rwxr-xr-x  1 root root 184208 Sep  4 14:38 btop
-rwxr-xr-x  1 root root 198944 Sep  4 14:38 btrace
-rwxr-xr-x  1 root root 483360 Sep  4 14:38 burl
-rwxr-xr-x  1 root root 331408 Sep  4 14:38 bwm
-rwxr-xr-x  1 root root 188960 Sep  4 14:38 concurrent_recv_stress
-rwxr-xr-x  1 root root 189256 Sep  4 14:38 confetti
-rwxr-xr-x  1 root root 177648 Sep  4 14:38 counter
-rwxr-xr-x  1 root root 189720 Sep  4 14:38 demo
-rwxr-xr-x  1 root root 178080 Sep  4 14:38 exec_smoke
-rwxr-xr-x  1 root root 185048 Sep  4 14:38 exec_smoke_target
-rwxr-xr-x  1 root root 191704 Sep  4 14:38 fart
-rwxr-xr-x  1 root root 187624 Sep  4 14:38 fork_smoke
-rwxr-xr-x  1 root root 182936 Sep  4 14:38 futex_handoff_oracle
-rwxr-xr-x  1 root root 391480 Sep  4 14:38 guskit
-rwxr-xr-x  1 root root 189120 Sep  4 14:38 heartbeat
-rwxr-xr-x  1 root root 177640 Sep  4 14:38 hello_time
-rwxr-xr-x  1 root root 227160 Sep  4 14:38 hello_world
-rwxr-xr-x  1 root root 262504 Sep  4 14:38 init_shell
-rwxr-xr-x  1 root root 193952 Sep  4 14:38 particles
-rwxr-xr-x  1 root root 207176 Sep  4 14:38 poll_tcp_oracle
-rwxr-xr-x  1 root root 197104 Sep  4 14:38 rectangles
-rwxr-xr-x  1 root root 191032 Sep  4 14:38 resolution
-rwxr-xr-x  1 root root 177896 Sep  4 14:38 signal_exec_check
-rwxr-xr-x  1 root root 170592 Sep  4 14:38 simple_exit
-rwxr-xr-x  1 root root 170600 Sep  4 14:38 simple_exit0
-rwxr-xr-x  1 root root 170608 Sep  4 14:38 spawn_smoke_target
-rwxr-xr-x  1 root root 177648 Sep  4 14:38 spinner
-rwxr-xr-x  1 root root 177544 Sep  4 14:38 syscall_enosys
-rwxr-xr-x  1 root root 184232 Sep  4 14:38 tones
-rwxr-xr-x  1 root root 218408 Sep  4 14:38 tty_oracle
-rwxr-xr-x  1 root root 195568 Sep  4 14:38 wait_stress
-rwxr-xr-x  1 root root 187224 Sep  4 14:38 xhci_counters
  Test binaries in /usr/local/test/bin:
total 19600
drwxr-xr-x 2 root root   4096 Sep  4 14:38 .
drwxr-xr-x 3 root root   4096 Sep  4 14:38 ..
-rwxr-xr-x 1 root root 177960 Sep  4 14:38 access_test
-rwxr-xr-x 1 root root 186872 Sep  4 14:38 alarm_test
-rwxr-xr-x 1 root root 184344 Sep  4 14:38 argv_test
-rwxr-xr-x 1 root root 188128 Sep  4 14:38 blocking_recv_test
-rwxr-xr-x 1 root root 186592 Sep  4 14:38 brk_test
-rwxr-xr-x 1 root root 183256 Sep  4 14:38 cat_test
-rwxr-xr-x 1 root root 188664 Sep  4 14:38 clock_gettime_test
-rwxr-xr-x 1 root root 192584 Sep  4 14:38 cloexec_test
-rwxr-xr-x 1 root root 184672 Sep  4 14:38 clonevm_exec_test
-rwxr-xr-x 1 root root 182552 Sep  4 14:38 cow_cleanup_test
-rwxr-xr-x 1 root root 186616 Sep  4 14:38 cow_oom_test
-rwxr-xr-x 1 root root 187056 Sep  4 14:38 cow_readonly_test
-rwxr-xr-x 1 root root 188328 Sep  4 14:38 cow_signal_test
-rwxr-xr-x 1 root root 187016 Sep  4 14:38 cow_sole_owner_test
-rwxr-xr-x 1 root root 187112 Sep  4 14:38 cow_stress_test
-rwxr-xr-x 1 root root 182816 Sep  4 14:38 cp_mv_argv_test
-rwxr-xr-x 1 root root 188000 Sep  4 14:38 ctrl_c_test
-rwxr-xr-x 1 root root 182632 Sep  4 14:38 cwd_test
-rwxr-xr-x 1 root root 182456 Sep  4 14:38 devfs_test
-rwxr-xr-x 1 root root 195240 Sep  4 14:38 dns_test
-rwxr-xr-x 1 root root 189168 Sep  4 14:38 dup_test
-rwxr-xr-x 1 root root 182480 Sep  4 14:38 echo_argv_test
-rwxr-xr-x 1 root root 182848 Sep  4 14:38 epoll_test
-rwxr-xr-x 1 root root 178216 Sep  4 14:38 exec_argv_test
-rwxr-xr-x 1 root root 188088 Sep  4 14:38 exec_from_ext2_test
-rwxr-xr-x 1 root root 183448 Sep  4 14:38 exec_stack_argv_test
-rwxr-xr-x 1 root root 182576 Sep  4 14:38 false_test
-rwxr-xr-x 1 root root 187584 Sep  4 14:38 fbinfo_test
-rwxr-xr-x 1 root root 188760 Sep  4 14:38 fcntl_test
-rwxr-xr-x 1 root root 198464 Sep  4 14:38 fifo_test
-rwxr-xr-x 1 root root 182416 Sep  4 14:38 file_read_test
-rwxr-xr-x 1 root root 188680 Sep  4 14:38 fork_memory_test
-rwxr-xr-x 1 root root 187752 Sep  4 14:38 fork_pending_signal_test
-rwxr-xr-x 1 root root 189192 Sep  4 14:38 fork_state_test
-rwxr-xr-x 1 root root 188104 Sep  4 14:38 fork_test
-rwxr-xr-x 1 root root 188624 Sep  4 14:38 fs_block_alloc_test
-rwxr-xr-x 1 root root 183168 Sep  4 14:38 fs_directory_test
-rwxr-xr-x 1 root root 182624 Sep  4 14:38 fs_large_file_test
-rwxr-xr-x 1 root root 182816 Sep  4 14:38 fs_link_test
-rwxr-xr-x 1 root root 182720 Sep  4 14:38 fs_rename_test
-rwxr-xr-x 1 root root 182904 Sep  4 14:38 fs_write_test
-rwxr-xr-x 1 root root 184000 Sep  4 14:38 getdents_test
-rwxr-xr-x 1 root root 183072 Sep  4 14:38 head_test
-rwxr-xr-x 1 root root 464448 Sep  4 14:38 http_fetch_test
-rwxr-xr-x 1 root root 468600 Sep  4 14:38 http_test
-rwxr-xr-x 1 root root 187312 Sep  4 14:38 itimer_test
-rwxr-xr-x 1 root root 187664 Sep  4 14:38 job_control_test
-rwxr-xr-x 1 root root 192248 Sep  4 14:38 job_table_test
-rwxr-xr-x 1 root root 188496 Sep  4 14:38 kill_process_group_test
-rwxr-xr-x 1 root root 190448 Sep  4 14:38 loopback_wake_test
-rwxr-xr-x 1 root root 183304 Sep  4 14:38 ls_test
-rwxr-xr-x 1 root root 182528 Sep  4 14:38 lseek_test
-rwxr-xr-x 1 root root 182688 Sep  4 14:38 mkdir_argv_test
-rwxr-xr-x 1 root root 191592 Sep  4 14:38 net_test
-rwxr-xr-x 1 root root 183720 Sep  4 14:38 nonblock_eagain_test
-rwxr-xr-x 1 root root 188760 Sep  4 14:38 nonblock_test
-rwxr-xr-x 1 root root 188376 Sep  4 14:38 pause_test
-rwxr-xr-x 1 root root 188936 Sep  4 14:38 pipe2_test
-rwxr-xr-x 1 root root 188736 Sep  4 14:38 pipe_concurrent_test
-rwxr-xr-x 1 root root 188840 Sep  4 14:38 pipe_fork_test
-rwxr-xr-x 1 root root 199960 Sep  4 14:38 pipe_refcount_test
-rwxr-xr-x 1 root root 188264 Sep  4 14:38 pipe_test
-rwxr-xr-x 1 root root 191600 Sep  4 14:38 pipeline_test
-rwxr-xr-x 1 root root 189040 Sep  4 14:38 poll_test
-rwxr-xr-x 1 root root 187120 Sep  4 14:38 pty_test
-rwxr-xr-x 1 root root 177112 Sep  4 14:38 register_init_test
-rwxr-xr-x 1 root root 182496 Sep  4 14:38 rm_argv_test
-rwxr-xr-x 1 root root 188920 Sep  4 14:38 select_test
-rwxr-xr-x 1 root root 187984 Sep  4 14:38 session_test
-rwxr-xr-x 1 root root 183144 Sep  4 14:38 shell_pipe_test
-rwxr-xr-x 1 root root 189016 Sep  4 14:38 sigaltstack_test
-rwxr-xr-x 1 root root 187536 Sep  4 14:38 sigchld_job_test
-rwxr-xr-x 1 root root 186544 Sep  4 14:38 sigchld_test
-rwxr-xr-x 1 root root 206712 Sep  4 14:38 sigkill_teardown_test
-rwxr-xr-x 1 root root 188736 Sep  4 14:38 signal_exec_test
-rwxr-xr-x 1 root root 188176 Sep  4 14:38 signal_fork_test
-rwxr-xr-x 1 root root 187912 Sep  4 14:38 signal_handler_test
-rwxr-xr-x 1 root root 188224 Sep  4 14:38 signal_regs_test
-rwxr-xr-x 1 root root 188328 Sep  4 14:38 signal_return_test
-rwxr-xr-x 1 root root 187880 Sep  4 14:38 signal_test
-rwxr-xr-x 1 root root 188880 Sep  4 14:38 sigsuspend_test
-rwxr-xr-x 1 root root 188608 Sep  4 14:38 sleep_debug_test
-rwxr-xr-x 1 root root 182296 Sep  4 14:38 stdin_test
-rwxr-xr-x 1 root root 170872 Sep  4 14:38 syscall_diagnostic_test
-rwxr-xr-x 1 root root 183072 Sep  4 14:38 tail_test
-rwxr-xr-x 1 root root 203448 Sep  4 14:38 tcp_blocking_test
-rwxr-xr-x 1 root root 187632 Sep  4 14:38 tcp_client_test
-rwxr-xr-x 1 root root 189464 Sep  4 14:38 tcp_cloexec_exec_test
-rwxr-xr-x 1 root root 188848 Sep  4 14:38 tcp_dup_listener_test
-rwxr-xr-x 1 root root 202304 Sep  4 14:38 tcp_socket_test
-rwxr-xr-x 1 root root 182240 Sep  4 14:38 test_mmap
-rwxr-xr-x 1 root root 182160 Sep  4 14:38 timer_test
-rwxr-xr-x 1 root root 182568 Sep  4 14:38 true_test
-rwxr-xr-x 1 root root 188104 Sep  4 14:38 tty_test
-rwxr-xr-x 1 root root 193408 Sep  4 14:38 udp_socket_test
-rwxr-xr-x 1 root root 195344 Sep  4 14:38 unix_named_socket_test
-rwxr-xr-x 1 root root 205320 Sep  4 14:38 unix_socket_test
-rwxr-xr-x 1 root root 188160 Sep  4 14:38 waitpid_test
-rwxr-xr-x 1 root root 183640 Sep  4 14:38 wc_test
-rwxr-xr-x 1 root root 182968 Sep  4 14:38 which_test
-rwxr-xr-x 1 root root 182552 Sep  4 14:38 wnohang_timing_test
-rw-r--r-- 1 root root 20 Sep  4 14:38 /tmp/tmp.Aw6gxoHp4Q/deep/path/to/file/data.txt
-rw-r--r-- 1 root root 19 Sep  4 14:38 /tmp/tmp.Aw6gxoHp4Q/trunctest.txt
-rw-r--r-- 1 root root 276932 Sep  4 14:38 /tmp/tmp.Aw6gxoHp4Q/usr/share/fonts/Nunito-Regular.ttf
-rw-r--r-- 1 root root 260364 Sep  4 14:38 /tmp/tmp.Aw6gxoHp4Q/usr/share/fonts/FiraCode-Regular.ttf
-rw-r--r-- 1 root root 300724 Sep  4 14:38 /tmp/tmp.Aw6gxoHp4Q/usr/share/fonts/PlayfairDisplay-Regular.ttf
-rw-r--r-- 1 root root 532636 Sep  4 14:38 /tmp/tmp.Aw6gxoHp4Q/usr/share/fonts/OpenSans-Regular.ttf
-rw-r--r-- 1 root root 488584 Sep  4 14:38 /tmp/tmp.Aw6gxoHp4Q/usr/share/fonts/Roboto-Regular.ttf
-rw-r--r-- 1 root root 340712 Sep  4 14:38 /tmp/tmp.Aw6gxoHp4Q/usr/share/fonts/DejaVuSansMono.ttf
-rw-r--r-- 1 root root 108684 Sep  4 14:38 /tmp/tmp.Aw6gxoHp4Q/usr/share/fonts/Inconsolata-Regular.ttf
-rw-r--r-- 1 root root 656568 Sep  4 14:38 /tmp/tmp.Aw6gxoHp4Q/usr/share/fonts/Lato-Regular.ttf
-rw-r--r-- 1 root root 359048 Sep  4 14:38 /tmp/tmp.Aw6gxoHp4Q/usr/share/fonts/PTSerif-Regular.ttf
-rw-r--r-- 1 root root 212340 Sep  4 14:38 /tmp/tmp.Aw6gxoHp4Q/usr/share/fonts/SourceCodePro-Regular.ttf
-rw-r--r-- 1 root root 757076 Sep  4 14:38 /tmp/tmp.Aw6gxoHp4Q/usr/share/fonts/DejaVuSans.ttf
-rw-r--r-- 1 root root 1887192 Sep  4 14:38 /tmp/tmp.Aw6gxoHp4Q/usr/share/fonts/NotoSerif-Regular.ttf
-rw-r--r-- 1 root root 2049096 Sep  4 14:38 /tmp/tmp.Aw6gxoHp4Q/usr/share/fonts/NotoSans-Regular.ttf
-rw-r--r-- 1 root root 351884 Sep  4 14:38 /tmp/tmp.Aw6gxoHp4Q/usr/share/fonts/Ubuntu-Regular.ttf
-rw-r--r-- 1 root root 212196 Sep  4 14:38 /tmp/tmp.Aw6gxoHp4Q/usr/share/fonts/Lora-Regular.ttf
-rw-r--r-- 1 root root 183700 Sep  4 14:38 /tmp/tmp.Aw6gxoHp4Q/usr/share/fonts/RobotoMono-Regular.ttf
-rw-r--r-- 1 root root 876576 Sep  4 14:38 /tmp/tmp.Aw6gxoHp4Q/usr/share/fonts/Inter-Regular.ttf
-rw-r--r-- 1 root root 273900 Sep  4 14:38 /tmp/tmp.Aw6gxoHp4Q/usr/share/fonts/JetBrainsMono-Regular.ttf
-rw-r--r-- 1 root root 1708408 Sep  4 14:38 /tmp/tmp.Aw6gxoHp4Q/usr/share/fonts/NotoSansMono-Regular.ttf
-rw-r--r-- 1 root root 282844 Sep  4 14:38 /tmp/tmp.Aw6gxoHp4Q/usr/share/fonts/Merriweather-Regular.ttf
-rw-r--r-- 1 root root 646340 Sep  4 14:38 /tmp/tmp.Aw6gxoHp4Q/usr/share/fonts/SourceSans3-Regular.ttf
-rw-r--r-- 1 root root 312352 Sep  4 14:38 /tmp/tmp.Aw6gxoHp4Q/usr/share/fonts/Raleway-Regular.ttf
-rw-r--r-- 1 root root 160316 Sep  4 14:38 /tmp/tmp.Aw6gxoHp4Q/usr/share/fonts/Poppins-Regular.ttf
-rw-r--r-- 1 root root 205748 Sep  4 14:38 /tmp/tmp.Aw6gxoHp4Q/usr/share/fonts/UbuntuMono-Regular.ttf
-rw-r--r-- 1 root root 744936 Sep  4 14:38 /tmp/tmp.Aw6gxoHp4Q/usr/share/fonts/Montserrat-Regular.ttf
-rw-r--r-- 1 root root 309408 Sep  4 14:38 /tmp/tmp.Aw6gxoHp4Q/usr/share/fonts/Hack-Regular.ttf
-rw-r--r-- 1 root root 598060 Sep  4 14:38 /tmp/tmp.Aw6gxoHp4Q/usr/share/fonts/CascadiaCode-Regular.ttf
-rw-r--r-- 1 root root 1209508 Sep  4 14:38 /tmp/tmp.Aw6gxoHp4Q/usr/share/fonts/SourceSerif4-Regular.ttf
-rw-r--r-- 1 root root 135580 Sep  4 14:38 /tmp/tmp.Aw6gxoHp4Q/usr/share/fonts/IBMPlexMono-Regular.ttf
-rw-r--r-- 1 root root 367 Sep  4 14:38 /tmp/tmp.Aw6gxoHp4Q/etc/bshrc
-rw-r--r-- 1 root root 445 Sep  4 14:38 /tmp/tmp.Aw6gxoHp4Q/etc/fonts.conf
-rw-r--r-- 1 root root 679 Sep  4 14:38 /tmp/tmp.Aw6gxoHp4Q/etc/init.js
-rw-r--r-- 1 root root 26 Sep  4 14:38 /tmp/tmp.Aw6gxoHp4Q/etc/group
-rw-r--r-- 1 root root 349 Sep  4 14:38 /tmp/tmp.Aw6gxoHp4Q/etc/hotkeys.conf
-rw-r--r-- 1 root root 83 Sep  4 14:38 /tmp/tmp.Aw6gxoHp4Q/etc/passwd
-rw-r--r-- 1 root root 111 Sep  4 14:38 /tmp/tmp.Aw6gxoHp4Q/lines.txt
-rwxr-xr-x 1 root root 187504 Sep  4 14:38 /tmp/tmp.Aw6gxoHp4Q/sbin/init
-rwxr-xr-x 1 root root 184088 Sep  4 14:38 /tmp/tmp.Aw6gxoHp4Q/sbin/telnetd
-rwxr-xr-x 1 root root 181976 Sep  4 14:38 /tmp/tmp.Aw6gxoHp4Q/sbin/blogd
-rw-r--r-- 1 root root 20 Sep  4 14:38 /tmp/tmp.Aw6gxoHp4Q/test/nested.txt
-rw-r--r-- 1 root root 0 Sep  4 14:38 /tmp/tmp.Aw6gxoHp4Q/empty.txt
-rw-r--r-- 1 root root 17 Sep  4 14:38 /tmp/tmp.Aw6gxoHp4Q/hello.txt
ext2 image created successfully

ext2 disk created and copied to testdata/:
  /root/breenix-busgate-prove/target/ext2.img
  /root/breenix-busgate-prove/testdata/ext2.img
  Size: 256M

Contents:
  /bin/busybox - BusyBox multi-call binary
  /bin/ls - native Breenix ls
  /bin/{cat,head,tail,...} - BusyBox hardlinks
  /sbin/{true,false} - BusyBox hardlinks
  /bin/* - Other userspace binaries (demos)
  /usr/local/test/bin/* - Test binaries (*_test, test_*)
  /sbin/telnetd - telnet daemon
  /hello.txt - test file (1 line)
  /lines.txt - multi-line test file (15 lines) for head/tail/wc
  /test/nested.txt - nested test file
  /deep/path/to/file/data.txt - deep nested test file
Booting the x86_64 production profile...
PASS: x86 production profile reached steady state with the teardown census at rest
  ext2 root mounted:            1
  PCI_FN blk/e1000/total lines: 3/1/9
  kernel init complete:         1
  async executor started:       1
  steady state reached:         1
  console prompt:               2
  tombstone census lines:       1
  tombstone census at rest:     1
  root custody lines:           1
  root custody at rest:         1
  crash markers:                0
  test-only marker 'TEST_TALLY:': 0
  test-only marker '[TEST:': 0
  test-only marker 'TEST RUNNER:': 0
  test-only marker '[BOOT_TESTS:': 0
  test-only marker 'RING3_SMOKE: creating': 0
  test-only marker '[TOMBSTONE_QUIESCE:': 0
  test-only marker '[RECLAIM_DRAIN:': 0
  test-only marker '[TOMBSTONE_JOIN_ORACLE:': 0
  test-only marker '[KSTACK_OWNER_ORACLE:': 0
  test-only marker '[KSTACK_QUIESCE_LEAK:': 0
  test-only marker '[PT_CUSTODY_COUNTERS:': 0
  test-only marker '[FRAME_CUSTODY_COUNTERS:': 0
  test-only marker '[PT_RETIRE_COHORT:': 0
  test-only marker '[PT_EXEC_COHORT:': 0
  test-only marker '[EXEC_DETACH_ORACLE:': 0
  test-only marker '[CLONE_ADMISSION_ORACLE:': 0
  test-only marker '[INIT_DESIGNATION_ORACLE:': 0
  test-only marker '[SCHED_STRAND_ORACLE:': 0
  test-only marker '[CENSUS_WIDEN_ORACLE:': 0
  test-only marker 'Testing features enabled': 0
  fault marker '[PMGUARD]': 0
  fault marker '[CREATION_LOCK_ORDER:VIOLATION': 0
  fault marker 'DISK LOADING FAILED': 0
  fixed PRECONDITION 5 fail (#673): 0
  fixed PRECONDITION 5 pass (#673): 1
  fixed PRECONDITION 7 fail (#672): 0
  fixed PRECONDITION 7 pass (#672): 1
  preempt census lines:          1
  preempt census at rest:        1
  prod bracket release census:   1
  prod bracket release at rest:  1
  timer resolution window exceeded (#673 MA6/R3-m4): 0
  init designation (#673):      1
  ring3 syscall confirmed (#673): 1
  init first line (#673 M6):    1
  init bsshd-launch warning (must be absent, #713): 0
  bsshd started (#713):          1
  bsshd listening (#713):        1
  spawn-smoke child reaped exit 0 (#713): 1
  spawn-smoke reap failed (must be absent, #713 fix-round-2): 0
  tty oracle exit record (TTY-x86 port): 1
  tty oracle reap failed (must be absent, TTY-x86 port): 0
  tty oracle failed (must be absent, TTY-x86 port): 0
  exec smoke launch (#721):      1
  exec smoke target enter argc=2 (#721): 1
  exec smoke target ok (#721):   1
  exec smoke launcher exit code=0 (#721): 1
  exec smoke spawn failed (must be absent, #721): 0
  exec smoke exec failed (must be absent, #721): 0
  exec smoke target argv fail (must be absent, #721): 0
  exec lock order first commit (#721 K7): 1
  exec lock order PM-held violation (must be absent, #721 K7): 0
  exec lock order unpinned violation (must be absent, #721 K7): 0
  exec lock order no-sched-thread violation (must be absent, #721 K7): 0
  fork smoke launch (#745):      1
  fork smoke child (#745):       1
  fork smoke CoW isolation OK (#745): 1
  fork smoke CoW isolation corrupted (must be absent, #745): 0
  fork smoke parent reaped (#745): 1
  fork smoke launcher exit code=0 (#745): 1
  fork smoke child exit code=37 (#745 review r2 B1): 1
  first CoW fault taken (#745 precheck C3(2)): 1
  fork smoke spawn failed (must be absent, #745): 0
  fork smoke fork failed (must be absent, #745): 0
  fork smoke child unexpected return (must be absent, #745): 0
  fork smoke reap failed (must be absent, #745): 0
[TOMBSTONE_CENSUS:resident=0:removed=0:reap_second=0:retire_second=0:abandoned_unqueued=0]
[SW]<K>[SW]<K>[SW]<1>[PT_ROOT_CUSTODY:no_proof=0:no_arch=0:terminated=0:undecided=0:mid_retire=0:retired=0]
[ INFO] kernel: [PREEMPT_BRACKET_CENSUS:underflow=0]
[ INFO] kernel: [PROD_BRACKET_RELEASE_CENSUS:underflow=0]
[INIT_DESIGNATION:x86_64:designated_pid=1:reserved_collisions=0]
  console prompt count over 60s: 1 -> 2
  (informational) total serial bytes at exit: 412309
