[2J[001;001H[=3h[2J[001;001H[2J[001;001H[8;056;240t[2J[001;001H[2J[001;001H[=3h[2J[001;001H[2J[001;001H[8;042;160t[2J[001;001HBdsDxe: loading Boot0002 "UEFI Misc Device" from PciRoot(0x0)/Pci(0x2,0x0)
BdsDxe: starting Boot0002 "UEFI Misc Device" from PciRoot(0x0)/Pci(0x2,0x0)
INFO : Framebuffer info: FrameBufferInfo { byte_len: 8294400, width: 1920, height: 1080, pixel_format: Bgr, bytes_per_pixel: 4, stride: 1920 }
INFO : UEFI bootloader started
INFO : Using framebuffer at 0x80000000
INFO : Reading configuration from disk was successful
INFO : Trying to load ramdisk via Disk
INFO : Ramdisk not found.
TRACE: exiting boot services
TRACE: switching to new level 4 table
INFO : New page table at: PhysFrame[4KiB](0x101000)
INFO : Elf file loaded at Pointer {
    addr: 0x000000001d753000,
    metadata: 6230616,
}
INFO : virtual_address_offset: 0x10000000000
INFO : Handling Segment: Ph64(ProgramHeader64 { type_: Ok(Load), flags: Flags(4), offset: 0, virtual_addr: 0, physical_addr: 0, file_size: c39f4, mem_size: c39f4, align: 1000 })
INFO : Handling Segment: Ph64(ProgramHeader64 { type_: Ok(Load), flags: Flags(5), offset: c3a00, virtual_addr: c4a00, physical_addr: c4a00, file_size: 338f41, mem_size: 338f41, align: 1000 })
INFO : Handling Segment: Ph64(ProgramHeader64 { type_: Ok(Load), flags: Flags(6), offset: 3fc948, virtual_addr: 3fe948, physical_addr: 3fe948, file_size: 4d0f0, mem_size: 4d6b8, align: 1000 })
INFO : Mapping bss section
INFO : Handling Segment: Ph64(ProgramHeader64 { type_: Ok(Load), flags: Flags(6), offset: 449a80, virtual_addr: 44ca80, physical_addr: 44ca80, file_size: 367a8, mem_size: d8f50, align: 1000 })
INFO : Mapping bss section
INFO : Entry point at: 0x100000d6de0
INFO : Creating GDT at PhysAddr(0x249000)
INFO : Map framebuffer
INFO : Map physical memory
INFO : Allocate bootinfo
INFO : Create Memory Map
INFO : Create bootinfo
INFO : Jumping to kernel entry point at VirtAddr(0x100000d6de0)
[TEST:process:frame_custody_refusal_gate:START]
[TEST:process:frame_custody_refusal_gate:PASS]
[FRAME_CUSTODY_COUNTERS:x86:double=1:stale=1:never=1:untracked=1:duplicate=3:contended=1]
[TEST:process:page_table_custody_disposition_gate:START]
[EXEC_FAILED_RELEASE_ORACLE:x86:used_before=16502:used_after=16502:recorded_pre=3:leaf_recorded=1:leaf_released=1:leaf_returned=1:tables_returned=4:roots_retired=1:undecided=0:live_refused=0]
[TEST:process:page_table_custody_disposition_gate:PASS]
[PT_CUSTODY_COUNTERS:x86:recorded=14:no_proof=0:no_arch=0:terminated=1:undecided=1:retired=2:returned=14:lost=0:requeued=0]
PCI_FN 00:00.0 8086:1237 class=06/00 bar0=0x0/0x0 irq=0xff
PCI_FN 00:01.0 8086:7000 class=06/01 bar0=0x0/0x0 irq=0xff
PCI_FN 00:01.1 8086:7010 class=01/01 bar0=0x0/0x0 irq=0xff
PCI_FN 00:01.3 8086:7113 class=06/80 bar0=0x0/0x0 irq=0x0a
PCI_FN 00:02.0 1af4:1001 class=01/00 bar0=0xc100/0x80 irq=0x0a
PCI_FN 00:03.0 1af4:1001 class=01/00 bar0=0xc080/0x80 irq=0x0b
PCI_FN 00:04.0 1af4:1001 class=01/00 bar0=0xc000/0x80 irq=0x0b
PCI_FN 00:05.0 1af4:1050 class=03/00 bar0=0x80000000/0x800000 irq=0x0a
PCI_FN 00:06.0 8086:100e class=02/00 bar0=0x80880000/0x20000 irq=0x0a
PCI_FN_TOTAL 9
[ INFO] scheduler::schedule() returned (boot marker)
[SW]<K>[SW]<K>[SW]<K>[SW]<1>[TIMER_SCALE_ORACLE:x86:ms_per_tick=5:ticks_before=21:ms=105:ticks_after=21:ticks_nonzero=1:in_range=1:PASS]
[TTY_IRQ_PM_ORACLE:x86:fg_unset_before=1:pm_blocking_acquires=0:deferred=2:pgrp_set_by_entry=0:processed=2:buffered=2:irqs_enabled_before=1:pm_held_during_entry=1:entry_us=20:adopted=1:adopted_pgrp=821:restored=1:PASS:local_hold]

[TTY_IRQ_FG_ORACLE:x86:fg_known=822:target_absent=1:fg_lock_touches=0:fg_blocking_acquires=0:snapshot_reads=3:processed=2:buffered=1:irqs_enabled_before=1:fg_busy_probe=1:entry_us=1130:sig_calls=1:sig_pid=822:sig_num=2:snapshot_agrees=1:restored=1:PASS:local_hold]
[DISPATCH_FACT_ORACLE:x86:facts=10:legs=10:moved_by_one=10:moved_wrong=0:irqs_enabled_before=1:PASS]
[TEST:process:retirement_fence_gate:START]
[TEST:process:retirement_fence_gate:PASS]
[TEST:process:reclaim_progress_gate:START]
[SW]<K>[SW]<1>[SW]<K>[SW]<1>[SW]<K>[SW]<1>[SW]<K>[SW]<1>[SW]<K>[SW]<1>[SW]<K>[SW]<1>[SW]<K>[SW]<1>[SW]<K>[SW]<1>[SW]<K>[SW]<1>[SW]<K>[SW]<1>[SW]<K>[SW]<1>[SW]<K>[SW]<1>[SW]<K>[SW]<1>[SW]<K>[SW]<1>[SW]<K>[SW]<1>[SW]<K>[SW]<1>[TEST:process:reclaim_progress_gate:PASS]
[TEST:process:x86_retire_cohort:START]
[SW]<K>[SW]<1>[SW]<K>[SW]<1>[SW]<K>[SW]<1>[SW]<K>[SW]<1>[SW]<K>[SW]<1>[SW]<K>[SW]<1>[SW]<K>[SW]<1>[SW]<K>[SW]<1>[SW]<K>[SW]<1>[SW]<K>[SW]<1>[SW]<K>[SW]<1>[SW]<K>[SW]<1>[SW]<K>[SW]<1>[SW]<K>[SW]<1>[SW]<K>[SW]<1>[SW]<K>[SW]<1>[SW]<K>[SW]<1>[SW]<K>[SW]<1>[SW]<K>[SW]<1>[SW]<K>[SW]<1>[SW]<K>[SW]<1>[SW]<K>[SW]<1>[SW]<K>[SW]<1>[SW]<K>[SW]<1>[SW]<K>[SW]<1>[SW]<K>[SW]<1>[SW]<K>[SW]<1>[SW]<K>[SW]<1>[SW]<K>[SW]<1>[SW]<K>[SW]<1>[SW]<K>[SW]<1>[SW]<K>[SW]<1>[SW]<K>[SW]<1>[SW]<K>[SW]<1>[SW]<K>[SW]<1>[SW]<K>[SW]<1>[SW]<K>[SW]<1>[SW]<K>[SW]<1>[SW]<K>[SW]<1>[SW]<K>[SW]<1>[SW]<K>[SW]<1>[SW]<K>[SW]<1>[SW]<K>[SW]<1>[SW]<K>[SW]<1>[SW]<K>[SW]<1>[SW]<K>[SW]<1>[SW]<K>[SW]<1>[SW]<K>[SW]<1>[SW]<K>[SW]<1>[SW]<K>[SW]<1>[SW]<K>[SW]<1>[SW]<K>[SW]<1>[SW]<K>[SW]<1>[SW]<K>[SW]<1>[SW]<K>[SW]<1>[SW]<K>[SW]<1>[SW]<K>[SW]<1>[SW]<K>[SW]<1>[SW]<K>[SW]<1>[SW]<K>[SW]<1>[SW]<K>[SW]<1>[SW]<K>[SW]<1>[SW]<K>[SW]<1>[SW]<K>[SW]<1>[SW]<K>[SW]<1>[SW]<K>[SW]<1>[SW]<K>[SW]<1>[SW]<K>[SW]<1>[SW]<K>[SW]<1>[SW]<K>[SW]<1>[SW]<K>[SW]<1>[SW]<K>[SW]<1>[SW]<K>[SW]<1>[SW]<K>[SW]<1>[SW]<K>[SW]<1>[SW]<K>[SW]<1>[SW]<K>[SW]<1>[SW]<K>[SW]<1>[SW]<K>[SW]<1>[SW]<K>[SW]<1>[SW]<K>[SW]<1>[SW]<K>[SW]<1>[SW]<K>[SW]<1>[SW]<K>[SW]<1>[SW]<K>[SW]<1>[SW]<K>[SW]<1>[SW]<K>[SW]<1>[SW]<K>[SW]<1>[SW]<K>[SW]<1>[SW]<K>[SW]<1>[SW]<K>[SW]<1>[SW]<K>[SW]<1>[SW]<K>[SW]<1>[SW]<K>[SW]<1>[SW]<K>[SW]<1>[SW]<K>[SW]<1>[SW]<K>[SW]<1>[SW]<K>[SW]<1>[SW]<K>[SW]<1>[SW]<K>[SW]<1>[SW]<K>[SW]<1>[SW]<K>[SW]<1>[SW]<K>[SW]<1>[SW]<K>[SW]<1>[SW]<K>[SW]<1>[SW]<K>[SW]<1>[SW]<K>[SW]<1>[SW]<K>[SW]<1>[SW]<K>[SW]<1>[SW]<K>[SW]<1>[SW]<K>[SW]<1>[SW]<K>[SW]<1>[SW]<K>[SW]<1>[SW]<K>[SW]<1>[SW]<K>[SW]<1>[SW]<K>[SW]<1>[SW]<K>[SW]<1>[SW]<K>[SW]<1>[SW]<K>[SW]<1>[SW]<K>[SW]<1>[SW]<K>[SW]<1>[SW]<K>[SW]<1>[SW]<K>[SW]<1>[SW]<K>[SW]<1>[SW]<K>[SW]<1>[SW]<K>[SW]<1>[SW]<K>[SW]<1>[SW]<K>[SW]<1>[SW]<K>[SW]<1>[SW]<K>[SW]<1>[SW]<K>[SW]<1>[SW]<K>[SW]<1>[SW]<K>[SW]<1>[SW]<K>[SW]<1>[SW]<K>[SW]<1>[SW]<K>[SW]<1>[SW]<K>[SW]<1>[SW]<K>[SW]<1>[SW]<K>[SW]<1>[SW]<K>[SW]<1>[SW]<K>[SW]<1>[SW]<K>[SW]<1>[SW]<K>[SW]<1>[SW]<K>[SW]<1>[SW]<K>[SW]<1>[SW]<K>[SW]<1>[SW]<K>[SW]<1>[SW]<K>[SW]<1>[SW]<K>[SW]<1>[SW]<K>[SW]<1>[SW]<K>[SW]<1>[SW]<K>[SW]<1>[TEST:process:x86_retire_cohort:PASS]
[PT_RETIRE_COHORT:x86:children=64:retired=65:returned=642:recorded=577:lost=0:no_arch=0:undecided=0:mid_retire=0:kstack_returns=64:balance=0]
[TEST:network:loopback_recv_wake_when_idle:START]
[SW]<K>[SW]<1>[SW]<K>[SW]<1>[SW]<K>[SW]<K>[SW]<1>[SW]<K>[SW]<K>[SW]<1>[LOOPBACK_WAKE_BUDGET:arch=x86:test=when_idle:budget_ms=200:elapsed_tick_ms=20:elapsed_ctr_ms=17:ctx_delta=3:extensions=0:reader_state=terminated:queued_cpu=none:queued_idx=none:idle_cpus=0x0:cpu_silence_ms=0:silence_cpu=0:woke_ms=139620:verdict=ok]
[SW]<K>[SW]<1>[TEST:network:loopback_recv_wake_when_idle:PASS]
[TEST:network:loopback_recv_wake_under_load:START]
[SW]<K>[SW]<1>[SW]<K>[SW]<1>[SW]<K>[SW]<1>[SW]<K>[SW]<K>[SW]<K>[SW]<K>[SW]<1>[SW]<K>[SW]<1>[LOOPBACK_WAKE_BUDGET:arch=x86:test=under_load:budget_ms=200:elapsed_tick_ms=25:elapsed_ctr_ms=21:ctx_delta=5:extensions=0:reader_state=terminated:queued_cpu=none:queued_idx=none:idle_cpus=0x0:cpu_silence_ms=0:silence_cpu=0:woke_ms=139775:verdict=ok]
[SW]<K>[SW]<1>[TEST:network:loopback_recv_wake_under_load:PASS]
[TEST:network:loopback_pump_does_not_busy_spin:START]
[TEST:network:loopback_pump_does_not_busy_spin:PASS]
[TEST:network:tcp_final_ack_survives_accept_publish_race:START]
[SW]<K>[SW]<1>[TEST:network:tcp_final_ack_survives_accept_publish_race:PASS]
[TEST:network:loopback_wake_loss_counters_are_zero:START]
[TEST:network:loopback_wake_loss_counters_are_zero:PASS]
[SW]<K>p00r0 [SW]<1>[SW]<K>[SW]<1>[SW]<K>[SW]<1>[SW]<K>[SW]<1>[SW]<K>[SW]<K>[SW]<1>[SW]<K>[SW]<1>[SW]<K>[SW]<1>[SW]<K>[SW]<1>[SW]<K>[SW]<1>[SW]<K>[SW]<1>[SW]<K>[SW]<1>[SW]<K>[SW]<1>[SW]<K>[SW]<1>[SW]<K>[SW]<1>[SW]<K>[SW]<1>[SW]<K>[SW]<1>[SW]<K>[SW]<1>[SW]<K>[SW]<1>[SW]<K>[SW]<1>[SW]<K>[SW]<1>[SW]<K>[SW]<K>[SW]<1>[SW]<K>[SW]<1>[SW]<K>[SW]<1>[SW]<K>[SW]<1>[SW]<K>[SW]<1>[SW]<K>[SW]<1>[SW]<K>[SW]<1>[SW]<K>[SW]<1>[SW]<K>[SW]<1>[SW]<K>[SW]<1>[SW]<K>[SW]<1>[SW]<K>[SW]<1>[BOOT_RESUME_ORACLE:x86:cycles=32:mismatch=1:FAIL]
[TEST:process:x86_exec_cohort:START]
